  [1m[36mActiveRecord::SchemaMigration Load (0.1ms)[0m  [1mSELECT "schema_migrations".* FROM "schema_migrations"[0m
  [1m[35m (0.1ms)[0m  begin transaction
  [1m[36m (0.0ms)[0m  [1mcommit transaction[0m
  [1m[35m (0.0ms)[0m  begin transaction
  [1m[36m (0.0ms)[0m  [1mSAVEPOINT active_record_1[0m
  [1m[35mSQL (0.2ms)[0m  INSERT INTO "movies" ("title", "rating", "release_date", "created_at", "updated_at") VALUES (?, ?, ?, ?, ?)  [["title", "Aladdin"], ["rating", "G"], ["release_date", "1992-11-25 00:00:00.000000"], ["created_at", "2020-03-09 00:52:01.083186"], ["updated_at", "2020-03-09 00:52:01.083186"]]
  [1m[36m (0.0ms)[0m  [1mRELEASE SAVEPOINT active_record_1[0m
  [1m[35m (0.0ms)[0m  SAVEPOINT active_record_1
  [1m[36mSQL (1.9ms)[0m  [1mINSERT INTO "movies" ("title", "rating", "release_date", "created_at", "updated_at") VALUES (?, ?, ?, ?, ?)[0m  [["title", "The Terminator"], ["rating", "R"], ["release_date", "1984-10-26 00:00:00.000000"], ["created_at", "2020-03-09 00:52:01.084932"], ["updated_at", "2020-03-09 00:52:01.084932"]]
  [1m[35m (0.0ms)[0m  RELEASE SAVEPOINT active_record_1
  [1m[36m (0.0ms)[0m  [1mSAVEPOINT active_record_1[0m
  [1m[35mSQL (0.1ms)[0m  INSERT INTO "movies" ("title", "rating", "release_date", "created_at", "updated_at") VALUES (?, ?, ?, ?, ?)  [["title", "When Harry Met Sally"], ["rating", "R"], ["release_date", "1989-07-21 00:00:00.000000"], ["created_at", "2020-03-09 00:52:01.088002"], ["updated_at", "2020-03-09 00:52:01.088002"]]
  [1m[36m (0.0ms)[0m  [1mRELEASE SAVEPOINT active_record_1[0m
  [1m[35m (0.0ms)[0m  SAVEPOINT active_record_1
  [1m[36mSQL (0.1ms)[0m  [1mINSERT INTO "movies" ("title", "rating", "release_date", "created_at", "updated_at") VALUES (?, ?, ?, ?, ?)[0m  [["title", "The Help"], ["rating", "PG-13"], ["release_date", "2011-08-10 00:00:00.000000"], ["created_at", "2020-03-09 00:52:01.089242"], ["updated_at", "2020-03-09 00:52:01.089242"]]
  [1m[35m (0.1ms)[0m  RELEASE SAVEPOINT active_record_1
  [1m[36m (0.0ms)[0m  [1mSAVEPOINT active_record_1[0m
  [1m[35mSQL (0.1ms)[0m  INSERT INTO "movies" ("title", "rating", "release_date", "created_at", "updated_at") VALUES (?, ?, ?, ?, ?)  [["title", "Chocolat"], ["rating", "PG-13"], ["release_date", "2001-01-05 00:00:00.000000"], ["created_at", "2020-03-09 00:52:01.090524"], ["updated_at", "2020-03-09 00:52:01.090524"]]
  [1m[36m (0.0ms)[0m  [1mRELEASE SAVEPOINT active_record_1[0m
  [1m[35m (0.0ms)[0m  SAVEPOINT active_record_1
  [1m[36mSQL (0.1ms)[0m  [1mINSERT INTO "movies" ("title", "rating", "release_date", "created_at", "updated_at") VALUES (?, ?, ?, ?, ?)[0m  [["title", "Amelie"], ["rating", "R"], ["release_date", "2001-04-25 00:00:00.000000"], ["created_at", "2020-03-09 00:52:01.091842"], ["updated_at", "2020-03-09 00:52:01.091842"]]
  [1m[35m (0.0ms)[0m  RELEASE SAVEPOINT active_record_1
  [1m[36m (0.1ms)[0m  [1mSAVEPOINT active_record_1[0m
  [1m[35mSQL (0.1ms)[0m  INSERT INTO "movies" ("title", "rating", "release_date", "created_at", "updated_at") VALUES (?, ?, ?, ?, ?)  [["title", "2001: A Space Odyssey"], ["rating", "G"], ["release_date", "1968-04-06 00:00:00.000000"], ["created_at", "2020-03-09 00:52:01.093168"], ["updated_at", "2020-03-09 00:52:01.093168"]]
  [1m[36m (0.0ms)[0m  [1mRELEASE SAVEPOINT active_record_1[0m
  [1m[35m (0.0ms)[0m  SAVEPOINT active_record_1
  [1m[36mSQL (0.1ms)[0m  [1mINSERT INTO "movies" ("title", "rating", "release_date", "created_at", "updated_at") VALUES (?, ?, ?, ?, ?)[0m  [["title", "The Incredibles"], ["rating", "PG"], ["release_date", "2004-11-05 00:00:00.000000"], ["created_at", "2020-03-09 00:52:01.094427"], ["updated_at", "2020-03-09 00:52:01.094427"]]
  [1m[35m (0.0ms)[0m  RELEASE SAVEPOINT active_record_1
  [1m[36m (0.0ms)[0m  [1mSAVEPOINT active_record_1[0m
  [1m[35mSQL (0.1ms)[0m  INSERT INTO "movies" ("title", "rating", "release_date", "created_at", "updated_at") VALUES (?, ?, ?, ?, ?)  [["title", "Raiders of the Lost Ark"], ["rating", "PG"], ["release_date", "1981-06-12 00:00:00.000000"], ["created_at", "2020-03-09 00:52:01.095688"], ["updated_at", "2020-03-09 00:52:01.095688"]]
  [1m[36m (0.0ms)[0m  [1mRELEASE SAVEPOINT active_record_1[0m
  [1m[35m (0.0ms)[0m  SAVEPOINT active_record_1
  [1m[36mSQL (0.1ms)[0m  [1mINSERT INTO "movies" ("title", "rating", "release_date", "created_at", "updated_at") VALUES (?, ?, ?, ?, ?)[0m  [["title", "Chicken Run"], ["rating", "G"], ["release_date", "2000-06-21 00:00:00.000000"], ["created_at", "2020-03-09 00:52:01.096966"], ["updated_at", "2020-03-09 00:52:01.096966"]]
  [1m[35m (0.0ms)[0m  RELEASE SAVEPOINT active_record_1
Started GET "/movies" for 127.0.0.1 at 2020-03-09 00:52:01 +0000
Processing by MoviesController#index as HTML
  [1m[36mMovie Load (0.2ms)[0m  [1mSELECT "movies".* FROM "movies" WHERE "movies"."rating" IN ('G', 'PG', 'PG-13', 'NC-17', 'R')[0m
  Rendered movies/index.html.haml within layouts/application (6.8ms)
Completed 200 OK in 230ms (Views: 218.2ms | ActiveRecord: 0.2ms)
Started GET "/movies?utf8=%E2%9C%93&ratings[PG]=1&ratings[NC-17]=1&ratings[R]=1&commit=Refresh" for 127.0.0.1 at 2020-03-09 00:52:01 +0000
Processing by MoviesController#index as HTML
  Parameters: {"utf8"=>"✓", "ratings"=>{"PG"=>"1", "NC-17"=>"1", "R"=>"1"}, "commit"=>"Refresh"}
Redirected to http://www.example.com/movies?ratings%5BNC-17%5D=1&ratings%5BPG%5D=1&ratings%5BR%5D=1
Completed 302 Found in 1ms (ActiveRecord: 0.0ms)
Started GET "/movies?ratings[NC-17]=1&ratings[PG]=1&ratings[R]=1" for 127.0.0.1 at 2020-03-09 00:52:01 +0000
Processing by MoviesController#index as HTML
  Parameters: {"ratings"=>{"NC-17"=>"1", "PG"=>"1", "R"=>"1"}}
  [1m[35mMovie Load (0.2ms)[0m  SELECT "movies".* FROM "movies" WHERE "movies"."rating" IN ('NC-17', 'PG', 'R')
  Rendered movies/index.html.haml within layouts/application (2.4ms)
Completed 200 OK in 4ms (Views: 3.3ms | ActiveRecord: 0.2ms)
  [1m[36m (0.2ms)[0m  [1mrollback transaction[0m
  [1m[35m (0.1ms)[0m  begin transaction
  [1m[36m (0.1ms)[0m  [1mcommit transaction[0m
  [1m[35m (0.0ms)[0m  begin transaction
  [1m[36m (0.0ms)[0m  [1mSAVEPOINT active_record_1[0m
  [1m[35mSQL (0.2ms)[0m  INSERT INTO "movies" ("title", "rating", "release_date", "created_at", "updated_at") VALUES (?, ?, ?, ?, ?)  [["title", "Aladdin"], ["rating", "G"], ["release_date", "1992-11-25 00:00:00.000000"], ["created_at", "2020-03-09 00:52:01.390832"], ["updated_at", "2020-03-09 00:52:01.390832"]]
  [1m[36m (0.1ms)[0m  [1mRELEASE SAVEPOINT active_record_1[0m
  [1m[35m (0.0ms)[0m  SAVEPOINT active_record_1
  [1m[36mSQL (0.1ms)[0m  [1mINSERT INTO "movies" ("title", "rating", "release_date", "created_at", "updated_at") VALUES (?, ?, ?, ?, ?)[0m  [["title", "The Terminator"], ["rating", "R"], ["release_date", "1984-10-26 00:00:00.000000"], ["created_at", "2020-03-09 00:52:01.392406"], ["updated_at", "2020-03-09 00:52:01.392406"]]
  [1m[35m (0.0ms)[0m  RELEASE SAVEPOINT active_record_1
  [1m[36m (0.0ms)[0m  [1mSAVEPOINT active_record_1[0m
  [1m[35mSQL (0.1ms)[0m  INSERT INTO "movies" ("title", "rating", "release_date", "created_at", "updated_at") VALUES (?, ?, ?, ?, ?)  [["title", "When Harry Met Sally"], ["rating", "R"], ["release_date", "1989-07-21 00:00:00.000000"], ["created_at", "2020-03-09 00:52:01.393846"], ["updated_at", "2020-03-09 00:52:01.393846"]]
  [1m[36m (0.1ms)[0m  [1mRELEASE SAVEPOINT active_record_1[0m
  [1m[35m (0.0ms)[0m  SAVEPOINT active_record_1
  [1m[36mSQL (0.1ms)[0m  [1mINSERT INTO "movies" ("title", "rating", "release_date", "created_at", "updated_at") VALUES (?, ?, ?, ?, ?)[0m  [["title", "The Help"], ["rating", "PG-13"], ["release_date", "2011-08-10 00:00:00.000000"], ["created_at", "2020-03-09 00:52:01.412395"], ["updated_at", "2020-03-09 00:52:01.412395"]]
  [1m[35m (0.1ms)[0m  RELEASE SAVEPOINT active_record_1
  [1m[36m (0.0ms)[0m  [1mSAVEPOINT active_record_1[0m
  [1m[35mSQL (0.1ms)[0m  INSERT INTO "movies" ("title", "rating", "release_date", "created_at", "updated_at") VALUES (?, ?, ?, ?, ?)  [["title", "Chocolat"], ["rating", "PG-13"], ["release_date", "2001-01-05 00:00:00.000000"], ["created_at", "2020-03-09 00:52:01.414069"], ["updated_at", "2020-03-09 00:52:01.414069"]]
  [1m[36m (0.0ms)[0m  [1mRELEASE SAVEPOINT active_record_1[0m
  [1m[35m (0.0ms)[0m  SAVEPOINT active_record_1
  [1m[36mSQL (0.1ms)[0m  [1mINSERT INTO "movies" ("title", "rating", "release_date", "created_at", "updated_at") VALUES (?, ?, ?, ?, ?)[0m  [["title", "Amelie"], ["rating", "R"], ["release_date", "2001-04-25 00:00:00.000000"], ["created_at", "2020-03-09 00:52:01.415333"], ["updated_at", "2020-03-09 00:52:01.415333"]]
  [1m[35m (0.0ms)[0m  RELEASE SAVEPOINT active_record_1
  [1m[36m (0.0ms)[0m  [1mSAVEPOINT active_record_1[0m
  [1m[35mSQL (0.1ms)[0m  INSERT INTO "movies" ("title", "rating", "release_date", "created_at", "updated_at") VALUES (?, ?, ?, ?, ?)  [["title", "2001: A Space Odyssey"], ["rating", "G"], ["release_date", "1968-04-06 00:00:00.000000"], ["created_at", "2020-03-09 00:52:01.416575"], ["updated_at", "2020-03-09 00:52:01.416575"]]
  [1m[36m (0.1ms)[0m  [1mRELEASE SAVEPOINT active_record_1[0m
  [1m[35m (0.0ms)[0m  SAVEPOINT active_record_1
  [1m[36mSQL (0.1ms)[0m  [1mINSERT INTO "movies" ("title", "rating", "release_date", "created_at", "updated_at") VALUES (?, ?, ?, ?, ?)[0m  [["title", "The Incredibles"], ["rating", "PG"], ["release_date", "2004-11-05 00:00:00.000000"], ["created_at", "2020-03-09 00:52:01.417813"], ["updated_at", "2020-03-09 00:52:01.417813"]]
  [1m[35m (0.1ms)[0m  RELEASE SAVEPOINT active_record_1
  [1m[36m (0.0ms)[0m  [1mSAVEPOINT active_record_1[0m
  [1m[35mSQL (0.1ms)[0m  INSERT INTO "movies" ("title", "rating", "release_date", "created_at", "updated_at") VALUES (?, ?, ?, ?, ?)  [["title", "Raiders of the Lost Ark"], ["rating", "PG"], ["release_date", "1981-06-12 00:00:00.000000"], ["created_at", "2020-03-09 00:52:01.419102"], ["updated_at", "2020-03-09 00:52:01.419102"]]
  [1m[36m (0.0ms)[0m  [1mRELEASE SAVEPOINT active_record_1[0m
  [1m[35m (0.0ms)[0m  SAVEPOINT active_record_1
  [1m[36mSQL (0.1ms)[0m  [1mINSERT INTO "movies" ("title", "rating", "release_date", "created_at", "updated_at") VALUES (?, ?, ?, ?, ?)[0m  [["title", "Chicken Run"], ["rating", "G"], ["release_date", "2000-06-21 00:00:00.000000"], ["created_at", "2020-03-09 00:52:01.420375"], ["updated_at", "2020-03-09 00:52:01.420375"]]
  [1m[35m (0.0ms)[0m  RELEASE SAVEPOINT active_record_1
Started GET "/movies" for 127.0.0.1 at 2020-03-09 00:52:01 +0000
Processing by MoviesController#index as HTML
  [1m[36mMovie Load (0.2ms)[0m  [1mSELECT "movies".* FROM "movies" WHERE "movies"."rating" IN ('G', 'PG', 'PG-13', 'NC-17', 'R')[0m
  Rendered movies/index.html.haml within layouts/application (3.3ms)
Completed 200 OK in 5ms (Views: 4.3ms | ActiveRecord: 0.2ms)
Started GET "/movies?utf8=%E2%9C%93&ratings[G]=1&ratings[PG]=1&ratings[PG-13]=1&ratings[NC-17]=1&ratings[R]=1&commit=Refresh" for 127.0.0.1 at 2020-03-09 00:52:01 +0000
Processing by MoviesController#index as HTML
  Parameters: {"utf8"=>"✓", "ratings"=>{"G"=>"1", "PG"=>"1", "PG-13"=>"1", "NC-17"=>"1", "R"=>"1"}, "commit"=>"Refresh"}
Redirected to http://www.example.com/movies?ratings%5BG%5D=1&ratings%5BNC-17%5D=1&ratings%5BPG%5D=1&ratings%5BPG-13%5D=1&ratings%5BR%5D=1
Completed 302 Found in 1ms (ActiveRecord: 0.0ms)
Started GET "/movies?ratings[G]=1&ratings[NC-17]=1&ratings[PG]=1&ratings[PG-13]=1&ratings[R]=1" for 127.0.0.1 at 2020-03-09 00:52:01 +0000
Processing by MoviesController#index as HTML
  Parameters: {"ratings"=>{"G"=>"1", "NC-17"=>"1", "PG"=>"1", "PG-13"=>"1", "R"=>"1"}}
  [1m[35mMovie Load (0.2ms)[0m  SELECT "movies".* FROM "movies" WHERE "movies"."rating" IN ('G', 'NC-17', 'PG', 'PG-13', 'R')
  Rendered movies/index.html.haml within layouts/application (3.2ms)
Completed 200 OK in 5ms (Views: 4.2ms | ActiveRecord: 0.2ms)
  [1m[36mMovie Load (0.2ms)[0m  [1mSELECT "movies".* FROM "movies"[0m
  [1m[35m (0.2ms)[0m  rollback transaction
  [1m[36m (0.1ms)[0m  [1mbegin transaction[0m
  [1m[35m (0.0ms)[0m  commit transaction
  [1m[36m (0.0ms)[0m  [1mbegin transaction[0m
  [1m[35m (0.0ms)[0m  SAVEPOINT active_record_1
  [1m[36mSQL (0.2ms)[0m  [1mINSERT INTO "movies" ("title", "rating", "release_date", "created_at", "updated_at") VALUES (?, ?, ?, ?, ?)[0m  [["title", "Aladdin"], ["rating", "G"], ["release_date", "1992-11-25 00:00:00.000000"], ["created_at", "2020-03-09 00:52:01.485151"], ["updated_at", "2020-03-09 00:52:01.485151"]]
  [1m[35m (0.0ms)[0m  RELEASE SAVEPOINT active_record_1
  [1m[36m (0.0ms)[0m  [1mSAVEPOINT active_record_1[0m
  [1m[35mSQL (0.1ms)[0m  INSERT INTO "movies" ("title", "rating", "release_date", "created_at", "updated_at") VALUES (?, ?, ?, ?, ?)  [["title", "The Terminator"], ["rating", "R"], ["release_date", "1984-10-26 00:00:00.000000"], ["created_at", "2020-03-09 00:52:01.487272"], ["updated_at", "2020-03-09 00:52:01.487272"]]
  [1m[36m (0.0ms)[0m  [1mRELEASE SAVEPOINT active_record_1[0m
  [1m[35m (0.0ms)[0m  SAVEPOINT active_record_1
  [1m[36mSQL (0.1ms)[0m  [1mINSERT INTO "movies" ("title", "rating", "release_date", "created_at", "updated_at") VALUES (?, ?, ?, ?, ?)[0m  [["title", "When Harry Met Sally"], ["rating", "R"], ["release_date", "1989-07-21 00:00:00.000000"], ["created_at", "2020-03-09 00:52:01.489666"], ["updated_at", "2020-03-09 00:52:01.489666"]]
  [1m[35m (0.0ms)[0m  RELEASE SAVEPOINT active_record_1
  [1m[36m (0.0ms)[0m  [1mSAVEPOINT active_record_1[0m
  [1m[35mSQL (0.6ms)[0m  INSERT INTO "movies" ("title", "rating", "release_date", "created_at", "updated_at") VALUES (?, ?, ?, ?, ?)  [["title", "The Help"], ["rating", "PG-13"], ["release_date", "2011-08-10 00:00:00.000000"], ["created_at", "2020-03-09 00:52:01.491665"], ["updated_at", "2020-03-09 00:52:01.491665"]]
  [1m[36m (0.1ms)[0m  [1mRELEASE SAVEPOINT active_record_1[0m
  [1m[35m (0.0ms)[0m  SAVEPOINT active_record_1
  [1m[36mSQL (0.1ms)[0m  [1mINSERT INTO "movies" ("title", "rating", "release_date", "created_at", "updated_at") VALUES (?, ?, ?, ?, ?)[0m  [["title", "Chocolat"], ["rating", "PG-13"], ["release_date", "2001-01-05 00:00:00.000000"], ["created_at", "2020-03-09 00:52:01.493437"], ["updated_at", "2020-03-09 00:52:01.493437"]]
  [1m[35m (0.0ms)[0m  RELEASE SAVEPOINT active_record_1
  [1m[36m (0.0ms)[0m  [1mSAVEPOINT active_record_1[0m
  [1m[35mSQL (0.1ms)[0m  INSERT INTO "movies" ("title", "rating", "release_date", "created_at", "updated_at") VALUES (?, ?, ?, ?, ?)  [["title", "Amelie"], ["rating", "R"], ["release_date", "2001-04-25 00:00:00.000000"], ["created_at", "2020-03-09 00:52:01.495955"], ["updated_at", "2020-03-09 00:52:01.495955"]]
  [1m[36m (0.0ms)[0m  [1mRELEASE SAVEPOINT active_record_1[0m
  [1m[35m (0.0ms)[0m  SAVEPOINT active_record_1
  [1m[36mSQL (0.1ms)[0m  [1mINSERT INTO "movies" ("title", "rating", "release_date", "created_at", "updated_at") VALUES (?, ?, ?, ?, ?)[0m  [["title", "2001: A Space Odyssey"], ["rating", "G"], ["release_date", "1968-04-06 00:00:00.000000"], ["created_at", "2020-03-09 00:52:01.497747"], ["updated_at", "2020-03-09 00:52:01.497747"]]
  [1m[35m (0.0ms)[0m  RELEASE SAVEPOINT active_record_1
  [1m[36m (0.0ms)[0m  [1mSAVEPOINT active_record_1[0m
  [1m[35mSQL (0.1ms)[0m  INSERT INTO "movies" ("title", "rating", "release_date", "created_at", "updated_at") VALUES (?, ?, ?, ?, ?)  [["title", "The Incredibles"], ["rating", "PG"], ["release_date", "2004-11-05 00:00:00.000000"], ["created_at", "2020-03-09 00:52:01.500264"], ["updated_at", "2020-03-09 00:52:01.500264"]]
  [1m[36m (0.0ms)[0m  [1mRELEASE SAVEPOINT active_record_1[0m
  [1m[35m (0.7ms)[0m  SAVEPOINT active_record_1
  [1m[36mSQL (0.1ms)[0m  [1mINSERT INTO "movies" ("title", "rating", "release_date", "created_at", "updated_at") VALUES (?, ?, ?, ?, ?)[0m  [["title", "Raiders of the Lost Ark"], ["rating", "PG"], ["release_date", "1981-06-12 00:00:00.000000"], ["created_at", "2020-03-09 00:52:01.502854"], ["updated_at", "2020-03-09 00:52:01.502854"]]
  [1m[35m (0.0ms)[0m  RELEASE SAVEPOINT active_record_1
  [1m[36m (0.0ms)[0m  [1mSAVEPOINT active_record_1[0m
  [1m[35mSQL (0.1ms)[0m  INSERT INTO "movies" ("title", "rating", "release_date", "created_at", "updated_at") VALUES (?, ?, ?, ?, ?)  [["title", "Chicken Run"], ["rating", "G"], ["release_date", "2000-06-21 00:00:00.000000"], ["created_at", "2020-03-09 00:52:01.504824"], ["updated_at", "2020-03-09 00:52:01.504824"]]
  [1m[36m (0.0ms)[0m  [1mRELEASE SAVEPOINT active_record_1[0m
Started GET "/movies" for 127.0.0.1 at 2020-03-09 00:52:01 +0000
Processing by MoviesController#index as HTML
  [1m[35mMovie Load (0.2ms)[0m  SELECT "movies".* FROM "movies" WHERE "movies"."rating" IN ('G', 'PG', 'PG-13', 'NC-17', 'R')
  Rendered movies/index.html.haml within layouts/application (5.9ms)
Completed 200 OK in 10ms (Views: 8.3ms | ActiveRecord: 0.2ms)
Started GET "/movies?ratings[G]=G&ratings[NC-17]=NC-17&ratings[PG]=PG&ratings[PG-13]=PG-13&ratings[R]=R&sort=title" for 127.0.0.1 at 2020-03-09 00:52:01 +0000
Processing by MoviesController#index as HTML
  Parameters: {"ratings"=>{"G"=>"G", "NC-17"=>"NC-17", "PG"=>"PG", "PG-13"=>"PG-13", "R"=>"R"}, "sort"=>"title"}
Redirected to http://www.example.com/movies?ratings%5BG%5D=G&ratings%5BNC-17%5D=NC-17&ratings%5BPG%5D=PG&ratings%5BPG-13%5D=PG-13&ratings%5BR%5D=R&sort=title
Completed 302 Found in 1ms (ActiveRecord: 0.0ms)
Started GET "/movies?ratings[G]=G&ratings[NC-17]=NC-17&ratings[PG]=PG&ratings[PG-13]=PG-13&ratings[R]=R&sort=title" for 127.0.0.1 at 2020-03-09 00:52:01 +0000
Processing by MoviesController#index as HTML
  Parameters: {"ratings"=>{"G"=>"G", "NC-17"=>"NC-17", "PG"=>"PG", "PG-13"=>"PG-13", "R"=>"R"}, "sort"=>"title"}
  [1m[36mMovie Load (0.2ms)[0m  [1mSELECT "movies".* FROM "movies" WHERE "movies"."rating" IN ('G', 'NC-17', 'PG', 'PG-13', 'R')  ORDER BY "movies"."title" ASC[0m
  Rendered movies/index.html.haml within layouts/application (6.8ms)
Completed 200 OK in 10ms (Views: 9.2ms | ActiveRecord: 0.2ms)
  [1m[35m (0.2ms)[0m  rollback transaction
  [1m[36m (0.1ms)[0m  [1mbegin transaction[0m
  [1m[35m (0.0ms)[0m  commit transaction
  [1m[36m (0.4ms)[0m  [1mbegin transaction[0m
  [1m[35m (0.4ms)[0m  SAVEPOINT active_record_1
  [1m[36mSQL (0.2ms)[0m  [1mINSERT INTO "movies" ("title", "rating", "release_date", "created_at", "updated_at") VALUES (?, ?, ?, ?, ?)[0m  [["title", "Aladdin"], ["rating", "G"], ["release_date", "1992-11-25 00:00:00.000000"], ["created_at", "2020-03-09 00:52:01.569454"], ["updated_at", "2020-03-09 00:52:01.569454"]]
  [1m[35m (0.0ms)[0m  RELEASE SAVEPOINT active_record_1
  [1m[36m (0.0ms)[0m  [1mSAVEPOINT active_record_1[0m
  [1m[35mSQL (0.1ms)[0m  INSERT INTO "movies" ("title", "rating", "release_date", "created_at", "updated_at") VALUES (?, ?, ?, ?, ?)  [["title", "The Terminator"], ["rating", "R"], ["release_date", "1984-10-26 00:00:00.000000"], ["created_at", "2020-03-09 00:52:01.571308"], ["updated_at", "2020-03-09 00:52:01.571308"]]
  [1m[36m (0.0ms)[0m  [1mRELEASE SAVEPOINT active_record_1[0m
  [1m[35m (0.0ms)[0m  SAVEPOINT active_record_1
  [1m[36mSQL (0.1ms)[0m  [1mINSERT INTO "movies" ("title", "rating", "release_date", "created_at", "updated_at") VALUES (?, ?, ?, ?, ?)[0m  [["title", "When Harry Met Sally"], ["rating", "R"], ["release_date", "1989-07-21 00:00:00.000000"], ["created_at", "2020-03-09 00:52:01.572881"], ["updated_at", "2020-03-09 00:52:01.572881"]]
  [1m[35m (0.4ms)[0m  RELEASE SAVEPOINT active_record_1
  [1m[36m (0.0ms)[0m  [1mSAVEPOINT active_record_1[0m
  [1m[35mSQL (0.1ms)[0m  INSERT INTO "movies" ("title", "rating", "release_date", "created_at", "updated_at") VALUES (?, ?, ?, ?, ?)  [["title", "The Help"], ["rating", "PG-13"], ["release_date", "2011-08-10 00:00:00.000000"], ["created_at", "2020-03-09 00:52:01.574780"], ["updated_at", "2020-03-09 00:52:01.574780"]]
  [1m[36m (0.0ms)[0m  [1mRELEASE SAVEPOINT active_record_1[0m
  [1m[35m (0.0ms)[0m  SAVEPOINT active_record_1
  [1m[36mSQL (0.1ms)[0m  [1mINSERT INTO "movies" ("title", "rating", "release_date", "created_at", "updated_at") VALUES (?, ?, ?, ?, ?)[0m  [["title", "Chocolat"], ["rating", "PG-13"], ["release_date", "2001-01-05 00:00:00.000000"], ["created_at", "2020-03-09 00:52:01.576302"], ["updated_at", "2020-03-09 00:52:01.576302"]]
  [1m[35m (0.0ms)[0m  RELEASE SAVEPOINT active_record_1
  [1m[36m (0.0ms)[0m  [1mSAVEPOINT active_record_1[0m
  [1m[35mSQL (0.4ms)[0m  INSERT INTO "movies" ("title", "rating", "release_date", "created_at", "updated_at") VALUES (?, ?, ?, ?, ?)  [["title", "Amelie"], ["rating", "R"], ["release_date", "2001-04-25 00:00:00.000000"], ["created_at", "2020-03-09 00:52:01.578262"], ["updated_at", "2020-03-09 00:52:01.578262"]]
  [1m[36m (0.0ms)[0m  [1mRELEASE SAVEPOINT active_record_1[0m
  [1m[35m (0.0ms)[0m  SAVEPOINT active_record_1
  [1m[36mSQL (0.1ms)[0m  [1mINSERT INTO "movies" ("title", "rating", "release_date", "created_at", "updated_at") VALUES (?, ?, ?, ?, ?)[0m  [["title", "2001: A Space Odyssey"], ["rating", "G"], ["release_date", "1968-04-06 00:00:00.000000"], ["created_at", "2020-03-09 00:52:01.579803"], ["updated_at", "2020-03-09 00:52:01.579803"]]
  [1m[35m (0.0ms)[0m  RELEASE SAVEPOINT active_record_1
  [1m[36m (0.0ms)[0m  [1mSAVEPOINT active_record_1[0m
  [1m[35mSQL (0.1ms)[0m  INSERT INTO "movies" ("title", "rating", "release_date", "created_at", "updated_at") VALUES (?, ?, ?, ?, ?)  [["title", "The Incredibles"], ["rating", "PG"], ["release_date", "2004-11-05 00:00:00.000000"], ["created_at", "2020-03-09 00:52:01.581741"], ["updated_at", "2020-03-09 00:52:01.581741"]]
  [1m[36m (0.1ms)[0m  [1mRELEASE SAVEPOINT active_record_1[0m
  [1m[35m (0.0ms)[0m  SAVEPOINT active_record_1
  [1m[36mSQL (0.1ms)[0m  [1mINSERT INTO "movies" ("title", "rating", "release_date", "created_at", "updated_at") VALUES (?, ?, ?, ?, ?)[0m  [["title", "Raiders of the Lost Ark"], ["rating", "PG"], ["release_date", "1981-06-12 00:00:00.000000"], ["created_at", "2020-03-09 00:52:01.583271"], ["updated_at", "2020-03-09 00:52:01.583271"]]
  [1m[35m (0.0ms)[0m  RELEASE SAVEPOINT active_record_1
  [1m[36m (0.0ms)[0m  [1mSAVEPOINT active_record_1[0m
  [1m[35mSQL (0.1ms)[0m  INSERT INTO "movies" ("title", "rating", "release_date", "created_at", "updated_at") VALUES (?, ?, ?, ?, ?)  [["title", "Chicken Run"], ["rating", "G"], ["release_date", "2000-06-21 00:00:00.000000"], ["created_at", "2020-03-09 00:52:01.584799"], ["updated_at", "2020-03-09 00:52:01.584799"]]
  [1m[36m (0.0ms)[0m  [1mRELEASE SAVEPOINT active_record_1[0m
Started GET "/movies" for 127.0.0.1 at 2020-03-09 00:52:01 +0000
Processing by MoviesController#index as HTML
  [1m[35mMovie Load (0.2ms)[0m  SELECT "movies".* FROM "movies" WHERE "movies"."rating" IN ('G', 'PG', 'PG-13', 'NC-17', 'R')
  Rendered movies/index.html.haml within layouts/application (4.4ms)
Completed 200 OK in 7ms (Views: 6.4ms | ActiveRecord: 0.2ms)
Started GET "/movies?ratings[G]=G&ratings[NC-17]=NC-17&ratings[PG]=PG&ratings[PG-13]=PG-13&ratings[R]=R&sort=release_date" for 127.0.0.1 at 2020-03-09 00:52:01 +0000
Processing by MoviesController#index as HTML
  Parameters: {"ratings"=>{"G"=>"G", "NC-17"=>"NC-17", "PG"=>"PG", "PG-13"=>"PG-13", "R"=>"R"}, "sort"=>"release_date"}
Redirected to http://www.example.com/movies?ratings%5BG%5D=G&ratings%5BNC-17%5D=NC-17&ratings%5BPG%5D=PG&ratings%5BPG-13%5D=PG-13&ratings%5BR%5D=R&sort=release_date
Completed 302 Found in 6ms (ActiveRecord: 0.0ms)
Started GET "/movies?ratings[G]=G&ratings[NC-17]=NC-17&ratings[PG]=PG&ratings[PG-13]=PG-13&ratings[R]=R&sort=release_date" for 127.0.0.1 at 2020-03-09 00:52:01 +0000
Processing by MoviesController#index as HTML
  Parameters: {"ratings"=>{"G"=>"G", "NC-17"=>"NC-17", "PG"=>"PG", "PG-13"=>"PG-13", "R"=>"R"}, "sort"=>"release_date"}
  [1m[36mMovie Load (0.2ms)[0m  [1mSELECT "movies".* FROM "movies" WHERE "movies"."rating" IN ('G', 'NC-17', 'PG', 'PG-13', 'R')  ORDER BY "movies"."release_date" ASC[0m
  Rendered movies/index.html.haml within layouts/application (12.6ms)
Completed 200 OK in 18ms (Views: 13.6ms | ActiveRecord: 0.2ms)
  [1m[35m (0.2ms)[0m  rollback transaction
  [1m[36mActiveRecord::SchemaMigration Load (0.1ms)[0m  [1mSELECT "schema_migrations".* FROM "schema_migrations"[0m
  [1m[35m (0.1ms)[0m  begin transaction
  [1m[36m (0.0ms)[0m  [1mcommit transaction[0m
  [1m[35m (0.0ms)[0m  begin transaction
  [1m[36m (0.1ms)[0m  [1mSAVEPOINT active_record_1[0m
  [1m[35mSQL (0.2ms)[0m  INSERT INTO "movies" ("title", "rating", "release_date", "created_at", "updated_at") VALUES (?, ?, ?, ?, ?)  [["title", "Aladdin"], ["rating", "G"], ["release_date", "1992-11-25 00:00:00.000000"], ["created_at", "2020-03-09 00:59:49.771263"], ["updated_at", "2020-03-09 00:59:49.771263"]]
  [1m[36m (0.1ms)[0m  [1mRELEASE SAVEPOINT active_record_1[0m
  [1m[35m (0.1ms)[0m  SAVEPOINT active_record_1
  [1m[36mSQL (0.1ms)[0m  [1mINSERT INTO "movies" ("title", "rating", "release_date", "created_at", "updated_at") VALUES (?, ?, ?, ?, ?)[0m  [["title", "The Terminator"], ["rating", "R"], ["release_date", "1984-10-26 00:00:00.000000"], ["created_at", "2020-03-09 00:59:49.773064"], ["updated_at", "2020-03-09 00:59:49.773064"]]
  [1m[35m (0.1ms)[0m  RELEASE SAVEPOINT active_record_1
  [1m[36m (0.0ms)[0m  [1mSAVEPOINT active_record_1[0m
  [1m[35mSQL (0.1ms)[0m  INSERT INTO "movies" ("title", "rating", "release_date", "created_at", "updated_at") VALUES (?, ?, ?, ?, ?)  [["title", "When Harry Met Sally"], ["rating", "R"], ["release_date", "1989-07-21 00:00:00.000000"], ["created_at", "2020-03-09 00:59:49.774363"], ["updated_at", "2020-03-09 00:59:49.774363"]]
  [1m[36m (0.0ms)[0m  [1mRELEASE SAVEPOINT active_record_1[0m
  [1m[35m (0.0ms)[0m  SAVEPOINT active_record_1
  [1m[36mSQL (0.1ms)[0m  [1mINSERT INTO "movies" ("title", "rating", "release_date", "created_at", "updated_at") VALUES (?, ?, ?, ?, ?)[0m  [["title", "The Help"], ["rating", "PG-13"], ["release_date", "2011-08-10 00:00:00.000000"], ["created_at", "2020-03-09 00:59:49.775526"], ["updated_at", "2020-03-09 00:59:49.775526"]]
  [1m[35m (0.0ms)[0m  RELEASE SAVEPOINT active_record_1
  [1m[36m (0.0ms)[0m  [1mSAVEPOINT active_record_1[0m
  [1m[35mSQL (0.1ms)[0m  INSERT INTO "movies" ("title", "rating", "release_date", "created_at", "updated_at") VALUES (?, ?, ?, ?, ?)  [["title", "Chocolat"], ["rating", "PG-13"], ["release_date", "2001-01-05 00:00:00.000000"], ["created_at", "2020-03-09 00:59:49.776665"], ["updated_at", "2020-03-09 00:59:49.776665"]]
  [1m[36m (0.0ms)[0m  [1mRELEASE SAVEPOINT active_record_1[0m
  [1m[35m (0.0ms)[0m  SAVEPOINT active_record_1
  [1m[36mSQL (0.1ms)[0m  [1mINSERT INTO "movies" ("title", "rating", "release_date", "created_at", "updated_at") VALUES (?, ?, ?, ?, ?)[0m  [["title", "Amelie"], ["rating", "R"], ["release_date", "2001-04-25 00:00:00.000000"], ["created_at", "2020-03-09 00:59:49.777854"], ["updated_at", "2020-03-09 00:59:49.777854"]]
  [1m[35m (0.0ms)[0m  RELEASE SAVEPOINT active_record_1
  [1m[36m (0.0ms)[0m  [1mSAVEPOINT active_record_1[0m
  [1m[35mSQL (0.1ms)[0m  INSERT INTO "movies" ("title", "rating", "release_date", "created_at", "updated_at") VALUES (?, ?, ?, ?, ?)  [["title", "2001: A Space Odyssey"], ["rating", "G"], ["release_date", "1968-04-06 00:00:00.000000"], ["created_at", "2020-03-09 00:59:49.779075"], ["updated_at", "2020-03-09 00:59:49.779075"]]
  [1m[36m (0.0ms)[0m  [1mRELEASE SAVEPOINT active_record_1[0m
  [1m[35m (0.1ms)[0m  SAVEPOINT active_record_1
  [1m[36mSQL (0.1ms)[0m  [1mINSERT INTO "movies" ("title", "rating", "release_date", "created_at", "updated_at") VALUES (?, ?, ?, ?, ?)[0m  [["title", "The Incredibles"], ["rating", "PG"], ["release_date", "2004-11-05 00:00:00.000000"], ["created_at", "2020-03-09 00:59:49.780292"], ["updated_at", "2020-03-09 00:59:49.780292"]]
  [1m[35m (0.0ms)[0m  RELEASE SAVEPOINT active_record_1
  [1m[36m (0.0ms)[0m  [1mSAVEPOINT active_record_1[0m
  [1m[35mSQL (0.1ms)[0m  INSERT INTO "movies" ("title", "rating", "release_date", "created_at", "updated_at") VALUES (?, ?, ?, ?, ?)  [["title", "Raiders of the Lost Ark"], ["rating", "PG"], ["release_date", "1981-06-12 00:00:00.000000"], ["created_at", "2020-03-09 00:59:49.781574"], ["updated_at", "2020-03-09 00:59:49.781574"]]
  [1m[36m (0.1ms)[0m  [1mRELEASE SAVEPOINT active_record_1[0m
  [1m[35m (0.0ms)[0m  SAVEPOINT active_record_1
  [1m[36mSQL (0.1ms)[0m  [1mINSERT INTO "movies" ("title", "rating", "release_date", "created_at", "updated_at") VALUES (?, ?, ?, ?, ?)[0m  [["title", "Chicken Run"], ["rating", "G"], ["release_date", "2000-06-21 00:00:00.000000"], ["created_at", "2020-03-09 00:59:49.782786"], ["updated_at", "2020-03-09 00:59:49.782786"]]
  [1m[35m (0.1ms)[0m  RELEASE SAVEPOINT active_record_1
Started GET "/movies" for 127.0.0.1 at 2020-03-09 00:59:49 +0000
Processing by MoviesController#index as HTML
  [1m[36mMovie Load (0.2ms)[0m  [1mSELECT "movies".* FROM "movies" WHERE "movies"."rating" IN ('G', 'PG', 'PG-13', 'NC-17', 'R')[0m
  Rendered movies/index.html.haml within layouts/application (6.3ms)
Completed 200 OK in 207ms (Views: 196.4ms | ActiveRecord: 0.2ms)
Started GET "/movies?utf8=%E2%9C%93&ratings[PG]=1&ratings[NC-17]=1&ratings[R]=1&commit=Refresh" for 127.0.0.1 at 2020-03-09 00:59:50 +0000
Processing by MoviesController#index as HTML
  Parameters: {"utf8"=>"✓", "ratings"=>{"PG"=>"1", "NC-17"=>"1", "R"=>"1"}, "commit"=>"Refresh"}
Redirected to http://www.example.com/movies?ratings%5BNC-17%5D=1&ratings%5BPG%5D=1&ratings%5BR%5D=1
Completed 302 Found in 1ms (ActiveRecord: 0.0ms)
Started GET "/movies?ratings[NC-17]=1&ratings[PG]=1&ratings[R]=1" for 127.0.0.1 at 2020-03-09 00:59:50 +0000
Processing by MoviesController#index as HTML
  Parameters: {"ratings"=>{"NC-17"=>"1", "PG"=>"1", "R"=>"1"}}
  [1m[35mMovie Load (0.2ms)[0m  SELECT "movies".* FROM "movies" WHERE "movies"."rating" IN ('NC-17', 'PG', 'R')
  Rendered movies/index.html.haml within layouts/application (2.3ms)
Completed 200 OK in 4ms (Views: 3.2ms | ActiveRecord: 0.2ms)
  [1m[36m (0.2ms)[0m  [1mrollback transaction[0m
  [1m[35m (0.0ms)[0m  begin transaction
  [1m[36m (0.0ms)[0m  [1mcommit transaction[0m
  [1m[35m (0.0ms)[0m  begin transaction
  [1m[36m (0.0ms)[0m  [1mSAVEPOINT active_record_1[0m
  [1m[35mSQL (0.1ms)[0m  INSERT INTO "movies" ("title", "rating", "release_date", "created_at", "updated_at") VALUES (?, ?, ?, ?, ?)  [["title", "Aladdin"], ["rating", "G"], ["release_date", "1992-11-25 00:00:00.000000"], ["created_at", "2020-03-09 00:59:50.044265"], ["updated_at", "2020-03-09 00:59:50.044265"]]
  [1m[36m (0.0ms)[0m  [1mRELEASE SAVEPOINT active_record_1[0m
  [1m[35m (0.0ms)[0m  SAVEPOINT active_record_1
  [1m[36mSQL (0.1ms)[0m  [1mINSERT INTO "movies" ("title", "rating", "release_date", "created_at", "updated_at") VALUES (?, ?, ?, ?, ?)[0m  [["title", "The Terminator"], ["rating", "R"], ["release_date", "1984-10-26 00:00:00.000000"], ["created_at", "2020-03-09 00:59:50.045762"], ["updated_at", "2020-03-09 00:59:50.045762"]]
  [1m[35m (0.0ms)[0m  RELEASE SAVEPOINT active_record_1
  [1m[36m (0.0ms)[0m  [1mSAVEPOINT active_record_1[0m
  [1m[35mSQL (0.1ms)[0m  INSERT INTO "movies" ("title", "rating", "release_date", "created_at", "updated_at") VALUES (?, ?, ?, ?, ?)  [["title", "When Harry Met Sally"], ["rating", "R"], ["release_date", "1989-07-21 00:00:00.000000"], ["created_at", "2020-03-09 00:59:50.047020"], ["updated_at", "2020-03-09 00:59:50.047020"]]
  [1m[36m (0.1ms)[0m  [1mRELEASE SAVEPOINT active_record_1[0m
  [1m[35m (0.1ms)[0m  SAVEPOINT active_record_1
  [1m[36mSQL (0.1ms)[0m  [1mINSERT INTO "movies" ("title", "rating", "release_date", "created_at", "updated_at") VALUES (?, ?, ?, ?, ?)[0m  [["title", "The Help"], ["rating", "PG-13"], ["release_date", "2011-08-10 00:00:00.000000"], ["created_at", "2020-03-09 00:59:50.048216"], ["updated_at", "2020-03-09 00:59:50.048216"]]
  [1m[35m (0.0ms)[0m  RELEASE SAVEPOINT active_record_1
  [1m[36m (0.0ms)[0m  [1mSAVEPOINT active_record_1[0m
  [1m[35mSQL (0.1ms)[0m  INSERT INTO "movies" ("title", "rating", "release_date", "created_at", "updated_at") VALUES (?, ?, ?, ?, ?)  [["title", "Chocolat"], ["rating", "PG-13"], ["release_date", "2001-01-05 00:00:00.000000"], ["created_at", "2020-03-09 00:59:50.049463"], ["updated_at", "2020-03-09 00:59:50.049463"]]
  [1m[36m (0.0ms)[0m  [1mRELEASE SAVEPOINT active_record_1[0m
  [1m[35m (0.0ms)[0m  SAVEPOINT active_record_1
  [1m[36mSQL (0.1ms)[0m  [1mINSERT INTO "movies" ("title", "rating", "release_date", "created_at", "updated_at") VALUES (?, ?, ?, ?, ?)[0m  [["title", "Amelie"], ["rating", "R"], ["release_date", "2001-04-25 00:00:00.000000"], ["created_at", "2020-03-09 00:59:50.050700"], ["updated_at", "2020-03-09 00:59:50.050700"]]
  [1m[35m (0.1ms)[0m  RELEASE SAVEPOINT active_record_1
  [1m[36m (0.0ms)[0m  [1mSAVEPOINT active_record_1[0m
  [1m[35mSQL (0.1ms)[0m  INSERT INTO "movies" ("title", "rating", "release_date", "created_at", "updated_at") VALUES (?, ?, ?, ?, ?)  [["title", "2001: A Space Odyssey"], ["rating", "G"], ["release_date", "1968-04-06 00:00:00.000000"], ["created_at", "2020-03-09 00:59:50.051937"], ["updated_at", "2020-03-09 00:59:50.051937"]]
  [1m[36m (0.0ms)[0m  [1mRELEASE SAVEPOINT active_record_1[0m
  [1m[35m (0.0ms)[0m  SAVEPOINT active_record_1
  [1m[36mSQL (0.1ms)[0m  [1mINSERT INTO "movies" ("title", "rating", "release_date", "created_at", "updated_at") VALUES (?, ?, ?, ?, ?)[0m  [["title", "The Incredibles"], ["rating", "PG"], ["release_date", "2004-11-05 00:00:00.000000"], ["created_at", "2020-03-09 00:59:50.053194"], ["updated_at", "2020-03-09 00:59:50.053194"]]
  [1m[35m (0.0ms)[0m  RELEASE SAVEPOINT active_record_1
  [1m[36m (0.0ms)[0m  [1mSAVEPOINT active_record_1[0m
  [1m[35mSQL (0.1ms)[0m  INSERT INTO "movies" ("title", "rating", "release_date", "created_at", "updated_at") VALUES (?, ?, ?, ?, ?)  [["title", "Raiders of the Lost Ark"], ["rating", "PG"], ["release_date", "1981-06-12 00:00:00.000000"], ["created_at", "2020-03-09 00:59:50.054351"], ["updated_at", "2020-03-09 00:59:50.054351"]]
  [1m[36m (0.0ms)[0m  [1mRELEASE SAVEPOINT active_record_1[0m
  [1m[35m (0.0ms)[0m  SAVEPOINT active_record_1
  [1m[36mSQL (0.1ms)[0m  [1mINSERT INTO "movies" ("title", "rating", "release_date", "created_at", "updated_at") VALUES (?, ?, ?, ?, ?)[0m  [["title", "Chicken Run"], ["rating", "G"], ["release_date", "2000-06-21 00:00:00.000000"], ["created_at", "2020-03-09 00:59:50.055559"], ["updated_at", "2020-03-09 00:59:50.055559"]]
  [1m[35m (0.0ms)[0m  RELEASE SAVEPOINT active_record_1
Started GET "/movies" for 127.0.0.1 at 2020-03-09 00:59:50 +0000
Processing by MoviesController#index as HTML
  [1m[36mMovie Load (0.2ms)[0m  [1mSELECT "movies".* FROM "movies" WHERE "movies"."rating" IN ('G', 'PG', 'PG-13', 'NC-17', 'R')[0m
  Rendered movies/index.html.haml within layouts/application (2.8ms)
Completed 200 OK in 4ms (Views: 3.8ms | ActiveRecord: 0.2ms)
Started GET "/movies?utf8=%E2%9C%93&ratings[G]=1&ratings[PG]=1&ratings[PG-13]=1&ratings[NC-17]=1&ratings[R]=1&commit=Refresh" for 127.0.0.1 at 2020-03-09 00:59:50 +0000
Processing by MoviesController#index as HTML
  Parameters: {"utf8"=>"✓", "ratings"=>{"G"=>"1", "PG"=>"1", "PG-13"=>"1", "NC-17"=>"1", "R"=>"1"}, "commit"=>"Refresh"}
Redirected to http://www.example.com/movies?ratings%5BG%5D=1&ratings%5BNC-17%5D=1&ratings%5BPG%5D=1&ratings%5BPG-13%5D=1&ratings%5BR%5D=1
Completed 302 Found in 1ms (ActiveRecord: 0.0ms)
Started GET "/movies?ratings[G]=1&ratings[NC-17]=1&ratings[PG]=1&ratings[PG-13]=1&ratings[R]=1" for 127.0.0.1 at 2020-03-09 00:59:50 +0000
Processing by MoviesController#index as HTML
  Parameters: {"ratings"=>{"G"=>"1", "NC-17"=>"1", "PG"=>"1", "PG-13"=>"1", "R"=>"1"}}
  [1m[35mMovie Load (0.1ms)[0m  SELECT "movies".* FROM "movies" WHERE "movies"."rating" IN ('G', 'NC-17', 'PG', 'PG-13', 'R')
  Rendered movies/index.html.haml within layouts/application (2.7ms)
Completed 200 OK in 4ms (Views: 3.5ms | ActiveRecord: 0.1ms)
  [1m[36mMovie Load (0.1ms)[0m  [1mSELECT "movies".* FROM "movies"[0m
  [1m[35m (0.2ms)[0m  rollback transaction
  [1m[36m (0.0ms)[0m  [1mbegin transaction[0m
  [1m[35m (0.0ms)[0m  commit transaction
  [1m[36m (0.0ms)[0m  [1mbegin transaction[0m
  [1m[35m (0.0ms)[0m  SAVEPOINT active_record_1
  [1m[36mSQL (0.1ms)[0m  [1mINSERT INTO "movies" ("title", "rating", "release_date", "created_at", "updated_at") VALUES (?, ?, ?, ?, ?)[0m  [["title", "Aladdin"], ["rating", "G"], ["release_date", "1992-11-25 00:00:00.000000"], ["created_at", "2020-03-09 00:59:50.097728"], ["updated_at", "2020-03-09 00:59:50.097728"]]
  [1m[35m (0.0ms)[0m  RELEASE SAVEPOINT active_record_1
  [1m[36m (0.0ms)[0m  [1mSAVEPOINT active_record_1[0m
  [1m[35mSQL (0.1ms)[0m  INSERT INTO "movies" ("title", "rating", "release_date", "created_at", "updated_at") VALUES (?, ?, ?, ?, ?)  [["title", "The Terminator"], ["rating", "R"], ["release_date", "1984-10-26 00:00:00.000000"], ["created_at", "2020-03-09 00:59:50.099133"], ["updated_at", "2020-03-09 00:59:50.099133"]]
  [1m[36m (0.0ms)[0m  [1mRELEASE SAVEPOINT active_record_1[0m
  [1m[35m (0.0ms)[0m  SAVEPOINT active_record_1
  [1m[36mSQL (0.1ms)[0m  [1mINSERT INTO "movies" ("title", "rating", "release_date", "created_at", "updated_at") VALUES (?, ?, ?, ?, ?)[0m  [["title", "When Harry Met Sally"], ["rating", "R"], ["release_date", "1989-07-21 00:00:00.000000"], ["created_at", "2020-03-09 00:59:50.100396"], ["updated_at", "2020-03-09 00:59:50.100396"]]
  [1m[35m (0.0ms)[0m  RELEASE SAVEPOINT active_record_1
  [1m[36m (0.0ms)[0m  [1mSAVEPOINT active_record_1[0m
  [1m[35mSQL (0.1ms)[0m  INSERT INTO "movies" ("title", "rating", "release_date", "created_at", "updated_at") VALUES (?, ?, ?, ?, ?)  [["title", "The Help"], ["rating", "PG-13"], ["release_date", "2011-08-10 00:00:00.000000"], ["created_at", "2020-03-09 00:59:50.112890"], ["updated_at", "2020-03-09 00:59:50.112890"]]
  [1m[36m (0.1ms)[0m  [1mRELEASE SAVEPOINT active_record_1[0m
  [1m[35m (0.0ms)[0m  SAVEPOINT active_record_1
  [1m[36mSQL (0.1ms)[0m  [1mINSERT INTO "movies" ("title", "rating", "release_date", "created_at", "updated_at") VALUES (?, ?, ?, ?, ?)[0m  [["title", "Chocolat"], ["rating", "PG-13"], ["release_date", "2001-01-05 00:00:00.000000"], ["created_at", "2020-03-09 00:59:50.114401"], ["updated_at", "2020-03-09 00:59:50.114401"]]
  [1m[35m (0.1ms)[0m  RELEASE SAVEPOINT active_record_1
  [1m[36m (0.1ms)[0m  [1mSAVEPOINT active_record_1[0m
  [1m[35mSQL (0.1ms)[0m  INSERT INTO "movies" ("title", "rating", "release_date", "created_at", "updated_at") VALUES (?, ?, ?, ?, ?)  [["title", "Amelie"], ["rating", "R"], ["release_date", "2001-04-25 00:00:00.000000"], ["created_at", "2020-03-09 00:59:50.115632"], ["updated_at", "2020-03-09 00:59:50.115632"]]
  [1m[36m (0.0ms)[0m  [1mRELEASE SAVEPOINT active_record_1[0m
  [1m[35m (0.0ms)[0m  SAVEPOINT active_record_1
  [1m[36mSQL (0.1ms)[0m  [1mINSERT INTO "movies" ("title", "rating", "release_date", "created_at", "updated_at") VALUES (?, ?, ?, ?, ?)[0m  [["title", "2001: A Space Odyssey"], ["rating", "G"], ["release_date", "1968-04-06 00:00:00.000000"], ["created_at", "2020-03-09 00:59:50.116790"], ["updated_at", "2020-03-09 00:59:50.116790"]]
  [1m[35m (0.0ms)[0m  RELEASE SAVEPOINT active_record_1
  [1m[36m (0.1ms)[0m  [1mSAVEPOINT active_record_1[0m
  [1m[35mSQL (0.1ms)[0m  INSERT INTO "movies" ("title", "rating", "release_date", "created_at", "updated_at") VALUES (?, ?, ?, ?, ?)  [["title", "The Incredibles"], ["rating", "PG"], ["release_date", "2004-11-05 00:00:00.000000"], ["created_at", "2020-03-09 00:59:50.118004"], ["updated_at", "2020-03-09 00:59:50.118004"]]
  [1m[36m (0.1ms)[0m  [1mRELEASE SAVEPOINT active_record_1[0m
  [1m[35m (0.0ms)[0m  SAVEPOINT active_record_1
  [1m[36mSQL (0.1ms)[0m  [1mINSERT INTO "movies" ("title", "rating", "release_date", "created_at", "updated_at") VALUES (?, ?, ?, ?, ?)[0m  [["title", "Raiders of the Lost Ark"], ["rating", "PG"], ["release_date", "1981-06-12 00:00:00.000000"], ["created_at", "2020-03-09 00:59:50.119186"], ["updated_at", "2020-03-09 00:59:50.119186"]]
  [1m[35m (0.0ms)[0m  RELEASE SAVEPOINT active_record_1
  [1m[36m (0.0ms)[0m  [1mSAVEPOINT active_record_1[0m
  [1m[35mSQL (0.1ms)[0m  INSERT INTO "movies" ("title", "rating", "release_date", "created_at", "updated_at") VALUES (?, ?, ?, ?, ?)  [["title", "Chicken Run"], ["rating", "G"], ["release_date", "2000-06-21 00:00:00.000000"], ["created_at", "2020-03-09 00:59:50.120360"], ["updated_at", "2020-03-09 00:59:50.120360"]]
  [1m[36m (0.1ms)[0m  [1mRELEASE SAVEPOINT active_record_1[0m
Started GET "/movies" for 127.0.0.1 at 2020-03-09 00:59:50 +0000
Processing by MoviesController#index as HTML
  [1m[35mMovie Load (0.2ms)[0m  SELECT "movies".* FROM "movies" WHERE "movies"."rating" IN ('G', 'PG', 'PG-13', 'NC-17', 'R')
  Rendered movies/index.html.haml within layouts/application (2.8ms)
Completed 200 OK in 5ms (Views: 3.9ms | ActiveRecord: 0.2ms)
Started GET "/movies?ratings[G]=G&ratings[NC-17]=NC-17&ratings[PG]=PG&ratings[PG-13]=PG-13&ratings[R]=R&sort=title" for 127.0.0.1 at 2020-03-09 00:59:50 +0000
Processing by MoviesController#index as HTML
  Parameters: {"ratings"=>{"G"=>"G", "NC-17"=>"NC-17", "PG"=>"PG", "PG-13"=>"PG-13", "R"=>"R"}, "sort"=>"title"}
Redirected to http://www.example.com/movies?ratings%5BG%5D=G&ratings%5BNC-17%5D=NC-17&ratings%5BPG%5D=PG&ratings%5BPG-13%5D=PG-13&ratings%5BR%5D=R&sort=title
Completed 302 Found in 1ms (ActiveRecord: 0.0ms)
Started GET "/movies?ratings[G]=G&ratings[NC-17]=NC-17&ratings[PG]=PG&ratings[PG-13]=PG-13&ratings[R]=R&sort=title" for 127.0.0.1 at 2020-03-09 00:59:50 +0000
Processing by MoviesController#index as HTML
  Parameters: {"ratings"=>{"G"=>"G", "NC-17"=>"NC-17", "PG"=>"PG", "PG-13"=>"PG-13", "R"=>"R"}, "sort"=>"title"}
  [1m[36mMovie Load (0.2ms)[0m  [1mSELECT "movies".* FROM "movies" WHERE "movies"."rating" IN ('G', 'NC-17', 'PG', 'PG-13', 'R')  ORDER BY "movies"."title" ASC[0m
  Rendered movies/index.html.haml within layouts/application (2.9ms)
Completed 200 OK in 4ms (Views: 3.7ms | ActiveRecord: 0.2ms)
  [1m[35m (0.2ms)[0m  rollback transaction
  [1m[36m (0.0ms)[0m  [1mbegin transaction[0m
  [1m[35m (0.0ms)[0m  commit transaction
  [1m[36m (0.0ms)[0m  [1mbegin transaction[0m
  [1m[35m (0.0ms)[0m  SAVEPOINT active_record_1
  [1m[36mSQL (0.1ms)[0m  [1mINSERT INTO "movies" ("title", "rating", "release_date", "created_at", "updated_at") VALUES (?, ?, ?, ?, ?)[0m  [["title", "Aladdin"], ["rating", "G"], ["release_date", "1992-11-25 00:00:00.000000"], ["created_at", "2020-03-09 00:59:50.149712"], ["updated_at", "2020-03-09 00:59:50.149712"]]
  [1m[35m (0.1ms)[0m  RELEASE SAVEPOINT active_record_1
  [1m[36m (0.0ms)[0m  [1mSAVEPOINT active_record_1[0m
  [1m[35mSQL (0.1ms)[0m  INSERT INTO "movies" ("title", "rating", "release_date", "created_at", "updated_at") VALUES (?, ?, ?, ?, ?)  [["title", "The Terminator"], ["rating", "R"], ["release_date", "1984-10-26 00:00:00.000000"], ["created_at", "2020-03-09 00:59:50.151134"], ["updated_at", "2020-03-09 00:59:50.151134"]]
  [1m[36m (0.1ms)[0m  [1mRELEASE SAVEPOINT active_record_1[0m
  [1m[35m (0.0ms)[0m  SAVEPOINT active_record_1
  [1m[36mSQL (0.1ms)[0m  [1mINSERT INTO "movies" ("title", "rating", "release_date", "created_at", "updated_at") VALUES (?, ?, ?, ?, ?)[0m  [["title", "When Harry Met Sally"], ["rating", "R"], ["release_date", "1989-07-21 00:00:00.000000"], ["created_at", "2020-03-09 00:59:50.152428"], ["updated_at", "2020-03-09 00:59:50.152428"]]
  [1m[35m (0.0ms)[0m  RELEASE SAVEPOINT active_record_1
  [1m[36m (0.0ms)[0m  [1mSAVEPOINT active_record_1[0m
  [1m[35mSQL (0.1ms)[0m  INSERT INTO "movies" ("title", "rating", "release_date", "created_at", "updated_at") VALUES (?, ?, ?, ?, ?)  [["title", "The Help"], ["rating", "PG-13"], ["release_date", "2011-08-10 00:00:00.000000"], ["created_at", "2020-03-09 00:59:50.153646"], ["updated_at", "2020-03-09 00:59:50.153646"]]
  [1m[36m (0.0ms)[0m  [1mRELEASE SAVEPOINT active_record_1[0m
  [1m[35m (0.0ms)[0m  SAVEPOINT active_record_1
  [1m[36mSQL (0.1ms)[0m  [1mINSERT INTO "movies" ("title", "rating", "release_date", "created_at", "updated_at") VALUES (?, ?, ?, ?, ?)[0m  [["title", "Chocolat"], ["rating", "PG-13"], ["release_date", "2001-01-05 00:00:00.000000"], ["created_at", "2020-03-09 00:59:50.154816"], ["updated_at", "2020-03-09 00:59:50.154816"]]
  [1m[35m (0.0ms)[0m  RELEASE SAVEPOINT active_record_1
  [1m[36m (0.1ms)[0m  [1mSAVEPOINT active_record_1[0m
  [1m[35mSQL (0.1ms)[0m  INSERT INTO "movies" ("title", "rating", "release_date", "created_at", "updated_at") VALUES (?, ?, ?, ?, ?)  [["title", "Amelie"], ["rating", "R"], ["release_date", "2001-04-25 00:00:00.000000"], ["created_at", "2020-03-09 00:59:50.156007"], ["updated_at", "2020-03-09 00:59:50.156007"]]
  [1m[36m (0.0ms)[0m  [1mRELEASE SAVEPOINT active_record_1[0m
  [1m[35m (0.0ms)[0m  SAVEPOINT active_record_1
  [1m[36mSQL (0.1ms)[0m  [1mINSERT INTO "movies" ("title", "rating", "release_date", "created_at", "updated_at") VALUES (?, ?, ?, ?, ?)[0m  [["title", "2001: A Space Odyssey"], ["rating", "G"], ["release_date", "1968-04-06 00:00:00.000000"], ["created_at", "2020-03-09 00:59:50.157217"], ["updated_at", "2020-03-09 00:59:50.157217"]]
  [1m[35m (0.0ms)[0m  RELEASE SAVEPOINT active_record_1
  [1m[36m (0.0ms)[0m  [1mSAVEPOINT active_record_1[0m
  [1m[35mSQL (0.1ms)[0m  INSERT INTO "movies" ("title", "rating", "release_date", "created_at", "updated_at") VALUES (?, ?, ?, ?, ?)  [["title", "The Incredibles"], ["rating", "PG"], ["release_date", "2004-11-05 00:00:00.000000"], ["created_at", "2020-03-09 00:59:50.158433"], ["updated_at", "2020-03-09 00:59:50.158433"]]
  [1m[36m (0.1ms)[0m  [1mRELEASE SAVEPOINT active_record_1[0m
  [1m[35m (0.0ms)[0m  SAVEPOINT active_record_1
  [1m[36mSQL (0.1ms)[0m  [1mINSERT INTO "movies" ("title", "rating", "release_date", "created_at", "updated_at") VALUES (?, ?, ?, ?, ?)[0m  [["title", "Raiders of the Lost Ark"], ["rating", "PG"], ["release_date", "1981-06-12 00:00:00.000000"], ["created_at", "2020-03-09 00:59:50.159700"], ["updated_at", "2020-03-09 00:59:50.159700"]]
  [1m[35m (0.1ms)[0m  RELEASE SAVEPOINT active_record_1
  [1m[36m (0.0ms)[0m  [1mSAVEPOINT active_record_1[0m
  [1m[35mSQL (0.1ms)[0m  INSERT INTO "movies" ("title", "rating", "release_date", "created_at", "updated_at") VALUES (?, ?, ?, ?, ?)  [["title", "Chicken Run"], ["rating", "G"], ["release_date", "2000-06-21 00:00:00.000000"], ["created_at", "2020-03-09 00:59:50.160966"], ["updated_at", "2020-03-09 00:59:50.160966"]]
  [1m[36m (0.0ms)[0m  [1mRELEASE SAVEPOINT active_record_1[0m
Started GET "/movies" for 127.0.0.1 at 2020-03-09 00:59:50 +0000
Processing by MoviesController#index as HTML
  [1m[35mMovie Load (0.1ms)[0m  SELECT "movies".* FROM "movies" WHERE "movies"."rating" IN ('G', 'PG', 'PG-13', 'NC-17', 'R')
  Rendered movies/index.html.haml within layouts/application (3.0ms)
Completed 200 OK in 5ms (Views: 3.8ms | ActiveRecord: 0.1ms)
Started GET "/movies?ratings[G]=G&ratings[NC-17]=NC-17&ratings[PG]=PG&ratings[PG-13]=PG-13&ratings[R]=R&sort=release_date" for 127.0.0.1 at 2020-03-09 00:59:50 +0000
Processing by MoviesController#index as HTML
  Parameters: {"ratings"=>{"G"=>"G", "NC-17"=>"NC-17", "PG"=>"PG", "PG-13"=>"PG-13", "R"=>"R"}, "sort"=>"release_date"}
Redirected to http://www.example.com/movies?ratings%5BG%5D=G&ratings%5BNC-17%5D=NC-17&ratings%5BPG%5D=PG&ratings%5BPG-13%5D=PG-13&ratings%5BR%5D=R&sort=release_date
Completed 302 Found in 1ms (ActiveRecord: 0.0ms)
Started GET "/movies?ratings[G]=G&ratings[NC-17]=NC-17&ratings[PG]=PG&ratings[PG-13]=PG-13&ratings[R]=R&sort=release_date" for 127.0.0.1 at 2020-03-09 00:59:50 +0000
Processing by MoviesController#index as HTML
  Parameters: {"ratings"=>{"G"=>"G", "NC-17"=>"NC-17", "PG"=>"PG", "PG-13"=>"PG-13", "R"=>"R"}, "sort"=>"release_date"}
  [1m[36mMovie Load (0.1ms)[0m  [1mSELECT "movies".* FROM "movies" WHERE "movies"."rating" IN ('G', 'NC-17', 'PG', 'PG-13', 'R')  ORDER BY "movies"."release_date" ASC[0m
  Rendered movies/index.html.haml within layouts/application (2.8ms)
Completed 200 OK in 4ms (Views: 3.8ms | ActiveRecord: 0.1ms)
  [1m[35m (0.1ms)[0m  rollback transaction
  [1m[36mActiveRecord::SchemaMigration Load (0.1ms)[0m  [1mSELECT "schema_migrations".* FROM "schema_migrations"[0m
  [1m[35m (0.1ms)[0m  begin transaction
  [1m[36m (0.0ms)[0m  [1mcommit transaction[0m
  [1m[35m (0.0ms)[0m  begin transaction
  [1m[36m (0.0ms)[0m  [1mSAVEPOINT active_record_1[0m
  [1m[35mSQL (0.2ms)[0m  INSERT INTO "movies" ("title", "rating", "release_date", "created_at", "updated_at") VALUES (?, ?, ?, ?, ?)  [["title", "Aladdin"], ["rating", "G"], ["release_date", "1992-11-25 00:00:00.000000"], ["created_at", "2020-03-09 21:02:56.880591"], ["updated_at", "2020-03-09 21:02:56.880591"]]
  [1m[36m (0.1ms)[0m  [1mRELEASE SAVEPOINT active_record_1[0m
  [1m[35m (0.0ms)[0m  SAVEPOINT active_record_1
  [1m[36mSQL (0.5ms)[0m  [1mINSERT INTO "movies" ("title", "rating", "release_date", "created_at", "updated_at") VALUES (?, ?, ?, ?, ?)[0m  [["title", "The Terminator"], ["rating", "R"], ["release_date", "1984-10-26 00:00:00.000000"], ["created_at", "2020-03-09 21:02:56.882359"], ["updated_at", "2020-03-09 21:02:56.882359"]]
  [1m[35m (0.0ms)[0m  RELEASE SAVEPOINT active_record_1
  [1m[36m (0.0ms)[0m  [1mSAVEPOINT active_record_1[0m
  [1m[35mSQL (0.1ms)[0m  INSERT INTO "movies" ("title", "rating", "release_date", "created_at", "updated_at") VALUES (?, ?, ?, ?, ?)  [["title", "When Harry Met Sally"], ["rating", "R"], ["release_date", "1989-07-21 00:00:00.000000"], ["created_at", "2020-03-09 21:02:56.884017"], ["updated_at", "2020-03-09 21:02:56.884017"]]
  [1m[36m (0.0ms)[0m  [1mRELEASE SAVEPOINT active_record_1[0m
  [1m[35m (0.0ms)[0m  SAVEPOINT active_record_1
  [1m[36mSQL (0.1ms)[0m  [1mINSERT INTO "movies" ("title", "rating", "release_date", "created_at", "updated_at") VALUES (?, ?, ?, ?, ?)[0m  [["title", "The Help"], ["rating", "PG-13"], ["release_date", "2011-08-10 00:00:00.000000"], ["created_at", "2020-03-09 21:02:56.885238"], ["updated_at", "2020-03-09 21:02:56.885238"]]
  [1m[35m (0.0ms)[0m  RELEASE SAVEPOINT active_record_1
  [1m[36m (0.1ms)[0m  [1mSAVEPOINT active_record_1[0m
  [1m[35mSQL (0.1ms)[0m  INSERT INTO "movies" ("title", "rating", "release_date", "created_at", "updated_at") VALUES (?, ?, ?, ?, ?)  [["title", "Chocolat"], ["rating", "PG-13"], ["release_date", "2001-01-05 00:00:00.000000"], ["created_at", "2020-03-09 21:02:56.886386"], ["updated_at", "2020-03-09 21:02:56.886386"]]
  [1m[36m (0.1ms)[0m  [1mRELEASE SAVEPOINT active_record_1[0m
  [1m[35m (0.0ms)[0m  SAVEPOINT active_record_1
  [1m[36mSQL (0.1ms)[0m  [1mINSERT INTO "movies" ("title", "rating", "release_date", "created_at", "updated_at") VALUES (?, ?, ?, ?, ?)[0m  [["title", "Amelie"], ["rating", "R"], ["release_date", "2001-04-25 00:00:00.000000"], ["created_at", "2020-03-09 21:02:56.887656"], ["updated_at", "2020-03-09 21:02:56.887656"]]
  [1m[35m (0.0ms)[0m  RELEASE SAVEPOINT active_record_1
  [1m[36m (0.0ms)[0m  [1mSAVEPOINT active_record_1[0m
  [1m[35mSQL (0.1ms)[0m  INSERT INTO "movies" ("title", "rating", "release_date", "created_at", "updated_at") VALUES (?, ?, ?, ?, ?)  [["title", "2001: A Space Odyssey"], ["rating", "G"], ["release_date", "1968-04-06 00:00:00.000000"], ["created_at", "2020-03-09 21:02:56.888915"], ["updated_at", "2020-03-09 21:02:56.888915"]]
  [1m[36m (0.0ms)[0m  [1mRELEASE SAVEPOINT active_record_1[0m
  [1m[35m (0.0ms)[0m  SAVEPOINT active_record_1
  [1m[36mSQL (0.1ms)[0m  [1mINSERT INTO "movies" ("title", "rating", "release_date", "created_at", "updated_at") VALUES (?, ?, ?, ?, ?)[0m  [["title", "The Incredibles"], ["rating", "PG"], ["release_date", "2004-11-05 00:00:00.000000"], ["created_at", "2020-03-09 21:02:56.890107"], ["updated_at", "2020-03-09 21:02:56.890107"]]
  [1m[35m (0.0ms)[0m  RELEASE SAVEPOINT active_record_1
  [1m[36m (0.0ms)[0m  [1mSAVEPOINT active_record_1[0m
  [1m[35mSQL (0.1ms)[0m  INSERT INTO "movies" ("title", "rating", "release_date", "created_at", "updated_at") VALUES (?, ?, ?, ?, ?)  [["title", "Raiders of the Lost Ark"], ["rating", "PG"], ["release_date", "1981-06-12 00:00:00.000000"], ["created_at", "2020-03-09 21:02:56.891295"], ["updated_at", "2020-03-09 21:02:56.891295"]]
  [1m[36m (0.1ms)[0m  [1mRELEASE SAVEPOINT active_record_1[0m
  [1m[35m (0.0ms)[0m  SAVEPOINT active_record_1
  [1m[36mSQL (0.1ms)[0m  [1mINSERT INTO "movies" ("title", "rating", "release_date", "created_at", "updated_at") VALUES (?, ?, ?, ?, ?)[0m  [["title", "Chicken Run"], ["rating", "G"], ["release_date", "2000-06-21 00:00:00.000000"], ["created_at", "2020-03-09 21:02:56.892564"], ["updated_at", "2020-03-09 21:02:56.892564"]]
  [1m[35m (0.1ms)[0m  RELEASE SAVEPOINT active_record_1
Started GET "/movies" for 127.0.0.1 at 2020-03-09 21:02:56 +0000
Processing by MoviesController#index as HTML
  [1m[36mMovie Load (0.2ms)[0m  [1mSELECT "movies".* FROM "movies" WHERE "movies"."rating" IN ('G', 'PG', 'PG-13', 'NC-17', 'R')[0m
  Rendered movies/index.html.haml within layouts/application (6.3ms)
Completed 200 OK in 165ms (Views: 151.6ms | ActiveRecord: 0.2ms)
Started GET "/movies?utf8=%E2%9C%93&ratings[PG]=1&ratings[NC-17]=1&ratings[R]=1&commit=Refresh" for 127.0.0.1 at 2020-03-09 21:02:57 +0000
Processing by MoviesController#index as HTML
  Parameters: {"utf8"=>"✓", "ratings"=>{"PG"=>"1", "NC-17"=>"1", "R"=>"1"}, "commit"=>"Refresh"}
Redirected to http://www.example.com/movies?ratings%5BNC-17%5D=1&ratings%5BPG%5D=1&ratings%5BR%5D=1
Completed 302 Found in 1ms (ActiveRecord: 0.0ms)
Started GET "/movies?ratings[NC-17]=1&ratings[PG]=1&ratings[R]=1" for 127.0.0.1 at 2020-03-09 21:02:57 +0000
Processing by MoviesController#index as HTML
  Parameters: {"ratings"=>{"NC-17"=>"1", "PG"=>"1", "R"=>"1"}}
  [1m[35mMovie Load (0.2ms)[0m  SELECT "movies".* FROM "movies" WHERE "movies"."rating" IN ('NC-17', 'PG', 'R')
  Rendered movies/index.html.haml within layouts/application (2.2ms)
Completed 200 OK in 4ms (Views: 3.1ms | ActiveRecord: 0.2ms)
  [1m[36m (0.2ms)[0m  [1mrollback transaction[0m
  [1m[35m (0.0ms)[0m  begin transaction
  [1m[36m (0.0ms)[0m  [1mcommit transaction[0m
  [1m[35m (0.0ms)[0m  begin transaction
  [1m[36m (0.0ms)[0m  [1mSAVEPOINT active_record_1[0m
  [1m[35mSQL (0.2ms)[0m  INSERT INTO "movies" ("title", "rating", "release_date", "created_at", "updated_at") VALUES (?, ?, ?, ?, ?)  [["title", "Aladdin"], ["rating", "G"], ["release_date", "1992-11-25 00:00:00.000000"], ["created_at", "2020-03-09 21:02:57.114777"], ["updated_at", "2020-03-09 21:02:57.114777"]]
  [1m[36m (0.0ms)[0m  [1mRELEASE SAVEPOINT active_record_1[0m
  [1m[35m (0.0ms)[0m  SAVEPOINT active_record_1
  [1m[36mSQL (0.1ms)[0m  [1mINSERT INTO "movies" ("title", "rating", "release_date", "created_at", "updated_at") VALUES (?, ?, ?, ?, ?)[0m  [["title", "The Terminator"], ["rating", "R"], ["release_date", "1984-10-26 00:00:00.000000"], ["created_at", "2020-03-09 21:02:57.116226"], ["updated_at", "2020-03-09 21:02:57.116226"]]
  [1m[35m (0.0ms)[0m  RELEASE SAVEPOINT active_record_1
  [1m[36m (0.0ms)[0m  [1mSAVEPOINT active_record_1[0m
  [1m[35mSQL (0.1ms)[0m  INSERT INTO "movies" ("title", "rating", "release_date", "created_at", "updated_at") VALUES (?, ?, ?, ?, ?)  [["title", "When Harry Met Sally"], ["rating", "R"], ["release_date", "1989-07-21 00:00:00.000000"], ["created_at", "2020-03-09 21:02:57.117452"], ["updated_at", "2020-03-09 21:02:57.117452"]]
  [1m[36m (0.0ms)[0m  [1mRELEASE SAVEPOINT active_record_1[0m
  [1m[35m (0.0ms)[0m  SAVEPOINT active_record_1
  [1m[36mSQL (0.1ms)[0m  [1mINSERT INTO "movies" ("title", "rating", "release_date", "created_at", "updated_at") VALUES (?, ?, ?, ?, ?)[0m  [["title", "The Help"], ["rating", "PG-13"], ["release_date", "2011-08-10 00:00:00.000000"], ["created_at", "2020-03-09 21:02:57.118662"], ["updated_at", "2020-03-09 21:02:57.118662"]]
  [1m[35m (0.0ms)[0m  RELEASE SAVEPOINT active_record_1
  [1m[36m (0.0ms)[0m  [1mSAVEPOINT active_record_1[0m
  [1m[35mSQL (0.1ms)[0m  INSERT INTO "movies" ("title", "rating", "release_date", "created_at", "updated_at") VALUES (?, ?, ?, ?, ?)  [["title", "Chocolat"], ["rating", "PG-13"], ["release_date", "2001-01-05 00:00:00.000000"], ["created_at", "2020-03-09 21:02:57.119843"], ["updated_at", "2020-03-09 21:02:57.119843"]]
  [1m[36m (0.0ms)[0m  [1mRELEASE SAVEPOINT active_record_1[0m
  [1m[35m (0.0ms)[0m  SAVEPOINT active_record_1
  [1m[36mSQL (0.1ms)[0m  [1mINSERT INTO "movies" ("title", "rating", "release_date", "created_at", "updated_at") VALUES (?, ?, ?, ?, ?)[0m  [["title", "Amelie"], ["rating", "R"], ["release_date", "2001-04-25 00:00:00.000000"], ["created_at", "2020-03-09 21:02:57.121003"], ["updated_at", "2020-03-09 21:02:57.121003"]]
  [1m[35m (0.0ms)[0m  RELEASE SAVEPOINT active_record_1
  [1m[36m (0.0ms)[0m  [1mSAVEPOINT active_record_1[0m
  [1m[35mSQL (0.1ms)[0m  INSERT INTO "movies" ("title", "rating", "release_date", "created_at", "updated_at") VALUES (?, ?, ?, ?, ?)  [["title", "2001: A Space Odyssey"], ["rating", "G"], ["release_date", "1968-04-06 00:00:00.000000"], ["created_at", "2020-03-09 21:02:57.122168"], ["updated_at", "2020-03-09 21:02:57.122168"]]
  [1m[36m (0.0ms)[0m  [1mRELEASE SAVEPOINT active_record_1[0m
  [1m[35m (0.0ms)[0m  SAVEPOINT active_record_1
  [1m[36mSQL (0.1ms)[0m  [1mINSERT INTO "movies" ("title", "rating", "release_date", "created_at", "updated_at") VALUES (?, ?, ?, ?, ?)[0m  [["title", "The Incredibles"], ["rating", "PG"], ["release_date", "2004-11-05 00:00:00.000000"], ["created_at", "2020-03-09 21:02:57.123317"], ["updated_at", "2020-03-09 21:02:57.123317"]]
  [1m[35m (0.0ms)[0m  RELEASE SAVEPOINT active_record_1
  [1m[36m (0.0ms)[0m  [1mSAVEPOINT active_record_1[0m
  [1m[35mSQL (0.1ms)[0m  INSERT INTO "movies" ("title", "rating", "release_date", "created_at", "updated_at") VALUES (?, ?, ?, ?, ?)  [["title", "Raiders of the Lost Ark"], ["rating", "PG"], ["release_date", "1981-06-12 00:00:00.000000"], ["created_at", "2020-03-09 21:02:57.124533"], ["updated_at", "2020-03-09 21:02:57.124533"]]
  [1m[36m (0.0ms)[0m  [1mRELEASE SAVEPOINT active_record_1[0m
  [1m[35m (0.0ms)[0m  SAVEPOINT active_record_1
  [1m[36mSQL (0.1ms)[0m  [1mINSERT INTO "movies" ("title", "rating", "release_date", "created_at", "updated_at") VALUES (?, ?, ?, ?, ?)[0m  [["title", "Chicken Run"], ["rating", "G"], ["release_date", "2000-06-21 00:00:00.000000"], ["created_at", "2020-03-09 21:02:57.125791"], ["updated_at", "2020-03-09 21:02:57.125791"]]
  [1m[35m (0.0ms)[0m  RELEASE SAVEPOINT active_record_1
Started GET "/movies" for 127.0.0.1 at 2020-03-09 21:02:57 +0000
Processing by MoviesController#index as HTML
  [1m[36mMovie Load (0.2ms)[0m  [1mSELECT "movies".* FROM "movies" WHERE "movies"."rating" IN ('G', 'PG', 'PG-13', 'NC-17', 'R')[0m
  Rendered movies/index.html.haml within layouts/application (2.9ms)
Completed 200 OK in 4ms (Views: 3.9ms | ActiveRecord: 0.2ms)
Started GET "/movies?utf8=%E2%9C%93&ratings[G]=1&ratings[PG]=1&ratings[PG-13]=1&ratings[NC-17]=1&ratings[R]=1&commit=Refresh" for 127.0.0.1 at 2020-03-09 21:02:57 +0000
Processing by MoviesController#index as HTML
  Parameters: {"utf8"=>"✓", "ratings"=>{"G"=>"1", "PG"=>"1", "PG-13"=>"1", "NC-17"=>"1", "R"=>"1"}, "commit"=>"Refresh"}
Redirected to http://www.example.com/movies?ratings%5BG%5D=1&ratings%5BNC-17%5D=1&ratings%5BPG%5D=1&ratings%5BPG-13%5D=1&ratings%5BR%5D=1
Completed 302 Found in 1ms (ActiveRecord: 0.0ms)
Started GET "/movies?ratings[G]=1&ratings[NC-17]=1&ratings[PG]=1&ratings[PG-13]=1&ratings[R]=1" for 127.0.0.1 at 2020-03-09 21:02:57 +0000
Processing by MoviesController#index as HTML
  Parameters: {"ratings"=>{"G"=>"1", "NC-17"=>"1", "PG"=>"1", "PG-13"=>"1", "R"=>"1"}}
  [1m[35mMovie Load (0.1ms)[0m  SELECT "movies".* FROM "movies" WHERE "movies"."rating" IN ('G', 'NC-17', 'PG', 'PG-13', 'R')
  Rendered movies/index.html.haml within layouts/application (2.8ms)
Completed 200 OK in 4ms (Views: 3.6ms | ActiveRecord: 0.1ms)
  [1m[36mMovie Load (0.1ms)[0m  [1mSELECT "movies".* FROM "movies"[0m
  [1m[35m (0.2ms)[0m  rollback transaction
  [1m[36m (0.1ms)[0m  [1mbegin transaction[0m
  [1m[35m (0.0ms)[0m  commit transaction
  [1m[36m (0.0ms)[0m  [1mbegin transaction[0m
  [1m[35m (0.0ms)[0m  SAVEPOINT active_record_1
  [1m[36mSQL (0.1ms)[0m  [1mINSERT INTO "movies" ("title", "rating", "release_date", "created_at", "updated_at") VALUES (?, ?, ?, ?, ?)[0m  [["title", "Aladdin"], ["rating", "G"], ["release_date", "1992-11-25 00:00:00.000000"], ["created_at", "2020-03-09 21:02:57.168329"], ["updated_at", "2020-03-09 21:02:57.168329"]]
  [1m[35m (0.0ms)[0m  RELEASE SAVEPOINT active_record_1
  [1m[36m (0.0ms)[0m  [1mSAVEPOINT active_record_1[0m
  [1m[35mSQL (0.1ms)[0m  INSERT INTO "movies" ("title", "rating", "release_date", "created_at", "updated_at") VALUES (?, ?, ?, ?, ?)  [["title", "The Terminator"], ["rating", "R"], ["release_date", "1984-10-26 00:00:00.000000"], ["created_at", "2020-03-09 21:02:57.169755"], ["updated_at", "2020-03-09 21:02:57.169755"]]
  [1m[36m (0.0ms)[0m  [1mRELEASE SAVEPOINT active_record_1[0m
  [1m[35m (0.0ms)[0m  SAVEPOINT active_record_1
  [1m[36mSQL (0.1ms)[0m  [1mINSERT INTO "movies" ("title", "rating", "release_date", "created_at", "updated_at") VALUES (?, ?, ?, ?, ?)[0m  [["title", "When Harry Met Sally"], ["rating", "R"], ["release_date", "1989-07-21 00:00:00.000000"], ["created_at", "2020-03-09 21:02:57.170945"], ["updated_at", "2020-03-09 21:02:57.170945"]]
  [1m[35m (0.1ms)[0m  RELEASE SAVEPOINT active_record_1
  [1m[36m (0.0ms)[0m  [1mSAVEPOINT active_record_1[0m
  [1m[35mSQL (0.1ms)[0m  INSERT INTO "movies" ("title", "rating", "release_date", "created_at", "updated_at") VALUES (?, ?, ?, ?, ?)  [["title", "The Help"], ["rating", "PG-13"], ["release_date", "2011-08-10 00:00:00.000000"], ["created_at", "2020-03-09 21:02:57.172178"], ["updated_at", "2020-03-09 21:02:57.172178"]]
  [1m[36m (0.0ms)[0m  [1mRELEASE SAVEPOINT active_record_1[0m
  [1m[35m (0.0ms)[0m  SAVEPOINT active_record_1
  [1m[36mSQL (0.1ms)[0m  [1mINSERT INTO "movies" ("title", "rating", "release_date", "created_at", "updated_at") VALUES (?, ?, ?, ?, ?)[0m  [["title", "Chocolat"], ["rating", "PG-13"], ["release_date", "2001-01-05 00:00:00.000000"], ["created_at", "2020-03-09 21:02:57.173403"], ["updated_at", "2020-03-09 21:02:57.173403"]]
  [1m[35m (0.1ms)[0m  RELEASE SAVEPOINT active_record_1
  [1m[36m (0.0ms)[0m  [1mSAVEPOINT active_record_1[0m
  [1m[35mSQL (0.1ms)[0m  INSERT INTO "movies" ("title", "rating", "release_date", "created_at", "updated_at") VALUES (?, ?, ?, ?, ?)  [["title", "Amelie"], ["rating", "R"], ["release_date", "2001-04-25 00:00:00.000000"], ["created_at", "2020-03-09 21:02:57.174608"], ["updated_at", "2020-03-09 21:02:57.174608"]]
  [1m[36m (0.1ms)[0m  [1mRELEASE SAVEPOINT active_record_1[0m
  [1m[35m (0.0ms)[0m  SAVEPOINT active_record_1
  [1m[36mSQL (0.1ms)[0m  [1mINSERT INTO "movies" ("title", "rating", "release_date", "created_at", "updated_at") VALUES (?, ?, ?, ?, ?)[0m  [["title", "2001: A Space Odyssey"], ["rating", "G"], ["release_date", "1968-04-06 00:00:00.000000"], ["created_at", "2020-03-09 21:02:57.175811"], ["updated_at", "2020-03-09 21:02:57.175811"]]
  [1m[35m (0.0ms)[0m  RELEASE SAVEPOINT active_record_1
  [1m[36m (0.0ms)[0m  [1mSAVEPOINT active_record_1[0m
  [1m[35mSQL (0.1ms)[0m  INSERT INTO "movies" ("title", "rating", "release_date", "created_at", "updated_at") VALUES (?, ?, ?, ?, ?)  [["title", "The Incredibles"], ["rating", "PG"], ["release_date", "2004-11-05 00:00:00.000000"], ["created_at", "2020-03-09 21:02:57.176985"], ["updated_at", "2020-03-09 21:02:57.176985"]]
  [1m[36m (0.0ms)[0m  [1mRELEASE SAVEPOINT active_record_1[0m
  [1m[35m (0.0ms)[0m  SAVEPOINT active_record_1
  [1m[36mSQL (0.1ms)[0m  [1mINSERT INTO "movies" ("title", "rating", "release_date", "created_at", "updated_at") VALUES (?, ?, ?, ?, ?)[0m  [["title", "Raiders of the Lost Ark"], ["rating", "PG"], ["release_date", "1981-06-12 00:00:00.000000"], ["created_at", "2020-03-09 21:02:57.178101"], ["updated_at", "2020-03-09 21:02:57.178101"]]
  [1m[35m (0.0ms)[0m  RELEASE SAVEPOINT active_record_1
  [1m[36m (0.1ms)[0m  [1mSAVEPOINT active_record_1[0m
  [1m[35mSQL (0.1ms)[0m  INSERT INTO "movies" ("title", "rating", "release_date", "created_at", "updated_at") VALUES (?, ?, ?, ?, ?)  [["title", "Chicken Run"], ["rating", "G"], ["release_date", "2000-06-21 00:00:00.000000"], ["created_at", "2020-03-09 21:02:57.179218"], ["updated_at", "2020-03-09 21:02:57.179218"]]
  [1m[36m (0.0ms)[0m  [1mRELEASE SAVEPOINT active_record_1[0m
Started GET "/movies" for 127.0.0.1 at 2020-03-09 21:02:57 +0000
Processing by MoviesController#index as HTML
  [1m[35mMovie Load (0.2ms)[0m  SELECT "movies".* FROM "movies" WHERE "movies"."rating" IN ('G', 'PG', 'PG-13', 'NC-17', 'R')
  Rendered movies/index.html.haml within layouts/application (2.9ms)
Completed 200 OK in 4ms (Views: 3.8ms | ActiveRecord: 0.2ms)
Started GET "/movies?ratings[G]=G&ratings[NC-17]=NC-17&ratings[PG]=PG&ratings[PG-13]=PG-13&ratings[R]=R&sort=title" for 127.0.0.1 at 2020-03-09 21:02:57 +0000
Processing by MoviesController#index as HTML
  Parameters: {"ratings"=>{"G"=>"G", "NC-17"=>"NC-17", "PG"=>"PG", "PG-13"=>"PG-13", "R"=>"R"}, "sort"=>"title"}
Redirected to http://www.example.com/movies?ratings%5BG%5D=G&ratings%5BNC-17%5D=NC-17&ratings%5BPG%5D=PG&ratings%5BPG-13%5D=PG-13&ratings%5BR%5D=R&sort=title
Completed 302 Found in 0ms (ActiveRecord: 0.0ms)
Started GET "/movies?ratings[G]=G&ratings[NC-17]=NC-17&ratings[PG]=PG&ratings[PG-13]=PG-13&ratings[R]=R&sort=title" for 127.0.0.1 at 2020-03-09 21:02:57 +0000
Processing by MoviesController#index as HTML
  Parameters: {"ratings"=>{"G"=>"G", "NC-17"=>"NC-17", "PG"=>"PG", "PG-13"=>"PG-13", "R"=>"R"}, "sort"=>"title"}
  [1m[36mMovie Load (0.2ms)[0m  [1mSELECT "movies".* FROM "movies" WHERE "movies"."rating" IN ('G', 'NC-17', 'PG', 'PG-13', 'R')  ORDER BY "movies"."title" ASC[0m
  Rendered movies/index.html.haml within layouts/application (2.7ms)
Completed 200 OK in 4ms (Views: 3.4ms | ActiveRecord: 0.2ms)
  [1m[35m (0.1ms)[0m  rollback transaction
  [1m[36m (0.0ms)[0m  [1mbegin transaction[0m
  [1m[35m (0.0ms)[0m  commit transaction
  [1m[36m (0.0ms)[0m  [1mbegin transaction[0m
  [1m[35m (0.0ms)[0m  SAVEPOINT active_record_1
  [1m[36mSQL (0.1ms)[0m  [1mINSERT INTO "movies" ("title", "rating", "release_date", "created_at", "updated_at") VALUES (?, ?, ?, ?, ?)[0m  [["title", "Aladdin"], ["rating", "G"], ["release_date", "1992-11-25 00:00:00.000000"], ["created_at", "2020-03-09 21:02:57.208889"], ["updated_at", "2020-03-09 21:02:57.208889"]]
  [1m[35m (0.0ms)[0m  RELEASE SAVEPOINT active_record_1
  [1m[36m (0.0ms)[0m  [1mSAVEPOINT active_record_1[0m
  [1m[35mSQL (0.1ms)[0m  INSERT INTO "movies" ("title", "rating", "release_date", "created_at", "updated_at") VALUES (?, ?, ?, ?, ?)  [["title", "The Terminator"], ["rating", "R"], ["release_date", "1984-10-26 00:00:00.000000"], ["created_at", "2020-03-09 21:02:57.210275"], ["updated_at", "2020-03-09 21:02:57.210275"]]
  [1m[36m (0.0ms)[0m  [1mRELEASE SAVEPOINT active_record_1[0m
  [1m[35m (0.1ms)[0m  SAVEPOINT active_record_1
  [1m[36mSQL (0.1ms)[0m  [1mINSERT INTO "movies" ("title", "rating", "release_date", "created_at", "updated_at") VALUES (?, ?, ?, ?, ?)[0m  [["title", "When Harry Met Sally"], ["rating", "R"], ["release_date", "1989-07-21 00:00:00.000000"], ["created_at", "2020-03-09 21:02:57.211541"], ["updated_at", "2020-03-09 21:02:57.211541"]]
  [1m[35m (0.0ms)[0m  RELEASE SAVEPOINT active_record_1
  [1m[36m (0.0ms)[0m  [1mSAVEPOINT active_record_1[0m
  [1m[35mSQL (0.1ms)[0m  INSERT INTO "movies" ("title", "rating", "release_date", "created_at", "updated_at") VALUES (?, ?, ?, ?, ?)  [["title", "The Help"], ["rating", "PG-13"], ["release_date", "2011-08-10 00:00:00.000000"], ["created_at", "2020-03-09 21:02:57.212733"], ["updated_at", "2020-03-09 21:02:57.212733"]]
  [1m[36m (0.0ms)[0m  [1mRELEASE SAVEPOINT active_record_1[0m
  [1m[35m (0.0ms)[0m  SAVEPOINT active_record_1
  [1m[36mSQL (0.1ms)[0m  [1mINSERT INTO "movies" ("title", "rating", "release_date", "created_at", "updated_at") VALUES (?, ?, ?, ?, ?)[0m  [["title", "Chocolat"], ["rating", "PG-13"], ["release_date", "2001-01-05 00:00:00.000000"], ["created_at", "2020-03-09 21:02:57.213898"], ["updated_at", "2020-03-09 21:02:57.213898"]]
  [1m[35m (0.0ms)[0m  RELEASE SAVEPOINT active_record_1
  [1m[36m (0.0ms)[0m  [1mSAVEPOINT active_record_1[0m
  [1m[35mSQL (0.1ms)[0m  INSERT INTO "movies" ("title", "rating", "release_date", "created_at", "updated_at") VALUES (?, ?, ?, ?, ?)  [["title", "Amelie"], ["rating", "R"], ["release_date", "2001-04-25 00:00:00.000000"], ["created_at", "2020-03-09 21:02:57.215092"], ["updated_at", "2020-03-09 21:02:57.215092"]]
  [1m[36m (0.0ms)[0m  [1mRELEASE SAVEPOINT active_record_1[0m
  [1m[35m (0.0ms)[0m  SAVEPOINT active_record_1
  [1m[36mSQL (0.1ms)[0m  [1mINSERT INTO "movies" ("title", "rating", "release_date", "created_at", "updated_at") VALUES (?, ?, ?, ?, ?)[0m  [["title", "2001: A Space Odyssey"], ["rating", "G"], ["release_date", "1968-04-06 00:00:00.000000"], ["created_at", "2020-03-09 21:02:57.216316"], ["updated_at", "2020-03-09 21:02:57.216316"]]
  [1m[35m (0.1ms)[0m  RELEASE SAVEPOINT active_record_1
  [1m[36m (0.0ms)[0m  [1mSAVEPOINT active_record_1[0m
  [1m[35mSQL (0.1ms)[0m  INSERT INTO "movies" ("title", "rating", "release_date", "created_at", "updated_at") VALUES (?, ?, ?, ?, ?)  [["title", "The Incredibles"], ["rating", "PG"], ["release_date", "2004-11-05 00:00:00.000000"], ["created_at", "2020-03-09 21:02:57.217541"], ["updated_at", "2020-03-09 21:02:57.217541"]]
  [1m[36m (0.1ms)[0m  [1mRELEASE SAVEPOINT active_record_1[0m
  [1m[35m (0.0ms)[0m  SAVEPOINT active_record_1
  [1m[36mSQL (0.1ms)[0m  [1mINSERT INTO "movies" ("title", "rating", "release_date", "created_at", "updated_at") VALUES (?, ?, ?, ?, ?)[0m  [["title", "Raiders of the Lost Ark"], ["rating", "PG"], ["release_date", "1981-06-12 00:00:00.000000"], ["created_at", "2020-03-09 21:02:57.218741"], ["updated_at", "2020-03-09 21:02:57.218741"]]
  [1m[35m (0.0ms)[0m  RELEASE SAVEPOINT active_record_1
  [1m[36m (0.0ms)[0m  [1mSAVEPOINT active_record_1[0m
  [1m[35mSQL (0.1ms)[0m  INSERT INTO "movies" ("title", "rating", "release_date", "created_at", "updated_at") VALUES (?, ?, ?, ?, ?)  [["title", "Chicken Run"], ["rating", "G"], ["release_date", "2000-06-21 00:00:00.000000"], ["created_at", "2020-03-09 21:02:57.219922"], ["updated_at", "2020-03-09 21:02:57.219922"]]
  [1m[36m (0.0ms)[0m  [1mRELEASE SAVEPOINT active_record_1[0m
Started GET "/movies" for 127.0.0.1 at 2020-03-09 21:02:57 +0000
Processing by MoviesController#index as HTML
  [1m[35mMovie Load (0.2ms)[0m  SELECT "movies".* FROM "movies" WHERE "movies"."rating" IN ('G', 'PG', 'PG-13', 'NC-17', 'R')
  Rendered movies/index.html.haml within layouts/application (2.8ms)
Completed 200 OK in 4ms (Views: 3.8ms | ActiveRecord: 0.2ms)
Started GET "/movies?ratings[G]=G&ratings[NC-17]=NC-17&ratings[PG]=PG&ratings[PG-13]=PG-13&ratings[R]=R&sort=release_date" for 127.0.0.1 at 2020-03-09 21:02:57 +0000
Processing by MoviesController#index as HTML
  Parameters: {"ratings"=>{"G"=>"G", "NC-17"=>"NC-17", "PG"=>"PG", "PG-13"=>"PG-13", "R"=>"R"}, "sort"=>"release_date"}
Redirected to http://www.example.com/movies?ratings%5BG%5D=G&ratings%5BNC-17%5D=NC-17&ratings%5BPG%5D=PG&ratings%5BPG-13%5D=PG-13&ratings%5BR%5D=R&sort=release_date
Completed 302 Found in 1ms (ActiveRecord: 0.0ms)
Started GET "/movies?ratings[G]=G&ratings[NC-17]=NC-17&ratings[PG]=PG&ratings[PG-13]=PG-13&ratings[R]=R&sort=release_date" for 127.0.0.1 at 2020-03-09 21:02:57 +0000
Processing by MoviesController#index as HTML
  Parameters: {"ratings"=>{"G"=>"G", "NC-17"=>"NC-17", "PG"=>"PG", "PG-13"=>"PG-13", "R"=>"R"}, "sort"=>"release_date"}
  [1m[36mMovie Load (0.2ms)[0m  [1mSELECT "movies".* FROM "movies" WHERE "movies"."rating" IN ('G', 'NC-17', 'PG', 'PG-13', 'R')  ORDER BY "movies"."release_date" ASC[0m
  Rendered movies/index.html.haml within layouts/application (2.8ms)
Completed 200 OK in 4ms (Views: 3.5ms | ActiveRecord: 0.2ms)
  [1m[35m (0.1ms)[0m  rollback transaction
  [1m[36mActiveRecord::SchemaMigration Load (0.1ms)[0m  [1mSELECT "schema_migrations".* FROM "schema_migrations"[0m
  [1m[35m (0.1ms)[0m  begin transaction
  [1m[36m (0.1ms)[0m  [1mrollback transaction[0m
  [1m[36mActiveRecord::SchemaMigration Load (0.1ms)[0m  [1mSELECT "schema_migrations".* FROM "schema_migrations"[0m
  [1m[35m (0.1ms)[0m  begin transaction
  [1m[36m (0.1ms)[0m  [1mrollback transaction[0m
  [1m[36mActiveRecord::SchemaMigration Load (0.1ms)[0m  [1mSELECT "schema_migrations".* FROM "schema_migrations"[0m
  [1m[35m (0.1ms)[0m  begin transaction
  [1m[36m (0.0ms)[0m  [1mcommit transaction[0m
  [1m[35m (0.0ms)[0m  begin transaction
  [1m[36m (0.1ms)[0m  [1mSAVEPOINT active_record_1[0m
  [1m[35mSQL (0.2ms)[0m  INSERT INTO "movies" ("title", "rating", "release_date", "created_at", "updated_at") VALUES (?, ?, ?, ?, ?)  [["title", "Aladdin"], ["rating", "G"], ["release_date", "1992-11-25 00:00:00.000000"], ["created_at", "2020-03-09 23:50:56.978869"], ["updated_at", "2020-03-09 23:50:56.978869"]]
  [1m[36m (0.0ms)[0m  [1mRELEASE SAVEPOINT active_record_1[0m
  [1m[35m (0.0ms)[0m  SAVEPOINT active_record_1
  [1m[36mSQL (0.1ms)[0m  [1mINSERT INTO "movies" ("title", "rating", "release_date", "created_at", "updated_at") VALUES (?, ?, ?, ?, ?)[0m  [["title", "The Terminator"], ["rating", "R"], ["release_date", "1984-10-26 00:00:00.000000"], ["created_at", "2020-03-09 23:50:56.980711"], ["updated_at", "2020-03-09 23:50:56.980711"]]
  [1m[35m (0.0ms)[0m  RELEASE SAVEPOINT active_record_1
  [1m[36m (0.0ms)[0m  [1mSAVEPOINT active_record_1[0m
  [1m[35mSQL (0.1ms)[0m  INSERT INTO "movies" ("title", "rating", "release_date", "created_at", "updated_at") VALUES (?, ?, ?, ?, ?)  [["title", "When Harry Met Sally"], ["rating", "R"], ["release_date", "1989-07-21 00:00:00.000000"], ["created_at", "2020-03-09 23:50:56.981926"], ["updated_at", "2020-03-09 23:50:56.981926"]]
  [1m[36m (0.1ms)[0m  [1mRELEASE SAVEPOINT active_record_1[0m
  [1m[35m (0.0ms)[0m  SAVEPOINT active_record_1
  [1m[36mSQL (0.1ms)[0m  [1mINSERT INTO "movies" ("title", "rating", "release_date", "created_at", "updated_at") VALUES (?, ?, ?, ?, ?)[0m  [["title", "The Help"], ["rating", "PG-13"], ["release_date", "2011-08-10 00:00:00.000000"], ["created_at", "2020-03-09 23:50:56.983101"], ["updated_at", "2020-03-09 23:50:56.983101"]]
  [1m[35m (0.0ms)[0m  RELEASE SAVEPOINT active_record_1
  [1m[36m (0.0ms)[0m  [1mSAVEPOINT active_record_1[0m
  [1m[35mSQL (0.1ms)[0m  INSERT INTO "movies" ("title", "rating", "release_date", "created_at", "updated_at") VALUES (?, ?, ?, ?, ?)  [["title", "Chocolat"], ["rating", "PG-13"], ["release_date", "2001-01-05 00:00:00.000000"], ["created_at", "2020-03-09 23:50:56.984314"], ["updated_at", "2020-03-09 23:50:56.984314"]]
  [1m[36m (0.0ms)[0m  [1mRELEASE SAVEPOINT active_record_1[0m
  [1m[35m (0.0ms)[0m  SAVEPOINT active_record_1
  [1m[36mSQL (0.1ms)[0m  [1mINSERT INTO "movies" ("title", "rating", "release_date", "created_at", "updated_at") VALUES (?, ?, ?, ?, ?)[0m  [["title", "Amelie"], ["rating", "R"], ["release_date", "2001-04-25 00:00:00.000000"], ["created_at", "2020-03-09 23:50:56.985497"], ["updated_at", "2020-03-09 23:50:56.985497"]]
  [1m[35m (0.0ms)[0m  RELEASE SAVEPOINT active_record_1
  [1m[36m (0.0ms)[0m  [1mSAVEPOINT active_record_1[0m
  [1m[35mSQL (0.1ms)[0m  INSERT INTO "movies" ("title", "rating", "release_date", "created_at", "updated_at") VALUES (?, ?, ?, ?, ?)  [["title", "2001: A Space Odyssey"], ["rating", "G"], ["release_date", "1968-04-06 00:00:00.000000"], ["created_at", "2020-03-09 23:50:56.986708"], ["updated_at", "2020-03-09 23:50:56.986708"]]
  [1m[36m (0.0ms)[0m  [1mRELEASE SAVEPOINT active_record_1[0m
  [1m[35m (0.0ms)[0m  SAVEPOINT active_record_1
  [1m[36mSQL (0.1ms)[0m  [1mINSERT INTO "movies" ("title", "rating", "release_date", "created_at", "updated_at") VALUES (?, ?, ?, ?, ?)[0m  [["title", "The Incredibles"], ["rating", "PG"], ["release_date", "2004-11-05 00:00:00.000000"], ["created_at", "2020-03-09 23:50:56.987821"], ["updated_at", "2020-03-09 23:50:56.987821"]]
  [1m[35m (0.0ms)[0m  RELEASE SAVEPOINT active_record_1
  [1m[36m (0.0ms)[0m  [1mSAVEPOINT active_record_1[0m
  [1m[35mSQL (0.1ms)[0m  INSERT INTO "movies" ("title", "rating", "release_date", "created_at", "updated_at") VALUES (?, ?, ?, ?, ?)  [["title", "Raiders of the Lost Ark"], ["rating", "PG"], ["release_date", "1981-06-12 00:00:00.000000"], ["created_at", "2020-03-09 23:50:56.989050"], ["updated_at", "2020-03-09 23:50:56.989050"]]
  [1m[36m (0.0ms)[0m  [1mRELEASE SAVEPOINT active_record_1[0m
  [1m[35m (0.0ms)[0m  SAVEPOINT active_record_1
  [1m[36mSQL (0.1ms)[0m  [1mINSERT INTO "movies" ("title", "rating", "release_date", "created_at", "updated_at") VALUES (?, ?, ?, ?, ?)[0m  [["title", "Chicken Run"], ["rating", "G"], ["release_date", "2000-06-21 00:00:00.000000"], ["created_at", "2020-03-09 23:50:56.990236"], ["updated_at", "2020-03-09 23:50:56.990236"]]
  [1m[35m (0.1ms)[0m  RELEASE SAVEPOINT active_record_1
Started GET "/movies" for 127.0.0.1 at 2020-03-09 23:50:57 +0000
Processing by MoviesController#index as HTML
  [1m[36mMovie Load (0.2ms)[0m  [1mSELECT "movies".* FROM "movies" WHERE "movies"."rating" IN ('G', 'PG', 'PG-13', 'NC-17', 'R')[0m
  Rendered movies/index.html.haml within layouts/application (10.7ms)
Completed 200 OK in 150ms (Views: 139.9ms | ActiveRecord: 0.2ms)
Started GET "/movies?utf8=%E2%9C%93&ratings[PG]=1&ratings[NC-17]=1&ratings[R]=1&commit=Refresh" for 127.0.0.1 at 2020-03-09 23:50:57 +0000
Processing by MoviesController#index as HTML
  Parameters: {"utf8"=>"✓", "ratings"=>{"PG"=>"1", "NC-17"=>"1", "R"=>"1"}, "commit"=>"Refresh"}
Redirected to http://www.example.com/movies?ratings%5BNC-17%5D=1&ratings%5BPG%5D=1&ratings%5BR%5D=1
Completed 302 Found in 1ms (ActiveRecord: 0.0ms)
Started GET "/movies?ratings[NC-17]=1&ratings[PG]=1&ratings[R]=1" for 127.0.0.1 at 2020-03-09 23:50:57 +0000
Processing by MoviesController#index as HTML
  Parameters: {"ratings"=>{"NC-17"=>"1", "PG"=>"1", "R"=>"1"}}
  [1m[35mMovie Load (0.2ms)[0m  SELECT "movies".* FROM "movies" WHERE "movies"."rating" IN ('NC-17', 'PG', 'R')
  Rendered movies/index.html.haml within layouts/application (2.2ms)
Completed 200 OK in 4ms (Views: 3.1ms | ActiveRecord: 0.2ms)
  [1m[36m (0.2ms)[0m  [1mrollback transaction[0m
  [1m[35m (0.0ms)[0m  begin transaction
  [1m[36m (0.0ms)[0m  [1mcommit transaction[0m
  [1m[35m (0.0ms)[0m  begin transaction
  [1m[36m (0.1ms)[0m  [1mSAVEPOINT active_record_1[0m
  [1m[35mSQL (0.1ms)[0m  INSERT INTO "movies" ("title", "rating", "release_date", "created_at", "updated_at") VALUES (?, ?, ?, ?, ?)  [["title", "Aladdin"], ["rating", "G"], ["release_date", "1992-11-25 00:00:00.000000"], ["created_at", "2020-03-09 23:50:57.195529"], ["updated_at", "2020-03-09 23:50:57.195529"]]
  [1m[36m (0.0ms)[0m  [1mRELEASE SAVEPOINT active_record_1[0m
  [1m[35m (0.0ms)[0m  SAVEPOINT active_record_1
  [1m[36mSQL (0.1ms)[0m  [1mINSERT INTO "movies" ("title", "rating", "release_date", "created_at", "updated_at") VALUES (?, ?, ?, ?, ?)[0m  [["title", "The Terminator"], ["rating", "R"], ["release_date", "1984-10-26 00:00:00.000000"], ["created_at", "2020-03-09 23:50:57.196918"], ["updated_at", "2020-03-09 23:50:57.196918"]]
  [1m[35m (0.0ms)[0m  RELEASE SAVEPOINT active_record_1
  [1m[36m (0.0ms)[0m  [1mSAVEPOINT active_record_1[0m
  [1m[35mSQL (0.1ms)[0m  INSERT INTO "movies" ("title", "rating", "release_date", "created_at", "updated_at") VALUES (?, ?, ?, ?, ?)  [["title", "When Harry Met Sally"], ["rating", "R"], ["release_date", "1989-07-21 00:00:00.000000"], ["created_at", "2020-03-09 23:50:57.198126"], ["updated_at", "2020-03-09 23:50:57.198126"]]
  [1m[36m (0.1ms)[0m  [1mRELEASE SAVEPOINT active_record_1[0m
  [1m[35m (0.0ms)[0m  SAVEPOINT active_record_1
  [1m[36mSQL (0.1ms)[0m  [1mINSERT INTO "movies" ("title", "rating", "release_date", "created_at", "updated_at") VALUES (?, ?, ?, ?, ?)[0m  [["title", "The Help"], ["rating", "PG-13"], ["release_date", "2011-08-10 00:00:00.000000"], ["created_at", "2020-03-09 23:50:57.199294"], ["updated_at", "2020-03-09 23:50:57.199294"]]
  [1m[35m (0.0ms)[0m  RELEASE SAVEPOINT active_record_1
  [1m[36m (0.1ms)[0m  [1mSAVEPOINT active_record_1[0m
  [1m[35mSQL (0.1ms)[0m  INSERT INTO "movies" ("title", "rating", "release_date", "created_at", "updated_at") VALUES (?, ?, ?, ?, ?)  [["title", "Chocolat"], ["rating", "PG-13"], ["release_date", "2001-01-05 00:00:00.000000"], ["created_at", "2020-03-09 23:50:57.200532"], ["updated_at", "2020-03-09 23:50:57.200532"]]
  [1m[36m (0.0ms)[0m  [1mRELEASE SAVEPOINT active_record_1[0m
  [1m[35m (0.0ms)[0m  SAVEPOINT active_record_1
  [1m[36mSQL (0.1ms)[0m  [1mINSERT INTO "movies" ("title", "rating", "release_date", "created_at", "updated_at") VALUES (?, ?, ?, ?, ?)[0m  [["title", "Amelie"], ["rating", "R"], ["release_date", "2001-04-25 00:00:00.000000"], ["created_at", "2020-03-09 23:50:57.201666"], ["updated_at", "2020-03-09 23:50:57.201666"]]
  [1m[35m (0.0ms)[0m  RELEASE SAVEPOINT active_record_1
  [1m[36m (0.0ms)[0m  [1mSAVEPOINT active_record_1[0m
  [1m[35mSQL (0.1ms)[0m  INSERT INTO "movies" ("title", "rating", "release_date", "created_at", "updated_at") VALUES (?, ?, ?, ?, ?)  [["title", "2001: A Space Odyssey"], ["rating", "G"], ["release_date", "1968-04-06 00:00:00.000000"], ["created_at", "2020-03-09 23:50:57.202819"], ["updated_at", "2020-03-09 23:50:57.202819"]]
  [1m[36m (0.0ms)[0m  [1mRELEASE SAVEPOINT active_record_1[0m
  [1m[35m (0.0ms)[0m  SAVEPOINT active_record_1
  [1m[36mSQL (0.1ms)[0m  [1mINSERT INTO "movies" ("title", "rating", "release_date", "created_at", "updated_at") VALUES (?, ?, ?, ?, ?)[0m  [["title", "The Incredibles"], ["rating", "PG"], ["release_date", "2004-11-05 00:00:00.000000"], ["created_at", "2020-03-09 23:50:57.203978"], ["updated_at", "2020-03-09 23:50:57.203978"]]
  [1m[35m (0.0ms)[0m  RELEASE SAVEPOINT active_record_1
  [1m[36m (0.1ms)[0m  [1mSAVEPOINT active_record_1[0m
  [1m[35mSQL (0.1ms)[0m  INSERT INTO "movies" ("title", "rating", "release_date", "created_at", "updated_at") VALUES (?, ?, ?, ?, ?)  [["title", "Raiders of the Lost Ark"], ["rating", "PG"], ["release_date", "1981-06-12 00:00:00.000000"], ["created_at", "2020-03-09 23:50:57.205137"], ["updated_at", "2020-03-09 23:50:57.205137"]]
  [1m[36m (0.0ms)[0m  [1mRELEASE SAVEPOINT active_record_1[0m
  [1m[35m (0.0ms)[0m  SAVEPOINT active_record_1
  [1m[36mSQL (0.1ms)[0m  [1mINSERT INTO "movies" ("title", "rating", "release_date", "created_at", "updated_at") VALUES (?, ?, ?, ?, ?)[0m  [["title", "Chicken Run"], ["rating", "G"], ["release_date", "2000-06-21 00:00:00.000000"], ["created_at", "2020-03-09 23:50:57.206267"], ["updated_at", "2020-03-09 23:50:57.206267"]]
  [1m[35m (0.0ms)[0m  RELEASE SAVEPOINT active_record_1
Started GET "/movies" for 127.0.0.1 at 2020-03-09 23:50:57 +0000
Processing by MoviesController#index as HTML
  [1m[36mMovie Load (0.2ms)[0m  [1mSELECT "movies".* FROM "movies" WHERE "movies"."rating" IN ('G', 'PG', 'PG-13', 'NC-17', 'R')[0m
  Rendered movies/index.html.haml within layouts/application (2.8ms)
Completed 200 OK in 4ms (Views: 3.8ms | ActiveRecord: 0.2ms)
Started GET "/movies?utf8=%E2%9C%93&ratings[G]=1&ratings[PG]=1&ratings[PG-13]=1&ratings[NC-17]=1&ratings[R]=1&commit=Refresh" for 127.0.0.1 at 2020-03-09 23:50:57 +0000
Processing by MoviesController#index as HTML
  Parameters: {"utf8"=>"✓", "ratings"=>{"G"=>"1", "PG"=>"1", "PG-13"=>"1", "NC-17"=>"1", "R"=>"1"}, "commit"=>"Refresh"}
Redirected to http://www.example.com/movies?ratings%5BG%5D=1&ratings%5BNC-17%5D=1&ratings%5BPG%5D=1&ratings%5BPG-13%5D=1&ratings%5BR%5D=1
Completed 302 Found in 1ms (ActiveRecord: 0.0ms)
Started GET "/movies?ratings[G]=1&ratings[NC-17]=1&ratings[PG]=1&ratings[PG-13]=1&ratings[R]=1" for 127.0.0.1 at 2020-03-09 23:50:57 +0000
Processing by MoviesController#index as HTML
  Parameters: {"ratings"=>{"G"=>"1", "NC-17"=>"1", "PG"=>"1", "PG-13"=>"1", "R"=>"1"}}
  [1m[35mMovie Load (0.2ms)[0m  SELECT "movies".* FROM "movies" WHERE "movies"."rating" IN ('G', 'NC-17', 'PG', 'PG-13', 'R')
  Rendered movies/index.html.haml within layouts/application (2.7ms)
Completed 200 OK in 4ms (Views: 3.6ms | ActiveRecord: 0.2ms)
  [1m[36mMovie Load (0.1ms)[0m  [1mSELECT "movies".* FROM "movies"[0m
  [1m[35m (0.2ms)[0m  rollback transaction
  [1m[36m (0.1ms)[0m  [1mbegin transaction[0m
  [1m[35m (0.0ms)[0m  commit transaction
  [1m[36m (0.0ms)[0m  [1mbegin transaction[0m
  [1m[35m (0.0ms)[0m  SAVEPOINT active_record_1
  [1m[36mSQL (0.1ms)[0m  [1mINSERT INTO "movies" ("title", "rating", "release_date", "created_at", "updated_at") VALUES (?, ?, ?, ?, ?)[0m  [["title", "Aladdin"], ["rating", "G"], ["release_date", "1992-11-25 00:00:00.000000"], ["created_at", "2020-03-09 23:50:57.268389"], ["updated_at", "2020-03-09 23:50:57.268389"]]
  [1m[35m (0.0ms)[0m  RELEASE SAVEPOINT active_record_1
  [1m[36m (0.0ms)[0m  [1mSAVEPOINT active_record_1[0m
  [1m[35mSQL (0.1ms)[0m  INSERT INTO "movies" ("title", "rating", "release_date", "created_at", "updated_at") VALUES (?, ?, ?, ?, ?)  [["title", "The Terminator"], ["rating", "R"], ["release_date", "1984-10-26 00:00:00.000000"], ["created_at", "2020-03-09 23:50:57.269864"], ["updated_at", "2020-03-09 23:50:57.269864"]]
  [1m[36m (0.0ms)[0m  [1mRELEASE SAVEPOINT active_record_1[0m
  [1m[35m (0.0ms)[0m  SAVEPOINT active_record_1
  [1m[36mSQL (0.1ms)[0m  [1mINSERT INTO "movies" ("title", "rating", "release_date", "created_at", "updated_at") VALUES (?, ?, ?, ?, ?)[0m  [["title", "When Harry Met Sally"], ["rating", "R"], ["release_date", "1989-07-21 00:00:00.000000"], ["created_at", "2020-03-09 23:50:57.271203"], ["updated_at", "2020-03-09 23:50:57.271203"]]
  [1m[35m (0.0ms)[0m  RELEASE SAVEPOINT active_record_1
  [1m[36m (0.0ms)[0m  [1mSAVEPOINT active_record_1[0m
  [1m[35mSQL (0.1ms)[0m  INSERT INTO "movies" ("title", "rating", "release_date", "created_at", "updated_at") VALUES (?, ?, ?, ?, ?)  [["title", "The Help"], ["rating", "PG-13"], ["release_date", "2011-08-10 00:00:00.000000"], ["created_at", "2020-03-09 23:50:57.272460"], ["updated_at", "2020-03-09 23:50:57.272460"]]
  [1m[36m (0.0ms)[0m  [1mRELEASE SAVEPOINT active_record_1[0m
  [1m[35m (0.0ms)[0m  SAVEPOINT active_record_1
  [1m[36mSQL (0.1ms)[0m  [1mINSERT INTO "movies" ("title", "rating", "release_date", "created_at", "updated_at") VALUES (?, ?, ?, ?, ?)[0m  [["title", "Chocolat"], ["rating", "PG-13"], ["release_date", "2001-01-05 00:00:00.000000"], ["created_at", "2020-03-09 23:50:57.273686"], ["updated_at", "2020-03-09 23:50:57.273686"]]
  [1m[35m (0.1ms)[0m  RELEASE SAVEPOINT active_record_1
  [1m[36m (0.1ms)[0m  [1mSAVEPOINT active_record_1[0m
  [1m[35mSQL (0.1ms)[0m  INSERT INTO "movies" ("title", "rating", "release_date", "created_at", "updated_at") VALUES (?, ?, ?, ?, ?)  [["title", "Amelie"], ["rating", "R"], ["release_date", "2001-04-25 00:00:00.000000"], ["created_at", "2020-03-09 23:50:57.275006"], ["updated_at", "2020-03-09 23:50:57.275006"]]
  [1m[36m (0.0ms)[0m  [1mRELEASE SAVEPOINT active_record_1[0m
  [1m[35m (0.0ms)[0m  SAVEPOINT active_record_1
  [1m[36mSQL (0.1ms)[0m  [1mINSERT INTO "movies" ("title", "rating", "release_date", "created_at", "updated_at") VALUES (?, ?, ?, ?, ?)[0m  [["title", "2001: A Space Odyssey"], ["rating", "G"], ["release_date", "1968-04-06 00:00:00.000000"], ["created_at", "2020-03-09 23:50:57.276274"], ["updated_at", "2020-03-09 23:50:57.276274"]]
  [1m[35m (0.1ms)[0m  RELEASE SAVEPOINT active_record_1
  [1m[36m (0.0ms)[0m  [1mSAVEPOINT active_record_1[0m
  [1m[35mSQL (0.1ms)[0m  INSERT INTO "movies" ("title", "rating", "release_date", "created_at", "updated_at") VALUES (?, ?, ?, ?, ?)  [["title", "The Incredibles"], ["rating", "PG"], ["release_date", "2004-11-05 00:00:00.000000"], ["created_at", "2020-03-09 23:50:57.277573"], ["updated_at", "2020-03-09 23:50:57.277573"]]
  [1m[36m (0.0ms)[0m  [1mRELEASE SAVEPOINT active_record_1[0m
  [1m[35m (0.0ms)[0m  SAVEPOINT active_record_1
  [1m[36mSQL (0.1ms)[0m  [1mINSERT INTO "movies" ("title", "rating", "release_date", "created_at", "updated_at") VALUES (?, ?, ?, ?, ?)[0m  [["title", "Raiders of the Lost Ark"], ["rating", "PG"], ["release_date", "1981-06-12 00:00:00.000000"], ["created_at", "2020-03-09 23:50:57.278848"], ["updated_at", "2020-03-09 23:50:57.278848"]]
  [1m[35m (0.0ms)[0m  RELEASE SAVEPOINT active_record_1
  [1m[36m (0.0ms)[0m  [1mSAVEPOINT active_record_1[0m
  [1m[35mSQL (0.1ms)[0m  INSERT INTO "movies" ("title", "rating", "release_date", "created_at", "updated_at") VALUES (?, ?, ?, ?, ?)  [["title", "Chicken Run"], ["rating", "G"], ["release_date", "2000-06-21 00:00:00.000000"], ["created_at", "2020-03-09 23:50:57.280110"], ["updated_at", "2020-03-09 23:50:57.280110"]]
  [1m[36m (0.0ms)[0m  [1mRELEASE SAVEPOINT active_record_1[0m
Started GET "/movies" for 127.0.0.1 at 2020-03-09 23:50:57 +0000
Processing by MoviesController#index as HTML
  [1m[35mMovie Load (0.1ms)[0m  SELECT "movies".* FROM "movies" WHERE "movies"."rating" IN ('G', 'PG', 'PG-13', 'NC-17', 'R')
  Rendered movies/index.html.haml within layouts/application (3.1ms)
Completed 200 OK in 5ms (Views: 4.3ms | ActiveRecord: 0.1ms)
Started GET "/movies?ratings[G]=G&ratings[NC-17]=NC-17&ratings[PG]=PG&ratings[PG-13]=PG-13&ratings[R]=R&sort=title" for 127.0.0.1 at 2020-03-09 23:50:57 +0000
Processing by MoviesController#index as HTML
  Parameters: {"ratings"=>{"G"=>"G", "NC-17"=>"NC-17", "PG"=>"PG", "PG-13"=>"PG-13", "R"=>"R"}, "sort"=>"title"}
Redirected to http://www.example.com/movies?ratings%5BG%5D=G&ratings%5BNC-17%5D=NC-17&ratings%5BPG%5D=PG&ratings%5BPG-13%5D=PG-13&ratings%5BR%5D=R&sort=title
Completed 302 Found in 1ms (ActiveRecord: 0.0ms)
Started GET "/movies?ratings[G]=G&ratings[NC-17]=NC-17&ratings[PG]=PG&ratings[PG-13]=PG-13&ratings[R]=R&sort=title" for 127.0.0.1 at 2020-03-09 23:50:57 +0000
Processing by MoviesController#index as HTML
  Parameters: {"ratings"=>{"G"=>"G", "NC-17"=>"NC-17", "PG"=>"PG", "PG-13"=>"PG-13", "R"=>"R"}, "sort"=>"title"}
  [1m[36mMovie Load (0.2ms)[0m  [1mSELECT "movies".* FROM "movies" WHERE "movies"."rating" IN ('G', 'NC-17', 'PG', 'PG-13', 'R')  ORDER BY "movies"."title" ASC[0m
  Rendered movies/index.html.haml within layouts/application (3.3ms)
Completed 200 OK in 5ms (Views: 4.3ms | ActiveRecord: 0.2ms)
  [1m[35m (0.1ms)[0m  rollback transaction
  [1m[36m (0.0ms)[0m  [1mbegin transaction[0m
  [1m[35m (0.0ms)[0m  commit transaction
  [1m[36m (0.0ms)[0m  [1mbegin transaction[0m
  [1m[35m (0.0ms)[0m  SAVEPOINT active_record_1
  [1m[36mSQL (0.2ms)[0m  [1mINSERT INTO "movies" ("title", "rating", "release_date", "created_at", "updated_at") VALUES (?, ?, ?, ?, ?)[0m  [["title", "Aladdin"], ["rating", "G"], ["release_date", "1992-11-25 00:00:00.000000"], ["created_at", "2020-03-09 23:50:57.313761"], ["updated_at", "2020-03-09 23:50:57.313761"]]
  [1m[35m (0.0ms)[0m  RELEASE SAVEPOINT active_record_1
  [1m[36m (0.1ms)[0m  [1mSAVEPOINT active_record_1[0m
  [1m[35mSQL (0.1ms)[0m  INSERT INTO "movies" ("title", "rating", "release_date", "created_at", "updated_at") VALUES (?, ?, ?, ?, ?)  [["title", "The Terminator"], ["rating", "R"], ["release_date", "1984-10-26 00:00:00.000000"], ["created_at", "2020-03-09 23:50:57.315477"], ["updated_at", "2020-03-09 23:50:57.315477"]]
  [1m[36m (0.1ms)[0m  [1mRELEASE SAVEPOINT active_record_1[0m
  [1m[35m (0.1ms)[0m  SAVEPOINT active_record_1
  [1m[36mSQL (0.1ms)[0m  [1mINSERT INTO "movies" ("title", "rating", "release_date", "created_at", "updated_at") VALUES (?, ?, ?, ?, ?)[0m  [["title", "When Harry Met Sally"], ["rating", "R"], ["release_date", "1989-07-21 00:00:00.000000"], ["created_at", "2020-03-09 23:50:57.316987"], ["updated_at", "2020-03-09 23:50:57.316987"]]
  [1m[35m (0.1ms)[0m  RELEASE SAVEPOINT active_record_1
  [1m[36m (0.0ms)[0m  [1mSAVEPOINT active_record_1[0m
  [1m[35mSQL (0.1ms)[0m  INSERT INTO "movies" ("title", "rating", "release_date", "created_at", "updated_at") VALUES (?, ?, ?, ?, ?)  [["title", "The Help"], ["rating", "PG-13"], ["release_date", "2011-08-10 00:00:00.000000"], ["created_at", "2020-03-09 23:50:57.318338"], ["updated_at", "2020-03-09 23:50:57.318338"]]
  [1m[36m (0.1ms)[0m  [1mRELEASE SAVEPOINT active_record_1[0m
  [1m[35m (0.1ms)[0m  SAVEPOINT active_record_1
  [1m[36mSQL (0.1ms)[0m  [1mINSERT INTO "movies" ("title", "rating", "release_date", "created_at", "updated_at") VALUES (?, ?, ?, ?, ?)[0m  [["title", "Chocolat"], ["rating", "PG-13"], ["release_date", "2001-01-05 00:00:00.000000"], ["created_at", "2020-03-09 23:50:57.319857"], ["updated_at", "2020-03-09 23:50:57.319857"]]
  [1m[35m (0.1ms)[0m  RELEASE SAVEPOINT active_record_1
  [1m[36m (0.0ms)[0m  [1mSAVEPOINT active_record_1[0m
  [1m[35mSQL (0.1ms)[0m  INSERT INTO "movies" ("title", "rating", "release_date", "created_at", "updated_at") VALUES (?, ?, ?, ?, ?)  [["title", "Amelie"], ["rating", "R"], ["release_date", "2001-04-25 00:00:00.000000"], ["created_at", "2020-03-09 23:50:57.321211"], ["updated_at", "2020-03-09 23:50:57.321211"]]
  [1m[36m (0.1ms)[0m  [1mRELEASE SAVEPOINT active_record_1[0m
  [1m[35m (0.1ms)[0m  SAVEPOINT active_record_1
  [1m[36mSQL (0.1ms)[0m  [1mINSERT INTO "movies" ("title", "rating", "release_date", "created_at", "updated_at") VALUES (?, ?, ?, ?, ?)[0m  [["title", "2001: A Space Odyssey"], ["rating", "G"], ["release_date", "1968-04-06 00:00:00.000000"], ["created_at", "2020-03-09 23:50:57.322584"], ["updated_at", "2020-03-09 23:50:57.322584"]]
  [1m[35m (0.1ms)[0m  RELEASE SAVEPOINT active_record_1
  [1m[36m (0.0ms)[0m  [1mSAVEPOINT active_record_1[0m
  [1m[35mSQL (0.1ms)[0m  INSERT INTO "movies" ("title", "rating", "release_date", "created_at", "updated_at") VALUES (?, ?, ?, ?, ?)  [["title", "The Incredibles"], ["rating", "PG"], ["release_date", "2004-11-05 00:00:00.000000"], ["created_at", "2020-03-09 23:50:57.324043"], ["updated_at", "2020-03-09 23:50:57.324043"]]
  [1m[36m (0.1ms)[0m  [1mRELEASE SAVEPOINT active_record_1[0m
  [1m[35m (0.0ms)[0m  SAVEPOINT active_record_1
  [1m[36mSQL (0.1ms)[0m  [1mINSERT INTO "movies" ("title", "rating", "release_date", "created_at", "updated_at") VALUES (?, ?, ?, ?, ?)[0m  [["title", "Raiders of the Lost Ark"], ["rating", "PG"], ["release_date", "1981-06-12 00:00:00.000000"], ["created_at", "2020-03-09 23:50:57.325421"], ["updated_at", "2020-03-09 23:50:57.325421"]]
  [1m[35m (0.1ms)[0m  RELEASE SAVEPOINT active_record_1
  [1m[36m (0.0ms)[0m  [1mSAVEPOINT active_record_1[0m
  [1m[35mSQL (0.1ms)[0m  INSERT INTO "movies" ("title", "rating", "release_date", "created_at", "updated_at") VALUES (?, ?, ?, ?, ?)  [["title", "Chicken Run"], ["rating", "G"], ["release_date", "2000-06-21 00:00:00.000000"], ["created_at", "2020-03-09 23:50:57.326855"], ["updated_at", "2020-03-09 23:50:57.326855"]]
  [1m[36m (0.1ms)[0m  [1mRELEASE SAVEPOINT active_record_1[0m
Started GET "/movies" for 127.0.0.1 at 2020-03-09 23:50:57 +0000
Processing by MoviesController#index as HTML
  [1m[35mMovie Load (0.1ms)[0m  SELECT "movies".* FROM "movies" WHERE "movies"."rating" IN ('G', 'PG', 'PG-13', 'NC-17', 'R')
  Rendered movies/index.html.haml within layouts/application (5.7ms)
Completed 200 OK in 12ms (Views: 11.1ms | ActiveRecord: 0.1ms)
Started GET "/movies?ratings[G]=G&ratings[NC-17]=NC-17&ratings[PG]=PG&ratings[PG-13]=PG-13&ratings[R]=R&sort=release_date" for 127.0.0.1 at 2020-03-09 23:50:57 +0000
Processing by MoviesController#index as HTML
  Parameters: {"ratings"=>{"G"=>"G", "NC-17"=>"NC-17", "PG"=>"PG", "PG-13"=>"PG-13", "R"=>"R"}, "sort"=>"release_date"}
Redirected to http://www.example.com/movies?ratings%5BG%5D=G&ratings%5BNC-17%5D=NC-17&ratings%5BPG%5D=PG&ratings%5BPG-13%5D=PG-13&ratings%5BR%5D=R&sort=release_date
Completed 302 Found in 1ms (ActiveRecord: 0.0ms)
Started GET "/movies?ratings[G]=G&ratings[NC-17]=NC-17&ratings[PG]=PG&ratings[PG-13]=PG-13&ratings[R]=R&sort=release_date" for 127.0.0.1 at 2020-03-09 23:50:57 +0000
Processing by MoviesController#index as HTML
  Parameters: {"ratings"=>{"G"=>"G", "NC-17"=>"NC-17", "PG"=>"PG", "PG-13"=>"PG-13", "R"=>"R"}, "sort"=>"release_date"}
  [1m[36mMovie Load (0.5ms)[0m  [1mSELECT "movies".* FROM "movies" WHERE "movies"."rating" IN ('G', 'NC-17', 'PG', 'PG-13', 'R')  ORDER BY "movies"."release_date" ASC[0m
  Rendered movies/index.html.haml within layouts/application (4.6ms)
Completed 200 OK in 7ms (Views: 5.7ms | ActiveRecord: 0.5ms)
  [1m[35m (0.2ms)[0m  rollback transaction
  [1m[36mActiveRecord::SchemaMigration Load (0.1ms)[0m  [1mSELECT "schema_migrations".* FROM "schema_migrations"[0m
  [1m[35m (0.1ms)[0m  begin transaction
  [1m[36m (0.0ms)[0m  [1mcommit transaction[0m
  [1m[35m (0.0ms)[0m  begin transaction
  [1m[36m (0.1ms)[0m  [1mSAVEPOINT active_record_1[0m
  [1m[35mSQL (0.2ms)[0m  INSERT INTO "movies" ("title", "rating", "release_date", "created_at", "updated_at") VALUES (?, ?, ?, ?, ?)  [["title", "Aladdin"], ["rating", "G"], ["release_date", "1992-11-25 00:00:00.000000"], ["created_at", "2020-03-09 23:56:54.705813"], ["updated_at", "2020-03-09 23:56:54.705813"]]
  [1m[36m (0.0ms)[0m  [1mRELEASE SAVEPOINT active_record_1[0m
  [1m[35m (0.0ms)[0m  SAVEPOINT active_record_1
  [1m[36mSQL (0.1ms)[0m  [1mINSERT INTO "movies" ("title", "rating", "release_date", "created_at", "updated_at") VALUES (?, ?, ?, ?, ?)[0m  [["title", "The Terminator"], ["rating", "R"], ["release_date", "1984-10-26 00:00:00.000000"], ["created_at", "2020-03-09 23:56:54.707550"], ["updated_at", "2020-03-09 23:56:54.707550"]]
  [1m[35m (0.0ms)[0m  RELEASE SAVEPOINT active_record_1
  [1m[36m (0.0ms)[0m  [1mSAVEPOINT active_record_1[0m
  [1m[35mSQL (0.1ms)[0m  INSERT INTO "movies" ("title", "rating", "release_date", "created_at", "updated_at") VALUES (?, ?, ?, ?, ?)  [["title", "When Harry Met Sally"], ["rating", "R"], ["release_date", "1989-07-21 00:00:00.000000"], ["created_at", "2020-03-09 23:56:54.708781"], ["updated_at", "2020-03-09 23:56:54.708781"]]
  [1m[36m (0.0ms)[0m  [1mRELEASE SAVEPOINT active_record_1[0m
  [1m[35m (0.0ms)[0m  SAVEPOINT active_record_1
  [1m[36mSQL (0.1ms)[0m  [1mINSERT INTO "movies" ("title", "rating", "release_date", "created_at", "updated_at") VALUES (?, ?, ?, ?, ?)[0m  [["title", "The Help"], ["rating", "PG-13"], ["release_date", "2011-08-10 00:00:00.000000"], ["created_at", "2020-03-09 23:56:54.709963"], ["updated_at", "2020-03-09 23:56:54.709963"]]
  [1m[35m (0.0ms)[0m  RELEASE SAVEPOINT active_record_1
  [1m[36m (0.0ms)[0m  [1mSAVEPOINT active_record_1[0m
  [1m[35mSQL (0.1ms)[0m  INSERT INTO "movies" ("title", "rating", "release_date", "created_at", "updated_at") VALUES (?, ?, ?, ?, ?)  [["title", "Chocolat"], ["rating", "PG-13"], ["release_date", "2001-01-05 00:00:00.000000"], ["created_at", "2020-03-09 23:56:54.711127"], ["updated_at", "2020-03-09 23:56:54.711127"]]
  [1m[36m (0.0ms)[0m  [1mRELEASE SAVEPOINT active_record_1[0m
  [1m[35m (0.0ms)[0m  SAVEPOINT active_record_1
  [1m[36mSQL (0.1ms)[0m  [1mINSERT INTO "movies" ("title", "rating", "release_date", "created_at", "updated_at") VALUES (?, ?, ?, ?, ?)[0m  [["title", "Amelie"], ["rating", "R"], ["release_date", "2001-04-25 00:00:00.000000"], ["created_at", "2020-03-09 23:56:54.712316"], ["updated_at", "2020-03-09 23:56:54.712316"]]
  [1m[35m (0.0ms)[0m  RELEASE SAVEPOINT active_record_1
  [1m[36m (0.0ms)[0m  [1mSAVEPOINT active_record_1[0m
  [1m[35mSQL (0.1ms)[0m  INSERT INTO "movies" ("title", "rating", "release_date", "created_at", "updated_at") VALUES (?, ?, ?, ?, ?)  [["title", "2001: A Space Odyssey"], ["rating", "G"], ["release_date", "1968-04-06 00:00:00.000000"], ["created_at", "2020-03-09 23:56:54.713511"], ["updated_at", "2020-03-09 23:56:54.713511"]]
  [1m[36m (0.0ms)[0m  [1mRELEASE SAVEPOINT active_record_1[0m
  [1m[35m (0.0ms)[0m  SAVEPOINT active_record_1
  [1m[36mSQL (0.1ms)[0m  [1mINSERT INTO "movies" ("title", "rating", "release_date", "created_at", "updated_at") VALUES (?, ?, ?, ?, ?)[0m  [["title", "The Incredibles"], ["rating", "PG"], ["release_date", "2004-11-05 00:00:00.000000"], ["created_at", "2020-03-09 23:56:54.714663"], ["updated_at", "2020-03-09 23:56:54.714663"]]
  [1m[35m (0.0ms)[0m  RELEASE SAVEPOINT active_record_1
  [1m[36m (0.0ms)[0m  [1mSAVEPOINT active_record_1[0m
  [1m[35mSQL (0.1ms)[0m  INSERT INTO "movies" ("title", "rating", "release_date", "created_at", "updated_at") VALUES (?, ?, ?, ?, ?)  [["title", "Raiders of the Lost Ark"], ["rating", "PG"], ["release_date", "1981-06-12 00:00:00.000000"], ["created_at", "2020-03-09 23:56:54.715897"], ["updated_at", "2020-03-09 23:56:54.715897"]]
  [1m[36m (0.0ms)[0m  [1mRELEASE SAVEPOINT active_record_1[0m
  [1m[35m (0.0ms)[0m  SAVEPOINT active_record_1
  [1m[36mSQL (0.1ms)[0m  [1mINSERT INTO "movies" ("title", "rating", "release_date", "created_at", "updated_at") VALUES (?, ?, ?, ?, ?)[0m  [["title", "Chicken Run"], ["rating", "G"], ["release_date", "2000-06-21 00:00:00.000000"], ["created_at", "2020-03-09 23:56:54.717102"], ["updated_at", "2020-03-09 23:56:54.717102"]]
  [1m[35m (0.0ms)[0m  RELEASE SAVEPOINT active_record_1
Started GET "/movies" for 127.0.0.1 at 2020-03-09 23:56:54 +0000
Processing by MoviesController#index as HTML
  [1m[36mMovie Load (0.2ms)[0m  [1mSELECT "movies".* FROM "movies" WHERE "movies"."rating" IN ('G', 'PG', 'PG-13', 'NC-17', 'R')[0m
  Rendered movies/index.html.haml within layouts/application (6.0ms)
Completed 200 OK in 135ms (Views: 124.8ms | ActiveRecord: 0.2ms)
Started GET "/movies?utf8=%E2%9C%93&ratings[PG]=1&ratings[NC-17]=1&ratings[R]=1&commit=Refresh" for 127.0.0.1 at 2020-03-09 23:56:54 +0000
Processing by MoviesController#index as HTML
  Parameters: {"utf8"=>"✓", "ratings"=>{"PG"=>"1", "NC-17"=>"1", "R"=>"1"}, "commit"=>"Refresh"}
Redirected to http://www.example.com/movies?ratings%5BNC-17%5D=1&ratings%5BPG%5D=1&ratings%5BR%5D=1
Completed 302 Found in 1ms (ActiveRecord: 0.0ms)
Started GET "/movies?ratings[NC-17]=1&ratings[PG]=1&ratings[R]=1" for 127.0.0.1 at 2020-03-09 23:56:54 +0000
Processing by MoviesController#index as HTML
  Parameters: {"ratings"=>{"NC-17"=>"1", "PG"=>"1", "R"=>"1"}}
  [1m[35mMovie Load (0.2ms)[0m  SELECT "movies".* FROM "movies" WHERE "movies"."rating" IN ('NC-17', 'PG', 'R')
  Rendered movies/index.html.haml within layouts/application (2.3ms)
Completed 200 OK in 4ms (Views: 3.2ms | ActiveRecord: 0.2ms)
  [1m[36m (0.2ms)[0m  [1mrollback transaction[0m
  [1m[35m (0.0ms)[0m  begin transaction
  [1m[36m (0.0ms)[0m  [1mcommit transaction[0m
  [1m[35m (0.0ms)[0m  begin transaction
  [1m[36m (0.0ms)[0m  [1mSAVEPOINT active_record_1[0m
  [1m[35mSQL (0.1ms)[0m  INSERT INTO "movies" ("title", "rating", "release_date", "created_at", "updated_at") VALUES (?, ?, ?, ?, ?)  [["title", "Aladdin"], ["rating", "G"], ["release_date", "1992-11-25 00:00:00.000000"], ["created_at", "2020-03-09 23:56:54.905242"], ["updated_at", "2020-03-09 23:56:54.905242"]]
  [1m[36m (0.0ms)[0m  [1mRELEASE SAVEPOINT active_record_1[0m
  [1m[35m (0.0ms)[0m  SAVEPOINT active_record_1
  [1m[36mSQL (0.1ms)[0m  [1mINSERT INTO "movies" ("title", "rating", "release_date", "created_at", "updated_at") VALUES (?, ?, ?, ?, ?)[0m  [["title", "The Terminator"], ["rating", "R"], ["release_date", "1984-10-26 00:00:00.000000"], ["created_at", "2020-03-09 23:56:54.906663"], ["updated_at", "2020-03-09 23:56:54.906663"]]
  [1m[35m (0.0ms)[0m  RELEASE SAVEPOINT active_record_1
  [1m[36m (0.0ms)[0m  [1mSAVEPOINT active_record_1[0m
  [1m[35mSQL (0.1ms)[0m  INSERT INTO "movies" ("title", "rating", "release_date", "created_at", "updated_at") VALUES (?, ?, ?, ?, ?)  [["title", "When Harry Met Sally"], ["rating", "R"], ["release_date", "1989-07-21 00:00:00.000000"], ["created_at", "2020-03-09 23:56:54.907910"], ["updated_at", "2020-03-09 23:56:54.907910"]]
  [1m[36m (0.0ms)[0m  [1mRELEASE SAVEPOINT active_record_1[0m
  [1m[35m (0.0ms)[0m  SAVEPOINT active_record_1
  [1m[36mSQL (0.1ms)[0m  [1mINSERT INTO "movies" ("title", "rating", "release_date", "created_at", "updated_at") VALUES (?, ?, ?, ?, ?)[0m  [["title", "The Help"], ["rating", "PG-13"], ["release_date", "2011-08-10 00:00:00.000000"], ["created_at", "2020-03-09 23:56:54.909143"], ["updated_at", "2020-03-09 23:56:54.909143"]]
  [1m[35m (0.0ms)[0m  RELEASE SAVEPOINT active_record_1
  [1m[36m (0.0ms)[0m  [1mSAVEPOINT active_record_1[0m
  [1m[35mSQL (0.1ms)[0m  INSERT INTO "movies" ("title", "rating", "release_date", "created_at", "updated_at") VALUES (?, ?, ?, ?, ?)  [["title", "Chocolat"], ["rating", "PG-13"], ["release_date", "2001-01-05 00:00:00.000000"], ["created_at", "2020-03-09 23:56:54.910328"], ["updated_at", "2020-03-09 23:56:54.910328"]]
  [1m[36m (0.0ms)[0m  [1mRELEASE SAVEPOINT active_record_1[0m
  [1m[35m (0.0ms)[0m  SAVEPOINT active_record_1
  [1m[36mSQL (0.1ms)[0m  [1mINSERT INTO "movies" ("title", "rating", "release_date", "created_at", "updated_at") VALUES (?, ?, ?, ?, ?)[0m  [["title", "Amelie"], ["rating", "R"], ["release_date", "2001-04-25 00:00:00.000000"], ["created_at", "2020-03-09 23:56:54.911533"], ["updated_at", "2020-03-09 23:56:54.911533"]]
  [1m[35m (0.0ms)[0m  RELEASE SAVEPOINT active_record_1
  [1m[36m (0.0ms)[0m  [1mSAVEPOINT active_record_1[0m
  [1m[35mSQL (0.1ms)[0m  INSERT INTO "movies" ("title", "rating", "release_date", "created_at", "updated_at") VALUES (?, ?, ?, ?, ?)  [["title", "2001: A Space Odyssey"], ["rating", "G"], ["release_date", "1968-04-06 00:00:00.000000"], ["created_at", "2020-03-09 23:56:54.912712"], ["updated_at", "2020-03-09 23:56:54.912712"]]
  [1m[36m (0.0ms)[0m  [1mRELEASE SAVEPOINT active_record_1[0m
  [1m[35m (0.0ms)[0m  SAVEPOINT active_record_1
  [1m[36mSQL (0.1ms)[0m  [1mINSERT INTO "movies" ("title", "rating", "release_date", "created_at", "updated_at") VALUES (?, ?, ?, ?, ?)[0m  [["title", "The Incredibles"], ["rating", "PG"], ["release_date", "2004-11-05 00:00:00.000000"], ["created_at", "2020-03-09 23:56:54.913870"], ["updated_at", "2020-03-09 23:56:54.913870"]]
  [1m[35m (0.0ms)[0m  RELEASE SAVEPOINT active_record_1
  [1m[36m (0.0ms)[0m  [1mSAVEPOINT active_record_1[0m
  [1m[35mSQL (0.1ms)[0m  INSERT INTO "movies" ("title", "rating", "release_date", "created_at", "updated_at") VALUES (?, ?, ?, ?, ?)  [["title", "Raiders of the Lost Ark"], ["rating", "PG"], ["release_date", "1981-06-12 00:00:00.000000"], ["created_at", "2020-03-09 23:56:54.915048"], ["updated_at", "2020-03-09 23:56:54.915048"]]
  [1m[36m (0.0ms)[0m  [1mRELEASE SAVEPOINT active_record_1[0m
  [1m[35m (0.0ms)[0m  SAVEPOINT active_record_1
  [1m[36mSQL (0.1ms)[0m  [1mINSERT INTO "movies" ("title", "rating", "release_date", "created_at", "updated_at") VALUES (?, ?, ?, ?, ?)[0m  [["title", "Chicken Run"], ["rating", "G"], ["release_date", "2000-06-21 00:00:00.000000"], ["created_at", "2020-03-09 23:56:54.916214"], ["updated_at", "2020-03-09 23:56:54.916214"]]
  [1m[35m (0.0ms)[0m  RELEASE SAVEPOINT active_record_1
Started GET "/movies" for 127.0.0.1 at 2020-03-09 23:56:54 +0000
Processing by MoviesController#index as HTML
  [1m[36mMovie Load (0.2ms)[0m  [1mSELECT "movies".* FROM "movies" WHERE "movies"."rating" IN ('G', 'PG', 'PG-13', 'NC-17', 'R')[0m
  Rendered movies/index.html.haml within layouts/application (2.8ms)
Completed 200 OK in 4ms (Views: 3.7ms | ActiveRecord: 0.2ms)
Started GET "/movies?utf8=%E2%9C%93&ratings[G]=1&ratings[PG]=1&ratings[PG-13]=1&ratings[NC-17]=1&ratings[R]=1&commit=Refresh" for 127.0.0.1 at 2020-03-09 23:56:54 +0000
Processing by MoviesController#index as HTML
  Parameters: {"utf8"=>"✓", "ratings"=>{"G"=>"1", "PG"=>"1", "PG-13"=>"1", "NC-17"=>"1", "R"=>"1"}, "commit"=>"Refresh"}
Redirected to http://www.example.com/movies?ratings%5BG%5D=1&ratings%5BNC-17%5D=1&ratings%5BPG%5D=1&ratings%5BPG-13%5D=1&ratings%5BR%5D=1
Completed 302 Found in 1ms (ActiveRecord: 0.0ms)
Started GET "/movies?ratings[G]=1&ratings[NC-17]=1&ratings[PG]=1&ratings[PG-13]=1&ratings[R]=1" for 127.0.0.1 at 2020-03-09 23:56:54 +0000
Processing by MoviesController#index as HTML
  Parameters: {"ratings"=>{"G"=>"1", "NC-17"=>"1", "PG"=>"1", "PG-13"=>"1", "R"=>"1"}}
  [1m[35mMovie Load (0.2ms)[0m  SELECT "movies".* FROM "movies" WHERE "movies"."rating" IN ('G', 'NC-17', 'PG', 'PG-13', 'R')
  Rendered movies/index.html.haml within layouts/application (2.7ms)
Completed 200 OK in 4ms (Views: 3.6ms | ActiveRecord: 0.2ms)
  [1m[36mMovie Load (0.1ms)[0m  [1mSELECT "movies".* FROM "movies"[0m
  [1m[35m (0.2ms)[0m  rollback transaction
  [1m[36m (0.1ms)[0m  [1mbegin transaction[0m
  [1m[35m (0.0ms)[0m  commit transaction
  [1m[36m (0.0ms)[0m  [1mbegin transaction[0m
  [1m[35m (0.1ms)[0m  SAVEPOINT active_record_1
  [1m[36mSQL (0.2ms)[0m  [1mINSERT INTO "movies" ("title", "rating", "director", "release_date", "created_at", "updated_at") VALUES (?, ?, ?, ?, ?, ?)[0m  [["title", "Star Wars"], ["rating", "PG"], ["director", "George Lucas"], ["release_date", "1977-05-25 00:00:00.000000"], ["created_at", "2020-03-09 23:56:54.975870"], ["updated_at", "2020-03-09 23:56:54.975870"]]
  [1m[35m (0.0ms)[0m  RELEASE SAVEPOINT active_record_1
  [1m[36m (0.0ms)[0m  [1mSAVEPOINT active_record_1[0m
  [1m[35mSQL (0.1ms)[0m  INSERT INTO "movies" ("title", "rating", "director", "release_date", "created_at", "updated_at") VALUES (?, ?, ?, ?, ?, ?)  [["title", "Blade Runner"], ["rating", "PG"], ["director", "Ridley Scott"], ["release_date", "1982-06-25 00:00:00.000000"], ["created_at", "2020-03-09 23:56:54.977465"], ["updated_at", "2020-03-09 23:56:54.977465"]]
  [1m[36m (0.1ms)[0m  [1mRELEASE SAVEPOINT active_record_1[0m
  [1m[35m (0.0ms)[0m  SAVEPOINT active_record_1
  [1m[36mSQL (0.1ms)[0m  [1mINSERT INTO "movies" ("title", "rating", "director", "release_date", "created_at", "updated_at") VALUES (?, ?, ?, ?, ?, ?)[0m  [["title", "Alien"], ["rating", "R"], ["director", ""], ["release_date", "1979-05-25 00:00:00.000000"], ["created_at", "2020-03-09 23:56:54.978807"], ["updated_at", "2020-03-09 23:56:54.978807"]]
  [1m[35m (0.0ms)[0m  RELEASE SAVEPOINT active_record_1
  [1m[36m (0.0ms)[0m  [1mSAVEPOINT active_record_1[0m
  [1m[35mSQL (0.1ms)[0m  INSERT INTO "movies" ("title", "rating", "director", "release_date", "created_at", "updated_at") VALUES (?, ?, ?, ?, ?, ?)  [["title", "THX-1138"], ["rating", "R"], ["director", "George Lucas"], ["release_date", "1971-03-11 00:00:00.000000"], ["created_at", "2020-03-09 23:56:54.980040"], ["updated_at", "2020-03-09 23:56:54.980040"]]
  [1m[36m (0.0ms)[0m  [1mRELEASE SAVEPOINT active_record_1[0m
  [1m[35m (0.1ms)[0m  rollback transaction
  [1m[36m (0.1ms)[0m  [1mbegin transaction[0m
  [1m[35m (0.0ms)[0m  commit transaction
  [1m[36m (0.0ms)[0m  [1mbegin transaction[0m
  [1m[35m (0.0ms)[0m  SAVEPOINT active_record_1
  [1m[36mSQL (0.1ms)[0m  [1mINSERT INTO "movies" ("title", "rating", "director", "release_date", "created_at", "updated_at") VALUES (?, ?, ?, ?, ?, ?)[0m  [["title", "Star Wars"], ["rating", "PG"], ["director", "George Lucas"], ["release_date", "1977-05-25 00:00:00.000000"], ["created_at", "2020-03-09 23:56:54.994481"], ["updated_at", "2020-03-09 23:56:54.994481"]]
  [1m[35m (0.1ms)[0m  RELEASE SAVEPOINT active_record_1
  [1m[36m (0.1ms)[0m  [1mSAVEPOINT active_record_1[0m
  [1m[35mSQL (0.1ms)[0m  INSERT INTO "movies" ("title", "rating", "director", "release_date", "created_at", "updated_at") VALUES (?, ?, ?, ?, ?, ?)  [["title", "Blade Runner"], ["rating", "PG"], ["director", "Ridley Scott"], ["release_date", "1982-06-25 00:00:00.000000"], ["created_at", "2020-03-09 23:56:54.995870"], ["updated_at", "2020-03-09 23:56:54.995870"]]
  [1m[36m (0.1ms)[0m  [1mRELEASE SAVEPOINT active_record_1[0m
  [1m[35m (0.0ms)[0m  SAVEPOINT active_record_1
  [1m[36mSQL (0.1ms)[0m  [1mINSERT INTO "movies" ("title", "rating", "director", "release_date", "created_at", "updated_at") VALUES (?, ?, ?, ?, ?, ?)[0m  [["title", "Alien"], ["rating", "R"], ["director", ""], ["release_date", "1979-05-25 00:00:00.000000"], ["created_at", "2020-03-09 23:56:54.997144"], ["updated_at", "2020-03-09 23:56:54.997144"]]
  [1m[35m (0.1ms)[0m  RELEASE SAVEPOINT active_record_1
  [1m[36m (0.0ms)[0m  [1mSAVEPOINT active_record_1[0m
  [1m[35mSQL (0.1ms)[0m  INSERT INTO "movies" ("title", "rating", "director", "release_date", "created_at", "updated_at") VALUES (?, ?, ?, ?, ?, ?)  [["title", "THX-1138"], ["rating", "R"], ["director", "George Lucas"], ["release_date", "1971-03-11 00:00:00.000000"], ["created_at", "2020-03-09 23:56:54.998432"], ["updated_at", "2020-03-09 23:56:54.998432"]]
  [1m[36m (0.1ms)[0m  [1mRELEASE SAVEPOINT active_record_1[0m
  [1m[35m (0.2ms)[0m  rollback transaction
  [1m[36m (0.1ms)[0m  [1mbegin transaction[0m
  [1m[35m (0.0ms)[0m  commit transaction
  [1m[36m (0.0ms)[0m  [1mbegin transaction[0m
  [1m[35m (0.0ms)[0m  SAVEPOINT active_record_1
  [1m[36mSQL (0.1ms)[0m  [1mINSERT INTO "movies" ("title", "rating", "director", "release_date", "created_at", "updated_at") VALUES (?, ?, ?, ?, ?, ?)[0m  [["title", "Star Wars"], ["rating", "PG"], ["director", "George Lucas"], ["release_date", "1977-05-25 00:00:00.000000"], ["created_at", "2020-03-09 23:56:55.007683"], ["updated_at", "2020-03-09 23:56:55.007683"]]
  [1m[35m (0.1ms)[0m  RELEASE SAVEPOINT active_record_1
  [1m[36m (0.0ms)[0m  [1mSAVEPOINT active_record_1[0m
  [1m[35mSQL (0.1ms)[0m  INSERT INTO "movies" ("title", "rating", "director", "release_date", "created_at", "updated_at") VALUES (?, ?, ?, ?, ?, ?)  [["title", "Blade Runner"], ["rating", "PG"], ["director", "Ridley Scott"], ["release_date", "1982-06-25 00:00:00.000000"], ["created_at", "2020-03-09 23:56:55.009120"], ["updated_at", "2020-03-09 23:56:55.009120"]]
  [1m[36m (0.1ms)[0m  [1mRELEASE SAVEPOINT active_record_1[0m
  [1m[35m (0.1ms)[0m  SAVEPOINT active_record_1
  [1m[36mSQL (0.1ms)[0m  [1mINSERT INTO "movies" ("title", "rating", "director", "release_date", "created_at", "updated_at") VALUES (?, ?, ?, ?, ?, ?)[0m  [["title", "Alien"], ["rating", "R"], ["director", ""], ["release_date", "1979-05-25 00:00:00.000000"], ["created_at", "2020-03-09 23:56:55.010515"], ["updated_at", "2020-03-09 23:56:55.010515"]]
  [1m[35m (0.0ms)[0m  RELEASE SAVEPOINT active_record_1
  [1m[36m (0.1ms)[0m  [1mSAVEPOINT active_record_1[0m
  [1m[35mSQL (0.1ms)[0m  INSERT INTO "movies" ("title", "rating", "director", "release_date", "created_at", "updated_at") VALUES (?, ?, ?, ?, ?, ?)  [["title", "THX-1138"], ["rating", "R"], ["director", "George Lucas"], ["release_date", "1971-03-11 00:00:00.000000"], ["created_at", "2020-03-09 23:56:55.011908"], ["updated_at", "2020-03-09 23:56:55.011908"]]
  [1m[36m (0.0ms)[0m  [1mRELEASE SAVEPOINT active_record_1[0m
  [1m[35m (0.1ms)[0m  rollback transaction
  [1m[36m (0.1ms)[0m  [1mbegin transaction[0m
  [1m[35m (0.0ms)[0m  commit transaction
  [1m[36m (0.0ms)[0m  [1mbegin transaction[0m
  [1m[35m (0.0ms)[0m  SAVEPOINT active_record_1
  [1m[36mSQL (0.1ms)[0m  [1mINSERT INTO "movies" ("title", "rating", "release_date", "created_at", "updated_at") VALUES (?, ?, ?, ?, ?)[0m  [["title", "Aladdin"], ["rating", "G"], ["release_date", "1992-11-25 00:00:00.000000"], ["created_at", "2020-03-09 23:56:55.021778"], ["updated_at", "2020-03-09 23:56:55.021778"]]
  [1m[35m (0.1ms)[0m  RELEASE SAVEPOINT active_record_1
  [1m[36m (0.2ms)[0m  [1mSAVEPOINT active_record_1[0m
  [1m[35mSQL (0.2ms)[0m  INSERT INTO "movies" ("title", "rating", "release_date", "created_at", "updated_at") VALUES (?, ?, ?, ?, ?)  [["title", "The Terminator"], ["rating", "R"], ["release_date", "1984-10-26 00:00:00.000000"], ["created_at", "2020-03-09 23:56:55.023380"], ["updated_at", "2020-03-09 23:56:55.023380"]]
  [1m[36m (0.1ms)[0m  [1mRELEASE SAVEPOINT active_record_1[0m
  [1m[35m (0.0ms)[0m  SAVEPOINT active_record_1
  [1m[36mSQL (0.1ms)[0m  [1mINSERT INTO "movies" ("title", "rating", "release_date", "created_at", "updated_at") VALUES (?, ?, ?, ?, ?)[0m  [["title", "When Harry Met Sally"], ["rating", "R"], ["release_date", "1989-07-21 00:00:00.000000"], ["created_at", "2020-03-09 23:56:55.024763"], ["updated_at", "2020-03-09 23:56:55.024763"]]
  [1m[35m (0.1ms)[0m  RELEASE SAVEPOINT active_record_1
  [1m[36m (0.0ms)[0m  [1mSAVEPOINT active_record_1[0m
  [1m[35mSQL (0.1ms)[0m  INSERT INTO "movies" ("title", "rating", "release_date", "created_at", "updated_at") VALUES (?, ?, ?, ?, ?)  [["title", "The Help"], ["rating", "PG-13"], ["release_date", "2011-08-10 00:00:00.000000"], ["created_at", "2020-03-09 23:56:55.026088"], ["updated_at", "2020-03-09 23:56:55.026088"]]
  [1m[36m (0.1ms)[0m  [1mRELEASE SAVEPOINT active_record_1[0m
  [1m[35m (0.1ms)[0m  SAVEPOINT active_record_1
  [1m[36mSQL (0.1ms)[0m  [1mINSERT INTO "movies" ("title", "rating", "release_date", "created_at", "updated_at") VALUES (?, ?, ?, ?, ?)[0m  [["title", "Chocolat"], ["rating", "PG-13"], ["release_date", "2001-01-05 00:00:00.000000"], ["created_at", "2020-03-09 23:56:55.027469"], ["updated_at", "2020-03-09 23:56:55.027469"]]
  [1m[35m (0.0ms)[0m  RELEASE SAVEPOINT active_record_1
  [1m[36m (0.0ms)[0m  [1mSAVEPOINT active_record_1[0m
  [1m[35mSQL (0.1ms)[0m  INSERT INTO "movies" ("title", "rating", "release_date", "created_at", "updated_at") VALUES (?, ?, ?, ?, ?)  [["title", "Amelie"], ["rating", "R"], ["release_date", "2001-04-25 00:00:00.000000"], ["created_at", "2020-03-09 23:56:55.028823"], ["updated_at", "2020-03-09 23:56:55.028823"]]
  [1m[36m (0.0ms)[0m  [1mRELEASE SAVEPOINT active_record_1[0m
  [1m[35m (0.0ms)[0m  SAVEPOINT active_record_1
  [1m[36mSQL (0.1ms)[0m  [1mINSERT INTO "movies" ("title", "rating", "release_date", "created_at", "updated_at") VALUES (?, ?, ?, ?, ?)[0m  [["title", "2001: A Space Odyssey"], ["rating", "G"], ["release_date", "1968-04-06 00:00:00.000000"], ["created_at", "2020-03-09 23:56:55.030016"], ["updated_at", "2020-03-09 23:56:55.030016"]]
  [1m[35m (0.0ms)[0m  RELEASE SAVEPOINT active_record_1
  [1m[36m (0.0ms)[0m  [1mSAVEPOINT active_record_1[0m
  [1m[35mSQL (0.1ms)[0m  INSERT INTO "movies" ("title", "rating", "release_date", "created_at", "updated_at") VALUES (?, ?, ?, ?, ?)  [["title", "The Incredibles"], ["rating", "PG"], ["release_date", "2004-11-05 00:00:00.000000"], ["created_at", "2020-03-09 23:56:55.031248"], ["updated_at", "2020-03-09 23:56:55.031248"]]
  [1m[36m (0.1ms)[0m  [1mRELEASE SAVEPOINT active_record_1[0m
  [1m[35m (0.1ms)[0m  SAVEPOINT active_record_1
  [1m[36mSQL (0.1ms)[0m  [1mINSERT INTO "movies" ("title", "rating", "release_date", "created_at", "updated_at") VALUES (?, ?, ?, ?, ?)[0m  [["title", "Raiders of the Lost Ark"], ["rating", "PG"], ["release_date", "1981-06-12 00:00:00.000000"], ["created_at", "2020-03-09 23:56:55.032557"], ["updated_at", "2020-03-09 23:56:55.032557"]]
  [1m[35m (0.0ms)[0m  RELEASE SAVEPOINT active_record_1
  [1m[36m (0.0ms)[0m  [1mSAVEPOINT active_record_1[0m
  [1m[35mSQL (0.1ms)[0m  INSERT INTO "movies" ("title", "rating", "release_date", "created_at", "updated_at") VALUES (?, ?, ?, ?, ?)  [["title", "Chicken Run"], ["rating", "G"], ["release_date", "2000-06-21 00:00:00.000000"], ["created_at", "2020-03-09 23:56:55.033805"], ["updated_at", "2020-03-09 23:56:55.033805"]]
  [1m[36m (0.0ms)[0m  [1mRELEASE SAVEPOINT active_record_1[0m
Started GET "/movies" for 127.0.0.1 at 2020-03-09 23:56:55 +0000
Processing by MoviesController#index as HTML
  [1m[35mMovie Load (0.2ms)[0m  SELECT "movies".* FROM "movies" WHERE "movies"."rating" IN ('G', 'PG', 'PG-13', 'NC-17', 'R')
  Rendered movies/index.html.haml within layouts/application (3.3ms)
Completed 200 OK in 5ms (Views: 4.3ms | ActiveRecord: 0.2ms)
Started GET "/movies?ratings[G]=G&ratings[NC-17]=NC-17&ratings[PG]=PG&ratings[PG-13]=PG-13&ratings[R]=R&sort=title" for 127.0.0.1 at 2020-03-09 23:56:55 +0000
Processing by MoviesController#index as HTML
  Parameters: {"ratings"=>{"G"=>"G", "NC-17"=>"NC-17", "PG"=>"PG", "PG-13"=>"PG-13", "R"=>"R"}, "sort"=>"title"}
Redirected to http://www.example.com/movies?ratings%5BG%5D=G&ratings%5BNC-17%5D=NC-17&ratings%5BPG%5D=PG&ratings%5BPG-13%5D=PG-13&ratings%5BR%5D=R&sort=title
Completed 302 Found in 1ms (ActiveRecord: 0.0ms)
Started GET "/movies?ratings[G]=G&ratings[NC-17]=NC-17&ratings[PG]=PG&ratings[PG-13]=PG-13&ratings[R]=R&sort=title" for 127.0.0.1 at 2020-03-09 23:56:55 +0000
Processing by MoviesController#index as HTML
  Parameters: {"ratings"=>{"G"=>"G", "NC-17"=>"NC-17", "PG"=>"PG", "PG-13"=>"PG-13", "R"=>"R"}, "sort"=>"title"}
  [1m[36mMovie Load (0.2ms)[0m  [1mSELECT "movies".* FROM "movies" WHERE "movies"."rating" IN ('G', 'NC-17', 'PG', 'PG-13', 'R')  ORDER BY "movies"."title" ASC[0m
  Rendered movies/index.html.haml within layouts/application (3.5ms)
Completed 200 OK in 5ms (Views: 4.6ms | ActiveRecord: 0.2ms)
  [1m[35m (0.2ms)[0m  rollback transaction
  [1m[36m (0.1ms)[0m  [1mbegin transaction[0m
  [1m[35m (0.1ms)[0m  commit transaction
  [1m[36m (0.1ms)[0m  [1mbegin transaction[0m
  [1m[35m (0.1ms)[0m  SAVEPOINT active_record_1
  [1m[36mSQL (0.1ms)[0m  [1mINSERT INTO "movies" ("title", "rating", "release_date", "created_at", "updated_at") VALUES (?, ?, ?, ?, ?)[0m  [["title", "Aladdin"], ["rating", "G"], ["release_date", "1992-11-25 00:00:00.000000"], ["created_at", "2020-03-09 23:56:55.068255"], ["updated_at", "2020-03-09 23:56:55.068255"]]
  [1m[35m (0.0ms)[0m  RELEASE SAVEPOINT active_record_1
  [1m[36m (0.1ms)[0m  [1mSAVEPOINT active_record_1[0m
  [1m[35mSQL (0.1ms)[0m  INSERT INTO "movies" ("title", "rating", "release_date", "created_at", "updated_at") VALUES (?, ?, ?, ?, ?)  [["title", "The Terminator"], ["rating", "R"], ["release_date", "1984-10-26 00:00:00.000000"], ["created_at", "2020-03-09 23:56:55.069825"], ["updated_at", "2020-03-09 23:56:55.069825"]]
  [1m[36m (0.1ms)[0m  [1mRELEASE SAVEPOINT active_record_1[0m
  [1m[35m (0.0ms)[0m  SAVEPOINT active_record_1
  [1m[36mSQL (0.1ms)[0m  [1mINSERT INTO "movies" ("title", "rating", "release_date", "created_at", "updated_at") VALUES (?, ?, ?, ?, ?)[0m  [["title", "When Harry Met Sally"], ["rating", "R"], ["release_date", "1989-07-21 00:00:00.000000"], ["created_at", "2020-03-09 23:56:55.071248"], ["updated_at", "2020-03-09 23:56:55.071248"]]
  [1m[35m (0.1ms)[0m  RELEASE SAVEPOINT active_record_1
  [1m[36m (0.0ms)[0m  [1mSAVEPOINT active_record_1[0m
  [1m[35mSQL (0.1ms)[0m  INSERT INTO "movies" ("title", "rating", "release_date", "created_at", "updated_at") VALUES (?, ?, ?, ?, ?)  [["title", "The Help"], ["rating", "PG-13"], ["release_date", "2011-08-10 00:00:00.000000"], ["created_at", "2020-03-09 23:56:55.072639"], ["updated_at", "2020-03-09 23:56:55.072639"]]
  [1m[36m (0.0ms)[0m  [1mRELEASE SAVEPOINT active_record_1[0m
  [1m[35m (0.0ms)[0m  SAVEPOINT active_record_1
  [1m[36mSQL (0.1ms)[0m  [1mINSERT INTO "movies" ("title", "rating", "release_date", "created_at", "updated_at") VALUES (?, ?, ?, ?, ?)[0m  [["title", "Chocolat"], ["rating", "PG-13"], ["release_date", "2001-01-05 00:00:00.000000"], ["created_at", "2020-03-09 23:56:55.074007"], ["updated_at", "2020-03-09 23:56:55.074007"]]
  [1m[35m (0.1ms)[0m  RELEASE SAVEPOINT active_record_1
  [1m[36m (0.0ms)[0m  [1mSAVEPOINT active_record_1[0m
  [1m[35mSQL (0.1ms)[0m  INSERT INTO "movies" ("title", "rating", "release_date", "created_at", "updated_at") VALUES (?, ?, ?, ?, ?)  [["title", "Amelie"], ["rating", "R"], ["release_date", "2001-04-25 00:00:00.000000"], ["created_at", "2020-03-09 23:56:55.075389"], ["updated_at", "2020-03-09 23:56:55.075389"]]
  [1m[36m (0.1ms)[0m  [1mRELEASE SAVEPOINT active_record_1[0m
  [1m[35m (0.1ms)[0m  SAVEPOINT active_record_1
  [1m[36mSQL (0.1ms)[0m  [1mINSERT INTO "movies" ("title", "rating", "release_date", "created_at", "updated_at") VALUES (?, ?, ?, ?, ?)[0m  [["title", "2001: A Space Odyssey"], ["rating", "G"], ["release_date", "1968-04-06 00:00:00.000000"], ["created_at", "2020-03-09 23:56:55.076856"], ["updated_at", "2020-03-09 23:56:55.076856"]]
  [1m[35m (0.1ms)[0m  RELEASE SAVEPOINT active_record_1
  [1m[36m (0.0ms)[0m  [1mSAVEPOINT active_record_1[0m
  [1m[35mSQL (0.1ms)[0m  INSERT INTO "movies" ("title", "rating", "release_date", "created_at", "updated_at") VALUES (?, ?, ?, ?, ?)  [["title", "The Incredibles"], ["rating", "PG"], ["release_date", "2004-11-05 00:00:00.000000"], ["created_at", "2020-03-09 23:56:55.078250"], ["updated_at", "2020-03-09 23:56:55.078250"]]
  [1m[36m (0.0ms)[0m  [1mRELEASE SAVEPOINT active_record_1[0m
  [1m[35m (0.1ms)[0m  SAVEPOINT active_record_1
  [1m[36mSQL (0.1ms)[0m  [1mINSERT INTO "movies" ("title", "rating", "release_date", "created_at", "updated_at") VALUES (?, ?, ?, ?, ?)[0m  [["title", "Raiders of the Lost Ark"], ["rating", "PG"], ["release_date", "1981-06-12 00:00:00.000000"], ["created_at", "2020-03-09 23:56:55.079583"], ["updated_at", "2020-03-09 23:56:55.079583"]]
  [1m[35m (0.1ms)[0m  RELEASE SAVEPOINT active_record_1
  [1m[36m (0.0ms)[0m  [1mSAVEPOINT active_record_1[0m
  [1m[35mSQL (0.1ms)[0m  INSERT INTO "movies" ("title", "rating", "release_date", "created_at", "updated_at") VALUES (?, ?, ?, ?, ?)  [["title", "Chicken Run"], ["rating", "G"], ["release_date", "2000-06-21 00:00:00.000000"], ["created_at", "2020-03-09 23:56:55.080944"], ["updated_at", "2020-03-09 23:56:55.080944"]]
  [1m[36m (0.0ms)[0m  [1mRELEASE SAVEPOINT active_record_1[0m
Started GET "/movies" for 127.0.0.1 at 2020-03-09 23:56:55 +0000
Processing by MoviesController#index as HTML
  [1m[35mMovie Load (0.2ms)[0m  SELECT "movies".* FROM "movies" WHERE "movies"."rating" IN ('G', 'PG', 'PG-13', 'NC-17', 'R')
  Rendered movies/index.html.haml within layouts/application (5.2ms)
Completed 200 OK in 8ms (Views: 7.0ms | ActiveRecord: 0.2ms)
Started GET "/movies?ratings[G]=G&ratings[NC-17]=NC-17&ratings[PG]=PG&ratings[PG-13]=PG-13&ratings[R]=R&sort=release_date" for 127.0.0.1 at 2020-03-09 23:56:55 +0000
Processing by MoviesController#index as HTML
  Parameters: {"ratings"=>{"G"=>"G", "NC-17"=>"NC-17", "PG"=>"PG", "PG-13"=>"PG-13", "R"=>"R"}, "sort"=>"release_date"}
Redirected to http://www.example.com/movies?ratings%5BG%5D=G&ratings%5BNC-17%5D=NC-17&ratings%5BPG%5D=PG&ratings%5BPG-13%5D=PG-13&ratings%5BR%5D=R&sort=release_date
Completed 302 Found in 1ms (ActiveRecord: 0.0ms)
Started GET "/movies?ratings[G]=G&ratings[NC-17]=NC-17&ratings[PG]=PG&ratings[PG-13]=PG-13&ratings[R]=R&sort=release_date" for 127.0.0.1 at 2020-03-09 23:56:55 +0000
Processing by MoviesController#index as HTML
  Parameters: {"ratings"=>{"G"=>"G", "NC-17"=>"NC-17", "PG"=>"PG", "PG-13"=>"PG-13", "R"=>"R"}, "sort"=>"release_date"}
  [1m[36mMovie Load (0.2ms)[0m  [1mSELECT "movies".* FROM "movies" WHERE "movies"."rating" IN ('G', 'NC-17', 'PG', 'PG-13', 'R')  ORDER BY "movies"."release_date" ASC[0m
  Rendered movies/index.html.haml within layouts/application (8.4ms)
Completed 200 OK in 11ms (Views: 9.8ms | ActiveRecord: 0.2ms)
  [1m[35m (0.1ms)[0m  rollback transaction
  [1m[36mActiveRecord::SchemaMigration Load (0.1ms)[0m  [1mSELECT "schema_migrations".* FROM "schema_migrations"[0m
  [1m[35m (0.1ms)[0m  begin transaction
  [1m[36m (0.0ms)[0m  [1mcommit transaction[0m
  [1m[35m (0.0ms)[0m  begin transaction
  [1m[36m (0.0ms)[0m  [1mSAVEPOINT active_record_1[0m
  [1m[35mSQL (0.4ms)[0m  INSERT INTO "movies" ("title", "rating", "release_date", "created_at", "updated_at") VALUES (?, ?, ?, ?, ?)  [["title", "Aladdin"], ["rating", "G"], ["release_date", "1992-11-25 00:00:00.000000"], ["created_at", "2020-03-10 00:06:19.760725"], ["updated_at", "2020-03-10 00:06:19.760725"]]
  [1m[36m (0.0ms)[0m  [1mRELEASE SAVEPOINT active_record_1[0m
  [1m[35m (0.0ms)[0m  SAVEPOINT active_record_1
  [1m[36mSQL (0.1ms)[0m  [1mINSERT INTO "movies" ("title", "rating", "release_date", "created_at", "updated_at") VALUES (?, ?, ?, ?, ?)[0m  [["title", "The Terminator"], ["rating", "R"], ["release_date", "1984-10-26 00:00:00.000000"], ["created_at", "2020-03-10 00:06:19.762639"], ["updated_at", "2020-03-10 00:06:19.762639"]]
  [1m[35m (0.0ms)[0m  RELEASE SAVEPOINT active_record_1
  [1m[36m (0.0ms)[0m  [1mSAVEPOINT active_record_1[0m
  [1m[35mSQL (0.1ms)[0m  INSERT INTO "movies" ("title", "rating", "release_date", "created_at", "updated_at") VALUES (?, ?, ?, ?, ?)  [["title", "When Harry Met Sally"], ["rating", "R"], ["release_date", "1989-07-21 00:00:00.000000"], ["created_at", "2020-03-10 00:06:19.763875"], ["updated_at", "2020-03-10 00:06:19.763875"]]
  [1m[36m (0.0ms)[0m  [1mRELEASE SAVEPOINT active_record_1[0m
  [1m[35m (0.0ms)[0m  SAVEPOINT active_record_1
  [1m[36mSQL (0.1ms)[0m  [1mINSERT INTO "movies" ("title", "rating", "release_date", "created_at", "updated_at") VALUES (?, ?, ?, ?, ?)[0m  [["title", "The Help"], ["rating", "PG-13"], ["release_date", "2011-08-10 00:00:00.000000"], ["created_at", "2020-03-10 00:06:19.765050"], ["updated_at", "2020-03-10 00:06:19.765050"]]
  [1m[35m (0.0ms)[0m  RELEASE SAVEPOINT active_record_1
  [1m[36m (0.0ms)[0m  [1mSAVEPOINT active_record_1[0m
  [1m[35mSQL (0.1ms)[0m  INSERT INTO "movies" ("title", "rating", "release_date", "created_at", "updated_at") VALUES (?, ?, ?, ?, ?)  [["title", "Chocolat"], ["rating", "PG-13"], ["release_date", "2001-01-05 00:00:00.000000"], ["created_at", "2020-03-10 00:06:19.766195"], ["updated_at", "2020-03-10 00:06:19.766195"]]
  [1m[36m (0.0ms)[0m  [1mRELEASE SAVEPOINT active_record_1[0m
  [1m[35m (0.0ms)[0m  SAVEPOINT active_record_1
  [1m[36mSQL (0.1ms)[0m  [1mINSERT INTO "movies" ("title", "rating", "release_date", "created_at", "updated_at") VALUES (?, ?, ?, ?, ?)[0m  [["title", "Amelie"], ["rating", "R"], ["release_date", "2001-04-25 00:00:00.000000"], ["created_at", "2020-03-10 00:06:19.767325"], ["updated_at", "2020-03-10 00:06:19.767325"]]
  [1m[35m (0.0ms)[0m  RELEASE SAVEPOINT active_record_1
  [1m[36m (0.0ms)[0m  [1mSAVEPOINT active_record_1[0m
  [1m[35mSQL (0.1ms)[0m  INSERT INTO "movies" ("title", "rating", "release_date", "created_at", "updated_at") VALUES (?, ?, ?, ?, ?)  [["title", "2001: A Space Odyssey"], ["rating", "G"], ["release_date", "1968-04-06 00:00:00.000000"], ["created_at", "2020-03-10 00:06:19.768535"], ["updated_at", "2020-03-10 00:06:19.768535"]]
  [1m[36m (0.0ms)[0m  [1mRELEASE SAVEPOINT active_record_1[0m
  [1m[35m (0.0ms)[0m  SAVEPOINT active_record_1
  [1m[36mSQL (0.1ms)[0m  [1mINSERT INTO "movies" ("title", "rating", "release_date", "created_at", "updated_at") VALUES (?, ?, ?, ?, ?)[0m  [["title", "The Incredibles"], ["rating", "PG"], ["release_date", "2004-11-05 00:00:00.000000"], ["created_at", "2020-03-10 00:06:19.769695"], ["updated_at", "2020-03-10 00:06:19.769695"]]
  [1m[35m (0.0ms)[0m  RELEASE SAVEPOINT active_record_1
  [1m[36m (0.1ms)[0m  [1mSAVEPOINT active_record_1[0m
  [1m[35mSQL (0.1ms)[0m  INSERT INTO "movies" ("title", "rating", "release_date", "created_at", "updated_at") VALUES (?, ?, ?, ?, ?)  [["title", "Raiders of the Lost Ark"], ["rating", "PG"], ["release_date", "1981-06-12 00:00:00.000000"], ["created_at", "2020-03-10 00:06:19.770906"], ["updated_at", "2020-03-10 00:06:19.770906"]]
  [1m[36m (0.0ms)[0m  [1mRELEASE SAVEPOINT active_record_1[0m
  [1m[35m (0.0ms)[0m  SAVEPOINT active_record_1
  [1m[36mSQL (0.1ms)[0m  [1mINSERT INTO "movies" ("title", "rating", "release_date", "created_at", "updated_at") VALUES (?, ?, ?, ?, ?)[0m  [["title", "Chicken Run"], ["rating", "G"], ["release_date", "2000-06-21 00:00:00.000000"], ["created_at", "2020-03-10 00:06:19.772106"], ["updated_at", "2020-03-10 00:06:19.772106"]]
  [1m[35m (0.1ms)[0m  RELEASE SAVEPOINT active_record_1
Started GET "/movies" for 127.0.0.1 at 2020-03-10 00:06:19 +0000
Processing by MoviesController#index as HTML
  [1m[36mMovie Load (0.2ms)[0m  [1mSELECT "movies".* FROM "movies" WHERE "movies"."rating" IN ('G', 'PG', 'PG-13', 'NC-17', 'R')[0m
  Rendered movies/index.html.haml within layouts/application (6.0ms)
Completed 200 OK in 149ms (Views: 139.0ms | ActiveRecord: 0.2ms)
Started GET "/movies?utf8=%E2%9C%93&ratings[PG]=1&ratings[NC-17]=1&ratings[R]=1&commit=Refresh" for 127.0.0.1 at 2020-03-10 00:06:19 +0000
Processing by MoviesController#index as HTML
  Parameters: {"utf8"=>"✓", "ratings"=>{"PG"=>"1", "NC-17"=>"1", "R"=>"1"}, "commit"=>"Refresh"}
Redirected to http://www.example.com/movies?ratings%5BNC-17%5D=1&ratings%5BPG%5D=1&ratings%5BR%5D=1
Completed 302 Found in 1ms (ActiveRecord: 0.0ms)
Started GET "/movies?ratings[NC-17]=1&ratings[PG]=1&ratings[R]=1" for 127.0.0.1 at 2020-03-10 00:06:19 +0000
Processing by MoviesController#index as HTML
  Parameters: {"ratings"=>{"NC-17"=>"1", "PG"=>"1", "R"=>"1"}}
  [1m[35mMovie Load (0.2ms)[0m  SELECT "movies".* FROM "movies" WHERE "movies"."rating" IN ('NC-17', 'PG', 'R')
  Rendered movies/index.html.haml within layouts/application (2.2ms)
Completed 200 OK in 4ms (Views: 3.1ms | ActiveRecord: 0.2ms)
  [1m[36m (0.3ms)[0m  [1mrollback transaction[0m
  [1m[35m (0.0ms)[0m  begin transaction
  [1m[36m (0.0ms)[0m  [1mcommit transaction[0m
  [1m[35m (0.0ms)[0m  begin transaction
  [1m[36m (0.0ms)[0m  [1mSAVEPOINT active_record_1[0m
  [1m[35mSQL (0.1ms)[0m  INSERT INTO "movies" ("title", "rating", "release_date", "created_at", "updated_at") VALUES (?, ?, ?, ?, ?)  [["title", "Aladdin"], ["rating", "G"], ["release_date", "1992-11-25 00:00:00.000000"], ["created_at", "2020-03-10 00:06:19.972593"], ["updated_at", "2020-03-10 00:06:19.972593"]]
  [1m[36m (0.0ms)[0m  [1mRELEASE SAVEPOINT active_record_1[0m
  [1m[35m (0.0ms)[0m  SAVEPOINT active_record_1
  [1m[36mSQL (0.1ms)[0m  [1mINSERT INTO "movies" ("title", "rating", "release_date", "created_at", "updated_at") VALUES (?, ?, ?, ?, ?)[0m  [["title", "The Terminator"], ["rating", "R"], ["release_date", "1984-10-26 00:00:00.000000"], ["created_at", "2020-03-10 00:06:19.973982"], ["updated_at", "2020-03-10 00:06:19.973982"]]
  [1m[35m (0.0ms)[0m  RELEASE SAVEPOINT active_record_1
  [1m[36m (0.0ms)[0m  [1mSAVEPOINT active_record_1[0m
  [1m[35mSQL (0.1ms)[0m  INSERT INTO "movies" ("title", "rating", "release_date", "created_at", "updated_at") VALUES (?, ?, ?, ?, ?)  [["title", "When Harry Met Sally"], ["rating", "R"], ["release_date", "1989-07-21 00:00:00.000000"], ["created_at", "2020-03-10 00:06:19.975267"], ["updated_at", "2020-03-10 00:06:19.975267"]]
  [1m[36m (0.0ms)[0m  [1mRELEASE SAVEPOINT active_record_1[0m
  [1m[35m (0.1ms)[0m  SAVEPOINT active_record_1
  [1m[36mSQL (0.1ms)[0m  [1mINSERT INTO "movies" ("title", "rating", "release_date", "created_at", "updated_at") VALUES (?, ?, ?, ?, ?)[0m  [["title", "The Help"], ["rating", "PG-13"], ["release_date", "2011-08-10 00:00:00.000000"], ["created_at", "2020-03-10 00:06:19.976477"], ["updated_at", "2020-03-10 00:06:19.976477"]]
  [1m[35m (0.0ms)[0m  RELEASE SAVEPOINT active_record_1
  [1m[36m (0.0ms)[0m  [1mSAVEPOINT active_record_1[0m
  [1m[35mSQL (0.1ms)[0m  INSERT INTO "movies" ("title", "rating", "release_date", "created_at", "updated_at") VALUES (?, ?, ?, ?, ?)  [["title", "Chocolat"], ["rating", "PG-13"], ["release_date", "2001-01-05 00:00:00.000000"], ["created_at", "2020-03-10 00:06:19.977672"], ["updated_at", "2020-03-10 00:06:19.977672"]]
  [1m[36m (0.0ms)[0m  [1mRELEASE SAVEPOINT active_record_1[0m
  [1m[35m (0.0ms)[0m  SAVEPOINT active_record_1
  [1m[36mSQL (0.1ms)[0m  [1mINSERT INTO "movies" ("title", "rating", "release_date", "created_at", "updated_at") VALUES (?, ?, ?, ?, ?)[0m  [["title", "Amelie"], ["rating", "R"], ["release_date", "2001-04-25 00:00:00.000000"], ["created_at", "2020-03-10 00:06:19.978902"], ["updated_at", "2020-03-10 00:06:19.978902"]]
  [1m[35m (0.0ms)[0m  RELEASE SAVEPOINT active_record_1
  [1m[36m (0.0ms)[0m  [1mSAVEPOINT active_record_1[0m
  [1m[35mSQL (0.1ms)[0m  INSERT INTO "movies" ("title", "rating", "release_date", "created_at", "updated_at") VALUES (?, ?, ?, ?, ?)  [["title", "2001: A Space Odyssey"], ["rating", "G"], ["release_date", "1968-04-06 00:00:00.000000"], ["created_at", "2020-03-10 00:06:19.980116"], ["updated_at", "2020-03-10 00:06:19.980116"]]
  [1m[36m (0.0ms)[0m  [1mRELEASE SAVEPOINT active_record_1[0m
  [1m[35m (0.0ms)[0m  SAVEPOINT active_record_1
  [1m[36mSQL (0.1ms)[0m  [1mINSERT INTO "movies" ("title", "rating", "release_date", "created_at", "updated_at") VALUES (?, ?, ?, ?, ?)[0m  [["title", "The Incredibles"], ["rating", "PG"], ["release_date", "2004-11-05 00:00:00.000000"], ["created_at", "2020-03-10 00:06:19.981302"], ["updated_at", "2020-03-10 00:06:19.981302"]]
  [1m[35m (0.0ms)[0m  RELEASE SAVEPOINT active_record_1
  [1m[36m (0.0ms)[0m  [1mSAVEPOINT active_record_1[0m
  [1m[35mSQL (0.1ms)[0m  INSERT INTO "movies" ("title", "rating", "release_date", "created_at", "updated_at") VALUES (?, ?, ?, ?, ?)  [["title", "Raiders of the Lost Ark"], ["rating", "PG"], ["release_date", "1981-06-12 00:00:00.000000"], ["created_at", "2020-03-10 00:06:19.982497"], ["updated_at", "2020-03-10 00:06:19.982497"]]
  [1m[36m (0.1ms)[0m  [1mRELEASE SAVEPOINT active_record_1[0m
  [1m[35m (0.0ms)[0m  SAVEPOINT active_record_1
  [1m[36mSQL (0.2ms)[0m  [1mINSERT INTO "movies" ("title", "rating", "release_date", "created_at", "updated_at") VALUES (?, ?, ?, ?, ?)[0m  [["title", "Chicken Run"], ["rating", "G"], ["release_date", "2000-06-21 00:00:00.000000"], ["created_at", "2020-03-10 00:06:19.983670"], ["updated_at", "2020-03-10 00:06:19.983670"]]
  [1m[35m (0.0ms)[0m  RELEASE SAVEPOINT active_record_1
Started GET "/movies" for 127.0.0.1 at 2020-03-10 00:06:19 +0000
Processing by MoviesController#index as HTML
  [1m[36mMovie Load (0.2ms)[0m  [1mSELECT "movies".* FROM "movies" WHERE "movies"."rating" IN ('G', 'PG', 'PG-13', 'NC-17', 'R')[0m
  Rendered movies/index.html.haml within layouts/application (2.9ms)
Completed 200 OK in 4ms (Views: 3.8ms | ActiveRecord: 0.2ms)
Started GET "/movies?utf8=%E2%9C%93&ratings[G]=1&ratings[PG]=1&ratings[PG-13]=1&ratings[NC-17]=1&ratings[R]=1&commit=Refresh" for 127.0.0.1 at 2020-03-10 00:06:19 +0000
Processing by MoviesController#index as HTML
  Parameters: {"utf8"=>"✓", "ratings"=>{"G"=>"1", "PG"=>"1", "PG-13"=>"1", "NC-17"=>"1", "R"=>"1"}, "commit"=>"Refresh"}
Redirected to http://www.example.com/movies?ratings%5BG%5D=1&ratings%5BNC-17%5D=1&ratings%5BPG%5D=1&ratings%5BPG-13%5D=1&ratings%5BR%5D=1
Completed 302 Found in 1ms (ActiveRecord: 0.0ms)
Started GET "/movies?ratings[G]=1&ratings[NC-17]=1&ratings[PG]=1&ratings[PG-13]=1&ratings[R]=1" for 127.0.0.1 at 2020-03-10 00:06:19 +0000
Processing by MoviesController#index as HTML
  Parameters: {"ratings"=>{"G"=>"1", "NC-17"=>"1", "PG"=>"1", "PG-13"=>"1", "R"=>"1"}}
  [1m[35mMovie Load (0.2ms)[0m  SELECT "movies".* FROM "movies" WHERE "movies"."rating" IN ('G', 'NC-17', 'PG', 'PG-13', 'R')
  Rendered movies/index.html.haml within layouts/application (3.0ms)
Completed 200 OK in 5ms (Views: 3.9ms | ActiveRecord: 0.2ms)
  [1m[36mMovie Load (0.1ms)[0m  [1mSELECT "movies".* FROM "movies"[0m
  [1m[35m (0.3ms)[0m  rollback transaction
  [1m[36m (0.0ms)[0m  [1mbegin transaction[0m
  [1m[35m (0.1ms)[0m  commit transaction
  [1m[36m (0.0ms)[0m  [1mbegin transaction[0m
  [1m[35m (0.0ms)[0m  SAVEPOINT active_record_1
  [1m[36mSQL (0.2ms)[0m  [1mINSERT INTO "movies" ("title", "rating", "director", "release_date", "created_at", "updated_at") VALUES (?, ?, ?, ?, ?, ?)[0m  [["title", "Aladdin"], ["rating", "G"], ["director", "Ron Clements"], ["release_date", "1992-11-25 00:00:00.000000"], ["created_at", "2020-03-10 00:06:20.027948"], ["updated_at", "2020-03-10 00:06:20.027948"]]
  [1m[35m (0.0ms)[0m  RELEASE SAVEPOINT active_record_1
  [1m[36m (0.0ms)[0m  [1mSAVEPOINT active_record_1[0m
  [1m[35mSQL (0.1ms)[0m  INSERT INTO "movies" ("title", "rating", "director", "release_date", "created_at", "updated_at") VALUES (?, ?, ?, ?, ?, ?)  [["title", "The Terminator"], ["rating", "R"], ["director", "James Cameron"], ["release_date", "1984-10-26 00:00:00.000000"], ["created_at", "2020-03-10 00:06:20.029404"], ["updated_at", "2020-03-10 00:06:20.029404"]]
  [1m[36m (0.0ms)[0m  [1mRELEASE SAVEPOINT active_record_1[0m
  [1m[35m (0.0ms)[0m  SAVEPOINT active_record_1
  [1m[36mSQL (0.1ms)[0m  [1mINSERT INTO "movies" ("title", "rating", "director", "release_date", "created_at", "updated_at") VALUES (?, ?, ?, ?, ?, ?)[0m  [["title", "When Harry Met Sally"], ["rating", "R"], ["director", "Rob Reiner"], ["release_date", "1989-07-21 00:00:00.000000"], ["created_at", "2020-03-10 00:06:20.030654"], ["updated_at", "2020-03-10 00:06:20.030654"]]
  [1m[35m (0.0ms)[0m  RELEASE SAVEPOINT active_record_1
  [1m[36m (0.0ms)[0m  [1mSAVEPOINT active_record_1[0m
  [1m[35mSQL (0.1ms)[0m  INSERT INTO "movies" ("title", "rating", "director", "release_date", "created_at", "updated_at") VALUES (?, ?, ?, ?, ?, ?)  [["title", "The Help"], ["rating", "PG-13"], ["director", "Tate Taylor"], ["release_date", "2011-08-10 00:00:00.000000"], ["created_at", "2020-03-10 00:06:20.031887"], ["updated_at", "2020-03-10 00:06:20.031887"]]
  [1m[36m (0.0ms)[0m  [1mRELEASE SAVEPOINT active_record_1[0m
  [1m[35m (0.0ms)[0m  SAVEPOINT active_record_1
  [1m[36mSQL (0.1ms)[0m  [1mINSERT INTO "movies" ("title", "rating", "director", "release_date", "created_at", "updated_at") VALUES (?, ?, ?, ?, ?, ?)[0m  [["title", "Chocolat"], ["rating", "PG-13"], ["director", ""], ["release_date", "2001-01-05 00:00:00.000000"], ["created_at", "2020-03-10 00:06:20.033044"], ["updated_at", "2020-03-10 00:06:20.033044"]]
  [1m[35m (0.0ms)[0m  RELEASE SAVEPOINT active_record_1
  [1m[36m (0.0ms)[0m  [1mSAVEPOINT active_record_1[0m
  [1m[35mSQL (0.1ms)[0m  INSERT INTO "movies" ("title", "rating", "director", "release_date", "created_at", "updated_at") VALUES (?, ?, ?, ?, ?, ?)  [["title", "Amelie"], ["rating", "R"], ["director", ""], ["release_date", "2001-04-25 00:00:00.000000"], ["created_at", "2020-03-10 00:06:20.034237"], ["updated_at", "2020-03-10 00:06:20.034237"]]
  [1m[36m (0.0ms)[0m  [1mRELEASE SAVEPOINT active_record_1[0m
  [1m[35m (0.0ms)[0m  SAVEPOINT active_record_1
  [1m[36mSQL (0.1ms)[0m  [1mINSERT INTO "movies" ("title", "rating", "director", "release_date", "created_at", "updated_at") VALUES (?, ?, ?, ?, ?, ?)[0m  [["title", "2001: A Space Odyssey"], ["rating", "G"], ["director", "Stanley Kubrick"], ["release_date", "1968-04-06 00:00:00.000000"], ["created_at", "2020-03-10 00:06:20.035441"], ["updated_at", "2020-03-10 00:06:20.035441"]]
  [1m[35m (0.0ms)[0m  RELEASE SAVEPOINT active_record_1
  [1m[36m (0.0ms)[0m  [1mSAVEPOINT active_record_1[0m
  [1m[35mSQL (0.1ms)[0m  INSERT INTO "movies" ("title", "rating", "director", "release_date", "created_at", "updated_at") VALUES (?, ?, ?, ?, ?, ?)  [["title", "The Incredibles"], ["rating", "PG"], ["director", ""], ["release_date", "2004-11-05 00:00:00.000000"], ["created_at", "2020-03-10 00:06:20.036610"], ["updated_at", "2020-03-10 00:06:20.036610"]]
  [1m[36m (0.0ms)[0m  [1mRELEASE SAVEPOINT active_record_1[0m
  [1m[35m (0.0ms)[0m  SAVEPOINT active_record_1
  [1m[36mSQL (0.1ms)[0m  [1mINSERT INTO "movies" ("title", "rating", "director", "release_date", "created_at", "updated_at") VALUES (?, ?, ?, ?, ?, ?)[0m  [["title", "Raiders of the Lost Ark"], ["rating", "PG"], ["director", "Steven Spielberg"], ["release_date", "1981-06-12 00:00:00.000000"], ["created_at", "2020-03-10 00:06:20.037789"], ["updated_at", "2020-03-10 00:06:20.037789"]]
  [1m[35m (0.0ms)[0m  RELEASE SAVEPOINT active_record_1
  [1m[36m (0.0ms)[0m  [1mSAVEPOINT active_record_1[0m
  [1m[35mSQL (0.1ms)[0m  INSERT INTO "movies" ("title", "rating", "director", "release_date", "created_at", "updated_at") VALUES (?, ?, ?, ?, ?, ?)  [["title", "Chicken Run"], ["rating", "G"], ["director", ""], ["release_date", "2000-06-21 00:00:00.000000"], ["created_at", "2020-03-10 00:06:20.039119"], ["updated_at", "2020-03-10 00:06:20.039119"]]
  [1m[36m (0.0ms)[0m  [1mRELEASE SAVEPOINT active_record_1[0m
  [1m[35m (0.3ms)[0m  rollback transaction
  [1m[36m (0.0ms)[0m  [1mbegin transaction[0m
  [1m[35m (0.0ms)[0m  commit transaction
  [1m[36m (0.1ms)[0m  [1mbegin transaction[0m
  [1m[35m (0.0ms)[0m  SAVEPOINT active_record_1
  [1m[36mSQL (0.1ms)[0m  [1mINSERT INTO "movies" ("title", "rating", "director", "release_date", "created_at", "updated_at") VALUES (?, ?, ?, ?, ?, ?)[0m  [["title", "Aladdin"], ["rating", "G"], ["director", "Ron Clements"], ["release_date", "1992-11-25 00:00:00.000000"], ["created_at", "2020-03-10 00:06:20.058222"], ["updated_at", "2020-03-10 00:06:20.058222"]]
  [1m[35m (0.0ms)[0m  RELEASE SAVEPOINT active_record_1
  [1m[36m (0.0ms)[0m  [1mSAVEPOINT active_record_1[0m
  [1m[35mSQL (0.1ms)[0m  INSERT INTO "movies" ("title", "rating", "director", "release_date", "created_at", "updated_at") VALUES (?, ?, ?, ?, ?, ?)  [["title", "The Terminator"], ["rating", "R"], ["director", "James Cameron"], ["release_date", "1984-10-26 00:00:00.000000"], ["created_at", "2020-03-10 00:06:20.059626"], ["updated_at", "2020-03-10 00:06:20.059626"]]
  [1m[36m (0.1ms)[0m  [1mRELEASE SAVEPOINT active_record_1[0m
  [1m[35m (0.0ms)[0m  SAVEPOINT active_record_1
  [1m[36mSQL (0.1ms)[0m  [1mINSERT INTO "movies" ("title", "rating", "director", "release_date", "created_at", "updated_at") VALUES (?, ?, ?, ?, ?, ?)[0m  [["title", "When Harry Met Sally"], ["rating", "R"], ["director", "Rob Reiner"], ["release_date", "1989-07-21 00:00:00.000000"], ["created_at", "2020-03-10 00:06:20.060874"], ["updated_at", "2020-03-10 00:06:20.060874"]]
  [1m[35m (0.0ms)[0m  RELEASE SAVEPOINT active_record_1
  [1m[36m (0.0ms)[0m  [1mSAVEPOINT active_record_1[0m
  [1m[35mSQL (0.1ms)[0m  INSERT INTO "movies" ("title", "rating", "director", "release_date", "created_at", "updated_at") VALUES (?, ?, ?, ?, ?, ?)  [["title", "The Help"], ["rating", "PG-13"], ["director", "Tate Taylor"], ["release_date", "2011-08-10 00:00:00.000000"], ["created_at", "2020-03-10 00:06:20.062064"], ["updated_at", "2020-03-10 00:06:20.062064"]]
  [1m[36m (0.0ms)[0m  [1mRELEASE SAVEPOINT active_record_1[0m
  [1m[35m (0.0ms)[0m  SAVEPOINT active_record_1
  [1m[36mSQL (0.1ms)[0m  [1mINSERT INTO "movies" ("title", "rating", "director", "release_date", "created_at", "updated_at") VALUES (?, ?, ?, ?, ?, ?)[0m  [["title", "Chocolat"], ["rating", "PG-13"], ["director", ""], ["release_date", "2001-01-05 00:00:00.000000"], ["created_at", "2020-03-10 00:06:20.063229"], ["updated_at", "2020-03-10 00:06:20.063229"]]
  [1m[35m (0.0ms)[0m  RELEASE SAVEPOINT active_record_1
  [1m[36m (0.0ms)[0m  [1mSAVEPOINT active_record_1[0m
  [1m[35mSQL (0.1ms)[0m  INSERT INTO "movies" ("title", "rating", "director", "release_date", "created_at", "updated_at") VALUES (?, ?, ?, ?, ?, ?)  [["title", "Amelie"], ["rating", "R"], ["director", ""], ["release_date", "2001-04-25 00:00:00.000000"], ["created_at", "2020-03-10 00:06:20.064462"], ["updated_at", "2020-03-10 00:06:20.064462"]]
  [1m[36m (0.0ms)[0m  [1mRELEASE SAVEPOINT active_record_1[0m
  [1m[35m (0.0ms)[0m  SAVEPOINT active_record_1
  [1m[36mSQL (0.1ms)[0m  [1mINSERT INTO "movies" ("title", "rating", "director", "release_date", "created_at", "updated_at") VALUES (?, ?, ?, ?, ?, ?)[0m  [["title", "2001: A Space Odyssey"], ["rating", "G"], ["director", "Stanley Kubrick"], ["release_date", "1968-04-06 00:00:00.000000"], ["created_at", "2020-03-10 00:06:20.065637"], ["updated_at", "2020-03-10 00:06:20.065637"]]
  [1m[35m (0.0ms)[0m  RELEASE SAVEPOINT active_record_1
  [1m[36m (0.0ms)[0m  [1mSAVEPOINT active_record_1[0m
  [1m[35mSQL (0.1ms)[0m  INSERT INTO "movies" ("title", "rating", "director", "release_date", "created_at", "updated_at") VALUES (?, ?, ?, ?, ?, ?)  [["title", "The Incredibles"], ["rating", "PG"], ["director", ""], ["release_date", "2004-11-05 00:00:00.000000"], ["created_at", "2020-03-10 00:06:20.066831"], ["updated_at", "2020-03-10 00:06:20.066831"]]
  [1m[36m (0.0ms)[0m  [1mRELEASE SAVEPOINT active_record_1[0m
  [1m[35m (0.0ms)[0m  SAVEPOINT active_record_1
  [1m[36mSQL (0.1ms)[0m  [1mINSERT INTO "movies" ("title", "rating", "director", "release_date", "created_at", "updated_at") VALUES (?, ?, ?, ?, ?, ?)[0m  [["title", "Raiders of the Lost Ark"], ["rating", "PG"], ["director", "Steven Spielberg"], ["release_date", "1981-06-12 00:00:00.000000"], ["created_at", "2020-03-10 00:06:20.068008"], ["updated_at", "2020-03-10 00:06:20.068008"]]
  [1m[35m (0.0ms)[0m  RELEASE SAVEPOINT active_record_1
  [1m[36m (0.0ms)[0m  [1mSAVEPOINT active_record_1[0m
  [1m[35mSQL (0.1ms)[0m  INSERT INTO "movies" ("title", "rating", "director", "release_date", "created_at", "updated_at") VALUES (?, ?, ?, ?, ?, ?)  [["title", "Chicken Run"], ["rating", "G"], ["director", ""], ["release_date", "2000-06-21 00:00:00.000000"], ["created_at", "2020-03-10 00:06:20.069213"], ["updated_at", "2020-03-10 00:06:20.069213"]]
  [1m[36m (0.0ms)[0m  [1mRELEASE SAVEPOINT active_record_1[0m
  [1m[35m (0.3ms)[0m  rollback transaction
  [1m[36m (0.0ms)[0m  [1mbegin transaction[0m
  [1m[35m (0.1ms)[0m  commit transaction
  [1m[36m (0.0ms)[0m  [1mbegin transaction[0m
  [1m[35m (0.0ms)[0m  SAVEPOINT active_record_1
  [1m[36mSQL (0.1ms)[0m  [1mINSERT INTO "movies" ("title", "rating", "director", "release_date", "created_at", "updated_at") VALUES (?, ?, ?, ?, ?, ?)[0m  [["title", "Aladdin"], ["rating", "G"], ["director", "Ron Clements"], ["release_date", "1992-11-25 00:00:00.000000"], ["created_at", "2020-03-10 00:06:20.077952"], ["updated_at", "2020-03-10 00:06:20.077952"]]
  [1m[35m (0.0ms)[0m  RELEASE SAVEPOINT active_record_1
  [1m[36m (0.1ms)[0m  [1mSAVEPOINT active_record_1[0m
  [1m[35mSQL (0.1ms)[0m  INSERT INTO "movies" ("title", "rating", "director", "release_date", "created_at", "updated_at") VALUES (?, ?, ?, ?, ?, ?)  [["title", "The Terminator"], ["rating", "R"], ["director", "James Cameron"], ["release_date", "1984-10-26 00:00:00.000000"], ["created_at", "2020-03-10 00:06:20.079299"], ["updated_at", "2020-03-10 00:06:20.079299"]]
  [1m[36m (0.0ms)[0m  [1mRELEASE SAVEPOINT active_record_1[0m
  [1m[35m (0.0ms)[0m  SAVEPOINT active_record_1
  [1m[36mSQL (0.1ms)[0m  [1mINSERT INTO "movies" ("title", "rating", "director", "release_date", "created_at", "updated_at") VALUES (?, ?, ?, ?, ?, ?)[0m  [["title", "When Harry Met Sally"], ["rating", "R"], ["director", "Rob Reiner"], ["release_date", "1989-07-21 00:00:00.000000"], ["created_at", "2020-03-10 00:06:20.080562"], ["updated_at", "2020-03-10 00:06:20.080562"]]
  [1m[35m (0.0ms)[0m  RELEASE SAVEPOINT active_record_1
  [1m[36m (0.0ms)[0m  [1mSAVEPOINT active_record_1[0m
  [1m[35mSQL (0.1ms)[0m  INSERT INTO "movies" ("title", "rating", "director", "release_date", "created_at", "updated_at") VALUES (?, ?, ?, ?, ?, ?)  [["title", "The Help"], ["rating", "PG-13"], ["director", "Tate Taylor"], ["release_date", "2011-08-10 00:00:00.000000"], ["created_at", "2020-03-10 00:06:20.081751"], ["updated_at", "2020-03-10 00:06:20.081751"]]
  [1m[36m (0.0ms)[0m  [1mRELEASE SAVEPOINT active_record_1[0m
  [1m[35m (0.1ms)[0m  SAVEPOINT active_record_1
  [1m[36mSQL (0.1ms)[0m  [1mINSERT INTO "movies" ("title", "rating", "director", "release_date", "created_at", "updated_at") VALUES (?, ?, ?, ?, ?, ?)[0m  [["title", "Chocolat"], ["rating", "PG-13"], ["director", ""], ["release_date", "2001-01-05 00:00:00.000000"], ["created_at", "2020-03-10 00:06:20.082940"], ["updated_at", "2020-03-10 00:06:20.082940"]]
  [1m[35m (0.0ms)[0m  RELEASE SAVEPOINT active_record_1
  [1m[36m (0.0ms)[0m  [1mSAVEPOINT active_record_1[0m
  [1m[35mSQL (0.1ms)[0m  INSERT INTO "movies" ("title", "rating", "director", "release_date", "created_at", "updated_at") VALUES (?, ?, ?, ?, ?, ?)  [["title", "Amelie"], ["rating", "R"], ["director", ""], ["release_date", "2001-04-25 00:00:00.000000"], ["created_at", "2020-03-10 00:06:20.084140"], ["updated_at", "2020-03-10 00:06:20.084140"]]
  [1m[36m (0.0ms)[0m  [1mRELEASE SAVEPOINT active_record_1[0m
  [1m[35m (0.0ms)[0m  SAVEPOINT active_record_1
  [1m[36mSQL (0.1ms)[0m  [1mINSERT INTO "movies" ("title", "rating", "director", "release_date", "created_at", "updated_at") VALUES (?, ?, ?, ?, ?, ?)[0m  [["title", "2001: A Space Odyssey"], ["rating", "G"], ["director", "Stanley Kubrick"], ["release_date", "1968-04-06 00:00:00.000000"], ["created_at", "2020-03-10 00:06:20.085322"], ["updated_at", "2020-03-10 00:06:20.085322"]]
  [1m[35m (0.0ms)[0m  RELEASE SAVEPOINT active_record_1
  [1m[36m (0.0ms)[0m  [1mSAVEPOINT active_record_1[0m
  [1m[35mSQL (0.1ms)[0m  INSERT INTO "movies" ("title", "rating", "director", "release_date", "created_at", "updated_at") VALUES (?, ?, ?, ?, ?, ?)  [["title", "The Incredibles"], ["rating", "PG"], ["director", ""], ["release_date", "2004-11-05 00:00:00.000000"], ["created_at", "2020-03-10 00:06:20.086474"], ["updated_at", "2020-03-10 00:06:20.086474"]]
  [1m[36m (0.0ms)[0m  [1mRELEASE SAVEPOINT active_record_1[0m
  [1m[35m (0.0ms)[0m  SAVEPOINT active_record_1
  [1m[36mSQL (0.1ms)[0m  [1mINSERT INTO "movies" ("title", "rating", "director", "release_date", "created_at", "updated_at") VALUES (?, ?, ?, ?, ?, ?)[0m  [["title", "Raiders of the Lost Ark"], ["rating", "PG"], ["director", "Steven Spielberg"], ["release_date", "1981-06-12 00:00:00.000000"], ["created_at", "2020-03-10 00:06:20.087689"], ["updated_at", "2020-03-10 00:06:20.087689"]]
  [1m[35m (0.1ms)[0m  RELEASE SAVEPOINT active_record_1
  [1m[36m (0.0ms)[0m  [1mSAVEPOINT active_record_1[0m
  [1m[35mSQL (0.1ms)[0m  INSERT INTO "movies" ("title", "rating", "director", "release_date", "created_at", "updated_at") VALUES (?, ?, ?, ?, ?, ?)  [["title", "Chicken Run"], ["rating", "G"], ["director", ""], ["release_date", "2000-06-21 00:00:00.000000"], ["created_at", "2020-03-10 00:06:20.088892"], ["updated_at", "2020-03-10 00:06:20.088892"]]
  [1m[36m (0.0ms)[0m  [1mRELEASE SAVEPOINT active_record_1[0m
  [1m[35m (0.3ms)[0m  rollback transaction
  [1m[36m (0.1ms)[0m  [1mbegin transaction[0m
  [1m[35m (0.0ms)[0m  commit transaction
  [1m[36m (0.0ms)[0m  [1mbegin transaction[0m
  [1m[35m (0.0ms)[0m  SAVEPOINT active_record_1
  [1m[36mSQL (0.1ms)[0m  [1mINSERT INTO "movies" ("title", "rating", "release_date", "created_at", "updated_at") VALUES (?, ?, ?, ?, ?)[0m  [["title", "Aladdin"], ["rating", "G"], ["release_date", "1992-11-25 00:00:00.000000"], ["created_at", "2020-03-10 00:06:20.098369"], ["updated_at", "2020-03-10 00:06:20.098369"]]
  [1m[35m (0.1ms)[0m  RELEASE SAVEPOINT active_record_1
  [1m[36m (0.0ms)[0m  [1mSAVEPOINT active_record_1[0m
  [1m[35mSQL (0.1ms)[0m  INSERT INTO "movies" ("title", "rating", "release_date", "created_at", "updated_at") VALUES (?, ?, ?, ?, ?)  [["title", "The Terminator"], ["rating", "R"], ["release_date", "1984-10-26 00:00:00.000000"], ["created_at", "2020-03-10 00:06:20.099879"], ["updated_at", "2020-03-10 00:06:20.099879"]]
  [1m[36m (0.0ms)[0m  [1mRELEASE SAVEPOINT active_record_1[0m
  [1m[35m (0.0ms)[0m  SAVEPOINT active_record_1
  [1m[36mSQL (0.1ms)[0m  [1mINSERT INTO "movies" ("title", "rating", "release_date", "created_at", "updated_at") VALUES (?, ?, ?, ?, ?)[0m  [["title", "When Harry Met Sally"], ["rating", "R"], ["release_date", "1989-07-21 00:00:00.000000"], ["created_at", "2020-03-10 00:06:20.101171"], ["updated_at", "2020-03-10 00:06:20.101171"]]
  [1m[35m (0.0ms)[0m  RELEASE SAVEPOINT active_record_1
  [1m[36m (0.0ms)[0m  [1mSAVEPOINT active_record_1[0m
  [1m[35mSQL (0.1ms)[0m  INSERT INTO "movies" ("title", "rating", "release_date", "created_at", "updated_at") VALUES (?, ?, ?, ?, ?)  [["title", "The Help"], ["rating", "PG-13"], ["release_date", "2011-08-10 00:00:00.000000"], ["created_at", "2020-03-10 00:06:20.102460"], ["updated_at", "2020-03-10 00:06:20.102460"]]
  [1m[36m (0.1ms)[0m  [1mRELEASE SAVEPOINT active_record_1[0m
  [1m[35m (0.0ms)[0m  SAVEPOINT active_record_1
  [1m[36mSQL (0.1ms)[0m  [1mINSERT INTO "movies" ("title", "rating", "release_date", "created_at", "updated_at") VALUES (?, ?, ?, ?, ?)[0m  [["title", "Chocolat"], ["rating", "PG-13"], ["release_date", "2001-01-05 00:00:00.000000"], ["created_at", "2020-03-10 00:06:20.103783"], ["updated_at", "2020-03-10 00:06:20.103783"]]
  [1m[35m (0.0ms)[0m  RELEASE SAVEPOINT active_record_1
  [1m[36m (0.0ms)[0m  [1mSAVEPOINT active_record_1[0m
  [1m[35mSQL (0.1ms)[0m  INSERT INTO "movies" ("title", "rating", "release_date", "created_at", "updated_at") VALUES (?, ?, ?, ?, ?)  [["title", "Amelie"], ["rating", "R"], ["release_date", "2001-04-25 00:00:00.000000"], ["created_at", "2020-03-10 00:06:20.105111"], ["updated_at", "2020-03-10 00:06:20.105111"]]
  [1m[36m (0.0ms)[0m  [1mRELEASE SAVEPOINT active_record_1[0m
  [1m[35m (0.0ms)[0m  SAVEPOINT active_record_1
  [1m[36mSQL (0.1ms)[0m  [1mINSERT INTO "movies" ("title", "rating", "release_date", "created_at", "updated_at") VALUES (?, ?, ?, ?, ?)[0m  [["title", "2001: A Space Odyssey"], ["rating", "G"], ["release_date", "1968-04-06 00:00:00.000000"], ["created_at", "2020-03-10 00:06:20.106405"], ["updated_at", "2020-03-10 00:06:20.106405"]]
  [1m[35m (0.0ms)[0m  RELEASE SAVEPOINT active_record_1
  [1m[36m (0.1ms)[0m  [1mSAVEPOINT active_record_1[0m
  [1m[35mSQL (0.1ms)[0m  INSERT INTO "movies" ("title", "rating", "release_date", "created_at", "updated_at") VALUES (?, ?, ?, ?, ?)  [["title", "The Incredibles"], ["rating", "PG"], ["release_date", "2004-11-05 00:00:00.000000"], ["created_at", "2020-03-10 00:06:20.123890"], ["updated_at", "2020-03-10 00:06:20.123890"]]
  [1m[36m (0.0ms)[0m  [1mRELEASE SAVEPOINT active_record_1[0m
  [1m[35m (0.0ms)[0m  SAVEPOINT active_record_1
  [1m[36mSQL (0.1ms)[0m  [1mINSERT INTO "movies" ("title", "rating", "release_date", "created_at", "updated_at") VALUES (?, ?, ?, ?, ?)[0m  [["title", "Raiders of the Lost Ark"], ["rating", "PG"], ["release_date", "1981-06-12 00:00:00.000000"], ["created_at", "2020-03-10 00:06:20.125271"], ["updated_at", "2020-03-10 00:06:20.125271"]]
  [1m[35m (0.0ms)[0m  RELEASE SAVEPOINT active_record_1
  [1m[36m (0.0ms)[0m  [1mSAVEPOINT active_record_1[0m
  [1m[35mSQL (0.3ms)[0m  INSERT INTO "movies" ("title", "rating", "release_date", "created_at", "updated_at") VALUES (?, ?, ?, ?, ?)  [["title", "Chicken Run"], ["rating", "G"], ["release_date", "2000-06-21 00:00:00.000000"], ["created_at", "2020-03-10 00:06:20.126454"], ["updated_at", "2020-03-10 00:06:20.126454"]]
  [1m[36m (0.1ms)[0m  [1mRELEASE SAVEPOINT active_record_1[0m
Started GET "/movies" for 127.0.0.1 at 2020-03-10 00:06:20 +0000
Processing by MoviesController#index as HTML
  [1m[35mMovie Load (0.2ms)[0m  SELECT "movies".* FROM "movies" WHERE "movies"."rating" IN ('G', 'PG', 'PG-13', 'NC-17', 'R')
  Rendered movies/index.html.haml within layouts/application (3.2ms)
Completed 200 OK in 5ms (Views: 4.3ms | ActiveRecord: 0.2ms)
Started GET "/movies?ratings[G]=G&ratings[NC-17]=NC-17&ratings[PG]=PG&ratings[PG-13]=PG-13&ratings[R]=R&sort=title" for 127.0.0.1 at 2020-03-10 00:06:20 +0000
Processing by MoviesController#index as HTML
  Parameters: {"ratings"=>{"G"=>"G", "NC-17"=>"NC-17", "PG"=>"PG", "PG-13"=>"PG-13", "R"=>"R"}, "sort"=>"title"}
Redirected to http://www.example.com/movies?ratings%5BG%5D=G&ratings%5BNC-17%5D=NC-17&ratings%5BPG%5D=PG&ratings%5BPG-13%5D=PG-13&ratings%5BR%5D=R&sort=title
Completed 302 Found in 1ms (ActiveRecord: 0.0ms)
Started GET "/movies?ratings[G]=G&ratings[NC-17]=NC-17&ratings[PG]=PG&ratings[PG-13]=PG-13&ratings[R]=R&sort=title" for 127.0.0.1 at 2020-03-10 00:06:20 +0000
Processing by MoviesController#index as HTML
  Parameters: {"ratings"=>{"G"=>"G", "NC-17"=>"NC-17", "PG"=>"PG", "PG-13"=>"PG-13", "R"=>"R"}, "sort"=>"title"}
  [1m[36mMovie Load (0.2ms)[0m  [1mSELECT "movies".* FROM "movies" WHERE "movies"."rating" IN ('G', 'NC-17', 'PG', 'PG-13', 'R')  ORDER BY "movies"."title" ASC[0m
  Rendered movies/index.html.haml within layouts/application (2.8ms)
Completed 200 OK in 4ms (Views: 3.6ms | ActiveRecord: 0.2ms)
  [1m[35m (0.3ms)[0m  rollback transaction
  [1m[36m (0.1ms)[0m  [1mbegin transaction[0m
  [1m[35m (0.0ms)[0m  commit transaction
  [1m[36m (0.0ms)[0m  [1mbegin transaction[0m
  [1m[35m (0.0ms)[0m  SAVEPOINT active_record_1
  [1m[36mSQL (0.1ms)[0m  [1mINSERT INTO "movies" ("title", "rating", "release_date", "created_at", "updated_at") VALUES (?, ?, ?, ?, ?)[0m  [["title", "Aladdin"], ["rating", "G"], ["release_date", "1992-11-25 00:00:00.000000"], ["created_at", "2020-03-10 00:06:20.157614"], ["updated_at", "2020-03-10 00:06:20.157614"]]
  [1m[35m (0.0ms)[0m  RELEASE SAVEPOINT active_record_1
  [1m[36m (0.0ms)[0m  [1mSAVEPOINT active_record_1[0m
  [1m[35mSQL (0.1ms)[0m  INSERT INTO "movies" ("title", "rating", "release_date", "created_at", "updated_at") VALUES (?, ?, ?, ?, ?)  [["title", "The Terminator"], ["rating", "R"], ["release_date", "1984-10-26 00:00:00.000000"], ["created_at", "2020-03-10 00:06:20.159007"], ["updated_at", "2020-03-10 00:06:20.159007"]]
  [1m[36m (0.0ms)[0m  [1mRELEASE SAVEPOINT active_record_1[0m
  [1m[35m (0.0ms)[0m  SAVEPOINT active_record_1
  [1m[36mSQL (0.1ms)[0m  [1mINSERT INTO "movies" ("title", "rating", "release_date", "created_at", "updated_at") VALUES (?, ?, ?, ?, ?)[0m  [["title", "When Harry Met Sally"], ["rating", "R"], ["release_date", "1989-07-21 00:00:00.000000"], ["created_at", "2020-03-10 00:06:20.160341"], ["updated_at", "2020-03-10 00:06:20.160341"]]
  [1m[35m (0.0ms)[0m  RELEASE SAVEPOINT active_record_1
  [1m[36m (0.0ms)[0m  [1mSAVEPOINT active_record_1[0m
  [1m[35mSQL (0.1ms)[0m  INSERT INTO "movies" ("title", "rating", "release_date", "created_at", "updated_at") VALUES (?, ?, ?, ?, ?)  [["title", "The Help"], ["rating", "PG-13"], ["release_date", "2011-08-10 00:00:00.000000"], ["created_at", "2020-03-10 00:06:20.161535"], ["updated_at", "2020-03-10 00:06:20.161535"]]
  [1m[36m (0.1ms)[0m  [1mRELEASE SAVEPOINT active_record_1[0m
  [1m[35m (0.0ms)[0m  SAVEPOINT active_record_1
  [1m[36mSQL (0.1ms)[0m  [1mINSERT INTO "movies" ("title", "rating", "release_date", "created_at", "updated_at") VALUES (?, ?, ?, ?, ?)[0m  [["title", "Chocolat"], ["rating", "PG-13"], ["release_date", "2001-01-05 00:00:00.000000"], ["created_at", "2020-03-10 00:06:20.162720"], ["updated_at", "2020-03-10 00:06:20.162720"]]
  [1m[35m (0.1ms)[0m  RELEASE SAVEPOINT active_record_1
  [1m[36m (0.0ms)[0m  [1mSAVEPOINT active_record_1[0m
  [1m[35mSQL (0.1ms)[0m  INSERT INTO "movies" ("title", "rating", "release_date", "created_at", "updated_at") VALUES (?, ?, ?, ?, ?)  [["title", "Amelie"], ["rating", "R"], ["release_date", "2001-04-25 00:00:00.000000"], ["created_at", "2020-03-10 00:06:20.163964"], ["updated_at", "2020-03-10 00:06:20.163964"]]
  [1m[36m (0.1ms)[0m  [1mRELEASE SAVEPOINT active_record_1[0m
  [1m[35m (0.0ms)[0m  SAVEPOINT active_record_1
  [1m[36mSQL (0.1ms)[0m  [1mINSERT INTO "movies" ("title", "rating", "release_date", "created_at", "updated_at") VALUES (?, ?, ?, ?, ?)[0m  [["title", "2001: A Space Odyssey"], ["rating", "G"], ["release_date", "1968-04-06 00:00:00.000000"], ["created_at", "2020-03-10 00:06:20.165216"], ["updated_at", "2020-03-10 00:06:20.165216"]]
  [1m[35m (0.0ms)[0m  RELEASE SAVEPOINT active_record_1
  [1m[36m (0.0ms)[0m  [1mSAVEPOINT active_record_1[0m
  [1m[35mSQL (0.1ms)[0m  INSERT INTO "movies" ("title", "rating", "release_date", "created_at", "updated_at") VALUES (?, ?, ?, ?, ?)  [["title", "The Incredibles"], ["rating", "PG"], ["release_date", "2004-11-05 00:00:00.000000"], ["created_at", "2020-03-10 00:06:20.166403"], ["updated_at", "2020-03-10 00:06:20.166403"]]
  [1m[36m (0.0ms)[0m  [1mRELEASE SAVEPOINT active_record_1[0m
  [1m[35m (0.0ms)[0m  SAVEPOINT active_record_1
  [1m[36mSQL (0.1ms)[0m  [1mINSERT INTO "movies" ("title", "rating", "release_date", "created_at", "updated_at") VALUES (?, ?, ?, ?, ?)[0m  [["title", "Raiders of the Lost Ark"], ["rating", "PG"], ["release_date", "1981-06-12 00:00:00.000000"], ["created_at", "2020-03-10 00:06:20.167655"], ["updated_at", "2020-03-10 00:06:20.167655"]]
  [1m[35m (0.0ms)[0m  RELEASE SAVEPOINT active_record_1
  [1m[36m (0.0ms)[0m  [1mSAVEPOINT active_record_1[0m
  [1m[35mSQL (0.3ms)[0m  INSERT INTO "movies" ("title", "rating", "release_date", "created_at", "updated_at") VALUES (?, ?, ?, ?, ?)  [["title", "Chicken Run"], ["rating", "G"], ["release_date", "2000-06-21 00:00:00.000000"], ["created_at", "2020-03-10 00:06:20.168889"], ["updated_at", "2020-03-10 00:06:20.168889"]]
  [1m[36m (0.1ms)[0m  [1mRELEASE SAVEPOINT active_record_1[0m
Started GET "/movies" for 127.0.0.1 at 2020-03-10 00:06:20 +0000
Processing by MoviesController#index as HTML
  [1m[35mMovie Load (0.1ms)[0m  SELECT "movies".* FROM "movies" WHERE "movies"."rating" IN ('G', 'PG', 'PG-13', 'NC-17', 'R')
  Rendered movies/index.html.haml within layouts/application (3.0ms)
Completed 200 OK in 5ms (Views: 4.2ms | ActiveRecord: 0.1ms)
Started GET "/movies?ratings[G]=G&ratings[NC-17]=NC-17&ratings[PG]=PG&ratings[PG-13]=PG-13&ratings[R]=R&sort=release_date" for 127.0.0.1 at 2020-03-10 00:06:20 +0000
Processing by MoviesController#index as HTML
  Parameters: {"ratings"=>{"G"=>"G", "NC-17"=>"NC-17", "PG"=>"PG", "PG-13"=>"PG-13", "R"=>"R"}, "sort"=>"release_date"}
Redirected to http://www.example.com/movies?ratings%5BG%5D=G&ratings%5BNC-17%5D=NC-17&ratings%5BPG%5D=PG&ratings%5BPG-13%5D=PG-13&ratings%5BR%5D=R&sort=release_date
Completed 302 Found in 1ms (ActiveRecord: 0.0ms)
Started GET "/movies?ratings[G]=G&ratings[NC-17]=NC-17&ratings[PG]=PG&ratings[PG-13]=PG-13&ratings[R]=R&sort=release_date" for 127.0.0.1 at 2020-03-10 00:06:20 +0000
Processing by MoviesController#index as HTML
  Parameters: {"ratings"=>{"G"=>"G", "NC-17"=>"NC-17", "PG"=>"PG", "PG-13"=>"PG-13", "R"=>"R"}, "sort"=>"release_date"}
  [1m[36mMovie Load (0.2ms)[0m  [1mSELECT "movies".* FROM "movies" WHERE "movies"."rating" IN ('G', 'NC-17', 'PG', 'PG-13', 'R')  ORDER BY "movies"."release_date" ASC[0m
  Rendered movies/index.html.haml within layouts/application (3.2ms)
Completed 200 OK in 5ms (Views: 4.1ms | ActiveRecord: 0.2ms)
  [1m[35m (0.3ms)[0m  rollback transaction
  [1m[36mActiveRecord::SchemaMigration Load (0.5ms)[0m  [1mSELECT "schema_migrations".* FROM "schema_migrations"[0m
  [1m[35m (0.1ms)[0m  begin transaction
  [1m[36m (0.0ms)[0m  [1mcommit transaction[0m
  [1m[35m (0.0ms)[0m  begin transaction
  [1m[36m (0.1ms)[0m  [1mSAVEPOINT active_record_1[0m
  [1m[35mSQL (0.5ms)[0m  INSERT INTO "movies" ("title", "rating", "release_date", "created_at", "updated_at") VALUES (?, ?, ?, ?, ?)  [["title", "Aladdin"], ["rating", "G"], ["release_date", "1992-11-25 00:00:00.000000"], ["created_at", "2020-03-10 00:19:06.952691"], ["updated_at", "2020-03-10 00:19:06.952691"]]
  [1m[36m (0.0ms)[0m  [1mRELEASE SAVEPOINT active_record_1[0m
  [1m[35m (0.0ms)[0m  SAVEPOINT active_record_1
  [1m[36mSQL (0.1ms)[0m  [1mINSERT INTO "movies" ("title", "rating", "release_date", "created_at", "updated_at") VALUES (?, ?, ?, ?, ?)[0m  [["title", "The Terminator"], ["rating", "R"], ["release_date", "1984-10-26 00:00:00.000000"], ["created_at", "2020-03-10 00:19:06.954717"], ["updated_at", "2020-03-10 00:19:06.954717"]]
  [1m[35m (0.0ms)[0m  RELEASE SAVEPOINT active_record_1
  [1m[36m (0.0ms)[0m  [1mSAVEPOINT active_record_1[0m
  [1m[35mSQL (0.1ms)[0m  INSERT INTO "movies" ("title", "rating", "release_date", "created_at", "updated_at") VALUES (?, ?, ?, ?, ?)  [["title", "When Harry Met Sally"], ["rating", "R"], ["release_date", "1989-07-21 00:00:00.000000"], ["created_at", "2020-03-10 00:19:06.956003"], ["updated_at", "2020-03-10 00:19:06.956003"]]
  [1m[36m (0.0ms)[0m  [1mRELEASE SAVEPOINT active_record_1[0m
  [1m[35m (0.0ms)[0m  SAVEPOINT active_record_1
  [1m[36mSQL (0.1ms)[0m  [1mINSERT INTO "movies" ("title", "rating", "release_date", "created_at", "updated_at") VALUES (?, ?, ?, ?, ?)[0m  [["title", "The Help"], ["rating", "PG-13"], ["release_date", "2011-08-10 00:00:00.000000"], ["created_at", "2020-03-10 00:19:06.957173"], ["updated_at", "2020-03-10 00:19:06.957173"]]
  [1m[35m (0.0ms)[0m  RELEASE SAVEPOINT active_record_1
  [1m[36m (0.0ms)[0m  [1mSAVEPOINT active_record_1[0m
  [1m[35mSQL (0.1ms)[0m  INSERT INTO "movies" ("title", "rating", "release_date", "created_at", "updated_at") VALUES (?, ?, ?, ?, ?)  [["title", "Chocolat"], ["rating", "PG-13"], ["release_date", "2001-01-05 00:00:00.000000"], ["created_at", "2020-03-10 00:19:06.958319"], ["updated_at", "2020-03-10 00:19:06.958319"]]
  [1m[36m (0.0ms)[0m  [1mRELEASE SAVEPOINT active_record_1[0m
  [1m[35m (0.0ms)[0m  SAVEPOINT active_record_1
  [1m[36mSQL (0.1ms)[0m  [1mINSERT INTO "movies" ("title", "rating", "release_date", "created_at", "updated_at") VALUES (?, ?, ?, ?, ?)[0m  [["title", "Amelie"], ["rating", "R"], ["release_date", "2001-04-25 00:00:00.000000"], ["created_at", "2020-03-10 00:19:06.959550"], ["updated_at", "2020-03-10 00:19:06.959550"]]
  [1m[35m (0.0ms)[0m  RELEASE SAVEPOINT active_record_1
  [1m[36m (0.0ms)[0m  [1mSAVEPOINT active_record_1[0m
  [1m[35mSQL (0.1ms)[0m  INSERT INTO "movies" ("title", "rating", "release_date", "created_at", "updated_at") VALUES (?, ?, ?, ?, ?)  [["title", "2001: A Space Odyssey"], ["rating", "G"], ["release_date", "1968-04-06 00:00:00.000000"], ["created_at", "2020-03-10 00:19:06.960710"], ["updated_at", "2020-03-10 00:19:06.960710"]]
  [1m[36m (0.0ms)[0m  [1mRELEASE SAVEPOINT active_record_1[0m
  [1m[35m (0.0ms)[0m  SAVEPOINT active_record_1
  [1m[36mSQL (0.1ms)[0m  [1mINSERT INTO "movies" ("title", "rating", "release_date", "created_at", "updated_at") VALUES (?, ?, ?, ?, ?)[0m  [["title", "The Incredibles"], ["rating", "PG"], ["release_date", "2004-11-05 00:00:00.000000"], ["created_at", "2020-03-10 00:19:06.961879"], ["updated_at", "2020-03-10 00:19:06.961879"]]
  [1m[35m (0.0ms)[0m  RELEASE SAVEPOINT active_record_1
  [1m[36m (0.0ms)[0m  [1mSAVEPOINT active_record_1[0m
  [1m[35mSQL (0.1ms)[0m  INSERT INTO "movies" ("title", "rating", "release_date", "created_at", "updated_at") VALUES (?, ?, ?, ?, ?)  [["title", "Raiders of the Lost Ark"], ["rating", "PG"], ["release_date", "1981-06-12 00:00:00.000000"], ["created_at", "2020-03-10 00:19:06.963030"], ["updated_at", "2020-03-10 00:19:06.963030"]]
  [1m[36m (0.0ms)[0m  [1mRELEASE SAVEPOINT active_record_1[0m
  [1m[35m (0.0ms)[0m  SAVEPOINT active_record_1
  [1m[36mSQL (0.1ms)[0m  [1mINSERT INTO "movies" ("title", "rating", "release_date", "created_at", "updated_at") VALUES (?, ?, ?, ?, ?)[0m  [["title", "Chicken Run"], ["rating", "G"], ["release_date", "2000-06-21 00:00:00.000000"], ["created_at", "2020-03-10 00:19:06.964231"], ["updated_at", "2020-03-10 00:19:06.964231"]]
  [1m[35m (0.0ms)[0m  RELEASE SAVEPOINT active_record_1
Started GET "/movies" for 127.0.0.1 at 2020-03-10 00:19:06 +0000
Processing by MoviesController#index as HTML
  [1m[36mMovie Load (0.2ms)[0m  [1mSELECT "movies".* FROM "movies" WHERE "movies"."rating" IN ('G', 'PG', 'PG-13', 'NC-17', 'R')[0m
  Rendered movies/index.html.haml within layouts/application (11.2ms)
Completed 200 OK in 139ms (Views: 129.3ms | ActiveRecord: 0.2ms)
Started GET "/movies?utf8=%E2%9C%93&ratings[PG]=1&ratings[NC-17]=1&ratings[R]=1&commit=Refresh" for 127.0.0.1 at 2020-03-10 00:19:07 +0000
Processing by MoviesController#index as HTML
  Parameters: {"utf8"=>"✓", "ratings"=>{"PG"=>"1", "NC-17"=>"1", "R"=>"1"}, "commit"=>"Refresh"}
Redirected to http://www.example.com/movies?ratings%5BNC-17%5D=1&ratings%5BPG%5D=1&ratings%5BR%5D=1
Completed 302 Found in 1ms (ActiveRecord: 0.0ms)
Started GET "/movies?ratings[NC-17]=1&ratings[PG]=1&ratings[R]=1" for 127.0.0.1 at 2020-03-10 00:19:07 +0000
Processing by MoviesController#index as HTML
  Parameters: {"ratings"=>{"NC-17"=>"1", "PG"=>"1", "R"=>"1"}}
  [1m[35mMovie Load (0.2ms)[0m  SELECT "movies".* FROM "movies" WHERE "movies"."rating" IN ('NC-17', 'PG', 'R')
  Rendered movies/index.html.haml within layouts/application (2.2ms)
Completed 200 OK in 4ms (Views: 3.2ms | ActiveRecord: 0.2ms)
  [1m[36m (0.3ms)[0m  [1mrollback transaction[0m
  [1m[35m (0.1ms)[0m  begin transaction
  [1m[36m (0.0ms)[0m  [1mcommit transaction[0m
  [1m[35m (0.0ms)[0m  begin transaction
  [1m[36m (0.0ms)[0m  [1mSAVEPOINT active_record_1[0m
  [1m[35mSQL (0.1ms)[0m  INSERT INTO "movies" ("title", "rating", "release_date", "created_at", "updated_at") VALUES (?, ?, ?, ?, ?)  [["title", "Aladdin"], ["rating", "G"], ["release_date", "1992-11-25 00:00:00.000000"], ["created_at", "2020-03-10 00:19:07.157058"], ["updated_at", "2020-03-10 00:19:07.157058"]]
  [1m[36m (0.0ms)[0m  [1mRELEASE SAVEPOINT active_record_1[0m
  [1m[35m (0.0ms)[0m  SAVEPOINT active_record_1
  [1m[36mSQL (0.1ms)[0m  [1mINSERT INTO "movies" ("title", "rating", "release_date", "created_at", "updated_at") VALUES (?, ?, ?, ?, ?)[0m  [["title", "The Terminator"], ["rating", "R"], ["release_date", "1984-10-26 00:00:00.000000"], ["created_at", "2020-03-10 00:19:07.158526"], ["updated_at", "2020-03-10 00:19:07.158526"]]
  [1m[35m (0.0ms)[0m  RELEASE SAVEPOINT active_record_1
  [1m[36m (0.0ms)[0m  [1mSAVEPOINT active_record_1[0m
  [1m[35mSQL (0.1ms)[0m  INSERT INTO "movies" ("title", "rating", "release_date", "created_at", "updated_at") VALUES (?, ?, ?, ?, ?)  [["title", "When Harry Met Sally"], ["rating", "R"], ["release_date", "1989-07-21 00:00:00.000000"], ["created_at", "2020-03-10 00:19:07.159779"], ["updated_at", "2020-03-10 00:19:07.159779"]]
  [1m[36m (0.0ms)[0m  [1mRELEASE SAVEPOINT active_record_1[0m
  [1m[35m (0.1ms)[0m  SAVEPOINT active_record_1
  [1m[36mSQL (0.1ms)[0m  [1mINSERT INTO "movies" ("title", "rating", "release_date", "created_at", "updated_at") VALUES (?, ?, ?, ?, ?)[0m  [["title", "The Help"], ["rating", "PG-13"], ["release_date", "2011-08-10 00:00:00.000000"], ["created_at", "2020-03-10 00:19:07.160938"], ["updated_at", "2020-03-10 00:19:07.160938"]]
  [1m[35m (0.0ms)[0m  RELEASE SAVEPOINT active_record_1
  [1m[36m (0.0ms)[0m  [1mSAVEPOINT active_record_1[0m
  [1m[35mSQL (0.1ms)[0m  INSERT INTO "movies" ("title", "rating", "release_date", "created_at", "updated_at") VALUES (?, ?, ?, ?, ?)  [["title", "Chocolat"], ["rating", "PG-13"], ["release_date", "2001-01-05 00:00:00.000000"], ["created_at", "2020-03-10 00:19:07.162087"], ["updated_at", "2020-03-10 00:19:07.162087"]]
  [1m[36m (0.0ms)[0m  [1mRELEASE SAVEPOINT active_record_1[0m
  [1m[35m (0.0ms)[0m  SAVEPOINT active_record_1
  [1m[36mSQL (0.1ms)[0m  [1mINSERT INTO "movies" ("title", "rating", "release_date", "created_at", "updated_at") VALUES (?, ?, ?, ?, ?)[0m  [["title", "Amelie"], ["rating", "R"], ["release_date", "2001-04-25 00:00:00.000000"], ["created_at", "2020-03-10 00:19:07.163242"], ["updated_at", "2020-03-10 00:19:07.163242"]]
  [1m[35m (0.0ms)[0m  RELEASE SAVEPOINT active_record_1
  [1m[36m (0.1ms)[0m  [1mSAVEPOINT active_record_1[0m
  [1m[35mSQL (0.1ms)[0m  INSERT INTO "movies" ("title", "rating", "release_date", "created_at", "updated_at") VALUES (?, ?, ?, ?, ?)  [["title", "2001: A Space Odyssey"], ["rating", "G"], ["release_date", "1968-04-06 00:00:00.000000"], ["created_at", "2020-03-10 00:19:07.164417"], ["updated_at", "2020-03-10 00:19:07.164417"]]
  [1m[36m (0.0ms)[0m  [1mRELEASE SAVEPOINT active_record_1[0m
  [1m[35m (0.0ms)[0m  SAVEPOINT active_record_1
  [1m[36mSQL (0.1ms)[0m  [1mINSERT INTO "movies" ("title", "rating", "release_date", "created_at", "updated_at") VALUES (?, ?, ?, ?, ?)[0m  [["title", "The Incredibles"], ["rating", "PG"], ["release_date", "2004-11-05 00:00:00.000000"], ["created_at", "2020-03-10 00:19:07.165615"], ["updated_at", "2020-03-10 00:19:07.165615"]]
  [1m[35m (0.0ms)[0m  RELEASE SAVEPOINT active_record_1
  [1m[36m (0.0ms)[0m  [1mSAVEPOINT active_record_1[0m
  [1m[35mSQL (0.1ms)[0m  INSERT INTO "movies" ("title", "rating", "release_date", "created_at", "updated_at") VALUES (?, ?, ?, ?, ?)  [["title", "Raiders of the Lost Ark"], ["rating", "PG"], ["release_date", "1981-06-12 00:00:00.000000"], ["created_at", "2020-03-10 00:19:07.166789"], ["updated_at", "2020-03-10 00:19:07.166789"]]
  [1m[36m (0.0ms)[0m  [1mRELEASE SAVEPOINT active_record_1[0m
  [1m[35m (0.0ms)[0m  SAVEPOINT active_record_1
  [1m[36mSQL (0.1ms)[0m  [1mINSERT INTO "movies" ("title", "rating", "release_date", "created_at", "updated_at") VALUES (?, ?, ?, ?, ?)[0m  [["title", "Chicken Run"], ["rating", "G"], ["release_date", "2000-06-21 00:00:00.000000"], ["created_at", "2020-03-10 00:19:07.167948"], ["updated_at", "2020-03-10 00:19:07.167948"]]
  [1m[35m (0.1ms)[0m  RELEASE SAVEPOINT active_record_1
Started GET "/movies" for 127.0.0.1 at 2020-03-10 00:19:07 +0000
Processing by MoviesController#index as HTML
  [1m[36mMovie Load (0.2ms)[0m  [1mSELECT "movies".* FROM "movies" WHERE "movies"."rating" IN ('G', 'PG', 'PG-13', 'NC-17', 'R')[0m
  Rendered movies/index.html.haml within layouts/application (3.0ms)
Completed 200 OK in 5ms (Views: 3.9ms | ActiveRecord: 0.2ms)
Started GET "/movies?utf8=%E2%9C%93&ratings[G]=1&ratings[PG]=1&ratings[PG-13]=1&ratings[NC-17]=1&ratings[R]=1&commit=Refresh" for 127.0.0.1 at 2020-03-10 00:19:07 +0000
Processing by MoviesController#index as HTML
  Parameters: {"utf8"=>"✓", "ratings"=>{"G"=>"1", "PG"=>"1", "PG-13"=>"1", "NC-17"=>"1", "R"=>"1"}, "commit"=>"Refresh"}
Redirected to http://www.example.com/movies?ratings%5BG%5D=1&ratings%5BNC-17%5D=1&ratings%5BPG%5D=1&ratings%5BPG-13%5D=1&ratings%5BR%5D=1
Completed 302 Found in 1ms (ActiveRecord: 0.0ms)
Started GET "/movies?ratings[G]=1&ratings[NC-17]=1&ratings[PG]=1&ratings[PG-13]=1&ratings[R]=1" for 127.0.0.1 at 2020-03-10 00:19:07 +0000
Processing by MoviesController#index as HTML
  Parameters: {"ratings"=>{"G"=>"1", "NC-17"=>"1", "PG"=>"1", "PG-13"=>"1", "R"=>"1"}}
  [1m[35mMovie Load (0.2ms)[0m  SELECT "movies".* FROM "movies" WHERE "movies"."rating" IN ('G', 'NC-17', 'PG', 'PG-13', 'R')
  Rendered movies/index.html.haml within layouts/application (2.9ms)
Completed 200 OK in 4ms (Views: 3.8ms | ActiveRecord: 0.2ms)
  [1m[36mMovie Load (0.1ms)[0m  [1mSELECT "movies".* FROM "movies"[0m
  [1m[35m (0.3ms)[0m  rollback transaction
  [1m[36m (0.1ms)[0m  [1mbegin transaction[0m
  [1m[35m (0.0ms)[0m  commit transaction
  [1m[36m (0.0ms)[0m  [1mbegin transaction[0m
  [1m[35m (0.0ms)[0m  SAVEPOINT active_record_1
  [1m[36mSQL (0.2ms)[0m  [1mINSERT INTO "movies" ("title", "rating", "director", "release_date", "created_at", "updated_at") VALUES (?, ?, ?, ?, ?, ?)[0m  [["title", "Star Wars"], ["rating", "PG"], ["director", "George Lucas"], ["release_date", "1977-05-25 00:00:00.000000"], ["created_at", "2020-03-10 00:19:07.232687"], ["updated_at", "2020-03-10 00:19:07.232687"]]
  [1m[35m (0.0ms)[0m  RELEASE SAVEPOINT active_record_1
  [1m[36m (0.0ms)[0m  [1mSAVEPOINT active_record_1[0m
  [1m[35mSQL (0.1ms)[0m  INSERT INTO "movies" ("title", "rating", "director", "release_date", "created_at", "updated_at") VALUES (?, ?, ?, ?, ?, ?)  [["title", "Blade Runner"], ["rating", "PG"], ["director", "Ridley Scott"], ["release_date", "1982-06-25 00:00:00.000000"], ["created_at", "2020-03-10 00:19:07.234264"], ["updated_at", "2020-03-10 00:19:07.234264"]]
  [1m[36m (0.0ms)[0m  [1mRELEASE SAVEPOINT active_record_1[0m
  [1m[35m (0.0ms)[0m  SAVEPOINT active_record_1
  [1m[36mSQL (0.1ms)[0m  [1mINSERT INTO "movies" ("title", "rating", "director", "release_date", "created_at", "updated_at") VALUES (?, ?, ?, ?, ?, ?)[0m  [["title", "Alien"], ["rating", "R"], ["director", ""], ["release_date", "1979-05-25 00:00:00.000000"], ["created_at", "2020-03-10 00:19:07.235623"], ["updated_at", "2020-03-10 00:19:07.235623"]]
  [1m[35m (0.1ms)[0m  RELEASE SAVEPOINT active_record_1
  [1m[36m (0.0ms)[0m  [1mSAVEPOINT active_record_1[0m
  [1m[35mSQL (0.1ms)[0m  INSERT INTO "movies" ("title", "rating", "director", "release_date", "created_at", "updated_at") VALUES (?, ?, ?, ?, ?, ?)  [["title", "THX-1138"], ["rating", "R"], ["director", "George Lucas"], ["release_date", "1971-03-11 00:00:00.000000"], ["created_at", "2020-03-10 00:19:07.236939"], ["updated_at", "2020-03-10 00:19:07.236939"]]
  [1m[36m (0.0ms)[0m  [1mRELEASE SAVEPOINT active_record_1[0m
  [1m[35m (0.2ms)[0m  rollback transaction
  [1m[36m (0.0ms)[0m  [1mbegin transaction[0m
  [1m[35m (0.0ms)[0m  commit transaction
  [1m[36m (0.0ms)[0m  [1mbegin transaction[0m
  [1m[35m (0.0ms)[0m  SAVEPOINT active_record_1
  [1m[36mSQL (0.1ms)[0m  [1mINSERT INTO "movies" ("title", "rating", "director", "release_date", "created_at", "updated_at") VALUES (?, ?, ?, ?, ?, ?)[0m  [["title", "Star Wars"], ["rating", "PG"], ["director", "George Lucas"], ["release_date", "1977-05-25 00:00:00.000000"], ["created_at", "2020-03-10 00:19:07.250565"], ["updated_at", "2020-03-10 00:19:07.250565"]]
  [1m[35m (0.0ms)[0m  RELEASE SAVEPOINT active_record_1
  [1m[36m (0.0ms)[0m  [1mSAVEPOINT active_record_1[0m
  [1m[35mSQL (0.1ms)[0m  INSERT INTO "movies" ("title", "rating", "director", "release_date", "created_at", "updated_at") VALUES (?, ?, ?, ?, ?, ?)  [["title", "Blade Runner"], ["rating", "PG"], ["director", "Ridley Scott"], ["release_date", "1982-06-25 00:00:00.000000"], ["created_at", "2020-03-10 00:19:07.252067"], ["updated_at", "2020-03-10 00:19:07.252067"]]
  [1m[36m (0.0ms)[0m  [1mRELEASE SAVEPOINT active_record_1[0m
  [1m[35m (0.0ms)[0m  SAVEPOINT active_record_1
  [1m[36mSQL (0.1ms)[0m  [1mINSERT INTO "movies" ("title", "rating", "director", "release_date", "created_at", "updated_at") VALUES (?, ?, ?, ?, ?, ?)[0m  [["title", "Alien"], ["rating", "R"], ["director", ""], ["release_date", "1979-05-25 00:00:00.000000"], ["created_at", "2020-03-10 00:19:07.253418"], ["updated_at", "2020-03-10 00:19:07.253418"]]
  [1m[35m (0.0ms)[0m  RELEASE SAVEPOINT active_record_1
  [1m[36m (0.0ms)[0m  [1mSAVEPOINT active_record_1[0m
  [1m[35mSQL (0.1ms)[0m  INSERT INTO "movies" ("title", "rating", "director", "release_date", "created_at", "updated_at") VALUES (?, ?, ?, ?, ?, ?)  [["title", "THX-1138"], ["rating", "R"], ["director", "George Lucas"], ["release_date", "1971-03-11 00:00:00.000000"], ["created_at", "2020-03-10 00:19:07.254695"], ["updated_at", "2020-03-10 00:19:07.254695"]]
  [1m[36m (0.1ms)[0m  [1mRELEASE SAVEPOINT active_record_1[0m
  [1m[35m (0.1ms)[0m  rollback transaction
  [1m[36m (0.0ms)[0m  [1mbegin transaction[0m
  [1m[35m (0.0ms)[0m  commit transaction
  [1m[36m (0.0ms)[0m  [1mbegin transaction[0m
  [1m[35m (0.0ms)[0m  SAVEPOINT active_record_1
  [1m[36mSQL (0.3ms)[0m  [1mINSERT INTO "movies" ("title", "rating", "director", "release_date", "created_at", "updated_at") VALUES (?, ?, ?, ?, ?, ?)[0m  [["title", "Star Wars"], ["rating", "PG"], ["director", "George Lucas"], ["release_date", "1977-05-25 00:00:00.000000"], ["created_at", "2020-03-10 00:19:07.264274"], ["updated_at", "2020-03-10 00:19:07.264274"]]
  [1m[35m (0.0ms)[0m  RELEASE SAVEPOINT active_record_1
  [1m[36m (0.0ms)[0m  [1mSAVEPOINT active_record_1[0m
  [1m[35mSQL (0.1ms)[0m  INSERT INTO "movies" ("title", "rating", "director", "release_date", "created_at", "updated_at") VALUES (?, ?, ?, ?, ?, ?)  [["title", "Blade Runner"], ["rating", "PG"], ["director", "Ridley Scott"], ["release_date", "1982-06-25 00:00:00.000000"], ["created_at", "2020-03-10 00:19:07.265971"], ["updated_at", "2020-03-10 00:19:07.265971"]]
  [1m[36m (0.0ms)[0m  [1mRELEASE SAVEPOINT active_record_1[0m
  [1m[35m (0.0ms)[0m  SAVEPOINT active_record_1
  [1m[36mSQL (0.1ms)[0m  [1mINSERT INTO "movies" ("title", "rating", "director", "release_date", "created_at", "updated_at") VALUES (?, ?, ?, ?, ?, ?)[0m  [["title", "Alien"], ["rating", "R"], ["director", ""], ["release_date", "1979-05-25 00:00:00.000000"], ["created_at", "2020-03-10 00:19:07.267396"], ["updated_at", "2020-03-10 00:19:07.267396"]]
  [1m[35m (0.0ms)[0m  RELEASE SAVEPOINT active_record_1
  [1m[36m (0.0ms)[0m  [1mSAVEPOINT active_record_1[0m
  [1m[35mSQL (0.1ms)[0m  INSERT INTO "movies" ("title", "rating", "director", "release_date", "created_at", "updated_at") VALUES (?, ?, ?, ?, ?, ?)  [["title", "THX-1138"], ["rating", "R"], ["director", "George Lucas"], ["release_date", "1971-03-11 00:00:00.000000"], ["created_at", "2020-03-10 00:19:07.268752"], ["updated_at", "2020-03-10 00:19:07.268752"]]
  [1m[36m (0.0ms)[0m  [1mRELEASE SAVEPOINT active_record_1[0m
  [1m[35m (0.1ms)[0m  rollback transaction
  [1m[36m (0.0ms)[0m  [1mbegin transaction[0m
  [1m[35m (0.0ms)[0m  commit transaction
  [1m[36m (0.0ms)[0m  [1mbegin transaction[0m
  [1m[35m (0.0ms)[0m  SAVEPOINT active_record_1
  [1m[36mSQL (0.3ms)[0m  [1mINSERT INTO "movies" ("title", "rating", "release_date", "created_at", "updated_at") VALUES (?, ?, ?, ?, ?)[0m  [["title", "Aladdin"], ["rating", "G"], ["release_date", "1992-11-25 00:00:00.000000"], ["created_at", "2020-03-10 00:19:07.279606"], ["updated_at", "2020-03-10 00:19:07.279606"]]
  [1m[35m (0.1ms)[0m  RELEASE SAVEPOINT active_record_1
  [1m[36m (0.1ms)[0m  [1mSAVEPOINT active_record_1[0m
  [1m[35mSQL (0.1ms)[0m  INSERT INTO "movies" ("title", "rating", "release_date", "created_at", "updated_at") VALUES (?, ?, ?, ?, ?)  [["title", "The Terminator"], ["rating", "R"], ["release_date", "1984-10-26 00:00:00.000000"], ["created_at", "2020-03-10 00:19:07.281425"], ["updated_at", "2020-03-10 00:19:07.281425"]]
  [1m[36m (0.1ms)[0m  [1mRELEASE SAVEPOINT active_record_1[0m
  [1m[35m (0.1ms)[0m  SAVEPOINT active_record_1
  [1m[36mSQL (0.1ms)[0m  [1mINSERT INTO "movies" ("title", "rating", "release_date", "created_at", "updated_at") VALUES (?, ?, ?, ?, ?)[0m  [["title", "When Harry Met Sally"], ["rating", "R"], ["release_date", "1989-07-21 00:00:00.000000"], ["created_at", "2020-03-10 00:19:07.282776"], ["updated_at", "2020-03-10 00:19:07.282776"]]
  [1m[35m (0.1ms)[0m  RELEASE SAVEPOINT active_record_1
  [1m[36m (0.1ms)[0m  [1mSAVEPOINT active_record_1[0m
  [1m[35mSQL (0.1ms)[0m  INSERT INTO "movies" ("title", "rating", "release_date", "created_at", "updated_at") VALUES (?, ?, ?, ?, ?)  [["title", "The Help"], ["rating", "PG-13"], ["release_date", "2011-08-10 00:00:00.000000"], ["created_at", "2020-03-10 00:19:07.284130"], ["updated_at", "2020-03-10 00:19:07.284130"]]
  [1m[36m (0.1ms)[0m  [1mRELEASE SAVEPOINT active_record_1[0m
  [1m[35m (0.0ms)[0m  SAVEPOINT active_record_1
  [1m[36mSQL (0.1ms)[0m  [1mINSERT INTO "movies" ("title", "rating", "release_date", "created_at", "updated_at") VALUES (?, ?, ?, ?, ?)[0m  [["title", "Chocolat"], ["rating", "PG-13"], ["release_date", "2001-01-05 00:00:00.000000"], ["created_at", "2020-03-10 00:19:07.285514"], ["updated_at", "2020-03-10 00:19:07.285514"]]
  [1m[35m (0.1ms)[0m  RELEASE SAVEPOINT active_record_1
  [1m[36m (0.0ms)[0m  [1mSAVEPOINT active_record_1[0m
  [1m[35mSQL (0.1ms)[0m  INSERT INTO "movies" ("title", "rating", "release_date", "created_at", "updated_at") VALUES (?, ?, ?, ?, ?)  [["title", "Amelie"], ["rating", "R"], ["release_date", "2001-04-25 00:00:00.000000"], ["created_at", "2020-03-10 00:19:07.286876"], ["updated_at", "2020-03-10 00:19:07.286876"]]
  [1m[36m (0.1ms)[0m  [1mRELEASE SAVEPOINT active_record_1[0m
  [1m[35m (0.0ms)[0m  SAVEPOINT active_record_1
  [1m[36mSQL (0.1ms)[0m  [1mINSERT INTO "movies" ("title", "rating", "release_date", "created_at", "updated_at") VALUES (?, ?, ?, ?, ?)[0m  [["title", "2001: A Space Odyssey"], ["rating", "G"], ["release_date", "1968-04-06 00:00:00.000000"], ["created_at", "2020-03-10 00:19:07.288248"], ["updated_at", "2020-03-10 00:19:07.288248"]]
  [1m[35m (0.1ms)[0m  RELEASE SAVEPOINT active_record_1
  [1m[36m (0.0ms)[0m  [1mSAVEPOINT active_record_1[0m
  [1m[35mSQL (0.1ms)[0m  INSERT INTO "movies" ("title", "rating", "release_date", "created_at", "updated_at") VALUES (?, ?, ?, ?, ?)  [["title", "The Incredibles"], ["rating", "PG"], ["release_date", "2004-11-05 00:00:00.000000"], ["created_at", "2020-03-10 00:19:07.289606"], ["updated_at", "2020-03-10 00:19:07.289606"]]
  [1m[36m (0.1ms)[0m  [1mRELEASE SAVEPOINT active_record_1[0m
  [1m[35m (0.0ms)[0m  SAVEPOINT active_record_1
  [1m[36mSQL (0.1ms)[0m  [1mINSERT INTO "movies" ("title", "rating", "release_date", "created_at", "updated_at") VALUES (?, ?, ?, ?, ?)[0m  [["title", "Raiders of the Lost Ark"], ["rating", "PG"], ["release_date", "1981-06-12 00:00:00.000000"], ["created_at", "2020-03-10 00:19:07.291013"], ["updated_at", "2020-03-10 00:19:07.291013"]]
  [1m[35m (0.1ms)[0m  RELEASE SAVEPOINT active_record_1
  [1m[36m (0.1ms)[0m  [1mSAVEPOINT active_record_1[0m
  [1m[35mSQL (0.1ms)[0m  INSERT INTO "movies" ("title", "rating", "release_date", "created_at", "updated_at") VALUES (?, ?, ?, ?, ?)  [["title", "Chicken Run"], ["rating", "G"], ["release_date", "2000-06-21 00:00:00.000000"], ["created_at", "2020-03-10 00:19:07.292399"], ["updated_at", "2020-03-10 00:19:07.292399"]]
  [1m[36m (0.1ms)[0m  [1mRELEASE SAVEPOINT active_record_1[0m
Started GET "/movies" for 127.0.0.1 at 2020-03-10 00:19:07 +0000
Processing by MoviesController#index as HTML
  [1m[35mMovie Load (0.5ms)[0m  SELECT "movies".* FROM "movies" WHERE "movies"."rating" IN ('G', 'PG', 'PG-13', 'NC-17', 'R')
  Rendered movies/index.html.haml within layouts/application (4.7ms)
Completed 200 OK in 7ms (Views: 6.2ms | ActiveRecord: 0.5ms)
Started GET "/movies?ratings[G]=G&ratings[NC-17]=NC-17&ratings[PG]=PG&ratings[PG-13]=PG-13&ratings[R]=R&sort=title" for 127.0.0.1 at 2020-03-10 00:19:07 +0000
Processing by MoviesController#index as HTML
  Parameters: {"ratings"=>{"G"=>"G", "NC-17"=>"NC-17", "PG"=>"PG", "PG-13"=>"PG-13", "R"=>"R"}, "sort"=>"title"}
Redirected to http://www.example.com/movies?ratings%5BG%5D=G&ratings%5BNC-17%5D=NC-17&ratings%5BPG%5D=PG&ratings%5BPG-13%5D=PG-13&ratings%5BR%5D=R&sort=title
Completed 302 Found in 1ms (ActiveRecord: 0.0ms)
Started GET "/movies?ratings[G]=G&ratings[NC-17]=NC-17&ratings[PG]=PG&ratings[PG-13]=PG-13&ratings[R]=R&sort=title" for 127.0.0.1 at 2020-03-10 00:19:07 +0000
Processing by MoviesController#index as HTML
  Parameters: {"ratings"=>{"G"=>"G", "NC-17"=>"NC-17", "PG"=>"PG", "PG-13"=>"PG-13", "R"=>"R"}, "sort"=>"title"}
  [1m[36mMovie Load (0.2ms)[0m  [1mSELECT "movies".* FROM "movies" WHERE "movies"."rating" IN ('G', 'NC-17', 'PG', 'PG-13', 'R')  ORDER BY "movies"."title" ASC[0m
  Rendered movies/index.html.haml within layouts/application (5.6ms)
Completed 200 OK in 8ms (Views: 7.2ms | ActiveRecord: 0.2ms)
  [1m[35m (0.3ms)[0m  rollback transaction
  [1m[36m (0.1ms)[0m  [1mbegin transaction[0m
  [1m[35m (0.0ms)[0m  commit transaction
  [1m[36m (0.0ms)[0m  [1mbegin transaction[0m
  [1m[35m (0.0ms)[0m  SAVEPOINT active_record_1
  [1m[36mSQL (0.2ms)[0m  [1mINSERT INTO "movies" ("title", "rating", "release_date", "created_at", "updated_at") VALUES (?, ?, ?, ?, ?)[0m  [["title", "Aladdin"], ["rating", "G"], ["release_date", "1992-11-25 00:00:00.000000"], ["created_at", "2020-03-10 00:19:07.347419"], ["updated_at", "2020-03-10 00:19:07.347419"]]
  [1m[35m (0.0ms)[0m  RELEASE SAVEPOINT active_record_1
  [1m[36m (0.0ms)[0m  [1mSAVEPOINT active_record_1[0m
  [1m[35mSQL (0.1ms)[0m  INSERT INTO "movies" ("title", "rating", "release_date", "created_at", "updated_at") VALUES (?, ?, ?, ?, ?)  [["title", "The Terminator"], ["rating", "R"], ["release_date", "1984-10-26 00:00:00.000000"], ["created_at", "2020-03-10 00:19:07.349916"], ["updated_at", "2020-03-10 00:19:07.349916"]]
  [1m[36m (0.0ms)[0m  [1mRELEASE SAVEPOINT active_record_1[0m
  [1m[35m (0.0ms)[0m  SAVEPOINT active_record_1
  [1m[36mSQL (0.1ms)[0m  [1mINSERT INTO "movies" ("title", "rating", "release_date", "created_at", "updated_at") VALUES (?, ?, ?, ?, ?)[0m  [["title", "When Harry Met Sally"], ["rating", "R"], ["release_date", "1989-07-21 00:00:00.000000"], ["created_at", "2020-03-10 00:19:07.351682"], ["updated_at", "2020-03-10 00:19:07.351682"]]
  [1m[35m (0.0ms)[0m  RELEASE SAVEPOINT active_record_1
  [1m[36m (0.0ms)[0m  [1mSAVEPOINT active_record_1[0m
  [1m[35mSQL (0.1ms)[0m  INSERT INTO "movies" ("title", "rating", "release_date", "created_at", "updated_at") VALUES (?, ?, ?, ?, ?)  [["title", "The Help"], ["rating", "PG-13"], ["release_date", "2011-08-10 00:00:00.000000"], ["created_at", "2020-03-10 00:19:07.353349"], ["updated_at", "2020-03-10 00:19:07.353349"]]
  [1m[36m (0.0ms)[0m  [1mRELEASE SAVEPOINT active_record_1[0m
  [1m[35m (0.0ms)[0m  SAVEPOINT active_record_1
  [1m[36mSQL (0.1ms)[0m  [1mINSERT INTO "movies" ("title", "rating", "release_date", "created_at", "updated_at") VALUES (?, ?, ?, ?, ?)[0m  [["title", "Chocolat"], ["rating", "PG-13"], ["release_date", "2001-01-05 00:00:00.000000"], ["created_at", "2020-03-10 00:19:07.355566"], ["updated_at", "2020-03-10 00:19:07.355566"]]
  [1m[35m (0.0ms)[0m  RELEASE SAVEPOINT active_record_1
  [1m[36m (0.0ms)[0m  [1mSAVEPOINT active_record_1[0m
  [1m[35mSQL (0.1ms)[0m  INSERT INTO "movies" ("title", "rating", "release_date", "created_at", "updated_at") VALUES (?, ?, ?, ?, ?)  [["title", "Amelie"], ["rating", "R"], ["release_date", "2001-04-25 00:00:00.000000"], ["created_at", "2020-03-10 00:19:07.357432"], ["updated_at", "2020-03-10 00:19:07.357432"]]
  [1m[36m (0.0ms)[0m  [1mRELEASE SAVEPOINT active_record_1[0m
  [1m[35m (0.0ms)[0m  SAVEPOINT active_record_1
  [1m[36mSQL (0.1ms)[0m  [1mINSERT INTO "movies" ("title", "rating", "release_date", "created_at", "updated_at") VALUES (?, ?, ?, ?, ?)[0m  [["title", "2001: A Space Odyssey"], ["rating", "G"], ["release_date", "1968-04-06 00:00:00.000000"], ["created_at", "2020-03-10 00:19:07.359593"], ["updated_at", "2020-03-10 00:19:07.359593"]]
  [1m[35m (0.0ms)[0m  RELEASE SAVEPOINT active_record_1
  [1m[36m (0.0ms)[0m  [1mSAVEPOINT active_record_1[0m
  [1m[35mSQL (0.1ms)[0m  INSERT INTO "movies" ("title", "rating", "release_date", "created_at", "updated_at") VALUES (?, ?, ?, ?, ?)  [["title", "The Incredibles"], ["rating", "PG"], ["release_date", "2004-11-05 00:00:00.000000"], ["created_at", "2020-03-10 00:19:07.361257"], ["updated_at", "2020-03-10 00:19:07.361257"]]
  [1m[36m (0.0ms)[0m  [1mRELEASE SAVEPOINT active_record_1[0m
  [1m[35m (0.0ms)[0m  SAVEPOINT active_record_1
  [1m[36mSQL (0.1ms)[0m  [1mINSERT INTO "movies" ("title", "rating", "release_date", "created_at", "updated_at") VALUES (?, ?, ?, ?, ?)[0m  [["title", "Raiders of the Lost Ark"], ["rating", "PG"], ["release_date", "1981-06-12 00:00:00.000000"], ["created_at", "2020-03-10 00:19:07.362903"], ["updated_at", "2020-03-10 00:19:07.362903"]]
  [1m[35m (0.0ms)[0m  RELEASE SAVEPOINT active_record_1
  [1m[36m (0.0ms)[0m  [1mSAVEPOINT active_record_1[0m
  [1m[35mSQL (1.0ms)[0m  INSERT INTO "movies" ("title", "rating", "release_date", "created_at", "updated_at") VALUES (?, ?, ?, ?, ?)  [["title", "Chicken Run"], ["rating", "G"], ["release_date", "2000-06-21 00:00:00.000000"], ["created_at", "2020-03-10 00:19:07.365099"], ["updated_at", "2020-03-10 00:19:07.365099"]]
  [1m[36m (0.0ms)[0m  [1mRELEASE SAVEPOINT active_record_1[0m
Started GET "/movies" for 127.0.0.1 at 2020-03-10 00:19:07 +0000
Processing by MoviesController#index as HTML
  [1m[35mMovie Load (0.2ms)[0m  SELECT "movies".* FROM "movies" WHERE "movies"."rating" IN ('G', 'PG', 'PG-13', 'NC-17', 'R')
  Rendered movies/index.html.haml within layouts/application (5.4ms)
Completed 200 OK in 7ms (Views: 6.8ms | ActiveRecord: 0.2ms)
Started GET "/movies?ratings[G]=G&ratings[NC-17]=NC-17&ratings[PG]=PG&ratings[PG-13]=PG-13&ratings[R]=R&sort=release_date" for 127.0.0.1 at 2020-03-10 00:19:07 +0000
Processing by MoviesController#index as HTML
  Parameters: {"ratings"=>{"G"=>"G", "NC-17"=>"NC-17", "PG"=>"PG", "PG-13"=>"PG-13", "R"=>"R"}, "sort"=>"release_date"}
Redirected to http://www.example.com/movies?ratings%5BG%5D=G&ratings%5BNC-17%5D=NC-17&ratings%5BPG%5D=PG&ratings%5BPG-13%5D=PG-13&ratings%5BR%5D=R&sort=release_date
Completed 302 Found in 1ms (ActiveRecord: 0.0ms)
Started GET "/movies?ratings[G]=G&ratings[NC-17]=NC-17&ratings[PG]=PG&ratings[PG-13]=PG-13&ratings[R]=R&sort=release_date" for 127.0.0.1 at 2020-03-10 00:19:07 +0000
Processing by MoviesController#index as HTML
  Parameters: {"ratings"=>{"G"=>"G", "NC-17"=>"NC-17", "PG"=>"PG", "PG-13"=>"PG-13", "R"=>"R"}, "sort"=>"release_date"}
  [1m[36mMovie Load (0.2ms)[0m  [1mSELECT "movies".* FROM "movies" WHERE "movies"."rating" IN ('G', 'NC-17', 'PG', 'PG-13', 'R')  ORDER BY "movies"."release_date" ASC[0m
  Rendered movies/index.html.haml within layouts/application (4.7ms)
Completed 200 OK in 7ms (Views: 6.0ms | ActiveRecord: 0.2ms)
  [1m[35m (0.3ms)[0m  rollback transaction
  [1m[36mActiveRecord::SchemaMigration Load (0.1ms)[0m  [1mSELECT "schema_migrations".* FROM "schema_migrations"[0m
  [1m[35m (0.1ms)[0m  begin transaction
  [1m[36m (0.0ms)[0m  [1mcommit transaction[0m
  [1m[35m (0.0ms)[0m  begin transaction
  [1m[36m (0.0ms)[0m  [1mSAVEPOINT active_record_1[0m
  [1m[35mSQL (0.4ms)[0m  INSERT INTO "movies" ("title", "rating", "release_date", "created_at", "updated_at") VALUES (?, ?, ?, ?, ?)  [["title", "Aladdin"], ["rating", "G"], ["release_date", "1992-11-25 00:00:00.000000"], ["created_at", "2020-03-10 00:23:23.856954"], ["updated_at", "2020-03-10 00:23:23.856954"]]
  [1m[36m (0.0ms)[0m  [1mRELEASE SAVEPOINT active_record_1[0m
  [1m[35m (0.0ms)[0m  SAVEPOINT active_record_1
  [1m[36mSQL (0.1ms)[0m  [1mINSERT INTO "movies" ("title", "rating", "release_date", "created_at", "updated_at") VALUES (?, ?, ?, ?, ?)[0m  [["title", "The Terminator"], ["rating", "R"], ["release_date", "1984-10-26 00:00:00.000000"], ["created_at", "2020-03-10 00:23:23.858860"], ["updated_at", "2020-03-10 00:23:23.858860"]]
  [1m[35m (0.0ms)[0m  RELEASE SAVEPOINT active_record_1
  [1m[36m (0.0ms)[0m  [1mSAVEPOINT active_record_1[0m
  [1m[35mSQL (0.1ms)[0m  INSERT INTO "movies" ("title", "rating", "release_date", "created_at", "updated_at") VALUES (?, ?, ?, ?, ?)  [["title", "When Harry Met Sally"], ["rating", "R"], ["release_date", "1989-07-21 00:00:00.000000"], ["created_at", "2020-03-10 00:23:23.860140"], ["updated_at", "2020-03-10 00:23:23.860140"]]
  [1m[36m (0.0ms)[0m  [1mRELEASE SAVEPOINT active_record_1[0m
  [1m[35m (0.0ms)[0m  SAVEPOINT active_record_1
  [1m[36mSQL (0.1ms)[0m  [1mINSERT INTO "movies" ("title", "rating", "release_date", "created_at", "updated_at") VALUES (?, ?, ?, ?, ?)[0m  [["title", "The Help"], ["rating", "PG-13"], ["release_date", "2011-08-10 00:00:00.000000"], ["created_at", "2020-03-10 00:23:23.861298"], ["updated_at", "2020-03-10 00:23:23.861298"]]
  [1m[35m (0.0ms)[0m  RELEASE SAVEPOINT active_record_1
  [1m[36m (0.0ms)[0m  [1mSAVEPOINT active_record_1[0m
  [1m[35mSQL (0.1ms)[0m  INSERT INTO "movies" ("title", "rating", "release_date", "created_at", "updated_at") VALUES (?, ?, ?, ?, ?)  [["title", "Chocolat"], ["rating", "PG-13"], ["release_date", "2001-01-05 00:00:00.000000"], ["created_at", "2020-03-10 00:23:23.862477"], ["updated_at", "2020-03-10 00:23:23.862477"]]
  [1m[36m (0.0ms)[0m  [1mRELEASE SAVEPOINT active_record_1[0m
  [1m[35m (0.0ms)[0m  SAVEPOINT active_record_1
  [1m[36mSQL (0.1ms)[0m  [1mINSERT INTO "movies" ("title", "rating", "release_date", "created_at", "updated_at") VALUES (?, ?, ?, ?, ?)[0m  [["title", "Amelie"], ["rating", "R"], ["release_date", "2001-04-25 00:00:00.000000"], ["created_at", "2020-03-10 00:23:23.863716"], ["updated_at", "2020-03-10 00:23:23.863716"]]
  [1m[35m (0.0ms)[0m  RELEASE SAVEPOINT active_record_1
  [1m[36m (0.0ms)[0m  [1mSAVEPOINT active_record_1[0m
  [1m[35mSQL (0.1ms)[0m  INSERT INTO "movies" ("title", "rating", "release_date", "created_at", "updated_at") VALUES (?, ?, ?, ?, ?)  [["title", "2001: A Space Odyssey"], ["rating", "G"], ["release_date", "1968-04-06 00:00:00.000000"], ["created_at", "2020-03-10 00:23:23.864872"], ["updated_at", "2020-03-10 00:23:23.864872"]]
  [1m[36m (0.1ms)[0m  [1mRELEASE SAVEPOINT active_record_1[0m
  [1m[35m (0.0ms)[0m  SAVEPOINT active_record_1
  [1m[36mSQL (0.1ms)[0m  [1mINSERT INTO "movies" ("title", "rating", "release_date", "created_at", "updated_at") VALUES (?, ?, ?, ?, ?)[0m  [["title", "The Incredibles"], ["rating", "PG"], ["release_date", "2004-11-05 00:00:00.000000"], ["created_at", "2020-03-10 00:23:23.866038"], ["updated_at", "2020-03-10 00:23:23.866038"]]
  [1m[35m (0.0ms)[0m  RELEASE SAVEPOINT active_record_1
  [1m[36m (0.0ms)[0m  [1mSAVEPOINT active_record_1[0m
  [1m[35mSQL (0.1ms)[0m  INSERT INTO "movies" ("title", "rating", "release_date", "created_at", "updated_at") VALUES (?, ?, ?, ?, ?)  [["title", "Raiders of the Lost Ark"], ["rating", "PG"], ["release_date", "1981-06-12 00:00:00.000000"], ["created_at", "2020-03-10 00:23:23.867198"], ["updated_at", "2020-03-10 00:23:23.867198"]]
  [1m[36m (0.0ms)[0m  [1mRELEASE SAVEPOINT active_record_1[0m
  [1m[35m (0.0ms)[0m  SAVEPOINT active_record_1
  [1m[36mSQL (0.1ms)[0m  [1mINSERT INTO "movies" ("title", "rating", "release_date", "created_at", "updated_at") VALUES (?, ?, ?, ?, ?)[0m  [["title", "Chicken Run"], ["rating", "G"], ["release_date", "2000-06-21 00:00:00.000000"], ["created_at", "2020-03-10 00:23:23.868419"], ["updated_at", "2020-03-10 00:23:23.868419"]]
  [1m[35m (0.0ms)[0m  RELEASE SAVEPOINT active_record_1
Started GET "/movies" for 127.0.0.1 at 2020-03-10 00:23:23 +0000
Processing by MoviesController#index as HTML
  [1m[36mMovie Load (0.2ms)[0m  [1mSELECT "movies".* FROM "movies" WHERE "movies"."rating" IN ('G', 'PG', 'PG-13', 'NC-17', 'R')[0m
  Rendered movies/index.html.haml within layouts/application (5.9ms)
Completed 200 OK in 137ms (Views: 127.5ms | ActiveRecord: 0.2ms)
Started GET "/movies?utf8=%E2%9C%93&ratings[PG]=1&ratings[NC-17]=1&ratings[R]=1&commit=Refresh" for 127.0.0.1 at 2020-03-10 00:23:24 +0000
Processing by MoviesController#index as HTML
  Parameters: {"utf8"=>"✓", "ratings"=>{"PG"=>"1", "NC-17"=>"1", "R"=>"1"}, "commit"=>"Refresh"}
Redirected to http://www.example.com/movies?ratings%5BNC-17%5D=1&ratings%5BPG%5D=1&ratings%5BR%5D=1
Completed 302 Found in 1ms (ActiveRecord: 0.0ms)
Started GET "/movies?ratings[NC-17]=1&ratings[PG]=1&ratings[R]=1" for 127.0.0.1 at 2020-03-10 00:23:24 +0000
Processing by MoviesController#index as HTML
  Parameters: {"ratings"=>{"NC-17"=>"1", "PG"=>"1", "R"=>"1"}}
  [1m[35mMovie Load (0.2ms)[0m  SELECT "movies".* FROM "movies" WHERE "movies"."rating" IN ('NC-17', 'PG', 'R')
  Rendered movies/index.html.haml within layouts/application (2.2ms)
Completed 200 OK in 4ms (Views: 3.1ms | ActiveRecord: 0.2ms)
  [1m[36m (0.3ms)[0m  [1mrollback transaction[0m
  [1m[35m (0.0ms)[0m  begin transaction
  [1m[36m (0.0ms)[0m  [1mcommit transaction[0m
  [1m[35m (0.0ms)[0m  begin transaction
  [1m[36m (0.0ms)[0m  [1mSAVEPOINT active_record_1[0m
  [1m[35mSQL (0.1ms)[0m  INSERT INTO "movies" ("title", "rating", "release_date", "created_at", "updated_at") VALUES (?, ?, ?, ?, ?)  [["title", "Aladdin"], ["rating", "G"], ["release_date", "1992-11-25 00:00:00.000000"], ["created_at", "2020-03-10 00:23:24.058706"], ["updated_at", "2020-03-10 00:23:24.058706"]]
  [1m[36m (0.0ms)[0m  [1mRELEASE SAVEPOINT active_record_1[0m
  [1m[35m (0.0ms)[0m  SAVEPOINT active_record_1
  [1m[36mSQL (0.1ms)[0m  [1mINSERT INTO "movies" ("title", "rating", "release_date", "created_at", "updated_at") VALUES (?, ?, ?, ?, ?)[0m  [["title", "The Terminator"], ["rating", "R"], ["release_date", "1984-10-26 00:00:00.000000"], ["created_at", "2020-03-10 00:23:24.060119"], ["updated_at", "2020-03-10 00:23:24.060119"]]
  [1m[35m (0.0ms)[0m  RELEASE SAVEPOINT active_record_1
  [1m[36m (0.0ms)[0m  [1mSAVEPOINT active_record_1[0m
  [1m[35mSQL (0.1ms)[0m  INSERT INTO "movies" ("title", "rating", "release_date", "created_at", "updated_at") VALUES (?, ?, ?, ?, ?)  [["title", "When Harry Met Sally"], ["rating", "R"], ["release_date", "1989-07-21 00:00:00.000000"], ["created_at", "2020-03-10 00:23:24.061324"], ["updated_at", "2020-03-10 00:23:24.061324"]]
  [1m[36m (0.0ms)[0m  [1mRELEASE SAVEPOINT active_record_1[0m
  [1m[35m (0.1ms)[0m  SAVEPOINT active_record_1
  [1m[36mSQL (0.1ms)[0m  [1mINSERT INTO "movies" ("title", "rating", "release_date", "created_at", "updated_at") VALUES (?, ?, ?, ?, ?)[0m  [["title", "The Help"], ["rating", "PG-13"], ["release_date", "2011-08-10 00:00:00.000000"], ["created_at", "2020-03-10 00:23:24.062507"], ["updated_at", "2020-03-10 00:23:24.062507"]]
  [1m[35m (0.1ms)[0m  RELEASE SAVEPOINT active_record_1
  [1m[36m (0.0ms)[0m  [1mSAVEPOINT active_record_1[0m
  [1m[35mSQL (0.1ms)[0m  INSERT INTO "movies" ("title", "rating", "release_date", "created_at", "updated_at") VALUES (?, ?, ?, ?, ?)  [["title", "Chocolat"], ["rating", "PG-13"], ["release_date", "2001-01-05 00:00:00.000000"], ["created_at", "2020-03-10 00:23:24.063708"], ["updated_at", "2020-03-10 00:23:24.063708"]]
  [1m[36m (0.0ms)[0m  [1mRELEASE SAVEPOINT active_record_1[0m
  [1m[35m (0.0ms)[0m  SAVEPOINT active_record_1
  [1m[36mSQL (0.1ms)[0m  [1mINSERT INTO "movies" ("title", "rating", "release_date", "created_at", "updated_at") VALUES (?, ?, ?, ?, ?)[0m  [["title", "Amelie"], ["rating", "R"], ["release_date", "2001-04-25 00:00:00.000000"], ["created_at", "2020-03-10 00:23:24.064867"], ["updated_at", "2020-03-10 00:23:24.064867"]]
  [1m[35m (0.0ms)[0m  RELEASE SAVEPOINT active_record_1
  [1m[36m (0.0ms)[0m  [1mSAVEPOINT active_record_1[0m
  [1m[35mSQL (0.1ms)[0m  INSERT INTO "movies" ("title", "rating", "release_date", "created_at", "updated_at") VALUES (?, ?, ?, ?, ?)  [["title", "2001: A Space Odyssey"], ["rating", "G"], ["release_date", "1968-04-06 00:00:00.000000"], ["created_at", "2020-03-10 00:23:24.066046"], ["updated_at", "2020-03-10 00:23:24.066046"]]
  [1m[36m (0.0ms)[0m  [1mRELEASE SAVEPOINT active_record_1[0m
  [1m[35m (0.0ms)[0m  SAVEPOINT active_record_1
  [1m[36mSQL (0.1ms)[0m  [1mINSERT INTO "movies" ("title", "rating", "release_date", "created_at", "updated_at") VALUES (?, ?, ?, ?, ?)[0m  [["title", "The Incredibles"], ["rating", "PG"], ["release_date", "2004-11-05 00:00:00.000000"], ["created_at", "2020-03-10 00:23:24.067207"], ["updated_at", "2020-03-10 00:23:24.067207"]]
  [1m[35m (0.0ms)[0m  RELEASE SAVEPOINT active_record_1
  [1m[36m (0.0ms)[0m  [1mSAVEPOINT active_record_1[0m
  [1m[35mSQL (0.1ms)[0m  INSERT INTO "movies" ("title", "rating", "release_date", "created_at", "updated_at") VALUES (?, ?, ?, ?, ?)  [["title", "Raiders of the Lost Ark"], ["rating", "PG"], ["release_date", "1981-06-12 00:00:00.000000"], ["created_at", "2020-03-10 00:23:24.068381"], ["updated_at", "2020-03-10 00:23:24.068381"]]
  [1m[36m (0.0ms)[0m  [1mRELEASE SAVEPOINT active_record_1[0m
  [1m[35m (0.0ms)[0m  SAVEPOINT active_record_1
  [1m[36mSQL (0.1ms)[0m  [1mINSERT INTO "movies" ("title", "rating", "release_date", "created_at", "updated_at") VALUES (?, ?, ?, ?, ?)[0m  [["title", "Chicken Run"], ["rating", "G"], ["release_date", "2000-06-21 00:00:00.000000"], ["created_at", "2020-03-10 00:23:24.069541"], ["updated_at", "2020-03-10 00:23:24.069541"]]
  [1m[35m (0.0ms)[0m  RELEASE SAVEPOINT active_record_1
Started GET "/movies" for 127.0.0.1 at 2020-03-10 00:23:24 +0000
Processing by MoviesController#index as HTML
  [1m[36mMovie Load (0.2ms)[0m  [1mSELECT "movies".* FROM "movies" WHERE "movies"."rating" IN ('G', 'PG', 'PG-13', 'NC-17', 'R')[0m
  Rendered movies/index.html.haml within layouts/application (2.8ms)
Completed 200 OK in 4ms (Views: 3.6ms | ActiveRecord: 0.2ms)
Started GET "/movies?utf8=%E2%9C%93&ratings[G]=1&ratings[PG]=1&ratings[PG-13]=1&ratings[NC-17]=1&ratings[R]=1&commit=Refresh" for 127.0.0.1 at 2020-03-10 00:23:24 +0000
Processing by MoviesController#index as HTML
  Parameters: {"utf8"=>"✓", "ratings"=>{"G"=>"1", "PG"=>"1", "PG-13"=>"1", "NC-17"=>"1", "R"=>"1"}, "commit"=>"Refresh"}
Redirected to http://www.example.com/movies?ratings%5BG%5D=1&ratings%5BNC-17%5D=1&ratings%5BPG%5D=1&ratings%5BPG-13%5D=1&ratings%5BR%5D=1
Completed 302 Found in 1ms (ActiveRecord: 0.0ms)
Started GET "/movies?ratings[G]=1&ratings[NC-17]=1&ratings[PG]=1&ratings[PG-13]=1&ratings[R]=1" for 127.0.0.1 at 2020-03-10 00:23:24 +0000
Processing by MoviesController#index as HTML
  Parameters: {"ratings"=>{"G"=>"1", "NC-17"=>"1", "PG"=>"1", "PG-13"=>"1", "R"=>"1"}}
  [1m[35mMovie Load (0.2ms)[0m  SELECT "movies".* FROM "movies" WHERE "movies"."rating" IN ('G', 'NC-17', 'PG', 'PG-13', 'R')
  Rendered movies/index.html.haml within layouts/application (2.7ms)
Completed 200 OK in 4ms (Views: 3.6ms | ActiveRecord: 0.2ms)
  [1m[36mMovie Load (0.1ms)[0m  [1mSELECT "movies".* FROM "movies"[0m
  [1m[35m (0.3ms)[0m  rollback transaction
  [1m[36m (0.1ms)[0m  [1mbegin transaction[0m
  [1m[35m (0.0ms)[0m  commit transaction
  [1m[36m (0.0ms)[0m  [1mbegin transaction[0m
  [1m[35m (0.0ms)[0m  SAVEPOINT active_record_1
  [1m[36mSQL (0.2ms)[0m  [1mINSERT INTO "movies" ("title", "rating", "director", "release_date", "created_at", "updated_at") VALUES (?, ?, ?, ?, ?, ?)[0m  [["title", "Star Wars"], ["rating", "PG"], ["director", "George Lucas"], ["release_date", "1977-05-25 00:00:00.000000"], ["created_at", "2020-03-10 00:23:24.111804"], ["updated_at", "2020-03-10 00:23:24.111804"]]
  [1m[35m (0.0ms)[0m  RELEASE SAVEPOINT active_record_1
  [1m[36m (0.0ms)[0m  [1mSAVEPOINT active_record_1[0m
  [1m[35mSQL (0.1ms)[0m  INSERT INTO "movies" ("title", "rating", "director", "release_date", "created_at", "updated_at") VALUES (?, ?, ?, ?, ?, ?)  [["title", "Blade Runner"], ["rating", "PG"], ["director", "Ridley Scott"], ["release_date", "1982-06-25 00:00:00.000000"], ["created_at", "2020-03-10 00:23:24.113279"], ["updated_at", "2020-03-10 00:23:24.113279"]]
  [1m[36m (0.0ms)[0m  [1mRELEASE SAVEPOINT active_record_1[0m
  [1m[35m (0.0ms)[0m  SAVEPOINT active_record_1
  [1m[36mSQL (0.1ms)[0m  [1mINSERT INTO "movies" ("title", "rating", "director", "release_date", "created_at", "updated_at") VALUES (?, ?, ?, ?, ?, ?)[0m  [["title", "Alien"], ["rating", "R"], ["director", ""], ["release_date", "1979-05-25 00:00:00.000000"], ["created_at", "2020-03-10 00:23:24.114519"], ["updated_at", "2020-03-10 00:23:24.114519"]]
  [1m[35m (0.0ms)[0m  RELEASE SAVEPOINT active_record_1
  [1m[36m (0.0ms)[0m  [1mSAVEPOINT active_record_1[0m
  [1m[35mSQL (0.1ms)[0m  INSERT INTO "movies" ("title", "rating", "director", "release_date", "created_at", "updated_at") VALUES (?, ?, ?, ?, ?, ?)  [["title", "THX-1138"], ["rating", "R"], ["director", "George Lucas"], ["release_date", "1971-03-11 00:00:00.000000"], ["created_at", "2020-03-10 00:23:24.115729"], ["updated_at", "2020-03-10 00:23:24.115729"]]
  [1m[36m (0.0ms)[0m  [1mRELEASE SAVEPOINT active_record_1[0m
  [1m[35mMovie Load (0.1ms)[0m  SELECT  "movies".* FROM "movies" WHERE "movies"."title" = ? LIMIT 1  [["title", "Alien"]]
Started GET "/movies/3/edit" for 127.0.0.1 at 2020-03-10 00:23:24 +0000
Processing by MoviesController#edit as HTML
  Parameters: {"id"=>"3"}
  [1m[36mMovie Load (0.1ms)[0m  [1mSELECT  "movies".* FROM "movies" WHERE "movies"."id" = ? LIMIT 1[0m  [["id", 3]]
  Rendered movies/edit.html.haml within layouts/application (7.9ms)
Completed 200 OK in 10ms (Views: 9.5ms | ActiveRecord: 0.1ms)
Started PUT "/movies/3" for 127.0.0.1 at 2020-03-10 00:23:24 +0000
Processing by MoviesController#update as HTML
  Parameters: {"utf8"=>"✓", "movie"=>{"title"=>"Alien", "rating"=>"R", "release_date(1i)"=>"1979", "release_date(2i)"=>"5", "release_date(3i)"=>"25", "director"=>"Ridley Scott"}, "commit"=>"Update Movie Info", "id"=>"3"}
  [1m[35mMovie Load (0.1ms)[0m  SELECT  "movies".* FROM "movies" WHERE "movies"."id" = ? LIMIT 1  [["id", 3]]
  [1m[36m (0.0ms)[0m  [1mSAVEPOINT active_record_1[0m
  [1m[35mSQL (0.1ms)[0m  UPDATE "movies" SET "director" = ?, "updated_at" = ? WHERE "movies"."id" = ?  [["director", "Ridley Scott"], ["updated_at", "2020-03-10 00:23:24.146288"], ["id", 3]]
  [1m[36m (0.0ms)[0m  [1mRELEASE SAVEPOINT active_record_1[0m
Redirected to http://www.example.com/movies/3
Completed 302 Found in 3ms (ActiveRecord: 0.3ms)
Started GET "/movies/3" for 127.0.0.1 at 2020-03-10 00:23:24 +0000
Processing by MoviesController#show as HTML
  Parameters: {"id"=>"3"}
  [1m[35mMovie Load (0.1ms)[0m  SELECT  "movies".* FROM "movies" WHERE "movies"."id" = ? LIMIT 1  [["id", 3]]
  Rendered movies/show.html.haml within layouts/application (1.8ms)
Completed 200 OK in 4ms (Views: 3.4ms | ActiveRecord: 0.1ms)
  [1m[36mMovie Load (0.1ms)[0m  [1mSELECT  "movies".* FROM "movies" WHERE "movies"."title" = ? LIMIT 1[0m  [["title", "Alien"]]
  [1m[35m (0.3ms)[0m  rollback transaction
  [1m[36m (0.1ms)[0m  [1mbegin transaction[0m
  [1m[35m (0.0ms)[0m  commit transaction
  [1m[36m (0.0ms)[0m  [1mbegin transaction[0m
  [1m[35m (0.0ms)[0m  SAVEPOINT active_record_1
  [1m[36mSQL (0.1ms)[0m  [1mINSERT INTO "movies" ("title", "rating", "director", "release_date", "created_at", "updated_at") VALUES (?, ?, ?, ?, ?, ?)[0m  [["title", "Star Wars"], ["rating", "PG"], ["director", "George Lucas"], ["release_date", "1977-05-25 00:00:00.000000"], ["created_at", "2020-03-10 00:23:24.159238"], ["updated_at", "2020-03-10 00:23:24.159238"]]
  [1m[35m (0.0ms)[0m  RELEASE SAVEPOINT active_record_1
  [1m[36m (0.0ms)[0m  [1mSAVEPOINT active_record_1[0m
  [1m[35mSQL (0.1ms)[0m  INSERT INTO "movies" ("title", "rating", "director", "release_date", "created_at", "updated_at") VALUES (?, ?, ?, ?, ?, ?)  [["title", "Blade Runner"], ["rating", "PG"], ["director", "Ridley Scott"], ["release_date", "1982-06-25 00:00:00.000000"], ["created_at", "2020-03-10 00:23:24.160659"], ["updated_at", "2020-03-10 00:23:24.160659"]]
  [1m[36m (0.0ms)[0m  [1mRELEASE SAVEPOINT active_record_1[0m
  [1m[35m (0.1ms)[0m  SAVEPOINT active_record_1
  [1m[36mSQL (0.1ms)[0m  [1mINSERT INTO "movies" ("title", "rating", "director", "release_date", "created_at", "updated_at") VALUES (?, ?, ?, ?, ?, ?)[0m  [["title", "Alien"], ["rating", "R"], ["director", ""], ["release_date", "1979-05-25 00:00:00.000000"], ["created_at", "2020-03-10 00:23:24.161909"], ["updated_at", "2020-03-10 00:23:24.161909"]]
  [1m[35m (0.0ms)[0m  RELEASE SAVEPOINT active_record_1
  [1m[36m (0.0ms)[0m  [1mSAVEPOINT active_record_1[0m
  [1m[35mSQL (0.1ms)[0m  INSERT INTO "movies" ("title", "rating", "director", "release_date", "created_at", "updated_at") VALUES (?, ?, ?, ?, ?, ?)  [["title", "THX-1138"], ["rating", "R"], ["director", "George Lucas"], ["release_date", "1971-03-11 00:00:00.000000"], ["created_at", "2020-03-10 00:23:24.163088"], ["updated_at", "2020-03-10 00:23:24.163088"]]
  [1m[36m (0.0ms)[0m  [1mRELEASE SAVEPOINT active_record_1[0m
  [1m[35mMovie Load (0.0ms)[0m  SELECT  "movies".* FROM "movies" WHERE "movies"."title" = ? LIMIT 1  [["title", "Star Wars"]]
Started GET "/movies/1" for 127.0.0.1 at 2020-03-10 00:23:24 +0000
Processing by MoviesController#show as HTML
  Parameters: {"id"=>"1"}
  [1m[36mMovie Load (0.1ms)[0m  [1mSELECT  "movies".* FROM "movies" WHERE "movies"."id" = ? LIMIT 1[0m  [["id", 1]]
  Rendered movies/show.html.haml within layouts/application (0.5ms)
Completed 200 OK in 2ms (Views: 1.6ms | ActiveRecord: 0.1ms)
Started GET "/movies/1/same_director" for 127.0.0.1 at 2020-03-10 00:23:24 +0000
Processing by MoviesController#same_director as HTML
  Parameters: {"id"=>"1"}
  [1m[35mMovie Load (0.0ms)[0m  SELECT  "movies".* FROM "movies" WHERE "movies"."id" = ? LIMIT 1  [["id", 1]]
  [1m[36mMovie Load (0.1ms)[0m  [1mSELECT "movies".* FROM "movies" WHERE "movies"."Director" = 'George Lucas'[0m
  Rendered movies/same_director.html.haml within layouts/application (2.4ms)
Completed 200 OK in 4ms (Views: 3.8ms | ActiveRecord: 0.2ms)
  [1m[35mMovie Load (0.1ms)[0m  SELECT  "movies".* FROM "movies" WHERE "movies"."title" = ? LIMIT 1  [["title", "Star Wars"]]
  [1m[36m (0.3ms)[0m  [1mrollback transaction[0m
  [1m[35m (0.1ms)[0m  begin transaction
  [1m[36m (0.0ms)[0m  [1mcommit transaction[0m
  [1m[35m (0.0ms)[0m  begin transaction
  [1m[36m (0.0ms)[0m  [1mSAVEPOINT active_record_1[0m
  [1m[35mSQL (0.1ms)[0m  INSERT INTO "movies" ("title", "rating", "director", "release_date", "created_at", "updated_at") VALUES (?, ?, ?, ?, ?, ?)  [["title", "Star Wars"], ["rating", "PG"], ["director", "George Lucas"], ["release_date", "1977-05-25 00:00:00.000000"], ["created_at", "2020-03-10 00:23:24.227618"], ["updated_at", "2020-03-10 00:23:24.227618"]]
  [1m[36m (0.1ms)[0m  [1mRELEASE SAVEPOINT active_record_1[0m
  [1m[35m (0.0ms)[0m  SAVEPOINT active_record_1
  [1m[36mSQL (0.1ms)[0m  [1mINSERT INTO "movies" ("title", "rating", "director", "release_date", "created_at", "updated_at") VALUES (?, ?, ?, ?, ?, ?)[0m  [["title", "Blade Runner"], ["rating", "PG"], ["director", "Ridley Scott"], ["release_date", "1982-06-25 00:00:00.000000"], ["created_at", "2020-03-10 00:23:24.229242"], ["updated_at", "2020-03-10 00:23:24.229242"]]
  [1m[35m (0.0ms)[0m  RELEASE SAVEPOINT active_record_1
  [1m[36m (0.0ms)[0m  [1mSAVEPOINT active_record_1[0m
  [1m[35mSQL (0.1ms)[0m  INSERT INTO "movies" ("title", "rating", "director", "release_date", "created_at", "updated_at") VALUES (?, ?, ?, ?, ?, ?)  [["title", "Alien"], ["rating", "R"], ["director", ""], ["release_date", "1979-05-25 00:00:00.000000"], ["created_at", "2020-03-10 00:23:24.230555"], ["updated_at", "2020-03-10 00:23:24.230555"]]
  [1m[36m (0.0ms)[0m  [1mRELEASE SAVEPOINT active_record_1[0m
  [1m[35m (0.0ms)[0m  SAVEPOINT active_record_1
  [1m[36mSQL (0.1ms)[0m  [1mINSERT INTO "movies" ("title", "rating", "director", "release_date", "created_at", "updated_at") VALUES (?, ?, ?, ?, ?, ?)[0m  [["title", "THX-1138"], ["rating", "R"], ["director", "George Lucas"], ["release_date", "1971-03-11 00:00:00.000000"], ["created_at", "2020-03-10 00:23:24.231840"], ["updated_at", "2020-03-10 00:23:24.231840"]]
  [1m[35m (0.0ms)[0m  RELEASE SAVEPOINT active_record_1
  [1m[36mMovie Load (0.0ms)[0m  [1mSELECT  "movies".* FROM "movies" WHERE "movies"."title" = ? LIMIT 1[0m  [["title", "Alien"]]
Started GET "/movies/3" for 127.0.0.1 at 2020-03-10 00:23:24 +0000
Processing by MoviesController#show as HTML
  Parameters: {"id"=>"3"}
  [1m[35mMovie Load (0.0ms)[0m  SELECT  "movies".* FROM "movies" WHERE "movies"."id" = ? LIMIT 1  [["id", 3]]
  Rendered movies/show.html.haml within layouts/application (0.6ms)
Completed 200 OK in 2ms (Views: 1.9ms | ActiveRecord: 0.0ms)
Started GET "/movies/3/same_director" for 127.0.0.1 at 2020-03-10 00:23:24 +0000
Processing by MoviesController#same_director as HTML
  Parameters: {"id"=>"3"}
  [1m[36mMovie Load (0.0ms)[0m  [1mSELECT  "movies".* FROM "movies" WHERE "movies"."id" = ? LIMIT 1[0m  [["id", 3]]
Redirected to http://www.example.com/movies
Completed 302 Found in 1ms (ActiveRecord: 0.0ms)
Started GET "/movies" for 127.0.0.1 at 2020-03-10 00:23:24 +0000
Processing by MoviesController#index as HTML
  [1m[35mMovie Load (0.1ms)[0m  SELECT "movies".* FROM "movies" WHERE "movies"."rating" IN ('G', 'PG', 'PG-13', 'NC-17', 'R')
  Rendered movies/index.html.haml within layouts/application (2.1ms)
Completed 200 OK in 4ms (Views: 3.0ms | ActiveRecord: 0.1ms)
  [1m[36m (0.3ms)[0m  [1mrollback transaction[0m
  [1m[35m (0.1ms)[0m  begin transaction
  [1m[36m (0.0ms)[0m  [1mcommit transaction[0m
  [1m[35m (0.0ms)[0m  begin transaction
  [1m[36m (0.1ms)[0m  [1mSAVEPOINT active_record_1[0m
  [1m[35mSQL (0.1ms)[0m  INSERT INTO "movies" ("title", "rating", "release_date", "created_at", "updated_at") VALUES (?, ?, ?, ?, ?)  [["title", "Aladdin"], ["rating", "G"], ["release_date", "1992-11-25 00:00:00.000000"], ["created_at", "2020-03-10 00:23:24.258122"], ["updated_at", "2020-03-10 00:23:24.258122"]]
  [1m[36m (0.0ms)[0m  [1mRELEASE SAVEPOINT active_record_1[0m
  [1m[35m (0.1ms)[0m  SAVEPOINT active_record_1
  [1m[36mSQL (0.1ms)[0m  [1mINSERT INTO "movies" ("title", "rating", "release_date", "created_at", "updated_at") VALUES (?, ?, ?, ?, ?)[0m  [["title", "The Terminator"], ["rating", "R"], ["release_date", "1984-10-26 00:00:00.000000"], ["created_at", "2020-03-10 00:23:24.259515"], ["updated_at", "2020-03-10 00:23:24.259515"]]
  [1m[35m (0.1ms)[0m  RELEASE SAVEPOINT active_record_1
  [1m[36m (0.0ms)[0m  [1mSAVEPOINT active_record_1[0m
  [1m[35mSQL (0.1ms)[0m  INSERT INTO "movies" ("title", "rating", "release_date", "created_at", "updated_at") VALUES (?, ?, ?, ?, ?)  [["title", "When Harry Met Sally"], ["rating", "R"], ["release_date", "1989-07-21 00:00:00.000000"], ["created_at", "2020-03-10 00:23:24.260820"], ["updated_at", "2020-03-10 00:23:24.260820"]]
  [1m[36m (0.1ms)[0m  [1mRELEASE SAVEPOINT active_record_1[0m
  [1m[35m (0.1ms)[0m  SAVEPOINT active_record_1
  [1m[36mSQL (0.1ms)[0m  [1mINSERT INTO "movies" ("title", "rating", "release_date", "created_at", "updated_at") VALUES (?, ?, ?, ?, ?)[0m  [["title", "The Help"], ["rating", "PG-13"], ["release_date", "2011-08-10 00:00:00.000000"], ["created_at", "2020-03-10 00:23:24.262131"], ["updated_at", "2020-03-10 00:23:24.262131"]]
  [1m[35m (0.0ms)[0m  RELEASE SAVEPOINT active_record_1
  [1m[36m (0.0ms)[0m  [1mSAVEPOINT active_record_1[0m
  [1m[35mSQL (0.1ms)[0m  INSERT INTO "movies" ("title", "rating", "release_date", "created_at", "updated_at") VALUES (?, ?, ?, ?, ?)  [["title", "Chocolat"], ["rating", "PG-13"], ["release_date", "2001-01-05 00:00:00.000000"], ["created_at", "2020-03-10 00:23:24.263431"], ["updated_at", "2020-03-10 00:23:24.263431"]]
  [1m[36m (0.1ms)[0m  [1mRELEASE SAVEPOINT active_record_1[0m
  [1m[35m (0.0ms)[0m  SAVEPOINT active_record_1
  [1m[36mSQL (0.1ms)[0m  [1mINSERT INTO "movies" ("title", "rating", "release_date", "created_at", "updated_at") VALUES (?, ?, ?, ?, ?)[0m  [["title", "Amelie"], ["rating", "R"], ["release_date", "2001-04-25 00:00:00.000000"], ["created_at", "2020-03-10 00:23:24.264761"], ["updated_at", "2020-03-10 00:23:24.264761"]]
  [1m[35m (0.1ms)[0m  RELEASE SAVEPOINT active_record_1
  [1m[36m (0.0ms)[0m  [1mSAVEPOINT active_record_1[0m
  [1m[35mSQL (0.1ms)[0m  INSERT INTO "movies" ("title", "rating", "release_date", "created_at", "updated_at") VALUES (?, ?, ?, ?, ?)  [["title", "2001: A Space Odyssey"], ["rating", "G"], ["release_date", "1968-04-06 00:00:00.000000"], ["created_at", "2020-03-10 00:23:24.266120"], ["updated_at", "2020-03-10 00:23:24.266120"]]
  [1m[36m (0.1ms)[0m  [1mRELEASE SAVEPOINT active_record_1[0m
  [1m[35m (0.0ms)[0m  SAVEPOINT active_record_1
  [1m[36mSQL (0.1ms)[0m  [1mINSERT INTO "movies" ("title", "rating", "release_date", "created_at", "updated_at") VALUES (?, ?, ?, ?, ?)[0m  [["title", "The Incredibles"], ["rating", "PG"], ["release_date", "2004-11-05 00:00:00.000000"], ["created_at", "2020-03-10 00:23:24.267442"], ["updated_at", "2020-03-10 00:23:24.267442"]]
  [1m[35m (0.0ms)[0m  RELEASE SAVEPOINT active_record_1
  [1m[36m (0.0ms)[0m  [1mSAVEPOINT active_record_1[0m
  [1m[35mSQL (0.1ms)[0m  INSERT INTO "movies" ("title", "rating", "release_date", "created_at", "updated_at") VALUES (?, ?, ?, ?, ?)  [["title", "Raiders of the Lost Ark"], ["rating", "PG"], ["release_date", "1981-06-12 00:00:00.000000"], ["created_at", "2020-03-10 00:23:24.268741"], ["updated_at", "2020-03-10 00:23:24.268741"]]
  [1m[36m (0.0ms)[0m  [1mRELEASE SAVEPOINT active_record_1[0m
  [1m[35m (0.0ms)[0m  SAVEPOINT active_record_1
  [1m[36mSQL (0.2ms)[0m  [1mINSERT INTO "movies" ("title", "rating", "release_date", "created_at", "updated_at") VALUES (?, ?, ?, ?, ?)[0m  [["title", "Chicken Run"], ["rating", "G"], ["release_date", "2000-06-21 00:00:00.000000"], ["created_at", "2020-03-10 00:23:24.270166"], ["updated_at", "2020-03-10 00:23:24.270166"]]
  [1m[35m (0.0ms)[0m  RELEASE SAVEPOINT active_record_1
Started GET "/movies" for 127.0.0.1 at 2020-03-10 00:23:24 +0000
Processing by MoviesController#index as HTML
  [1m[36mMovie Load (0.2ms)[0m  [1mSELECT "movies".* FROM "movies" WHERE "movies"."rating" IN ('G', 'PG', 'PG-13', 'NC-17', 'R')[0m
  Rendered movies/index.html.haml within layouts/application (3.2ms)
Completed 200 OK in 5ms (Views: 4.1ms | ActiveRecord: 0.2ms)
Started GET "/movies?ratings[G]=G&ratings[NC-17]=NC-17&ratings[PG]=PG&ratings[PG-13]=PG-13&ratings[R]=R&sort=title" for 127.0.0.1 at 2020-03-10 00:23:24 +0000
Processing by MoviesController#index as HTML
  Parameters: {"ratings"=>{"G"=>"G", "NC-17"=>"NC-17", "PG"=>"PG", "PG-13"=>"PG-13", "R"=>"R"}, "sort"=>"title"}
Redirected to http://www.example.com/movies?ratings%5BG%5D=G&ratings%5BNC-17%5D=NC-17&ratings%5BPG%5D=PG&ratings%5BPG-13%5D=PG-13&ratings%5BR%5D=R&sort=title
Completed 302 Found in 1ms (ActiveRecord: 0.0ms)
Started GET "/movies?ratings[G]=G&ratings[NC-17]=NC-17&ratings[PG]=PG&ratings[PG-13]=PG-13&ratings[R]=R&sort=title" for 127.0.0.1 at 2020-03-10 00:23:24 +0000
Processing by MoviesController#index as HTML
  Parameters: {"ratings"=>{"G"=>"G", "NC-17"=>"NC-17", "PG"=>"PG", "PG-13"=>"PG-13", "R"=>"R"}, "sort"=>"title"}
  [1m[35mMovie Load (0.2ms)[0m  SELECT "movies".* FROM "movies" WHERE "movies"."rating" IN ('G', 'NC-17', 'PG', 'PG-13', 'R')  ORDER BY "movies"."title" ASC
  Rendered movies/index.html.haml within layouts/application (3.1ms)
Completed 200 OK in 5ms (Views: 4.1ms | ActiveRecord: 0.2ms)
  [1m[36m (0.3ms)[0m  [1mrollback transaction[0m
  [1m[35m (0.0ms)[0m  begin transaction
  [1m[36m (0.0ms)[0m  [1mcommit transaction[0m
  [1m[35m (0.0ms)[0m  begin transaction
  [1m[36m (0.0ms)[0m  [1mSAVEPOINT active_record_1[0m
  [1m[35mSQL (0.2ms)[0m  INSERT INTO "movies" ("title", "rating", "release_date", "created_at", "updated_at") VALUES (?, ?, ?, ?, ?)  [["title", "Aladdin"], ["rating", "G"], ["release_date", "1992-11-25 00:00:00.000000"], ["created_at", "2020-03-10 00:23:24.302814"], ["updated_at", "2020-03-10 00:23:24.302814"]]
  [1m[36m (0.0ms)[0m  [1mRELEASE SAVEPOINT active_record_1[0m
  [1m[35m (0.0ms)[0m  SAVEPOINT active_record_1
  [1m[36mSQL (0.1ms)[0m  [1mINSERT INTO "movies" ("title", "rating", "release_date", "created_at", "updated_at") VALUES (?, ?, ?, ?, ?)[0m  [["title", "The Terminator"], ["rating", "R"], ["release_date", "1984-10-26 00:00:00.000000"], ["created_at", "2020-03-10 00:23:24.304335"], ["updated_at", "2020-03-10 00:23:24.304335"]]
  [1m[35m (0.0ms)[0m  RELEASE SAVEPOINT active_record_1
  [1m[36m (0.0ms)[0m  [1mSAVEPOINT active_record_1[0m
  [1m[35mSQL (0.1ms)[0m  INSERT INTO "movies" ("title", "rating", "release_date", "created_at", "updated_at") VALUES (?, ?, ?, ?, ?)  [["title", "When Harry Met Sally"], ["rating", "R"], ["release_date", "1989-07-21 00:00:00.000000"], ["created_at", "2020-03-10 00:23:24.305648"], ["updated_at", "2020-03-10 00:23:24.305648"]]
  [1m[36m (0.0ms)[0m  [1mRELEASE SAVEPOINT active_record_1[0m
  [1m[35m (0.0ms)[0m  SAVEPOINT active_record_1
  [1m[36mSQL (0.1ms)[0m  [1mINSERT INTO "movies" ("title", "rating", "release_date", "created_at", "updated_at") VALUES (?, ?, ?, ?, ?)[0m  [["title", "The Help"], ["rating", "PG-13"], ["release_date", "2011-08-10 00:00:00.000000"], ["created_at", "2020-03-10 00:23:24.306910"], ["updated_at", "2020-03-10 00:23:24.306910"]]
  [1m[35m (0.0ms)[0m  RELEASE SAVEPOINT active_record_1
  [1m[36m (0.0ms)[0m  [1mSAVEPOINT active_record_1[0m
  [1m[35mSQL (0.1ms)[0m  INSERT INTO "movies" ("title", "rating", "release_date", "created_at", "updated_at") VALUES (?, ?, ?, ?, ?)  [["title", "Chocolat"], ["rating", "PG-13"], ["release_date", "2001-01-05 00:00:00.000000"], ["created_at", "2020-03-10 00:23:24.308192"], ["updated_at", "2020-03-10 00:23:24.308192"]]
  [1m[36m (0.0ms)[0m  [1mRELEASE SAVEPOINT active_record_1[0m
  [1m[35m (0.0ms)[0m  SAVEPOINT active_record_1
  [1m[36mSQL (0.1ms)[0m  [1mINSERT INTO "movies" ("title", "rating", "release_date", "created_at", "updated_at") VALUES (?, ?, ?, ?, ?)[0m  [["title", "Amelie"], ["rating", "R"], ["release_date", "2001-04-25 00:00:00.000000"], ["created_at", "2020-03-10 00:23:24.309610"], ["updated_at", "2020-03-10 00:23:24.309610"]]
  [1m[35m (0.1ms)[0m  RELEASE SAVEPOINT active_record_1
  [1m[36m (0.0ms)[0m  [1mSAVEPOINT active_record_1[0m
  [1m[35mSQL (0.1ms)[0m  INSERT INTO "movies" ("title", "rating", "release_date", "created_at", "updated_at") VALUES (?, ?, ?, ?, ?)  [["title", "2001: A Space Odyssey"], ["rating", "G"], ["release_date", "1968-04-06 00:00:00.000000"], ["created_at", "2020-03-10 00:23:24.311027"], ["updated_at", "2020-03-10 00:23:24.311027"]]
  [1m[36m (0.1ms)[0m  [1mRELEASE SAVEPOINT active_record_1[0m
  [1m[35m (0.1ms)[0m  SAVEPOINT active_record_1
  [1m[36mSQL (0.1ms)[0m  [1mINSERT INTO "movies" ("title", "rating", "release_date", "created_at", "updated_at") VALUES (?, ?, ?, ?, ?)[0m  [["title", "The Incredibles"], ["rating", "PG"], ["release_date", "2004-11-05 00:00:00.000000"], ["created_at", "2020-03-10 00:23:24.312503"], ["updated_at", "2020-03-10 00:23:24.312503"]]
  [1m[35m (0.1ms)[0m  RELEASE SAVEPOINT active_record_1
  [1m[36m (0.0ms)[0m  [1mSAVEPOINT active_record_1[0m
  [1m[35mSQL (0.1ms)[0m  INSERT INTO "movies" ("title", "rating", "release_date", "created_at", "updated_at") VALUES (?, ?, ?, ?, ?)  [["title", "Raiders of the Lost Ark"], ["rating", "PG"], ["release_date", "1981-06-12 00:00:00.000000"], ["created_at", "2020-03-10 00:23:24.313897"], ["updated_at", "2020-03-10 00:23:24.313897"]]
  [1m[36m (0.0ms)[0m  [1mRELEASE SAVEPOINT active_record_1[0m
  [1m[35m (0.1ms)[0m  SAVEPOINT active_record_1
  [1m[36mSQL (0.2ms)[0m  [1mINSERT INTO "movies" ("title", "rating", "release_date", "created_at", "updated_at") VALUES (?, ?, ?, ?, ?)[0m  [["title", "Chicken Run"], ["rating", "G"], ["release_date", "2000-06-21 00:00:00.000000"], ["created_at", "2020-03-10 00:23:24.315467"], ["updated_at", "2020-03-10 00:23:24.315467"]]
  [1m[35m (0.0ms)[0m  RELEASE SAVEPOINT active_record_1
Started GET "/movies" for 127.0.0.1 at 2020-03-10 00:23:24 +0000
Processing by MoviesController#index as HTML
  [1m[36mMovie Load (0.2ms)[0m  [1mSELECT "movies".* FROM "movies" WHERE "movies"."rating" IN ('G', 'PG', 'PG-13', 'NC-17', 'R')[0m
  Rendered movies/index.html.haml within layouts/application (3.3ms)
Completed 200 OK in 5ms (Views: 4.3ms | ActiveRecord: 0.2ms)
Started GET "/movies?ratings[G]=G&ratings[NC-17]=NC-17&ratings[PG]=PG&ratings[PG-13]=PG-13&ratings[R]=R&sort=release_date" for 127.0.0.1 at 2020-03-10 00:23:24 +0000
Processing by MoviesController#index as HTML
  Parameters: {"ratings"=>{"G"=>"G", "NC-17"=>"NC-17", "PG"=>"PG", "PG-13"=>"PG-13", "R"=>"R"}, "sort"=>"release_date"}
Redirected to http://www.example.com/movies?ratings%5BG%5D=G&ratings%5BNC-17%5D=NC-17&ratings%5BPG%5D=PG&ratings%5BPG-13%5D=PG-13&ratings%5BR%5D=R&sort=release_date
Completed 302 Found in 1ms (ActiveRecord: 0.0ms)
Started GET "/movies?ratings[G]=G&ratings[NC-17]=NC-17&ratings[PG]=PG&ratings[PG-13]=PG-13&ratings[R]=R&sort=release_date" for 127.0.0.1 at 2020-03-10 00:23:24 +0000
Processing by MoviesController#index as HTML
  Parameters: {"ratings"=>{"G"=>"G", "NC-17"=>"NC-17", "PG"=>"PG", "PG-13"=>"PG-13", "R"=>"R"}, "sort"=>"release_date"}
  [1m[35mMovie Load (0.2ms)[0m  SELECT "movies".* FROM "movies" WHERE "movies"."rating" IN ('G', 'NC-17', 'PG', 'PG-13', 'R')  ORDER BY "movies"."release_date" ASC
  Rendered movies/index.html.haml within layouts/application (3.5ms)
Completed 200 OK in 5ms (Views: 4.6ms | ActiveRecord: 0.2ms)
  [1m[36m (0.3ms)[0m  [1mrollback transaction[0m
  [1m[36mActiveRecord::SchemaMigration Load (0.1ms)[0m  [1mSELECT "schema_migrations".* FROM "schema_migrations"[0m
  [1m[35m (0.1ms)[0m  begin transaction
  [1m[36m (0.0ms)[0m  [1mcommit transaction[0m
  [1m[35m (0.0ms)[0m  begin transaction
  [1m[36m (0.0ms)[0m  [1mSAVEPOINT active_record_1[0m
  [1m[35mSQL (0.4ms)[0m  INSERT INTO "movies" ("title", "rating", "release_date", "created_at", "updated_at") VALUES (?, ?, ?, ?, ?)  [["title", "Aladdin"], ["rating", "G"], ["release_date", "1992-11-25 00:00:00.000000"], ["created_at", "2020-03-10 01:18:30.956068"], ["updated_at", "2020-03-10 01:18:30.956068"]]
  [1m[36m (0.0ms)[0m  [1mRELEASE SAVEPOINT active_record_1[0m
  [1m[35m (0.0ms)[0m  SAVEPOINT active_record_1
  [1m[36mSQL (0.1ms)[0m  [1mINSERT INTO "movies" ("title", "rating", "release_date", "created_at", "updated_at") VALUES (?, ?, ?, ?, ?)[0m  [["title", "The Terminator"], ["rating", "R"], ["release_date", "1984-10-26 00:00:00.000000"], ["created_at", "2020-03-10 01:18:30.958001"], ["updated_at", "2020-03-10 01:18:30.958001"]]
  [1m[35m (0.0ms)[0m  RELEASE SAVEPOINT active_record_1
  [1m[36m (0.0ms)[0m  [1mSAVEPOINT active_record_1[0m
  [1m[35mSQL (0.1ms)[0m  INSERT INTO "movies" ("title", "rating", "release_date", "created_at", "updated_at") VALUES (?, ?, ?, ?, ?)  [["title", "When Harry Met Sally"], ["rating", "R"], ["release_date", "1989-07-21 00:00:00.000000"], ["created_at", "2020-03-10 01:18:30.959244"], ["updated_at", "2020-03-10 01:18:30.959244"]]
  [1m[36m (0.0ms)[0m  [1mRELEASE SAVEPOINT active_record_1[0m
  [1m[35m (0.0ms)[0m  SAVEPOINT active_record_1
  [1m[36mSQL (0.1ms)[0m  [1mINSERT INTO "movies" ("title", "rating", "release_date", "created_at", "updated_at") VALUES (?, ?, ?, ?, ?)[0m  [["title", "The Help"], ["rating", "PG-13"], ["release_date", "2011-08-10 00:00:00.000000"], ["created_at", "2020-03-10 01:18:30.960470"], ["updated_at", "2020-03-10 01:18:30.960470"]]
  [1m[35m (0.0ms)[0m  RELEASE SAVEPOINT active_record_1
  [1m[36m (0.0ms)[0m  [1mSAVEPOINT active_record_1[0m
  [1m[35mSQL (0.1ms)[0m  INSERT INTO "movies" ("title", "rating", "release_date", "created_at", "updated_at") VALUES (?, ?, ?, ?, ?)  [["title", "Chocolat"], ["rating", "PG-13"], ["release_date", "2001-01-05 00:00:00.000000"], ["created_at", "2020-03-10 01:18:30.961627"], ["updated_at", "2020-03-10 01:18:30.961627"]]
  [1m[36m (0.0ms)[0m  [1mRELEASE SAVEPOINT active_record_1[0m
  [1m[35m (0.0ms)[0m  SAVEPOINT active_record_1
  [1m[36mSQL (0.1ms)[0m  [1mINSERT INTO "movies" ("title", "rating", "release_date", "created_at", "updated_at") VALUES (?, ?, ?, ?, ?)[0m  [["title", "Amelie"], ["rating", "R"], ["release_date", "2001-04-25 00:00:00.000000"], ["created_at", "2020-03-10 01:18:30.962826"], ["updated_at", "2020-03-10 01:18:30.962826"]]
  [1m[35m (0.0ms)[0m  RELEASE SAVEPOINT active_record_1
  [1m[36m (0.0ms)[0m  [1mSAVEPOINT active_record_1[0m
  [1m[35mSQL (0.1ms)[0m  INSERT INTO "movies" ("title", "rating", "release_date", "created_at", "updated_at") VALUES (?, ?, ?, ?, ?)  [["title", "2001: A Space Odyssey"], ["rating", "G"], ["release_date", "1968-04-06 00:00:00.000000"], ["created_at", "2020-03-10 01:18:30.964023"], ["updated_at", "2020-03-10 01:18:30.964023"]]
  [1m[36m (0.0ms)[0m  [1mRELEASE SAVEPOINT active_record_1[0m
  [1m[35m (0.0ms)[0m  SAVEPOINT active_record_1
  [1m[36mSQL (0.1ms)[0m  [1mINSERT INTO "movies" ("title", "rating", "release_date", "created_at", "updated_at") VALUES (?, ?, ?, ?, ?)[0m  [["title", "The Incredibles"], ["rating", "PG"], ["release_date", "2004-11-05 00:00:00.000000"], ["created_at", "2020-03-10 01:18:30.965204"], ["updated_at", "2020-03-10 01:18:30.965204"]]
  [1m[35m (0.0ms)[0m  RELEASE SAVEPOINT active_record_1
  [1m[36m (0.0ms)[0m  [1mSAVEPOINT active_record_1[0m
  [1m[35mSQL (0.1ms)[0m  INSERT INTO "movies" ("title", "rating", "release_date", "created_at", "updated_at") VALUES (?, ?, ?, ?, ?)  [["title", "Raiders of the Lost Ark"], ["rating", "PG"], ["release_date", "1981-06-12 00:00:00.000000"], ["created_at", "2020-03-10 01:18:30.966354"], ["updated_at", "2020-03-10 01:18:30.966354"]]
  [1m[36m (0.1ms)[0m  [1mRELEASE SAVEPOINT active_record_1[0m
  [1m[35m (0.0ms)[0m  SAVEPOINT active_record_1
  [1m[36mSQL (0.1ms)[0m  [1mINSERT INTO "movies" ("title", "rating", "release_date", "created_at", "updated_at") VALUES (?, ?, ?, ?, ?)[0m  [["title", "Chicken Run"], ["rating", "G"], ["release_date", "2000-06-21 00:00:00.000000"], ["created_at", "2020-03-10 01:18:30.967584"], ["updated_at", "2020-03-10 01:18:30.967584"]]
  [1m[35m (0.1ms)[0m  RELEASE SAVEPOINT active_record_1
Started GET "/movies" for 127.0.0.1 at 2020-03-10 01:18:30 +0000
Processing by MoviesController#index as HTML
  [1m[36mMovie Load (0.2ms)[0m  [1mSELECT "movies".* FROM "movies" WHERE "movies"."rating" IN ('G', 'PG', 'PG-13', 'NC-17', 'R')[0m
  Rendered movies/index.html.haml within layouts/application (11.3ms)
Completed 200 OK in 135ms (Views: 124.8ms | ActiveRecord: 0.2ms)
Started GET "/movies?utf8=%E2%9C%93&ratings[PG]=1&ratings[NC-17]=1&ratings[R]=1&commit=Refresh" for 127.0.0.1 at 2020-03-10 01:18:31 +0000
Processing by MoviesController#index as HTML
  Parameters: {"utf8"=>"✓", "ratings"=>{"PG"=>"1", "NC-17"=>"1", "R"=>"1"}, "commit"=>"Refresh"}
Redirected to http://www.example.com/movies?ratings%5BNC-17%5D=1&ratings%5BPG%5D=1&ratings%5BR%5D=1
Completed 302 Found in 1ms (ActiveRecord: 0.0ms)
Started GET "/movies?ratings[NC-17]=1&ratings[PG]=1&ratings[R]=1" for 127.0.0.1 at 2020-03-10 01:18:31 +0000
Processing by MoviesController#index as HTML
  Parameters: {"ratings"=>{"NC-17"=>"1", "PG"=>"1", "R"=>"1"}}
  [1m[35mMovie Load (0.2ms)[0m  SELECT "movies".* FROM "movies" WHERE "movies"."rating" IN ('NC-17', 'PG', 'R')
  Rendered movies/index.html.haml within layouts/application (2.2ms)
Completed 200 OK in 4ms (Views: 3.1ms | ActiveRecord: 0.2ms)
  [1m[36m (0.4ms)[0m  [1mrollback transaction[0m
  [1m[35m (0.0ms)[0m  begin transaction
  [1m[36m (0.0ms)[0m  [1mcommit transaction[0m
  [1m[35m (0.0ms)[0m  begin transaction
  [1m[36m (0.0ms)[0m  [1mSAVEPOINT active_record_1[0m
  [1m[35mSQL (0.1ms)[0m  INSERT INTO "movies" ("title", "rating", "release_date", "created_at", "updated_at") VALUES (?, ?, ?, ?, ?)  [["title", "Aladdin"], ["rating", "G"], ["release_date", "1992-11-25 00:00:00.000000"], ["created_at", "2020-03-10 01:18:31.163668"], ["updated_at", "2020-03-10 01:18:31.163668"]]
  [1m[36m (0.0ms)[0m  [1mRELEASE SAVEPOINT active_record_1[0m
  [1m[35m (0.0ms)[0m  SAVEPOINT active_record_1
  [1m[36mSQL (0.1ms)[0m  [1mINSERT INTO "movies" ("title", "rating", "release_date", "created_at", "updated_at") VALUES (?, ?, ?, ?, ?)[0m  [["title", "The Terminator"], ["rating", "R"], ["release_date", "1984-10-26 00:00:00.000000"], ["created_at", "2020-03-10 01:18:31.165092"], ["updated_at", "2020-03-10 01:18:31.165092"]]
  [1m[35m (0.0ms)[0m  RELEASE SAVEPOINT active_record_1
  [1m[36m (0.0ms)[0m  [1mSAVEPOINT active_record_1[0m
  [1m[35mSQL (0.1ms)[0m  INSERT INTO "movies" ("title", "rating", "release_date", "created_at", "updated_at") VALUES (?, ?, ?, ?, ?)  [["title", "When Harry Met Sally"], ["rating", "R"], ["release_date", "1989-07-21 00:00:00.000000"], ["created_at", "2020-03-10 01:18:31.166342"], ["updated_at", "2020-03-10 01:18:31.166342"]]
  [1m[36m (0.0ms)[0m  [1mRELEASE SAVEPOINT active_record_1[0m
  [1m[35m (0.0ms)[0m  SAVEPOINT active_record_1
  [1m[36mSQL (0.1ms)[0m  [1mINSERT INTO "movies" ("title", "rating", "release_date", "created_at", "updated_at") VALUES (?, ?, ?, ?, ?)[0m  [["title", "The Help"], ["rating", "PG-13"], ["release_date", "2011-08-10 00:00:00.000000"], ["created_at", "2020-03-10 01:18:31.167603"], ["updated_at", "2020-03-10 01:18:31.167603"]]
  [1m[35m (0.0ms)[0m  RELEASE SAVEPOINT active_record_1
  [1m[36m (0.0ms)[0m  [1mSAVEPOINT active_record_1[0m
  [1m[35mSQL (0.1ms)[0m  INSERT INTO "movies" ("title", "rating", "release_date", "created_at", "updated_at") VALUES (?, ?, ?, ?, ?)  [["title", "Chocolat"], ["rating", "PG-13"], ["release_date", "2001-01-05 00:00:00.000000"], ["created_at", "2020-03-10 01:18:31.168789"], ["updated_at", "2020-03-10 01:18:31.168789"]]
  [1m[36m (0.0ms)[0m  [1mRELEASE SAVEPOINT active_record_1[0m
  [1m[35m (0.0ms)[0m  SAVEPOINT active_record_1
  [1m[36mSQL (0.1ms)[0m  [1mINSERT INTO "movies" ("title", "rating", "release_date", "created_at", "updated_at") VALUES (?, ?, ?, ?, ?)[0m  [["title", "Amelie"], ["rating", "R"], ["release_date", "2001-04-25 00:00:00.000000"], ["created_at", "2020-03-10 01:18:31.169968"], ["updated_at", "2020-03-10 01:18:31.169968"]]
  [1m[35m (0.0ms)[0m  RELEASE SAVEPOINT active_record_1
  [1m[36m (0.1ms)[0m  [1mSAVEPOINT active_record_1[0m
  [1m[35mSQL (0.1ms)[0m  INSERT INTO "movies" ("title", "rating", "release_date", "created_at", "updated_at") VALUES (?, ?, ?, ?, ?)  [["title", "2001: A Space Odyssey"], ["rating", "G"], ["release_date", "1968-04-06 00:00:00.000000"], ["created_at", "2020-03-10 01:18:31.171141"], ["updated_at", "2020-03-10 01:18:31.171141"]]
  [1m[36m (0.1ms)[0m  [1mRELEASE SAVEPOINT active_record_1[0m
  [1m[35m (0.0ms)[0m  SAVEPOINT active_record_1
  [1m[36mSQL (0.1ms)[0m  [1mINSERT INTO "movies" ("title", "rating", "release_date", "created_at", "updated_at") VALUES (?, ?, ?, ?, ?)[0m  [["title", "The Incredibles"], ["rating", "PG"], ["release_date", "2004-11-05 00:00:00.000000"], ["created_at", "2020-03-10 01:18:31.172357"], ["updated_at", "2020-03-10 01:18:31.172357"]]
  [1m[35m (0.0ms)[0m  RELEASE SAVEPOINT active_record_1
  [1m[36m (0.0ms)[0m  [1mSAVEPOINT active_record_1[0m
  [1m[35mSQL (0.1ms)[0m  INSERT INTO "movies" ("title", "rating", "release_date", "created_at", "updated_at") VALUES (?, ?, ?, ?, ?)  [["title", "Raiders of the Lost Ark"], ["rating", "PG"], ["release_date", "1981-06-12 00:00:00.000000"], ["created_at", "2020-03-10 01:18:31.173560"], ["updated_at", "2020-03-10 01:18:31.173560"]]
  [1m[36m (0.0ms)[0m  [1mRELEASE SAVEPOINT active_record_1[0m
  [1m[35m (0.0ms)[0m  SAVEPOINT active_record_1
  [1m[36mSQL (0.1ms)[0m  [1mINSERT INTO "movies" ("title", "rating", "release_date", "created_at", "updated_at") VALUES (?, ?, ?, ?, ?)[0m  [["title", "Chicken Run"], ["rating", "G"], ["release_date", "2000-06-21 00:00:00.000000"], ["created_at", "2020-03-10 01:18:31.174716"], ["updated_at", "2020-03-10 01:18:31.174716"]]
  [1m[35m (0.0ms)[0m  RELEASE SAVEPOINT active_record_1
Started GET "/movies" for 127.0.0.1 at 2020-03-10 01:18:31 +0000
Processing by MoviesController#index as HTML
  [1m[36mMovie Load (0.2ms)[0m  [1mSELECT "movies".* FROM "movies" WHERE "movies"."rating" IN ('G', 'PG', 'PG-13', 'NC-17', 'R')[0m
  Rendered movies/index.html.haml within layouts/application (2.9ms)
Completed 200 OK in 4ms (Views: 3.8ms | ActiveRecord: 0.2ms)
Started GET "/movies?utf8=%E2%9C%93&ratings[G]=1&ratings[PG]=1&ratings[PG-13]=1&ratings[NC-17]=1&ratings[R]=1&commit=Refresh" for 127.0.0.1 at 2020-03-10 01:18:31 +0000
Processing by MoviesController#index as HTML
  Parameters: {"utf8"=>"✓", "ratings"=>{"G"=>"1", "PG"=>"1", "PG-13"=>"1", "NC-17"=>"1", "R"=>"1"}, "commit"=>"Refresh"}
Redirected to http://www.example.com/movies?ratings%5BG%5D=1&ratings%5BNC-17%5D=1&ratings%5BPG%5D=1&ratings%5BPG-13%5D=1&ratings%5BR%5D=1
Completed 302 Found in 1ms (ActiveRecord: 0.0ms)
Started GET "/movies?ratings[G]=1&ratings[NC-17]=1&ratings[PG]=1&ratings[PG-13]=1&ratings[R]=1" for 127.0.0.1 at 2020-03-10 01:18:31 +0000
Processing by MoviesController#index as HTML
  Parameters: {"ratings"=>{"G"=>"1", "NC-17"=>"1", "PG"=>"1", "PG-13"=>"1", "R"=>"1"}}
  [1m[35mMovie Load (0.2ms)[0m  SELECT "movies".* FROM "movies" WHERE "movies"."rating" IN ('G', 'NC-17', 'PG', 'PG-13', 'R')
  Rendered movies/index.html.haml within layouts/application (2.9ms)
Completed 200 OK in 4ms (Views: 3.8ms | ActiveRecord: 0.2ms)
  [1m[36mMovie Load (0.1ms)[0m  [1mSELECT "movies".* FROM "movies"[0m
  [1m[35m (0.3ms)[0m  rollback transaction
  [1m[36m (0.1ms)[0m  [1mbegin transaction[0m
  [1m[35m (0.0ms)[0m  commit transaction
  [1m[36m (0.0ms)[0m  [1mbegin transaction[0m
  [1m[35m (0.1ms)[0m  SAVEPOINT active_record_1
  [1m[36mSQL (0.2ms)[0m  [1mINSERT INTO "movies" ("title", "rating", "director", "release_date", "created_at", "updated_at") VALUES (?, ?, ?, ?, ?, ?)[0m  [["title", "Star Wars"], ["rating", "PG"], ["director", "George Lucas"], ["release_date", "1977-05-25 00:00:00.000000"], ["created_at", "2020-03-10 01:18:31.238199"], ["updated_at", "2020-03-10 01:18:31.238199"]]
  [1m[35m (0.0ms)[0m  RELEASE SAVEPOINT active_record_1
  [1m[36m (0.0ms)[0m  [1mSAVEPOINT active_record_1[0m
  [1m[35mSQL (0.1ms)[0m  INSERT INTO "movies" ("title", "rating", "director", "release_date", "created_at", "updated_at") VALUES (?, ?, ?, ?, ?, ?)  [["title", "Blade Runner"], ["rating", "PG"], ["director", "Ridley Scott"], ["release_date", "1982-06-25 00:00:00.000000"], ["created_at", "2020-03-10 01:18:31.239844"], ["updated_at", "2020-03-10 01:18:31.239844"]]
  [1m[36m (0.1ms)[0m  [1mRELEASE SAVEPOINT active_record_1[0m
  [1m[35m (0.1ms)[0m  SAVEPOINT active_record_1
  [1m[36mSQL (0.1ms)[0m  [1mINSERT INTO "movies" ("title", "rating", "director", "release_date", "created_at", "updated_at") VALUES (?, ?, ?, ?, ?, ?)[0m  [["title", "Alien"], ["rating", "R"], ["director", ""], ["release_date", "1979-05-25 00:00:00.000000"], ["created_at", "2020-03-10 01:18:31.241181"], ["updated_at", "2020-03-10 01:18:31.241181"]]
  [1m[35m (0.1ms)[0m  RELEASE SAVEPOINT active_record_1
  [1m[36m (0.0ms)[0m  [1mSAVEPOINT active_record_1[0m
  [1m[35mSQL (0.1ms)[0m  INSERT INTO "movies" ("title", "rating", "director", "release_date", "created_at", "updated_at") VALUES (?, ?, ?, ?, ?, ?)  [["title", "THX-1138"], ["rating", "R"], ["director", "George Lucas"], ["release_date", "1971-03-11 00:00:00.000000"], ["created_at", "2020-03-10 01:18:31.242527"], ["updated_at", "2020-03-10 01:18:31.242527"]]
  [1m[36m (0.0ms)[0m  [1mRELEASE SAVEPOINT active_record_1[0m
  [1m[35mMovie Load (0.1ms)[0m  SELECT  "movies".* FROM "movies" WHERE "movies"."title" = ? LIMIT 1  [["title", "Alien"]]
Started GET "/movies/3/edit" for 127.0.0.1 at 2020-03-10 01:18:31 +0000
Processing by MoviesController#edit as HTML
  Parameters: {"id"=>"3"}
  [1m[36mMovie Load (0.1ms)[0m  [1mSELECT  "movies".* FROM "movies" WHERE "movies"."id" = ? LIMIT 1[0m  [["id", 3]]
  Rendered movies/edit.html.haml within layouts/application (9.0ms)
Completed 200 OK in 12ms (Views: 10.9ms | ActiveRecord: 0.1ms)
Started PUT "/movies/3" for 127.0.0.1 at 2020-03-10 01:18:31 +0000
Processing by MoviesController#update as HTML
  Parameters: {"utf8"=>"✓", "movie"=>{"title"=>"Alien", "rating"=>"R", "release_date(1i)"=>"1979", "release_date(2i)"=>"5", "release_date(3i)"=>"25", "director"=>"Ridley Scott"}, "commit"=>"Update Movie Info", "id"=>"3"}
  [1m[35mMovie Load (0.1ms)[0m  SELECT  "movies".* FROM "movies" WHERE "movies"."id" = ? LIMIT 1  [["id", 3]]
  [1m[36m (0.1ms)[0m  [1mSAVEPOINT active_record_1[0m
  [1m[35mSQL (0.1ms)[0m  UPDATE "movies" SET "director" = ?, "updated_at" = ? WHERE "movies"."id" = ?  [["director", "Ridley Scott"], ["updated_at", "2020-03-10 01:18:31.277558"], ["id", 3]]
  [1m[36m (0.0ms)[0m  [1mRELEASE SAVEPOINT active_record_1[0m
Redirected to http://www.example.com/movies/3
Completed 302 Found in 3ms (ActiveRecord: 0.3ms)
Started GET "/movies/3" for 127.0.0.1 at 2020-03-10 01:18:31 +0000
Processing by MoviesController#show as HTML
  Parameters: {"id"=>"3"}
  [1m[35mMovie Load (0.0ms)[0m  SELECT  "movies".* FROM "movies" WHERE "movies"."id" = ? LIMIT 1  [["id", 3]]
  Rendered movies/show.html.haml within layouts/application (2.7ms)
Completed 200 OK in 5ms (Views: 4.7ms | ActiveRecord: 0.0ms)
  [1m[36mMovie Load (0.1ms)[0m  [1mSELECT  "movies".* FROM "movies" WHERE "movies"."title" = ? LIMIT 1[0m  [["title", "Alien"]]
  [1m[35m (0.3ms)[0m  rollback transaction
  [1m[36m (0.1ms)[0m  [1mbegin transaction[0m
  [1m[35m (0.1ms)[0m  commit transaction
  [1m[36m (0.0ms)[0m  [1mbegin transaction[0m
  [1m[35m (0.0ms)[0m  SAVEPOINT active_record_1
  [1m[36mSQL (0.2ms)[0m  [1mINSERT INTO "movies" ("title", "rating", "director", "release_date", "created_at", "updated_at") VALUES (?, ?, ?, ?, ?, ?)[0m  [["title", "Star Wars"], ["rating", "PG"], ["director", "George Lucas"], ["release_date", "1977-05-25 00:00:00.000000"], ["created_at", "2020-03-10 01:18:31.293849"], ["updated_at", "2020-03-10 01:18:31.293849"]]
  [1m[35m (0.1ms)[0m  RELEASE SAVEPOINT active_record_1
  [1m[36m (0.0ms)[0m  [1mSAVEPOINT active_record_1[0m
  [1m[35mSQL (0.1ms)[0m  INSERT INTO "movies" ("title", "rating", "director", "release_date", "created_at", "updated_at") VALUES (?, ?, ?, ?, ?, ?)  [["title", "Blade Runner"], ["rating", "PG"], ["director", "Ridley Scott"], ["release_date", "1982-06-25 00:00:00.000000"], ["created_at", "2020-03-10 01:18:31.295567"], ["updated_at", "2020-03-10 01:18:31.295567"]]
  [1m[36m (0.1ms)[0m  [1mRELEASE SAVEPOINT active_record_1[0m
  [1m[35m (0.0ms)[0m  SAVEPOINT active_record_1
  [1m[36mSQL (0.1ms)[0m  [1mINSERT INTO "movies" ("title", "rating", "director", "release_date", "created_at", "updated_at") VALUES (?, ?, ?, ?, ?, ?)[0m  [["title", "Alien"], ["rating", "R"], ["director", ""], ["release_date", "1979-05-25 00:00:00.000000"], ["created_at", "2020-03-10 01:18:31.297057"], ["updated_at", "2020-03-10 01:18:31.297057"]]
  [1m[35m (0.1ms)[0m  RELEASE SAVEPOINT active_record_1
  [1m[36m (0.1ms)[0m  [1mSAVEPOINT active_record_1[0m
  [1m[35mSQL (0.1ms)[0m  INSERT INTO "movies" ("title", "rating", "director", "release_date", "created_at", "updated_at") VALUES (?, ?, ?, ?, ?, ?)  [["title", "THX-1138"], ["rating", "R"], ["director", "George Lucas"], ["release_date", "1971-03-11 00:00:00.000000"], ["created_at", "2020-03-10 01:18:31.298478"], ["updated_at", "2020-03-10 01:18:31.298478"]]
  [1m[36m (0.1ms)[0m  [1mRELEASE SAVEPOINT active_record_1[0m
  [1m[35mMovie Load (0.0ms)[0m  SELECT  "movies".* FROM "movies" WHERE "movies"."title" = ? LIMIT 1  [["title", "Star Wars"]]
Started GET "/movies/1" for 127.0.0.1 at 2020-03-10 01:18:31 +0000
Processing by MoviesController#show as HTML
  Parameters: {"id"=>"1"}
  [1m[36mMovie Load (0.0ms)[0m  [1mSELECT  "movies".* FROM "movies" WHERE "movies"."id" = ? LIMIT 1[0m  [["id", 1]]
  Rendered movies/show.html.haml within layouts/application (1.0ms)
Completed 200 OK in 4ms (Views: 3.1ms | ActiveRecord: 0.0ms)
Started GET "/movies/1/same_director" for 127.0.0.1 at 2020-03-10 01:18:31 +0000
Processing by MoviesController#same_director as HTML
  Parameters: {"id"=>"1"}
  [1m[35mMovie Load (0.4ms)[0m  SELECT  "movies".* FROM "movies" WHERE "movies"."id" = ? LIMIT 1  [["id", 1]]
  [1m[36mMovie Load (0.1ms)[0m  [1mSELECT "movies".* FROM "movies" WHERE "movies"."Director" = 'George Lucas'[0m
  Rendered movies/same_director.html.haml within layouts/application (5.0ms)
Completed 200 OK in 8ms (Views: 7.1ms | ActiveRecord: 0.5ms)
  [1m[35mMovie Load (0.1ms)[0m  SELECT  "movies".* FROM "movies" WHERE "movies"."title" = ? LIMIT 1  [["title", "Star Wars"]]
  [1m[36m (0.3ms)[0m  [1mrollback transaction[0m
  [1m[35m (0.0ms)[0m  begin transaction
  [1m[36m (0.0ms)[0m  [1mcommit transaction[0m
  [1m[35m (0.0ms)[0m  begin transaction
  [1m[36m (0.0ms)[0m  [1mSAVEPOINT active_record_1[0m
  [1m[35mSQL (0.1ms)[0m  INSERT INTO "movies" ("title", "rating", "director", "release_date", "created_at", "updated_at") VALUES (?, ?, ?, ?, ?, ?)  [["title", "Star Wars"], ["rating", "PG"], ["director", "George Lucas"], ["release_date", "1977-05-25 00:00:00.000000"], ["created_at", "2020-03-10 01:18:31.347685"], ["updated_at", "2020-03-10 01:18:31.347685"]]
  [1m[36m (0.0ms)[0m  [1mRELEASE SAVEPOINT active_record_1[0m
  [1m[35m (0.0ms)[0m  SAVEPOINT active_record_1
  [1m[36mSQL (0.6ms)[0m  [1mINSERT INTO "movies" ("title", "rating", "director", "release_date", "created_at", "updated_at") VALUES (?, ?, ?, ?, ?, ?)[0m  [["title", "Blade Runner"], ["rating", "PG"], ["director", "Ridley Scott"], ["release_date", "1982-06-25 00:00:00.000000"], ["created_at", "2020-03-10 01:18:31.349754"], ["updated_at", "2020-03-10 01:18:31.349754"]]
  [1m[35m (0.0ms)[0m  RELEASE SAVEPOINT active_record_1
  [1m[36m (0.1ms)[0m  [1mSAVEPOINT active_record_1[0m
  [1m[35mSQL (0.1ms)[0m  INSERT INTO "movies" ("title", "rating", "director", "release_date", "created_at", "updated_at") VALUES (?, ?, ?, ?, ?, ?)  [["title", "Alien"], ["rating", "R"], ["director", ""], ["release_date", "1979-05-25 00:00:00.000000"], ["created_at", "2020-03-10 01:18:31.351487"], ["updated_at", "2020-03-10 01:18:31.351487"]]
  [1m[36m (0.0ms)[0m  [1mRELEASE SAVEPOINT active_record_1[0m
  [1m[35m (0.1ms)[0m  SAVEPOINT active_record_1
  [1m[36mSQL (0.1ms)[0m  [1mINSERT INTO "movies" ("title", "rating", "director", "release_date", "created_at", "updated_at") VALUES (?, ?, ?, ?, ?, ?)[0m  [["title", "THX-1138"], ["rating", "R"], ["director", "George Lucas"], ["release_date", "1971-03-11 00:00:00.000000"], ["created_at", "2020-03-10 01:18:31.353826"], ["updated_at", "2020-03-10 01:18:31.353826"]]
  [1m[35m (0.0ms)[0m  RELEASE SAVEPOINT active_record_1
  [1m[36mMovie Load (0.6ms)[0m  [1mSELECT  "movies".* FROM "movies" WHERE "movies"."title" = ? LIMIT 1[0m  [["title", "Alien"]]
Started GET "/movies/3" for 127.0.0.1 at 2020-03-10 01:18:31 +0000
Processing by MoviesController#show as HTML
  Parameters: {"id"=>"3"}
  [1m[35mMovie Load (0.0ms)[0m  SELECT  "movies".* FROM "movies" WHERE "movies"."id" = ? LIMIT 1  [["id", 3]]
  Rendered movies/show.html.haml within layouts/application (1.1ms)
Completed 200 OK in 4ms (Views: 3.4ms | ActiveRecord: 0.0ms)
Started GET "/movies/3/same_director" for 127.0.0.1 at 2020-03-10 01:18:31 +0000
Processing by MoviesController#same_director as HTML
  Parameters: {"id"=>"3"}
  [1m[36mMovie Load (0.0ms)[0m  [1mSELECT  "movies".* FROM "movies" WHERE "movies"."id" = ? LIMIT 1[0m  [["id", 3]]
Redirected to http://www.example.com/movies
Completed 302 Found in 1ms (ActiveRecord: 0.0ms)
Started GET "/movies" for 127.0.0.1 at 2020-03-10 01:18:31 +0000
Processing by MoviesController#index as HTML
  [1m[35mMovie Load (0.1ms)[0m  SELECT "movies".* FROM "movies" WHERE "movies"."rating" IN ('G', 'PG', 'PG-13', 'NC-17', 'R')
  Rendered movies/index.html.haml within layouts/application (3.7ms)
Completed 200 OK in 6ms (Views: 5.5ms | ActiveRecord: 0.1ms)
  [1m[36m (0.3ms)[0m  [1mrollback transaction[0m
  [1m[35m (0.1ms)[0m  begin transaction
  [1m[36m (0.0ms)[0m  [1mcommit transaction[0m
  [1m[35m (0.0ms)[0m  begin transaction
  [1m[36m (0.1ms)[0m  [1mSAVEPOINT active_record_1[0m
  [1m[35mSQL (0.2ms)[0m  INSERT INTO "movies" ("title", "rating", "release_date", "created_at", "updated_at") VALUES (?, ?, ?, ?, ?)  [["title", "Aladdin"], ["rating", "G"], ["release_date", "1992-11-25 00:00:00.000000"], ["created_at", "2020-03-10 01:18:31.394730"], ["updated_at", "2020-03-10 01:18:31.394730"]]
  [1m[36m (0.0ms)[0m  [1mRELEASE SAVEPOINT active_record_1[0m
  [1m[35m (0.0ms)[0m  SAVEPOINT active_record_1
  [1m[36mSQL (0.1ms)[0m  [1mINSERT INTO "movies" ("title", "rating", "release_date", "created_at", "updated_at") VALUES (?, ?, ?, ?, ?)[0m  [["title", "The Terminator"], ["rating", "R"], ["release_date", "1984-10-26 00:00:00.000000"], ["created_at", "2020-03-10 01:18:31.396667"], ["updated_at", "2020-03-10 01:18:31.396667"]]
  [1m[35m (0.0ms)[0m  RELEASE SAVEPOINT active_record_1
  [1m[36m (0.0ms)[0m  [1mSAVEPOINT active_record_1[0m
  [1m[35mSQL (0.1ms)[0m  INSERT INTO "movies" ("title", "rating", "release_date", "created_at", "updated_at") VALUES (?, ?, ?, ?, ?)  [["title", "When Harry Met Sally"], ["rating", "R"], ["release_date", "1989-07-21 00:00:00.000000"], ["created_at", "2020-03-10 01:18:31.397852"], ["updated_at", "2020-03-10 01:18:31.397852"]]
  [1m[36m (0.1ms)[0m  [1mRELEASE SAVEPOINT active_record_1[0m
  [1m[35m (0.1ms)[0m  SAVEPOINT active_record_1
  [1m[36mSQL (0.1ms)[0m  [1mINSERT INTO "movies" ("title", "rating", "release_date", "created_at", "updated_at") VALUES (?, ?, ?, ?, ?)[0m  [["title", "The Help"], ["rating", "PG-13"], ["release_date", "2011-08-10 00:00:00.000000"], ["created_at", "2020-03-10 01:18:31.399507"], ["updated_at", "2020-03-10 01:18:31.399507"]]
  [1m[35m (0.0ms)[0m  RELEASE SAVEPOINT active_record_1
  [1m[36m (0.0ms)[0m  [1mSAVEPOINT active_record_1[0m
  [1m[35mSQL (0.1ms)[0m  INSERT INTO "movies" ("title", "rating", "release_date", "created_at", "updated_at") VALUES (?, ?, ?, ?, ?)  [["title", "Chocolat"], ["rating", "PG-13"], ["release_date", "2001-01-05 00:00:00.000000"], ["created_at", "2020-03-10 01:18:31.401174"], ["updated_at", "2020-03-10 01:18:31.401174"]]
  [1m[36m (0.0ms)[0m  [1mRELEASE SAVEPOINT active_record_1[0m
  [1m[35m (0.0ms)[0m  SAVEPOINT active_record_1
  [1m[36mSQL (0.1ms)[0m  [1mINSERT INTO "movies" ("title", "rating", "release_date", "created_at", "updated_at") VALUES (?, ?, ?, ?, ?)[0m  [["title", "Amelie"], ["rating", "R"], ["release_date", "2001-04-25 00:00:00.000000"], ["created_at", "2020-03-10 01:18:31.402792"], ["updated_at", "2020-03-10 01:18:31.402792"]]
  [1m[35m (0.0ms)[0m  RELEASE SAVEPOINT active_record_1
  [1m[36m (0.0ms)[0m  [1mSAVEPOINT active_record_1[0m
  [1m[35mSQL (0.1ms)[0m  INSERT INTO "movies" ("title", "rating", "release_date", "created_at", "updated_at") VALUES (?, ?, ?, ?, ?)  [["title", "2001: A Space Odyssey"], ["rating", "G"], ["release_date", "1968-04-06 00:00:00.000000"], ["created_at", "2020-03-10 01:18:31.404636"], ["updated_at", "2020-03-10 01:18:31.404636"]]
  [1m[36m (0.0ms)[0m  [1mRELEASE SAVEPOINT active_record_1[0m
  [1m[35m (0.0ms)[0m  SAVEPOINT active_record_1
  [1m[36mSQL (0.1ms)[0m  [1mINSERT INTO "movies" ("title", "rating", "release_date", "created_at", "updated_at") VALUES (?, ?, ?, ?, ?)[0m  [["title", "The Incredibles"], ["rating", "PG"], ["release_date", "2004-11-05 00:00:00.000000"], ["created_at", "2020-03-10 01:18:31.406259"], ["updated_at", "2020-03-10 01:18:31.406259"]]
  [1m[35m (0.0ms)[0m  RELEASE SAVEPOINT active_record_1
  [1m[36m (0.0ms)[0m  [1mSAVEPOINT active_record_1[0m
  [1m[35mSQL (0.1ms)[0m  INSERT INTO "movies" ("title", "rating", "release_date", "created_at", "updated_at") VALUES (?, ?, ?, ?, ?)  [["title", "Raiders of the Lost Ark"], ["rating", "PG"], ["release_date", "1981-06-12 00:00:00.000000"], ["created_at", "2020-03-10 01:18:31.407946"], ["updated_at", "2020-03-10 01:18:31.407946"]]
  [1m[36m (0.0ms)[0m  [1mRELEASE SAVEPOINT active_record_1[0m
  [1m[35m (0.0ms)[0m  SAVEPOINT active_record_1
  [1m[36mSQL (0.2ms)[0m  [1mINSERT INTO "movies" ("title", "rating", "release_date", "created_at", "updated_at") VALUES (?, ?, ?, ?, ?)[0m  [["title", "Chicken Run"], ["rating", "G"], ["release_date", "2000-06-21 00:00:00.000000"], ["created_at", "2020-03-10 01:18:31.409557"], ["updated_at", "2020-03-10 01:18:31.409557"]]
  [1m[35m (0.0ms)[0m  RELEASE SAVEPOINT active_record_1
Started GET "/movies" for 127.0.0.1 at 2020-03-10 01:18:31 +0000
Processing by MoviesController#index as HTML
  [1m[36mMovie Load (0.2ms)[0m  [1mSELECT "movies".* FROM "movies" WHERE "movies"."rating" IN ('G', 'PG', 'PG-13', 'NC-17', 'R')[0m
  Rendered movies/index.html.haml within layouts/application (5.3ms)
Completed 200 OK in 8ms (Views: 7.1ms | ActiveRecord: 0.2ms)
Started GET "/movies?ratings[G]=G&ratings[NC-17]=NC-17&ratings[PG]=PG&ratings[PG-13]=PG-13&ratings[R]=R&sort=title" for 127.0.0.1 at 2020-03-10 01:18:31 +0000
Processing by MoviesController#index as HTML
  Parameters: {"ratings"=>{"G"=>"G", "NC-17"=>"NC-17", "PG"=>"PG", "PG-13"=>"PG-13", "R"=>"R"}, "sort"=>"title"}
Redirected to http://www.example.com/movies?ratings%5BG%5D=G&ratings%5BNC-17%5D=NC-17&ratings%5BPG%5D=PG&ratings%5BPG-13%5D=PG-13&ratings%5BR%5D=R&sort=title
Completed 302 Found in 1ms (ActiveRecord: 0.0ms)
Started GET "/movies?ratings[G]=G&ratings[NC-17]=NC-17&ratings[PG]=PG&ratings[PG-13]=PG-13&ratings[R]=R&sort=title" for 127.0.0.1 at 2020-03-10 01:18:31 +0000
Processing by MoviesController#index as HTML
  Parameters: {"ratings"=>{"G"=>"G", "NC-17"=>"NC-17", "PG"=>"PG", "PG-13"=>"PG-13", "R"=>"R"}, "sort"=>"title"}
  [1m[35mMovie Load (0.2ms)[0m  SELECT "movies".* FROM "movies" WHERE "movies"."rating" IN ('G', 'NC-17', 'PG', 'PG-13', 'R')  ORDER BY "movies"."title" ASC
  Rendered movies/index.html.haml within layouts/application (3.2ms)
Completed 200 OK in 5ms (Views: 4.1ms | ActiveRecord: 0.2ms)
  [1m[36m (0.3ms)[0m  [1mrollback transaction[0m
  [1m[35m (0.0ms)[0m  begin transaction
  [1m[36m (0.0ms)[0m  [1mcommit transaction[0m
  [1m[35m (0.0ms)[0m  begin transaction
  [1m[36m (0.0ms)[0m  [1mSAVEPOINT active_record_1[0m
  [1m[35mSQL (0.1ms)[0m  INSERT INTO "movies" ("title", "rating", "release_date", "created_at", "updated_at") VALUES (?, ?, ?, ?, ?)  [["title", "Aladdin"], ["rating", "G"], ["release_date", "1992-11-25 00:00:00.000000"], ["created_at", "2020-03-10 01:18:31.458679"], ["updated_at", "2020-03-10 01:18:31.458679"]]
  [1m[36m (0.0ms)[0m  [1mRELEASE SAVEPOINT active_record_1[0m
  [1m[35m (0.0ms)[0m  SAVEPOINT active_record_1
  [1m[36mSQL (0.1ms)[0m  [1mINSERT INTO "movies" ("title", "rating", "release_date", "created_at", "updated_at") VALUES (?, ?, ?, ?, ?)[0m  [["title", "The Terminator"], ["rating", "R"], ["release_date", "1984-10-26 00:00:00.000000"], ["created_at", "2020-03-10 01:18:31.460077"], ["updated_at", "2020-03-10 01:18:31.460077"]]
  [1m[35m (0.0ms)[0m  RELEASE SAVEPOINT active_record_1
  [1m[36m (0.0ms)[0m  [1mSAVEPOINT active_record_1[0m
  [1m[35mSQL (0.1ms)[0m  INSERT INTO "movies" ("title", "rating", "release_date", "created_at", "updated_at") VALUES (?, ?, ?, ?, ?)  [["title", "When Harry Met Sally"], ["rating", "R"], ["release_date", "1989-07-21 00:00:00.000000"], ["created_at", "2020-03-10 01:18:31.461306"], ["updated_at", "2020-03-10 01:18:31.461306"]]
  [1m[36m (0.0ms)[0m  [1mRELEASE SAVEPOINT active_record_1[0m
  [1m[35m (0.0ms)[0m  SAVEPOINT active_record_1
  [1m[36mSQL (0.1ms)[0m  [1mINSERT INTO "movies" ("title", "rating", "release_date", "created_at", "updated_at") VALUES (?, ?, ?, ?, ?)[0m  [["title", "The Help"], ["rating", "PG-13"], ["release_date", "2011-08-10 00:00:00.000000"], ["created_at", "2020-03-10 01:18:31.462470"], ["updated_at", "2020-03-10 01:18:31.462470"]]
  [1m[35m (0.0ms)[0m  RELEASE SAVEPOINT active_record_1
  [1m[36m (0.0ms)[0m  [1mSAVEPOINT active_record_1[0m
  [1m[35mSQL (0.1ms)[0m  INSERT INTO "movies" ("title", "rating", "release_date", "created_at", "updated_at") VALUES (?, ?, ?, ?, ?)  [["title", "Chocolat"], ["rating", "PG-13"], ["release_date", "2001-01-05 00:00:00.000000"], ["created_at", "2020-03-10 01:18:31.463829"], ["updated_at", "2020-03-10 01:18:31.463829"]]
  [1m[36m (0.0ms)[0m  [1mRELEASE SAVEPOINT active_record_1[0m
  [1m[35m (0.0ms)[0m  SAVEPOINT active_record_1
  [1m[36mSQL (0.1ms)[0m  [1mINSERT INTO "movies" ("title", "rating", "release_date", "created_at", "updated_at") VALUES (?, ?, ?, ?, ?)[0m  [["title", "Amelie"], ["rating", "R"], ["release_date", "2001-04-25 00:00:00.000000"], ["created_at", "2020-03-10 01:18:31.465006"], ["updated_at", "2020-03-10 01:18:31.465006"]]
  [1m[35m (0.0ms)[0m  RELEASE SAVEPOINT active_record_1
  [1m[36m (0.0ms)[0m  [1mSAVEPOINT active_record_1[0m
  [1m[35mSQL (0.1ms)[0m  INSERT INTO "movies" ("title", "rating", "release_date", "created_at", "updated_at") VALUES (?, ?, ?, ?, ?)  [["title", "2001: A Space Odyssey"], ["rating", "G"], ["release_date", "1968-04-06 00:00:00.000000"], ["created_at", "2020-03-10 01:18:31.466165"], ["updated_at", "2020-03-10 01:18:31.466165"]]
  [1m[36m (0.0ms)[0m  [1mRELEASE SAVEPOINT active_record_1[0m
  [1m[35m (0.0ms)[0m  SAVEPOINT active_record_1
  [1m[36mSQL (0.1ms)[0m  [1mINSERT INTO "movies" ("title", "rating", "release_date", "created_at", "updated_at") VALUES (?, ?, ?, ?, ?)[0m  [["title", "The Incredibles"], ["rating", "PG"], ["release_date", "2004-11-05 00:00:00.000000"], ["created_at", "2020-03-10 01:18:31.467322"], ["updated_at", "2020-03-10 01:18:31.467322"]]
  [1m[35m (0.0ms)[0m  RELEASE SAVEPOINT active_record_1
  [1m[36m (0.0ms)[0m  [1mSAVEPOINT active_record_1[0m
  [1m[35mSQL (0.1ms)[0m  INSERT INTO "movies" ("title", "rating", "release_date", "created_at", "updated_at") VALUES (?, ?, ?, ?, ?)  [["title", "Raiders of the Lost Ark"], ["rating", "PG"], ["release_date", "1981-06-12 00:00:00.000000"], ["created_at", "2020-03-10 01:18:31.468525"], ["updated_at", "2020-03-10 01:18:31.468525"]]
  [1m[36m (0.0ms)[0m  [1mRELEASE SAVEPOINT active_record_1[0m
  [1m[35m (0.1ms)[0m  SAVEPOINT active_record_1
  [1m[36mSQL (0.1ms)[0m  [1mINSERT INTO "movies" ("title", "rating", "release_date", "created_at", "updated_at") VALUES (?, ?, ?, ?, ?)[0m  [["title", "Chicken Run"], ["rating", "G"], ["release_date", "2000-06-21 00:00:00.000000"], ["created_at", "2020-03-10 01:18:31.469673"], ["updated_at", "2020-03-10 01:18:31.469673"]]
  [1m[35m (0.0ms)[0m  RELEASE SAVEPOINT active_record_1
Started GET "/movies" for 127.0.0.1 at 2020-03-10 01:18:31 +0000
Processing by MoviesController#index as HTML
  [1m[36mMovie Load (0.1ms)[0m  [1mSELECT "movies".* FROM "movies" WHERE "movies"."rating" IN ('G', 'PG', 'PG-13', 'NC-17', 'R')[0m
  Rendered movies/index.html.haml within layouts/application (2.8ms)
Completed 200 OK in 4ms (Views: 3.8ms | ActiveRecord: 0.1ms)
Started GET "/movies?ratings[G]=G&ratings[NC-17]=NC-17&ratings[PG]=PG&ratings[PG-13]=PG-13&ratings[R]=R&sort=release_date" for 127.0.0.1 at 2020-03-10 01:18:31 +0000
Processing by MoviesController#index as HTML
  Parameters: {"ratings"=>{"G"=>"G", "NC-17"=>"NC-17", "PG"=>"PG", "PG-13"=>"PG-13", "R"=>"R"}, "sort"=>"release_date"}
Redirected to http://www.example.com/movies?ratings%5BG%5D=G&ratings%5BNC-17%5D=NC-17&ratings%5BPG%5D=PG&ratings%5BPG-13%5D=PG-13&ratings%5BR%5D=R&sort=release_date
Completed 302 Found in 1ms (ActiveRecord: 0.0ms)
Started GET "/movies?ratings[G]=G&ratings[NC-17]=NC-17&ratings[PG]=PG&ratings[PG-13]=PG-13&ratings[R]=R&sort=release_date" for 127.0.0.1 at 2020-03-10 01:18:31 +0000
Processing by MoviesController#index as HTML
  Parameters: {"ratings"=>{"G"=>"G", "NC-17"=>"NC-17", "PG"=>"PG", "PG-13"=>"PG-13", "R"=>"R"}, "sort"=>"release_date"}
  [1m[35mMovie Load (0.2ms)[0m  SELECT "movies".* FROM "movies" WHERE "movies"."rating" IN ('G', 'NC-17', 'PG', 'PG-13', 'R')  ORDER BY "movies"."release_date" ASC
  Rendered movies/index.html.haml within layouts/application (2.9ms)
Completed 200 OK in 4ms (Views: 3.7ms | ActiveRecord: 0.2ms)
  [1m[36m (0.3ms)[0m  [1mrollback transaction[0m
  [1m[36mActiveRecord::SchemaMigration Load (0.1ms)[0m  [1mSELECT "schema_migrations".* FROM "schema_migrations"[0m
  [1m[35m (0.1ms)[0m  begin transaction
  [1m[36m (0.1ms)[0m  [1mrollback transaction[0m
  [1m[36mActiveRecord::SchemaMigration Load (0.1ms)[0m  [1mSELECT "schema_migrations".* FROM "schema_migrations"[0m
  [1m[35m (0.1ms)[0m  begin transaction
  [1m[36m (0.0ms)[0m  [1mcommit transaction[0m
  [1m[35m (0.0ms)[0m  begin transaction
  [1m[36m (0.0ms)[0m  [1mSAVEPOINT active_record_1[0m
  [1m[35mSQL (0.4ms)[0m  INSERT INTO "movies" ("title", "rating", "release_date", "created_at", "updated_at") VALUES (?, ?, ?, ?, ?)  [["title", "Aladdin"], ["rating", "G"], ["release_date", "1992-11-25 00:00:00.000000"], ["created_at", "2020-03-10 03:32:16.033268"], ["updated_at", "2020-03-10 03:32:16.033268"]]
  [1m[36m (0.0ms)[0m  [1mRELEASE SAVEPOINT active_record_1[0m
  [1m[35m (0.0ms)[0m  SAVEPOINT active_record_1
  [1m[36mSQL (0.1ms)[0m  [1mINSERT INTO "movies" ("title", "rating", "release_date", "created_at", "updated_at") VALUES (?, ?, ?, ?, ?)[0m  [["title", "The Terminator"], ["rating", "R"], ["release_date", "1984-10-26 00:00:00.000000"], ["created_at", "2020-03-10 03:32:16.035178"], ["updated_at", "2020-03-10 03:32:16.035178"]]
  [1m[35m (0.1ms)[0m  RELEASE SAVEPOINT active_record_1
  [1m[36m (0.0ms)[0m  [1mSAVEPOINT active_record_1[0m
  [1m[35mSQL (0.1ms)[0m  INSERT INTO "movies" ("title", "rating", "release_date", "created_at", "updated_at") VALUES (?, ?, ?, ?, ?)  [["title", "When Harry Met Sally"], ["rating", "R"], ["release_date", "1989-07-21 00:00:00.000000"], ["created_at", "2020-03-10 03:32:16.036509"], ["updated_at", "2020-03-10 03:32:16.036509"]]
  [1m[36m (0.1ms)[0m  [1mRELEASE SAVEPOINT active_record_1[0m
  [1m[35m (0.0ms)[0m  SAVEPOINT active_record_1
  [1m[36mSQL (0.1ms)[0m  [1mINSERT INTO "movies" ("title", "rating", "release_date", "created_at", "updated_at") VALUES (?, ?, ?, ?, ?)[0m  [["title", "The Help"], ["rating", "PG-13"], ["release_date", "2011-08-10 00:00:00.000000"], ["created_at", "2020-03-10 03:32:16.037709"], ["updated_at", "2020-03-10 03:32:16.037709"]]
  [1m[35m (0.1ms)[0m  RELEASE SAVEPOINT active_record_1
  [1m[36m (0.0ms)[0m  [1mSAVEPOINT active_record_1[0m
  [1m[35mSQL (0.1ms)[0m  INSERT INTO "movies" ("title", "rating", "release_date", "created_at", "updated_at") VALUES (?, ?, ?, ?, ?)  [["title", "Chocolat"], ["rating", "PG-13"], ["release_date", "2001-01-05 00:00:00.000000"], ["created_at", "2020-03-10 03:32:16.038975"], ["updated_at", "2020-03-10 03:32:16.038975"]]
  [1m[36m (0.1ms)[0m  [1mRELEASE SAVEPOINT active_record_1[0m
  [1m[35m (0.0ms)[0m  SAVEPOINT active_record_1
  [1m[36mSQL (0.1ms)[0m  [1mINSERT INTO "movies" ("title", "rating", "release_date", "created_at", "updated_at") VALUES (?, ?, ?, ?, ?)[0m  [["title", "Amelie"], ["rating", "R"], ["release_date", "2001-04-25 00:00:00.000000"], ["created_at", "2020-03-10 03:32:16.040198"], ["updated_at", "2020-03-10 03:32:16.040198"]]
  [1m[35m (0.0ms)[0m  RELEASE SAVEPOINT active_record_1
  [1m[36m (0.0ms)[0m  [1mSAVEPOINT active_record_1[0m
  [1m[35mSQL (0.1ms)[0m  INSERT INTO "movies" ("title", "rating", "release_date", "created_at", "updated_at") VALUES (?, ?, ?, ?, ?)  [["title", "2001: A Space Odyssey"], ["rating", "G"], ["release_date", "1968-04-06 00:00:00.000000"], ["created_at", "2020-03-10 03:32:16.041435"], ["updated_at", "2020-03-10 03:32:16.041435"]]
  [1m[36m (0.0ms)[0m  [1mRELEASE SAVEPOINT active_record_1[0m
  [1m[35m (0.1ms)[0m  SAVEPOINT active_record_1
  [1m[36mSQL (0.1ms)[0m  [1mINSERT INTO "movies" ("title", "rating", "release_date", "created_at", "updated_at") VALUES (?, ?, ?, ?, ?)[0m  [["title", "The Incredibles"], ["rating", "PG"], ["release_date", "2004-11-05 00:00:00.000000"], ["created_at", "2020-03-10 03:32:16.042707"], ["updated_at", "2020-03-10 03:32:16.042707"]]
  [1m[35m (0.0ms)[0m  RELEASE SAVEPOINT active_record_1
  [1m[36m (0.0ms)[0m  [1mSAVEPOINT active_record_1[0m
  [1m[35mSQL (0.1ms)[0m  INSERT INTO "movies" ("title", "rating", "release_date", "created_at", "updated_at") VALUES (?, ?, ?, ?, ?)  [["title", "Raiders of the Lost Ark"], ["rating", "PG"], ["release_date", "1981-06-12 00:00:00.000000"], ["created_at", "2020-03-10 03:32:16.043962"], ["updated_at", "2020-03-10 03:32:16.043962"]]
  [1m[36m (0.0ms)[0m  [1mRELEASE SAVEPOINT active_record_1[0m
  [1m[35m (0.0ms)[0m  SAVEPOINT active_record_1
  [1m[36mSQL (0.1ms)[0m  [1mINSERT INTO "movies" ("title", "rating", "release_date", "created_at", "updated_at") VALUES (?, ?, ?, ?, ?)[0m  [["title", "Chicken Run"], ["rating", "G"], ["release_date", "2000-06-21 00:00:00.000000"], ["created_at", "2020-03-10 03:32:16.045216"], ["updated_at", "2020-03-10 03:32:16.045216"]]
  [1m[35m (0.0ms)[0m  RELEASE SAVEPOINT active_record_1
Started GET "/movies" for 127.0.0.1 at 2020-03-10 03:32:16 +0000
Processing by MoviesController#index as HTML
  [1m[36mMovie Load (0.2ms)[0m  [1mSELECT "movies".* FROM "movies" WHERE "movies"."rating" IN ('G', 'PG', 'PG-13', 'NC-17', 'R')[0m
  Rendered movies/index.html.haml within layouts/application (5.9ms)
Completed 200 OK in 144ms (Views: 134.1ms | ActiveRecord: 0.2ms)
Started GET "/movies?utf8=%E2%9C%93&ratings[PG]=1&ratings[NC-17]=1&ratings[R]=1&commit=Refresh" for 127.0.0.1 at 2020-03-10 03:32:16 +0000
Processing by MoviesController#index as HTML
  Parameters: {"utf8"=>"✓", "ratings"=>{"PG"=>"1", "NC-17"=>"1", "R"=>"1"}, "commit"=>"Refresh"}
Redirected to http://www.example.com/movies?ratings%5BNC-17%5D=1&ratings%5BPG%5D=1&ratings%5BR%5D=1
Completed 302 Found in 1ms (ActiveRecord: 0.0ms)
Started GET "/movies?ratings[NC-17]=1&ratings[PG]=1&ratings[R]=1" for 127.0.0.1 at 2020-03-10 03:32:16 +0000
Processing by MoviesController#index as HTML
  Parameters: {"ratings"=>{"NC-17"=>"1", "PG"=>"1", "R"=>"1"}}
  [1m[35mMovie Load (0.2ms)[0m  SELECT "movies".* FROM "movies" WHERE "movies"."rating" IN ('NC-17', 'PG', 'R')
  Rendered movies/index.html.haml within layouts/application (2.2ms)
Completed 200 OK in 4ms (Views: 3.1ms | ActiveRecord: 0.2ms)
  [1m[36m (0.3ms)[0m  [1mrollback transaction[0m
  [1m[35m (0.0ms)[0m  begin transaction
  [1m[36m (0.0ms)[0m  [1mcommit transaction[0m
  [1m[35m (0.0ms)[0m  begin transaction
  [1m[36m (0.0ms)[0m  [1mSAVEPOINT active_record_1[0m
  [1m[35mSQL (0.1ms)[0m  INSERT INTO "movies" ("title", "rating", "release_date", "created_at", "updated_at") VALUES (?, ?, ?, ?, ?)  [["title", "Aladdin"], ["rating", "G"], ["release_date", "1992-11-25 00:00:00.000000"], ["created_at", "2020-03-10 03:32:16.242440"], ["updated_at", "2020-03-10 03:32:16.242440"]]
  [1m[36m (0.0ms)[0m  [1mRELEASE SAVEPOINT active_record_1[0m
  [1m[35m (0.1ms)[0m  SAVEPOINT active_record_1
  [1m[36mSQL (0.1ms)[0m  [1mINSERT INTO "movies" ("title", "rating", "release_date", "created_at", "updated_at") VALUES (?, ?, ?, ?, ?)[0m  [["title", "The Terminator"], ["rating", "R"], ["release_date", "1984-10-26 00:00:00.000000"], ["created_at", "2020-03-10 03:32:16.243832"], ["updated_at", "2020-03-10 03:32:16.243832"]]
  [1m[35m (0.0ms)[0m  RELEASE SAVEPOINT active_record_1
  [1m[36m (0.1ms)[0m  [1mSAVEPOINT active_record_1[0m
  [1m[35mSQL (0.1ms)[0m  INSERT INTO "movies" ("title", "rating", "release_date", "created_at", "updated_at") VALUES (?, ?, ?, ?, ?)  [["title", "When Harry Met Sally"], ["rating", "R"], ["release_date", "1989-07-21 00:00:00.000000"], ["created_at", "2020-03-10 03:32:16.245162"], ["updated_at", "2020-03-10 03:32:16.245162"]]
  [1m[36m (0.0ms)[0m  [1mRELEASE SAVEPOINT active_record_1[0m
  [1m[35m (0.0ms)[0m  SAVEPOINT active_record_1
  [1m[36mSQL (0.1ms)[0m  [1mINSERT INTO "movies" ("title", "rating", "release_date", "created_at", "updated_at") VALUES (?, ?, ?, ?, ?)[0m  [["title", "The Help"], ["rating", "PG-13"], ["release_date", "2011-08-10 00:00:00.000000"], ["created_at", "2020-03-10 03:32:16.246354"], ["updated_at", "2020-03-10 03:32:16.246354"]]
  [1m[35m (0.0ms)[0m  RELEASE SAVEPOINT active_record_1
  [1m[36m (0.0ms)[0m  [1mSAVEPOINT active_record_1[0m
  [1m[35mSQL (0.1ms)[0m  INSERT INTO "movies" ("title", "rating", "release_date", "created_at", "updated_at") VALUES (?, ?, ?, ?, ?)  [["title", "Chocolat"], ["rating", "PG-13"], ["release_date", "2001-01-05 00:00:00.000000"], ["created_at", "2020-03-10 03:32:16.247578"], ["updated_at", "2020-03-10 03:32:16.247578"]]
  [1m[36m (0.0ms)[0m  [1mRELEASE SAVEPOINT active_record_1[0m
  [1m[35m (0.0ms)[0m  SAVEPOINT active_record_1
  [1m[36mSQL (0.1ms)[0m  [1mINSERT INTO "movies" ("title", "rating", "release_date", "created_at", "updated_at") VALUES (?, ?, ?, ?, ?)[0m  [["title", "Amelie"], ["rating", "R"], ["release_date", "2001-04-25 00:00:00.000000"], ["created_at", "2020-03-10 03:32:16.248722"], ["updated_at", "2020-03-10 03:32:16.248722"]]
  [1m[35m (0.0ms)[0m  RELEASE SAVEPOINT active_record_1
  [1m[36m (0.0ms)[0m  [1mSAVEPOINT active_record_1[0m
  [1m[35mSQL (0.1ms)[0m  INSERT INTO "movies" ("title", "rating", "release_date", "created_at", "updated_at") VALUES (?, ?, ?, ?, ?)  [["title", "2001: A Space Odyssey"], ["rating", "G"], ["release_date", "1968-04-06 00:00:00.000000"], ["created_at", "2020-03-10 03:32:16.249891"], ["updated_at", "2020-03-10 03:32:16.249891"]]
  [1m[36m (0.0ms)[0m  [1mRELEASE SAVEPOINT active_record_1[0m
  [1m[35m (0.0ms)[0m  SAVEPOINT active_record_1
  [1m[36mSQL (0.1ms)[0m  [1mINSERT INTO "movies" ("title", "rating", "release_date", "created_at", "updated_at") VALUES (?, ?, ?, ?, ?)[0m  [["title", "The Incredibles"], ["rating", "PG"], ["release_date", "2004-11-05 00:00:00.000000"], ["created_at", "2020-03-10 03:32:16.251082"], ["updated_at", "2020-03-10 03:32:16.251082"]]
  [1m[35m (0.0ms)[0m  RELEASE SAVEPOINT active_record_1
  [1m[36m (0.0ms)[0m  [1mSAVEPOINT active_record_1[0m
  [1m[35mSQL (0.1ms)[0m  INSERT INTO "movies" ("title", "rating", "release_date", "created_at", "updated_at") VALUES (?, ?, ?, ?, ?)  [["title", "Raiders of the Lost Ark"], ["rating", "PG"], ["release_date", "1981-06-12 00:00:00.000000"], ["created_at", "2020-03-10 03:32:16.252383"], ["updated_at", "2020-03-10 03:32:16.252383"]]
  [1m[36m (0.0ms)[0m  [1mRELEASE SAVEPOINT active_record_1[0m
  [1m[35m (0.0ms)[0m  SAVEPOINT active_record_1
  [1m[36mSQL (0.2ms)[0m  [1mINSERT INTO "movies" ("title", "rating", "release_date", "created_at", "updated_at") VALUES (?, ?, ?, ?, ?)[0m  [["title", "Chicken Run"], ["rating", "G"], ["release_date", "2000-06-21 00:00:00.000000"], ["created_at", "2020-03-10 03:32:16.253608"], ["updated_at", "2020-03-10 03:32:16.253608"]]
  [1m[35m (0.1ms)[0m  RELEASE SAVEPOINT active_record_1
Started GET "/movies" for 127.0.0.1 at 2020-03-10 03:32:16 +0000
Processing by MoviesController#index as HTML
  [1m[36mMovie Load (0.2ms)[0m  [1mSELECT "movies".* FROM "movies" WHERE "movies"."rating" IN ('G', 'PG', 'PG-13', 'NC-17', 'R')[0m
  Rendered movies/index.html.haml within layouts/application (2.8ms)
Completed 200 OK in 4ms (Views: 3.7ms | ActiveRecord: 0.2ms)
Started GET "/movies?utf8=%E2%9C%93&ratings[G]=1&ratings[PG]=1&ratings[PG-13]=1&ratings[NC-17]=1&ratings[R]=1&commit=Refresh" for 127.0.0.1 at 2020-03-10 03:32:16 +0000
Processing by MoviesController#index as HTML
  Parameters: {"utf8"=>"✓", "ratings"=>{"G"=>"1", "PG"=>"1", "PG-13"=>"1", "NC-17"=>"1", "R"=>"1"}, "commit"=>"Refresh"}
Redirected to http://www.example.com/movies?ratings%5BG%5D=1&ratings%5BNC-17%5D=1&ratings%5BPG%5D=1&ratings%5BPG-13%5D=1&ratings%5BR%5D=1
Completed 302 Found in 1ms (ActiveRecord: 0.0ms)
Started GET "/movies?ratings[G]=1&ratings[NC-17]=1&ratings[PG]=1&ratings[PG-13]=1&ratings[R]=1" for 127.0.0.1 at 2020-03-10 03:32:16 +0000
Processing by MoviesController#index as HTML
  Parameters: {"ratings"=>{"G"=>"1", "NC-17"=>"1", "PG"=>"1", "PG-13"=>"1", "R"=>"1"}}
  [1m[35mMovie Load (0.2ms)[0m  SELECT "movies".* FROM "movies" WHERE "movies"."rating" IN ('G', 'NC-17', 'PG', 'PG-13', 'R')
  Rendered movies/index.html.haml within layouts/application (2.8ms)
Completed 200 OK in 4ms (Views: 3.7ms | ActiveRecord: 0.2ms)
  [1m[36mMovie Load (0.1ms)[0m  [1mSELECT "movies".* FROM "movies"[0m
  [1m[35m (0.3ms)[0m  rollback transaction
  [1m[36m (0.1ms)[0m  [1mbegin transaction[0m
  [1m[35m (0.0ms)[0m  commit transaction
  [1m[36m (0.0ms)[0m  [1mbegin transaction[0m
  [1m[35m (0.0ms)[0m  SAVEPOINT active_record_1
  [1m[36mSQL (0.2ms)[0m  [1mINSERT INTO "movies" ("title", "rating", "director", "release_date", "created_at", "updated_at") VALUES (?, ?, ?, ?, ?, ?)[0m  [["title", "Star Wars"], ["rating", "PG"], ["director", "George Lucas"], ["release_date", "1977-05-25 00:00:00.000000"], ["created_at", "2020-03-10 03:32:16.297186"], ["updated_at", "2020-03-10 03:32:16.297186"]]
  [1m[35m (0.0ms)[0m  RELEASE SAVEPOINT active_record_1
  [1m[36m (0.0ms)[0m  [1mSAVEPOINT active_record_1[0m
  [1m[35mSQL (0.1ms)[0m  INSERT INTO "movies" ("title", "rating", "director", "release_date", "created_at", "updated_at") VALUES (?, ?, ?, ?, ?, ?)  [["title", "Blade Runner"], ["rating", "PG"], ["director", "Ridley Scott"], ["release_date", "1982-06-25 00:00:00.000000"], ["created_at", "2020-03-10 03:32:16.298608"], ["updated_at", "2020-03-10 03:32:16.298608"]]
  [1m[36m (0.0ms)[0m  [1mRELEASE SAVEPOINT active_record_1[0m
  [1m[35m (0.1ms)[0m  SAVEPOINT active_record_1
  [1m[36mSQL (0.1ms)[0m  [1mINSERT INTO "movies" ("title", "rating", "director", "release_date", "created_at", "updated_at") VALUES (?, ?, ?, ?, ?, ?)[0m  [["title", "Alien"], ["rating", "R"], ["director", ""], ["release_date", "1979-05-25 00:00:00.000000"], ["created_at", "2020-03-10 03:32:16.299905"], ["updated_at", "2020-03-10 03:32:16.299905"]]
  [1m[35m (0.0ms)[0m  RELEASE SAVEPOINT active_record_1
  [1m[36m (0.0ms)[0m  [1mSAVEPOINT active_record_1[0m
  [1m[35mSQL (0.1ms)[0m  INSERT INTO "movies" ("title", "rating", "director", "release_date", "created_at", "updated_at") VALUES (?, ?, ?, ?, ?, ?)  [["title", "THX-1138"], ["rating", "R"], ["director", "George Lucas"], ["release_date", "1971-03-11 00:00:00.000000"], ["created_at", "2020-03-10 03:32:16.301086"], ["updated_at", "2020-03-10 03:32:16.301086"]]
  [1m[36m (0.0ms)[0m  [1mRELEASE SAVEPOINT active_record_1[0m
  [1m[35mMovie Load (0.1ms)[0m  SELECT  "movies".* FROM "movies" WHERE "movies"."title" = ? LIMIT 1  [["title", "Alien"]]
Started GET "/movies/3/edit" for 127.0.0.1 at 2020-03-10 03:32:16 +0000
Processing by MoviesController#edit as HTML
  Parameters: {"id"=>"3"}
  [1m[36mMovie Load (0.1ms)[0m  [1mSELECT  "movies".* FROM "movies" WHERE "movies"."id" = ? LIMIT 1[0m  [["id", 3]]
  Rendered movies/edit.html.haml within layouts/application (8.0ms)
Completed 200 OK in 10ms (Views: 9.6ms | ActiveRecord: 0.1ms)
Started PUT "/movies/3" for 127.0.0.1 at 2020-03-10 03:32:16 +0000
Processing by MoviesController#update as HTML
  Parameters: {"utf8"=>"✓", "movie"=>{"title"=>"Alien", "rating"=>"R", "release_date(1i)"=>"1979", "release_date(2i)"=>"5", "release_date(3i)"=>"25", "director"=>"Ridley Scott"}, "commit"=>"Update Movie Info", "id"=>"3"}
  [1m[35mMovie Load (0.1ms)[0m  SELECT  "movies".* FROM "movies" WHERE "movies"."id" = ? LIMIT 1  [["id", 3]]
  [1m[36m (0.1ms)[0m  [1mSAVEPOINT active_record_1[0m
  [1m[35mSQL (0.1ms)[0m  UPDATE "movies" SET "director" = ?, "updated_at" = ? WHERE "movies"."id" = ?  [["director", "Ridley Scott"], ["updated_at", "2020-03-10 03:32:16.332116"], ["id", 3]]
  [1m[36m (0.1ms)[0m  [1mRELEASE SAVEPOINT active_record_1[0m
Redirected to http://www.example.com/movies/3
Completed 302 Found in 3ms (ActiveRecord: 0.3ms)
Started GET "/movies/3" for 127.0.0.1 at 2020-03-10 03:32:16 +0000
Processing by MoviesController#show as HTML
  Parameters: {"id"=>"3"}
  [1m[35mMovie Load (0.0ms)[0m  SELECT  "movies".* FROM "movies" WHERE "movies"."id" = ? LIMIT 1  [["id", 3]]
  Rendered movies/show.html.haml within layouts/application (18.6ms)
Completed 200 OK in 21ms (Views: 20.6ms | ActiveRecord: 0.0ms)
  [1m[36mMovie Load (0.1ms)[0m  [1mSELECT  "movies".* FROM "movies" WHERE "movies"."title" = ? LIMIT 1[0m  [["title", "Alien"]]
  [1m[35m (0.3ms)[0m  rollback transaction
  [1m[36m (0.0ms)[0m  [1mbegin transaction[0m
  [1m[35m (0.0ms)[0m  commit transaction
  [1m[36m (0.0ms)[0m  [1mbegin transaction[0m
  [1m[35m (0.0ms)[0m  SAVEPOINT active_record_1
  [1m[36mSQL (0.2ms)[0m  [1mINSERT INTO "movies" ("title", "rating", "director", "release_date", "created_at", "updated_at") VALUES (?, ?, ?, ?, ?, ?)[0m  [["title", "Star Wars"], ["rating", "PG"], ["director", "George Lucas"], ["release_date", "1977-05-25 00:00:00.000000"], ["created_at", "2020-03-10 03:32:16.363326"], ["updated_at", "2020-03-10 03:32:16.363326"]]
  [1m[35m (0.0ms)[0m  RELEASE SAVEPOINT active_record_1
  [1m[36m (0.1ms)[0m  [1mSAVEPOINT active_record_1[0m
  [1m[35mSQL (0.1ms)[0m  INSERT INTO "movies" ("title", "rating", "director", "release_date", "created_at", "updated_at") VALUES (?, ?, ?, ?, ?, ?)  [["title", "Blade Runner"], ["rating", "PG"], ["director", "Ridley Scott"], ["release_date", "1982-06-25 00:00:00.000000"], ["created_at", "2020-03-10 03:32:16.364911"], ["updated_at", "2020-03-10 03:32:16.364911"]]
  [1m[36m (0.1ms)[0m  [1mRELEASE SAVEPOINT active_record_1[0m
  [1m[35m (0.0ms)[0m  SAVEPOINT active_record_1
  [1m[36mSQL (0.1ms)[0m  [1mINSERT INTO "movies" ("title", "rating", "director", "release_date", "created_at", "updated_at") VALUES (?, ?, ?, ?, ?, ?)[0m  [["title", "Alien"], ["rating", "R"], ["director", ""], ["release_date", "1979-05-25 00:00:00.000000"], ["created_at", "2020-03-10 03:32:16.366266"], ["updated_at", "2020-03-10 03:32:16.366266"]]
  [1m[35m (0.0ms)[0m  RELEASE SAVEPOINT active_record_1
  [1m[36m (0.0ms)[0m  [1mSAVEPOINT active_record_1[0m
  [1m[35mSQL (0.1ms)[0m  INSERT INTO "movies" ("title", "rating", "director", "release_date", "created_at", "updated_at") VALUES (?, ?, ?, ?, ?, ?)  [["title", "THX-1138"], ["rating", "R"], ["director", "George Lucas"], ["release_date", "1971-03-11 00:00:00.000000"], ["created_at", "2020-03-10 03:32:16.367634"], ["updated_at", "2020-03-10 03:32:16.367634"]]
  [1m[36m (0.0ms)[0m  [1mRELEASE SAVEPOINT active_record_1[0m
  [1m[35mMovie Load (0.0ms)[0m  SELECT  "movies".* FROM "movies" WHERE "movies"."title" = ? LIMIT 1  [["title", "Star Wars"]]
Started GET "/movies/1" for 127.0.0.1 at 2020-03-10 03:32:16 +0000
Processing by MoviesController#show as HTML
  Parameters: {"id"=>"1"}
  [1m[36mMovie Load (0.0ms)[0m  [1mSELECT  "movies".* FROM "movies" WHERE "movies"."id" = ? LIMIT 1[0m  [["id", 1]]
  Rendered movies/show.html.haml within layouts/application (0.6ms)
Completed 200 OK in 2ms (Views: 2.0ms | ActiveRecord: 0.0ms)
Started GET "/movies/1/same_director" for 127.0.0.1 at 2020-03-10 03:32:16 +0000
Processing by MoviesController#same_director as HTML
  Parameters: {"id"=>"1"}
  [1m[35mMovie Load (0.0ms)[0m  SELECT  "movies".* FROM "movies" WHERE "movies"."id" = ? LIMIT 1  [["id", 1]]
  [1m[36mMovie Load (0.2ms)[0m  [1mSELECT "movies".* FROM "movies" WHERE "movies"."Director" = 'George Lucas'[0m
  Rendered movies/same_director.html.haml within layouts/application (2.7ms)
Completed 200 OK in 5ms (Views: 4.2ms | ActiveRecord: 0.2ms)
  [1m[35mMovie Load (0.0ms)[0m  SELECT  "movies".* FROM "movies" WHERE "movies"."title" = ? LIMIT 1  [["title", "Star Wars"]]
  [1m[36m (0.3ms)[0m  [1mrollback transaction[0m
  [1m[35m (0.1ms)[0m  begin transaction
  [1m[36m (0.0ms)[0m  [1mcommit transaction[0m
  [1m[35m (0.0ms)[0m  begin transaction
  [1m[36m (0.0ms)[0m  [1mSAVEPOINT active_record_1[0m
  [1m[35mSQL (0.1ms)[0m  INSERT INTO "movies" ("title", "rating", "director", "release_date", "created_at", "updated_at") VALUES (?, ?, ?, ?, ?, ?)  [["title", "Star Wars"], ["rating", "PG"], ["director", "George Lucas"], ["release_date", "1977-05-25 00:00:00.000000"], ["created_at", "2020-03-10 03:32:16.396513"], ["updated_at", "2020-03-10 03:32:16.396513"]]
  [1m[36m (0.1ms)[0m  [1mRELEASE SAVEPOINT active_record_1[0m
  [1m[35m (0.0ms)[0m  SAVEPOINT active_record_1
  [1m[36mSQL (0.1ms)[0m  [1mINSERT INTO "movies" ("title", "rating", "director", "release_date", "created_at", "updated_at") VALUES (?, ?, ?, ?, ?, ?)[0m  [["title", "Blade Runner"], ["rating", "PG"], ["director", "Ridley Scott"], ["release_date", "1982-06-25 00:00:00.000000"], ["created_at", "2020-03-10 03:32:16.397986"], ["updated_at", "2020-03-10 03:32:16.397986"]]
  [1m[35m (0.1ms)[0m  RELEASE SAVEPOINT active_record_1
  [1m[36m (0.0ms)[0m  [1mSAVEPOINT active_record_1[0m
  [1m[35mSQL (0.1ms)[0m  INSERT INTO "movies" ("title", "rating", "director", "release_date", "created_at", "updated_at") VALUES (?, ?, ?, ?, ?, ?)  [["title", "Alien"], ["rating", "R"], ["director", ""], ["release_date", "1979-05-25 00:00:00.000000"], ["created_at", "2020-03-10 03:32:16.399291"], ["updated_at", "2020-03-10 03:32:16.399291"]]
  [1m[36m (0.0ms)[0m  [1mRELEASE SAVEPOINT active_record_1[0m
  [1m[35m (0.0ms)[0m  SAVEPOINT active_record_1
  [1m[36mSQL (0.1ms)[0m  [1mINSERT INTO "movies" ("title", "rating", "director", "release_date", "created_at", "updated_at") VALUES (?, ?, ?, ?, ?, ?)[0m  [["title", "THX-1138"], ["rating", "R"], ["director", "George Lucas"], ["release_date", "1971-03-11 00:00:00.000000"], ["created_at", "2020-03-10 03:32:16.400670"], ["updated_at", "2020-03-10 03:32:16.400670"]]
  [1m[35m (0.0ms)[0m  RELEASE SAVEPOINT active_record_1
  [1m[36mMovie Load (0.0ms)[0m  [1mSELECT  "movies".* FROM "movies" WHERE "movies"."title" = ? LIMIT 1[0m  [["title", "Alien"]]
Started GET "/movies/3" for 127.0.0.1 at 2020-03-10 03:32:16 +0000
Processing by MoviesController#show as HTML
  Parameters: {"id"=>"3"}
  [1m[35mMovie Load (0.0ms)[0m  SELECT  "movies".* FROM "movies" WHERE "movies"."id" = ? LIMIT 1  [["id", 3]]
  Rendered movies/show.html.haml within layouts/application (0.5ms)
Completed 200 OK in 2ms (Views: 1.8ms | ActiveRecord: 0.0ms)
Started GET "/movies/3/same_director" for 127.0.0.1 at 2020-03-10 03:32:16 +0000
Processing by MoviesController#same_director as HTML
  Parameters: {"id"=>"3"}
  [1m[36mMovie Load (0.0ms)[0m  [1mSELECT  "movies".* FROM "movies" WHERE "movies"."id" = ? LIMIT 1[0m  [["id", 3]]
Redirected to http://www.example.com/movies
Completed 302 Found in 1ms (ActiveRecord: 0.0ms)
Started GET "/movies" for 127.0.0.1 at 2020-03-10 03:32:16 +0000
Processing by MoviesController#index as HTML
  [1m[35mMovie Load (0.1ms)[0m  SELECT "movies".* FROM "movies" WHERE "movies"."rating" IN ('G', 'PG', 'PG-13', 'NC-17', 'R')
  Rendered movies/index.html.haml within layouts/application (2.3ms)
Completed 200 OK in 4ms (Views: 3.2ms | ActiveRecord: 0.1ms)
  [1m[36m (0.3ms)[0m  [1mrollback transaction[0m
  [1m[35m (0.0ms)[0m  begin transaction
  [1m[36m (0.0ms)[0m  [1mcommit transaction[0m
  [1m[35m (0.1ms)[0m  begin transaction
  [1m[36m (0.0ms)[0m  [1mSAVEPOINT active_record_1[0m
  [1m[35mSQL (0.1ms)[0m  INSERT INTO "movies" ("title", "rating", "release_date", "created_at", "updated_at") VALUES (?, ?, ?, ?, ?)  [["title", "Aladdin"], ["rating", "G"], ["release_date", "1992-11-25 00:00:00.000000"], ["created_at", "2020-03-10 03:32:16.426398"], ["updated_at", "2020-03-10 03:32:16.426398"]]
  [1m[36m (0.1ms)[0m  [1mRELEASE SAVEPOINT active_record_1[0m
  [1m[35m (0.0ms)[0m  SAVEPOINT active_record_1
  [1m[36mSQL (0.1ms)[0m  [1mINSERT INTO "movies" ("title", "rating", "release_date", "created_at", "updated_at") VALUES (?, ?, ?, ?, ?)[0m  [["title", "The Terminator"], ["rating", "R"], ["release_date", "1984-10-26 00:00:00.000000"], ["created_at", "2020-03-10 03:32:16.427920"], ["updated_at", "2020-03-10 03:32:16.427920"]]
  [1m[35m (0.0ms)[0m  RELEASE SAVEPOINT active_record_1
  [1m[36m (0.0ms)[0m  [1mSAVEPOINT active_record_1[0m
  [1m[35mSQL (0.1ms)[0m  INSERT INTO "movies" ("title", "rating", "release_date", "created_at", "updated_at") VALUES (?, ?, ?, ?, ?)  [["title", "When Harry Met Sally"], ["rating", "R"], ["release_date", "1989-07-21 00:00:00.000000"], ["created_at", "2020-03-10 03:32:16.429242"], ["updated_at", "2020-03-10 03:32:16.429242"]]
  [1m[36m (0.0ms)[0m  [1mRELEASE SAVEPOINT active_record_1[0m
  [1m[35m (0.0ms)[0m  SAVEPOINT active_record_1
  [1m[36mSQL (0.1ms)[0m  [1mINSERT INTO "movies" ("title", "rating", "release_date", "created_at", "updated_at") VALUES (?, ?, ?, ?, ?)[0m  [["title", "The Help"], ["rating", "PG-13"], ["release_date", "2011-08-10 00:00:00.000000"], ["created_at", "2020-03-10 03:32:16.430528"], ["updated_at", "2020-03-10 03:32:16.430528"]]
  [1m[35m (0.0ms)[0m  RELEASE SAVEPOINT active_record_1
  [1m[36m (0.0ms)[0m  [1mSAVEPOINT active_record_1[0m
  [1m[35mSQL (0.1ms)[0m  INSERT INTO "movies" ("title", "rating", "release_date", "created_at", "updated_at") VALUES (?, ?, ?, ?, ?)  [["title", "Chocolat"], ["rating", "PG-13"], ["release_date", "2001-01-05 00:00:00.000000"], ["created_at", "2020-03-10 03:32:16.431844"], ["updated_at", "2020-03-10 03:32:16.431844"]]
  [1m[36m (0.0ms)[0m  [1mRELEASE SAVEPOINT active_record_1[0m
  [1m[35m (0.0ms)[0m  SAVEPOINT active_record_1
  [1m[36mSQL (0.1ms)[0m  [1mINSERT INTO "movies" ("title", "rating", "release_date", "created_at", "updated_at") VALUES (?, ?, ?, ?, ?)[0m  [["title", "Amelie"], ["rating", "R"], ["release_date", "2001-04-25 00:00:00.000000"], ["created_at", "2020-03-10 03:32:16.433072"], ["updated_at", "2020-03-10 03:32:16.433072"]]
  [1m[35m (0.0ms)[0m  RELEASE SAVEPOINT active_record_1
  [1m[36m (0.0ms)[0m  [1mSAVEPOINT active_record_1[0m
  [1m[35mSQL (0.1ms)[0m  INSERT INTO "movies" ("title", "rating", "release_date", "created_at", "updated_at") VALUES (?, ?, ?, ?, ?)  [["title", "2001: A Space Odyssey"], ["rating", "G"], ["release_date", "1968-04-06 00:00:00.000000"], ["created_at", "2020-03-10 03:32:16.434415"], ["updated_at", "2020-03-10 03:32:16.434415"]]
  [1m[36m (0.1ms)[0m  [1mRELEASE SAVEPOINT active_record_1[0m
  [1m[35m (0.1ms)[0m  SAVEPOINT active_record_1
  [1m[36mSQL (0.1ms)[0m  [1mINSERT INTO "movies" ("title", "rating", "release_date", "created_at", "updated_at") VALUES (?, ?, ?, ?, ?)[0m  [["title", "The Incredibles"], ["rating", "PG"], ["release_date", "2004-11-05 00:00:00.000000"], ["created_at", "2020-03-10 03:32:16.435752"], ["updated_at", "2020-03-10 03:32:16.435752"]]
  [1m[35m (0.0ms)[0m  RELEASE SAVEPOINT active_record_1
  [1m[36m (0.0ms)[0m  [1mSAVEPOINT active_record_1[0m
  [1m[35mSQL (0.1ms)[0m  INSERT INTO "movies" ("title", "rating", "release_date", "created_at", "updated_at") VALUES (?, ?, ?, ?, ?)  [["title", "Raiders of the Lost Ark"], ["rating", "PG"], ["release_date", "1981-06-12 00:00:00.000000"], ["created_at", "2020-03-10 03:32:16.437090"], ["updated_at", "2020-03-10 03:32:16.437090"]]
  [1m[36m (0.1ms)[0m  [1mRELEASE SAVEPOINT active_record_1[0m
  [1m[35m (0.0ms)[0m  SAVEPOINT active_record_1
  [1m[36mSQL (0.2ms)[0m  [1mINSERT INTO "movies" ("title", "rating", "release_date", "created_at", "updated_at") VALUES (?, ?, ?, ?, ?)[0m  [["title", "Chicken Run"], ["rating", "G"], ["release_date", "2000-06-21 00:00:00.000000"], ["created_at", "2020-03-10 03:32:16.438324"], ["updated_at", "2020-03-10 03:32:16.438324"]]
  [1m[35m (0.1ms)[0m  RELEASE SAVEPOINT active_record_1
Started GET "/movies" for 127.0.0.1 at 2020-03-10 03:32:16 +0000
Processing by MoviesController#index as HTML
  [1m[36mMovie Load (0.2ms)[0m  [1mSELECT "movies".* FROM "movies" WHERE "movies"."rating" IN ('G', 'PG', 'PG-13', 'NC-17', 'R')[0m
  Rendered movies/index.html.haml within layouts/application (3.4ms)
Completed 200 OK in 5ms (Views: 4.6ms | ActiveRecord: 0.2ms)
Started GET "/movies?ratings[G]=G&ratings[NC-17]=NC-17&ratings[PG]=PG&ratings[PG-13]=PG-13&ratings[R]=R&sort=title" for 127.0.0.1 at 2020-03-10 03:32:16 +0000
Processing by MoviesController#index as HTML
  Parameters: {"ratings"=>{"G"=>"G", "NC-17"=>"NC-17", "PG"=>"PG", "PG-13"=>"PG-13", "R"=>"R"}, "sort"=>"title"}
Redirected to http://www.example.com/movies?ratings%5BG%5D=G&ratings%5BNC-17%5D=NC-17&ratings%5BPG%5D=PG&ratings%5BPG-13%5D=PG-13&ratings%5BR%5D=R&sort=title
Completed 302 Found in 1ms (ActiveRecord: 0.0ms)
Started GET "/movies?ratings[G]=G&ratings[NC-17]=NC-17&ratings[PG]=PG&ratings[PG-13]=PG-13&ratings[R]=R&sort=title" for 127.0.0.1 at 2020-03-10 03:32:16 +0000
Processing by MoviesController#index as HTML
  Parameters: {"ratings"=>{"G"=>"G", "NC-17"=>"NC-17", "PG"=>"PG", "PG-13"=>"PG-13", "R"=>"R"}, "sort"=>"title"}
  [1m[35mMovie Load (0.2ms)[0m  SELECT "movies".* FROM "movies" WHERE "movies"."rating" IN ('G', 'NC-17', 'PG', 'PG-13', 'R')  ORDER BY "movies"."title" ASC
  Rendered movies/index.html.haml within layouts/application (3.5ms)
Completed 200 OK in 5ms (Views: 4.6ms | ActiveRecord: 0.2ms)
  [1m[36m (0.3ms)[0m  [1mrollback transaction[0m
  [1m[35m (0.4ms)[0m  begin transaction
  [1m[36m (0.0ms)[0m  [1mcommit transaction[0m
  [1m[35m (0.0ms)[0m  begin transaction
  [1m[36m (0.0ms)[0m  [1mSAVEPOINT active_record_1[0m
  [1m[35mSQL (0.1ms)[0m  INSERT INTO "movies" ("title", "rating", "release_date", "created_at", "updated_at") VALUES (?, ?, ?, ?, ?)  [["title", "Aladdin"], ["rating", "G"], ["release_date", "1992-11-25 00:00:00.000000"], ["created_at", "2020-03-10 03:32:16.476948"], ["updated_at", "2020-03-10 03:32:16.476948"]]
  [1m[36m (0.1ms)[0m  [1mRELEASE SAVEPOINT active_record_1[0m
  [1m[35m (0.0ms)[0m  SAVEPOINT active_record_1
  [1m[36mSQL (0.1ms)[0m  [1mINSERT INTO "movies" ("title", "rating", "release_date", "created_at", "updated_at") VALUES (?, ?, ?, ?, ?)[0m  [["title", "The Terminator"], ["rating", "R"], ["release_date", "1984-10-26 00:00:00.000000"], ["created_at", "2020-03-10 03:32:16.479102"], ["updated_at", "2020-03-10 03:32:16.479102"]]
  [1m[35m (0.0ms)[0m  RELEASE SAVEPOINT active_record_1
  [1m[36m (0.0ms)[0m  [1mSAVEPOINT active_record_1[0m
  [1m[35mSQL (0.1ms)[0m  INSERT INTO "movies" ("title", "rating", "release_date", "created_at", "updated_at") VALUES (?, ?, ?, ?, ?)  [["title", "When Harry Met Sally"], ["rating", "R"], ["release_date", "1989-07-21 00:00:00.000000"], ["created_at", "2020-03-10 03:32:16.480817"], ["updated_at", "2020-03-10 03:32:16.480817"]]
  [1m[36m (0.0ms)[0m  [1mRELEASE SAVEPOINT active_record_1[0m
  [1m[35m (0.0ms)[0m  SAVEPOINT active_record_1
  [1m[36mSQL (0.1ms)[0m  [1mINSERT INTO "movies" ("title", "rating", "release_date", "created_at", "updated_at") VALUES (?, ?, ?, ?, ?)[0m  [["title", "The Help"], ["rating", "PG-13"], ["release_date", "2011-08-10 00:00:00.000000"], ["created_at", "2020-03-10 03:32:16.482833"], ["updated_at", "2020-03-10 03:32:16.482833"]]
  [1m[35m (0.1ms)[0m  RELEASE SAVEPOINT active_record_1
  [1m[36m (0.0ms)[0m  [1mSAVEPOINT active_record_1[0m
  [1m[35mSQL (0.1ms)[0m  INSERT INTO "movies" ("title", "rating", "release_date", "created_at", "updated_at") VALUES (?, ?, ?, ?, ?)  [["title", "Chocolat"], ["rating", "PG-13"], ["release_date", "2001-01-05 00:00:00.000000"], ["created_at", "2020-03-10 03:32:16.484432"], ["updated_at", "2020-03-10 03:32:16.484432"]]
  [1m[36m (0.0ms)[0m  [1mRELEASE SAVEPOINT active_record_1[0m
  [1m[35m (0.0ms)[0m  SAVEPOINT active_record_1
  [1m[36mSQL (0.1ms)[0m  [1mINSERT INTO "movies" ("title", "rating", "release_date", "created_at", "updated_at") VALUES (?, ?, ?, ?, ?)[0m  [["title", "Amelie"], ["rating", "R"], ["release_date", "2001-04-25 00:00:00.000000"], ["created_at", "2020-03-10 03:32:16.489785"], ["updated_at", "2020-03-10 03:32:16.489785"]]
  [1m[35m (0.0ms)[0m  RELEASE SAVEPOINT active_record_1
  [1m[36m (0.1ms)[0m  [1mSAVEPOINT active_record_1[0m
  [1m[35mSQL (0.1ms)[0m  INSERT INTO "movies" ("title", "rating", "release_date", "created_at", "updated_at") VALUES (?, ?, ?, ?, ?)  [["title", "2001: A Space Odyssey"], ["rating", "G"], ["release_date", "1968-04-06 00:00:00.000000"], ["created_at", "2020-03-10 03:32:16.491494"], ["updated_at", "2020-03-10 03:32:16.491494"]]
  [1m[36m (0.0ms)[0m  [1mRELEASE SAVEPOINT active_record_1[0m
  [1m[35m (0.1ms)[0m  SAVEPOINT active_record_1
  [1m[36mSQL (0.1ms)[0m  [1mINSERT INTO "movies" ("title", "rating", "release_date", "created_at", "updated_at") VALUES (?, ?, ?, ?, ?)[0m  [["title", "The Incredibles"], ["rating", "PG"], ["release_date", "2004-11-05 00:00:00.000000"], ["created_at", "2020-03-10 03:32:16.492970"], ["updated_at", "2020-03-10 03:32:16.492970"]]
  [1m[35m (0.0ms)[0m  RELEASE SAVEPOINT active_record_1
  [1m[36m (0.0ms)[0m  [1mSAVEPOINT active_record_1[0m
  [1m[35mSQL (0.1ms)[0m  INSERT INTO "movies" ("title", "rating", "release_date", "created_at", "updated_at") VALUES (?, ?, ?, ?, ?)  [["title", "Raiders of the Lost Ark"], ["rating", "PG"], ["release_date", "1981-06-12 00:00:00.000000"], ["created_at", "2020-03-10 03:32:16.494634"], ["updated_at", "2020-03-10 03:32:16.494634"]]
  [1m[36m (0.0ms)[0m  [1mRELEASE SAVEPOINT active_record_1[0m
  [1m[35m (0.0ms)[0m  SAVEPOINT active_record_1
  [1m[36mSQL (0.2ms)[0m  [1mINSERT INTO "movies" ("title", "rating", "release_date", "created_at", "updated_at") VALUES (?, ?, ?, ?, ?)[0m  [["title", "Chicken Run"], ["rating", "G"], ["release_date", "2000-06-21 00:00:00.000000"], ["created_at", "2020-03-10 03:32:16.496045"], ["updated_at", "2020-03-10 03:32:16.496045"]]
  [1m[35m (0.1ms)[0m  RELEASE SAVEPOINT active_record_1
Started GET "/movies" for 127.0.0.1 at 2020-03-10 03:32:16 +0000
Processing by MoviesController#index as HTML
  [1m[36mMovie Load (0.2ms)[0m  [1mSELECT "movies".* FROM "movies" WHERE "movies"."rating" IN ('G', 'PG', 'PG-13', 'NC-17', 'R')[0m
  Rendered movies/index.html.haml within layouts/application (4.1ms)
Completed 200 OK in 6ms (Views: 5.8ms | ActiveRecord: 0.2ms)
Started GET "/movies?ratings[G]=G&ratings[NC-17]=NC-17&ratings[PG]=PG&ratings[PG-13]=PG-13&ratings[R]=R&sort=release_date" for 127.0.0.1 at 2020-03-10 03:32:16 +0000
Processing by MoviesController#index as HTML
  Parameters: {"ratings"=>{"G"=>"G", "NC-17"=>"NC-17", "PG"=>"PG", "PG-13"=>"PG-13", "R"=>"R"}, "sort"=>"release_date"}
Redirected to http://www.example.com/movies?ratings%5BG%5D=G&ratings%5BNC-17%5D=NC-17&ratings%5BPG%5D=PG&ratings%5BPG-13%5D=PG-13&ratings%5BR%5D=R&sort=release_date
Completed 302 Found in 1ms (ActiveRecord: 0.0ms)
Started GET "/movies?ratings[G]=G&ratings[NC-17]=NC-17&ratings[PG]=PG&ratings[PG-13]=PG-13&ratings[R]=R&sort=release_date" for 127.0.0.1 at 2020-03-10 03:32:16 +0000
Processing by MoviesController#index as HTML
  Parameters: {"ratings"=>{"G"=>"G", "NC-17"=>"NC-17", "PG"=>"PG", "PG-13"=>"PG-13", "R"=>"R"}, "sort"=>"release_date"}
  [1m[35mMovie Load (0.2ms)[0m  SELECT "movies".* FROM "movies" WHERE "movies"."rating" IN ('G', 'NC-17', 'PG', 'PG-13', 'R')  ORDER BY "movies"."release_date" ASC
  Rendered movies/index.html.haml within layouts/application (4.8ms)
Completed 200 OK in 7ms (Views: 6.2ms | ActiveRecord: 0.2ms)
  [1m[36m (0.3ms)[0m  [1mrollback transaction[0m
  [1m[36mActiveRecord::SchemaMigration Load (0.1ms)[0m  [1mSELECT "schema_migrations".* FROM "schema_migrations"[0m
  [1m[35m (0.1ms)[0m  begin transaction
  [1m[36m (0.0ms)[0m  [1mrollback transaction[0m
  [1m[35m (0.0ms)[0m  begin transaction
  [1m[36m (0.0ms)[0m  [1mrollback transaction[0m
  [1m[35m (0.0ms)[0m  begin transaction
  [1m[36m (0.0ms)[0m  [1mrollback transaction[0m
  [1m[35m (0.0ms)[0m  begin transaction
  [1m[36m (0.0ms)[0m  [1mrollback transaction[0m
  [1m[36mActiveRecord::SchemaMigration Load (0.1ms)[0m  [1mSELECT "schema_migrations".* FROM "schema_migrations"[0m
  [1m[35m (0.1ms)[0m  begin transaction
  [1m[36m (0.0ms)[0m  [1mrollback transaction[0m
  [1m[35m (0.0ms)[0m  begin transaction
  [1m[36m (0.0ms)[0m  [1mrollback transaction[0m
  [1m[35m (0.0ms)[0m  begin transaction
  [1m[36m (0.0ms)[0m  [1mrollback transaction[0m
  [1m[35m (0.0ms)[0m  begin transaction
  [1m[36m (0.0ms)[0m  [1mrollback transaction[0m
  [1m[36mActiveRecord::SchemaMigration Load (0.1ms)[0m  [1mSELECT "schema_migrations".* FROM "schema_migrations"[0m
  [1m[35m (0.1ms)[0m  begin transaction
  [1m[36m (0.1ms)[0m  [1mrollback transaction[0m
  [1m[35m (0.0ms)[0m  begin transaction
  [1m[36m (0.0ms)[0m  [1mrollback transaction[0m
  [1m[35m (0.0ms)[0m  begin transaction
  [1m[36m (0.0ms)[0m  [1mrollback transaction[0m
  [1m[35m (0.0ms)[0m  begin transaction
  [1m[36m (0.0ms)[0m  [1mrollback transaction[0m
  [1m[36mActiveRecord::SchemaMigration Load (0.1ms)[0m  [1mSELECT "schema_migrations".* FROM "schema_migrations"[0m
  [1m[35m (0.1ms)[0m  begin transaction
  [1m[36m (0.0ms)[0m  [1mSAVEPOINT active_record_1[0m
  [1m[35mSQL (0.4ms)[0m  INSERT INTO "movies" ("title", "rating", "description", "release_date", "director", "created_at", "updated_at") VALUES (?, ?, ?, ?, ?, ?, ?)  [["title", "The Shawshank Redemption"], ["rating", "R"], ["description", ""], ["release_date", "1994-10-14 00:00:00.000000"], ["director", "Frank Darabont"], ["created_at", "2020-03-10 03:50:13.409938"], ["updated_at", "2020-03-10 03:50:13.409938"]]
  [1m[36m (0.0ms)[0m  [1mRELEASE SAVEPOINT active_record_1[0m
  [1m[35m (0.0ms)[0m  SAVEPOINT active_record_1
  [1m[36mSQL (0.1ms)[0m  [1mINSERT INTO "movies" ("title", "rating", "description", "release_date", "director", "created_at", "updated_at") VALUES (?, ?, ?, ?, ?, ?, ?)[0m  [["title", "Ready Player One"], ["rating", "R"], ["description", ""], ["release_date", "1994-10-14 00:00:00.000000"], ["director", "Steven Spielberg"], ["created_at", "2020-03-10 03:50:13.412268"], ["updated_at", "2020-03-10 03:50:13.412268"]]
  [1m[35m (0.0ms)[0m  RELEASE SAVEPOINT active_record_1
  [1m[36m (0.1ms)[0m  [1mSAVEPOINT active_record_1[0m
  [1m[35mSQL (0.1ms)[0m  INSERT INTO "movies" ("title", "rating", "description", "release_date", "director", "created_at", "updated_at") VALUES (?, ?, ?, ?, ?, ?, ?)  [["title", "The Terminal"], ["rating", "R"], ["description", ""], ["release_date", "1994-10-14 00:00:00.000000"], ["director", "Steven Spielberg"], ["created_at", "2020-03-10 03:50:13.413865"], ["updated_at", "2020-03-10 03:50:13.413865"]]
  [1m[36m (0.0ms)[0m  [1mRELEASE SAVEPOINT active_record_1[0m
  [1m[35m (0.1ms)[0m  rollback transaction
  [1m[36m (0.1ms)[0m  [1mbegin transaction[0m
  [1m[35m (0.0ms)[0m  SAVEPOINT active_record_1
  [1m[36mSQL (0.1ms)[0m  [1mINSERT INTO "movies" ("title", "rating", "description", "release_date", "director", "created_at", "updated_at") VALUES (?, ?, ?, ?, ?, ?, ?)[0m  [["title", "The Shawshank Redemption"], ["rating", "R"], ["description", ""], ["release_date", "1994-10-14 00:00:00.000000"], ["director", "Frank Darabont"], ["created_at", "2020-03-10 03:50:13.421862"], ["updated_at", "2020-03-10 03:50:13.421862"]]
  [1m[35m (0.0ms)[0m  RELEASE SAVEPOINT active_record_1
  [1m[36m (0.0ms)[0m  [1mSAVEPOINT active_record_1[0m
  [1m[35mSQL (0.1ms)[0m  INSERT INTO "movies" ("title", "rating", "description", "release_date", "director", "created_at", "updated_at") VALUES (?, ?, ?, ?, ?, ?, ?)  [["title", "Ready Player One"], ["rating", "R"], ["description", ""], ["release_date", "1994-10-14 00:00:00.000000"], ["director", "Steven Spielberg"], ["created_at", "2020-03-10 03:50:13.423377"], ["updated_at", "2020-03-10 03:50:13.423377"]]
  [1m[36m (0.0ms)[0m  [1mRELEASE SAVEPOINT active_record_1[0m
  [1m[35m (0.0ms)[0m  SAVEPOINT active_record_1
  [1m[36mSQL (0.1ms)[0m  [1mINSERT INTO "movies" ("title", "rating", "description", "release_date", "director", "created_at", "updated_at") VALUES (?, ?, ?, ?, ?, ?, ?)[0m  [["title", "The Terminal"], ["rating", "R"], ["description", ""], ["release_date", "1994-10-14 00:00:00.000000"], ["director", "Steven Spielberg"], ["created_at", "2020-03-10 03:50:13.424772"], ["updated_at", "2020-03-10 03:50:13.424772"]]
  [1m[35m (0.0ms)[0m  RELEASE SAVEPOINT active_record_1
  [1m[36m (0.1ms)[0m  [1mrollback transaction[0m
  [1m[35m (0.0ms)[0m  begin transaction
  [1m[36m (0.0ms)[0m  [1mSAVEPOINT active_record_1[0m
  [1m[35mSQL (0.2ms)[0m  INSERT INTO "movies" ("title", "rating", "description", "release_date", "director", "created_at", "updated_at") VALUES (?, ?, ?, ?, ?, ?, ?)  [["title", "The Shawshank Redemption"], ["rating", "R"], ["description", ""], ["release_date", "1994-10-14 00:00:00.000000"], ["director", "Frank Darabont"], ["created_at", "2020-03-10 03:50:13.428605"], ["updated_at", "2020-03-10 03:50:13.428605"]]
  [1m[36m (0.0ms)[0m  [1mRELEASE SAVEPOINT active_record_1[0m
  [1m[35m (0.0ms)[0m  SAVEPOINT active_record_1
  [1m[36mSQL (0.1ms)[0m  [1mINSERT INTO "movies" ("title", "rating", "description", "release_date", "director", "created_at", "updated_at") VALUES (?, ?, ?, ?, ?, ?, ?)[0m  [["title", "Ready Player One"], ["rating", "R"], ["description", ""], ["release_date", "1994-10-14 00:00:00.000000"], ["director", "Steven Spielberg"], ["created_at", "2020-03-10 03:50:13.430197"], ["updated_at", "2020-03-10 03:50:13.430197"]]
  [1m[35m (0.0ms)[0m  RELEASE SAVEPOINT active_record_1
  [1m[36m (0.0ms)[0m  [1mSAVEPOINT active_record_1[0m
  [1m[35mSQL (0.1ms)[0m  INSERT INTO "movies" ("title", "rating", "description", "release_date", "director", "created_at", "updated_at") VALUES (?, ?, ?, ?, ?, ?, ?)  [["title", "The Terminal"], ["rating", "R"], ["description", ""], ["release_date", "1994-10-14 00:00:00.000000"], ["director", "Steven Spielberg"], ["created_at", "2020-03-10 03:50:13.431618"], ["updated_at", "2020-03-10 03:50:13.431618"]]
  [1m[36m (0.0ms)[0m  [1mRELEASE SAVEPOINT active_record_1[0m
  [1m[35m (0.0ms)[0m  SAVEPOINT active_record_1
  [1m[36mSQL (0.1ms)[0m  [1mINSERT INTO "movies" ("title", "rating", "description", "release_date", "director", "created_at", "updated_at") VALUES (?, ?, ?, ?, ?, ?, ?)[0m  [["title", "The Shawshank Redemption"], ["rating", "R"], ["description", ""], ["release_date", "1994-10-14 00:00:00.000000"], ["director", ""], ["created_at", "2020-03-10 03:50:13.432975"], ["updated_at", "2020-03-10 03:50:13.432975"]]
  [1m[35m (0.1ms)[0m  RELEASE SAVEPOINT active_record_1
  [1m[36m (0.1ms)[0m  [1mrollback transaction[0m
  [1m[35m (0.0ms)[0m  begin transaction
  [1m[36m (0.0ms)[0m  [1mSAVEPOINT active_record_1[0m
  [1m[35mSQL (0.1ms)[0m  INSERT INTO "movies" ("title", "rating", "description", "release_date", "director", "created_at", "updated_at") VALUES (?, ?, ?, ?, ?, ?, ?)  [["title", "The Shawshank Redemption"], ["rating", "R"], ["description", ""], ["release_date", "1994-10-14 00:00:00.000000"], ["director", "Frank Darabont"], ["created_at", "2020-03-10 03:50:13.436296"], ["updated_at", "2020-03-10 03:50:13.436296"]]
  [1m[36m (0.0ms)[0m  [1mRELEASE SAVEPOINT active_record_1[0m
  [1m[35m (0.0ms)[0m  SAVEPOINT active_record_1
  [1m[36mSQL (0.1ms)[0m  [1mINSERT INTO "movies" ("title", "rating", "description", "release_date", "director", "created_at", "updated_at") VALUES (?, ?, ?, ?, ?, ?, ?)[0m  [["title", "Ready Player One"], ["rating", "R"], ["description", ""], ["release_date", "1994-10-14 00:00:00.000000"], ["director", "Steven Spielberg"], ["created_at", "2020-03-10 03:50:13.437731"], ["updated_at", "2020-03-10 03:50:13.437731"]]
  [1m[35m (0.0ms)[0m  RELEASE SAVEPOINT active_record_1
  [1m[36m (0.0ms)[0m  [1mSAVEPOINT active_record_1[0m
  [1m[35mSQL (0.1ms)[0m  INSERT INTO "movies" ("title", "rating", "description", "release_date", "director", "created_at", "updated_at") VALUES (?, ?, ?, ?, ?, ?, ?)  [["title", "The Terminal"], ["rating", "R"], ["description", ""], ["release_date", "1994-10-14 00:00:00.000000"], ["director", "Steven Spielberg"], ["created_at", "2020-03-10 03:50:13.439163"], ["updated_at", "2020-03-10 03:50:13.439163"]]
  [1m[36m (0.0ms)[0m  [1mRELEASE SAVEPOINT active_record_1[0m
  [1m[35m (0.0ms)[0m  SAVEPOINT active_record_1
  [1m[36mSQL (0.1ms)[0m  [1mINSERT INTO "movies" ("title", "rating", "description", "release_date", "director", "created_at", "updated_at") VALUES (?, ?, ?, ?, ?, ?, ?)[0m  [["title", "The Shawshank Redemption"], ["rating", "R"], ["description", ""], ["release_date", "1994-10-14 00:00:00.000000"], ["director", ""], ["created_at", "2020-03-10 03:50:13.440530"], ["updated_at", "2020-03-10 03:50:13.440530"]]
  [1m[35m (0.0ms)[0m  RELEASE SAVEPOINT active_record_1
  [1m[36m (0.1ms)[0m  [1mrollback transaction[0m
  [1m[36mActiveRecord::SchemaMigration Load (0.1ms)[0m  [1mSELECT "schema_migrations".* FROM "schema_migrations"[0m
  [1m[35m (0.1ms)[0m  begin transaction
  [1m[36m (0.0ms)[0m  [1mSAVEPOINT active_record_1[0m
  [1m[35mSQL (0.4ms)[0m  INSERT INTO "movies" ("title", "rating", "description", "release_date", "director", "created_at", "updated_at") VALUES (?, ?, ?, ?, ?, ?, ?)  [["title", "The Shawshank Redemption"], ["rating", "R"], ["description", ""], ["release_date", "1994-10-14 00:00:00.000000"], ["director", "Frank Darabont"], ["created_at", "2020-03-10 04:01:52.228423"], ["updated_at", "2020-03-10 04:01:52.228423"]]
  [1m[36m (0.0ms)[0m  [1mRELEASE SAVEPOINT active_record_1[0m
  [1m[35m (0.0ms)[0m  SAVEPOINT active_record_1
  [1m[36mSQL (0.1ms)[0m  [1mINSERT INTO "movies" ("title", "rating", "description", "release_date", "director", "created_at", "updated_at") VALUES (?, ?, ?, ?, ?, ?, ?)[0m  [["title", "Ready Player One"], ["rating", "R"], ["description", ""], ["release_date", "1994-10-14 00:00:00.000000"], ["director", "Steven Spielberg"], ["created_at", "2020-03-10 04:01:52.230591"], ["updated_at", "2020-03-10 04:01:52.230591"]]
  [1m[35m (0.0ms)[0m  RELEASE SAVEPOINT active_record_1
  [1m[36m (0.1ms)[0m  [1mSAVEPOINT active_record_1[0m
  [1m[35mSQL (0.1ms)[0m  INSERT INTO "movies" ("title", "rating", "description", "release_date", "director", "created_at", "updated_at") VALUES (?, ?, ?, ?, ?, ?, ?)  [["title", "The Terminal"], ["rating", "R"], ["description", ""], ["release_date", "1994-10-14 00:00:00.000000"], ["director", "Steven Spielberg"], ["created_at", "2020-03-10 04:01:52.232123"], ["updated_at", "2020-03-10 04:01:52.232123"]]
  [1m[36m (0.0ms)[0m  [1mRELEASE SAVEPOINT active_record_1[0m
  [1m[35m (0.1ms)[0m  rollback transaction
  [1m[36m (0.1ms)[0m  [1mbegin transaction[0m
  [1m[35m (0.0ms)[0m  SAVEPOINT active_record_1
  [1m[36mSQL (0.1ms)[0m  [1mINSERT INTO "movies" ("title", "rating", "description", "release_date", "director", "created_at", "updated_at") VALUES (?, ?, ?, ?, ?, ?, ?)[0m  [["title", "The Shawshank Redemption"], ["rating", "R"], ["description", ""], ["release_date", "1994-10-14 00:00:00.000000"], ["director", "Frank Darabont"], ["created_at", "2020-03-10 04:01:52.236140"], ["updated_at", "2020-03-10 04:01:52.236140"]]
  [1m[35m (0.0ms)[0m  RELEASE SAVEPOINT active_record_1
  [1m[36m (0.1ms)[0m  [1mSAVEPOINT active_record_1[0m
  [1m[35mSQL (0.1ms)[0m  INSERT INTO "movies" ("title", "rating", "description", "release_date", "director", "created_at", "updated_at") VALUES (?, ?, ?, ?, ?, ?, ?)  [["title", "Ready Player One"], ["rating", "R"], ["description", ""], ["release_date", "1994-10-14 00:00:00.000000"], ["director", "Steven Spielberg"], ["created_at", "2020-03-10 04:01:52.237701"], ["updated_at", "2020-03-10 04:01:52.237701"]]
  [1m[36m (0.1ms)[0m  [1mRELEASE SAVEPOINT active_record_1[0m
  [1m[35m (0.1ms)[0m  SAVEPOINT active_record_1
  [1m[36mSQL (0.1ms)[0m  [1mINSERT INTO "movies" ("title", "rating", "description", "release_date", "director", "created_at", "updated_at") VALUES (?, ?, ?, ?, ?, ?, ?)[0m  [["title", "The Terminal"], ["rating", "R"], ["description", ""], ["release_date", "1994-10-14 00:00:00.000000"], ["director", "Steven Spielberg"], ["created_at", "2020-03-10 04:01:52.239227"], ["updated_at", "2020-03-10 04:01:52.239227"]]
  [1m[35m (0.0ms)[0m  RELEASE SAVEPOINT active_record_1
  [1m[36m (0.1ms)[0m  [1mrollback transaction[0m
  [1m[35m (0.0ms)[0m  begin transaction
  [1m[36m (0.0ms)[0m  [1mSAVEPOINT active_record_1[0m
  [1m[35mSQL (0.1ms)[0m  INSERT INTO "movies" ("title", "rating", "description", "release_date", "director", "created_at", "updated_at") VALUES (?, ?, ?, ?, ?, ?, ?)  [["title", "The Shawshank Redemption"], ["rating", "R"], ["description", ""], ["release_date", "1994-10-14 00:00:00.000000"], ["director", "Frank Darabont"], ["created_at", "2020-03-10 04:01:52.242742"], ["updated_at", "2020-03-10 04:01:52.242742"]]
  [1m[36m (0.1ms)[0m  [1mRELEASE SAVEPOINT active_record_1[0m
  [1m[35m (0.0ms)[0m  SAVEPOINT active_record_1
  [1m[36mSQL (0.1ms)[0m  [1mINSERT INTO "movies" ("title", "rating", "description", "release_date", "director", "created_at", "updated_at") VALUES (?, ?, ?, ?, ?, ?, ?)[0m  [["title", "Ready Player One"], ["rating", "R"], ["description", ""], ["release_date", "1994-10-14 00:00:00.000000"], ["director", "Steven Spielberg"], ["created_at", "2020-03-10 04:01:52.244352"], ["updated_at", "2020-03-10 04:01:52.244352"]]
  [1m[35m (0.1ms)[0m  RELEASE SAVEPOINT active_record_1
  [1m[36m (0.1ms)[0m  [1mSAVEPOINT active_record_1[0m
  [1m[35mSQL (0.1ms)[0m  INSERT INTO "movies" ("title", "rating", "description", "release_date", "director", "created_at", "updated_at") VALUES (?, ?, ?, ?, ?, ?, ?)  [["title", "The Terminal"], ["rating", "R"], ["description", ""], ["release_date", "1994-10-14 00:00:00.000000"], ["director", "Steven Spielberg"], ["created_at", "2020-03-10 04:01:52.245998"], ["updated_at", "2020-03-10 04:01:52.245998"]]
  [1m[36m (0.0ms)[0m  [1mRELEASE SAVEPOINT active_record_1[0m
  [1m[35m (0.0ms)[0m  SAVEPOINT active_record_1
  [1m[36mSQL (0.1ms)[0m  [1mINSERT INTO "movies" ("title", "rating", "description", "release_date", "director", "created_at", "updated_at") VALUES (?, ?, ?, ?, ?, ?, ?)[0m  [["title", "The Shawshank Redemption"], ["rating", "R"], ["description", ""], ["release_date", "1994-10-14 00:00:00.000000"], ["director", ""], ["created_at", "2020-03-10 04:01:52.247433"], ["updated_at", "2020-03-10 04:01:52.247433"]]
  [1m[35m (0.0ms)[0m  RELEASE SAVEPOINT active_record_1
  [1m[36m (0.2ms)[0m  [1mrollback transaction[0m
  [1m[35m (0.0ms)[0m  begin transaction
  [1m[36m (0.0ms)[0m  [1mSAVEPOINT active_record_1[0m
  [1m[35mSQL (0.1ms)[0m  INSERT INTO "movies" ("title", "rating", "description", "release_date", "director", "created_at", "updated_at") VALUES (?, ?, ?, ?, ?, ?, ?)  [["title", "The Shawshank Redemption"], ["rating", "R"], ["description", ""], ["release_date", "1994-10-14 00:00:00.000000"], ["director", "Frank Darabont"], ["created_at", "2020-03-10 04:01:52.250976"], ["updated_at", "2020-03-10 04:01:52.250976"]]
  [1m[36m (0.0ms)[0m  [1mRELEASE SAVEPOINT active_record_1[0m
  [1m[35m (0.0ms)[0m  SAVEPOINT active_record_1
  [1m[36mSQL (0.1ms)[0m  [1mINSERT INTO "movies" ("title", "rating", "description", "release_date", "director", "created_at", "updated_at") VALUES (?, ?, ?, ?, ?, ?, ?)[0m  [["title", "Ready Player One"], ["rating", "R"], ["description", ""], ["release_date", "1994-10-14 00:00:00.000000"], ["director", "Steven Spielberg"], ["created_at", "2020-03-10 04:01:52.252498"], ["updated_at", "2020-03-10 04:01:52.252498"]]
  [1m[35m (0.0ms)[0m  RELEASE SAVEPOINT active_record_1
  [1m[36m (0.0ms)[0m  [1mSAVEPOINT active_record_1[0m
  [1m[35mSQL (0.1ms)[0m  INSERT INTO "movies" ("title", "rating", "description", "release_date", "director", "created_at", "updated_at") VALUES (?, ?, ?, ?, ?, ?, ?)  [["title", "The Terminal"], ["rating", "R"], ["description", ""], ["release_date", "1994-10-14 00:00:00.000000"], ["director", "Steven Spielberg"], ["created_at", "2020-03-10 04:01:52.253968"], ["updated_at", "2020-03-10 04:01:52.253968"]]
  [1m[36m (0.0ms)[0m  [1mRELEASE SAVEPOINT active_record_1[0m
  [1m[35m (0.0ms)[0m  SAVEPOINT active_record_1
  [1m[36mSQL (0.1ms)[0m  [1mINSERT INTO "movies" ("title", "rating", "description", "release_date", "director", "created_at", "updated_at") VALUES (?, ?, ?, ?, ?, ?, ?)[0m  [["title", "The Shawshank Redemption"], ["rating", "R"], ["description", ""], ["release_date", "1994-10-14 00:00:00.000000"], ["director", ""], ["created_at", "2020-03-10 04:01:52.255489"], ["updated_at", "2020-03-10 04:01:52.255489"]]
  [1m[35m (0.1ms)[0m  RELEASE SAVEPOINT active_record_1
  [1m[36m (0.1ms)[0m  [1mrollback transaction[0m
  [1m[36mActiveRecord::SchemaMigration Load (0.1ms)[0m  [1mSELECT "schema_migrations".* FROM "schema_migrations"[0m
  [1m[35m (0.1ms)[0m  begin transaction
  [1m[36m (0.0ms)[0m  [1mSAVEPOINT active_record_1[0m
  [1m[35mSQL (0.4ms)[0m  INSERT INTO "movies" ("title", "rating", "description", "release_date", "director", "created_at", "updated_at") VALUES (?, ?, ?, ?, ?, ?, ?)  [["title", "The Shawshank Redemption"], ["rating", "R"], ["description", ""], ["release_date", "1994-10-14 00:00:00.000000"], ["director", "Frank Darabont"], ["created_at", "2020-03-10 04:06:15.692054"], ["updated_at", "2020-03-10 04:06:15.692054"]]
  [1m[36m (0.1ms)[0m  [1mRELEASE SAVEPOINT active_record_1[0m
  [1m[35m (0.0ms)[0m  SAVEPOINT active_record_1
  [1m[36mSQL (0.1ms)[0m  [1mINSERT INTO "movies" ("title", "rating", "description", "release_date", "director", "created_at", "updated_at") VALUES (?, ?, ?, ?, ?, ?, ?)[0m  [["title", "Ready Player One"], ["rating", "R"], ["description", ""], ["release_date", "1994-10-14 00:00:00.000000"], ["director", "Steven Spielberg"], ["created_at", "2020-03-10 04:06:15.694161"], ["updated_at", "2020-03-10 04:06:15.694161"]]
  [1m[35m (0.1ms)[0m  RELEASE SAVEPOINT active_record_1
  [1m[36m (0.0ms)[0m  [1mSAVEPOINT active_record_1[0m
  [1m[35mSQL (0.1ms)[0m  INSERT INTO "movies" ("title", "rating", "description", "release_date", "director", "created_at", "updated_at") VALUES (?, ?, ?, ?, ?, ?, ?)  [["title", "The Terminal"], ["rating", "R"], ["description", ""], ["release_date", "1994-10-14 00:00:00.000000"], ["director", "Steven Spielberg"], ["created_at", "2020-03-10 04:06:15.695607"], ["updated_at", "2020-03-10 04:06:15.695607"]]
  [1m[36m (0.0ms)[0m  [1mRELEASE SAVEPOINT active_record_1[0m
  [1m[35m (0.1ms)[0m  rollback transaction
  [1m[36m (0.0ms)[0m  [1mbegin transaction[0m
  [1m[35m (0.0ms)[0m  SAVEPOINT active_record_1
  [1m[36mSQL (0.1ms)[0m  [1mINSERT INTO "movies" ("title", "rating", "description", "release_date", "director", "created_at", "updated_at") VALUES (?, ?, ?, ?, ?, ?, ?)[0m  [["title", "The Shawshank Redemption"], ["rating", "R"], ["description", ""], ["release_date", "1994-10-14 00:00:00.000000"], ["director", "Frank Darabont"], ["created_at", "2020-03-10 04:06:15.699544"], ["updated_at", "2020-03-10 04:06:15.699544"]]
  [1m[35m (0.0ms)[0m  RELEASE SAVEPOINT active_record_1
  [1m[36m (0.0ms)[0m  [1mSAVEPOINT active_record_1[0m
  [1m[35mSQL (0.1ms)[0m  INSERT INTO "movies" ("title", "rating", "description", "release_date", "director", "created_at", "updated_at") VALUES (?, ?, ?, ?, ?, ?, ?)  [["title", "Ready Player One"], ["rating", "R"], ["description", ""], ["release_date", "1994-10-14 00:00:00.000000"], ["director", "Steven Spielberg"], ["created_at", "2020-03-10 04:06:15.700982"], ["updated_at", "2020-03-10 04:06:15.700982"]]
  [1m[36m (0.0ms)[0m  [1mRELEASE SAVEPOINT active_record_1[0m
  [1m[35m (0.0ms)[0m  SAVEPOINT active_record_1
  [1m[36mSQL (0.1ms)[0m  [1mINSERT INTO "movies" ("title", "rating", "description", "release_date", "director", "created_at", "updated_at") VALUES (?, ?, ?, ?, ?, ?, ?)[0m  [["title", "The Terminal"], ["rating", "R"], ["description", ""], ["release_date", "1994-10-14 00:00:00.000000"], ["director", "Steven Spielberg"], ["created_at", "2020-03-10 04:06:15.702379"], ["updated_at", "2020-03-10 04:06:15.702379"]]
  [1m[35m (0.0ms)[0m  RELEASE SAVEPOINT active_record_1
  [1m[36m (0.1ms)[0m  [1mrollback transaction[0m
  [1m[35m (0.0ms)[0m  begin transaction
  [1m[36m (0.0ms)[0m  [1mSAVEPOINT active_record_1[0m
  [1m[35mSQL (0.1ms)[0m  INSERT INTO "movies" ("title", "rating", "description", "release_date", "director", "created_at", "updated_at") VALUES (?, ?, ?, ?, ?, ?, ?)  [["title", "The Shawshank Redemption"], ["rating", "R"], ["description", ""], ["release_date", "1994-10-14 00:00:00.000000"], ["director", "Frank Darabont"], ["created_at", "2020-03-10 04:06:15.705836"], ["updated_at", "2020-03-10 04:06:15.705836"]]
  [1m[36m (0.0ms)[0m  [1mRELEASE SAVEPOINT active_record_1[0m
  [1m[35m (0.0ms)[0m  SAVEPOINT active_record_1
  [1m[36mSQL (0.2ms)[0m  [1mINSERT INTO "movies" ("title", "rating", "description", "release_date", "director", "created_at", "updated_at") VALUES (?, ?, ?, ?, ?, ?, ?)[0m  [["title", "Ready Player One"], ["rating", "R"], ["description", ""], ["release_date", "1994-10-14 00:00:00.000000"], ["director", "Steven Spielberg"], ["created_at", "2020-03-10 04:06:15.707311"], ["updated_at", "2020-03-10 04:06:15.707311"]]
  [1m[35m (0.0ms)[0m  RELEASE SAVEPOINT active_record_1
  [1m[36m (0.0ms)[0m  [1mSAVEPOINT active_record_1[0m
  [1m[35mSQL (0.1ms)[0m  INSERT INTO "movies" ("title", "rating", "description", "release_date", "director", "created_at", "updated_at") VALUES (?, ?, ?, ?, ?, ?, ?)  [["title", "The Terminal"], ["rating", "R"], ["description", ""], ["release_date", "1994-10-14 00:00:00.000000"], ["director", "Steven Spielberg"], ["created_at", "2020-03-10 04:06:15.708853"], ["updated_at", "2020-03-10 04:06:15.708853"]]
  [1m[36m (0.0ms)[0m  [1mRELEASE SAVEPOINT active_record_1[0m
  [1m[35m (0.0ms)[0m  SAVEPOINT active_record_1
  [1m[36mSQL (0.1ms)[0m  [1mINSERT INTO "movies" ("title", "rating", "description", "release_date", "director", "created_at", "updated_at") VALUES (?, ?, ?, ?, ?, ?, ?)[0m  [["title", "The Shawshank Redemption"], ["rating", "R"], ["description", ""], ["release_date", "1994-10-14 00:00:00.000000"], ["director", ""], ["created_at", "2020-03-10 04:06:15.710179"], ["updated_at", "2020-03-10 04:06:15.710179"]]
  [1m[35m (0.0ms)[0m  RELEASE SAVEPOINT active_record_1
  [1m[36m (0.2ms)[0m  [1mrollback transaction[0m
  [1m[35m (0.0ms)[0m  begin transaction
  [1m[36m (0.0ms)[0m  [1mSAVEPOINT active_record_1[0m
  [1m[35mSQL (0.1ms)[0m  INSERT INTO "movies" ("title", "rating", "description", "release_date", "director", "created_at", "updated_at") VALUES (?, ?, ?, ?, ?, ?, ?)  [["title", "The Shawshank Redemption"], ["rating", "R"], ["description", ""], ["release_date", "1994-10-14 00:00:00.000000"], ["director", "Frank Darabont"], ["created_at", "2020-03-10 04:06:15.713622"], ["updated_at", "2020-03-10 04:06:15.713622"]]
  [1m[36m (0.0ms)[0m  [1mRELEASE SAVEPOINT active_record_1[0m
  [1m[35m (0.0ms)[0m  SAVEPOINT active_record_1
  [1m[36mSQL (0.1ms)[0m  [1mINSERT INTO "movies" ("title", "rating", "description", "release_date", "director", "created_at", "updated_at") VALUES (?, ?, ?, ?, ?, ?, ?)[0m  [["title", "Ready Player One"], ["rating", "R"], ["description", ""], ["release_date", "1994-10-14 00:00:00.000000"], ["director", "Steven Spielberg"], ["created_at", "2020-03-10 04:06:15.715066"], ["updated_at", "2020-03-10 04:06:15.715066"]]
  [1m[35m (0.0ms)[0m  RELEASE SAVEPOINT active_record_1
  [1m[36m (0.0ms)[0m  [1mSAVEPOINT active_record_1[0m
  [1m[35mSQL (0.1ms)[0m  INSERT INTO "movies" ("title", "rating", "description", "release_date", "director", "created_at", "updated_at") VALUES (?, ?, ?, ?, ?, ?, ?)  [["title", "The Terminal"], ["rating", "R"], ["description", ""], ["release_date", "1994-10-14 00:00:00.000000"], ["director", "Steven Spielberg"], ["created_at", "2020-03-10 04:06:15.716470"], ["updated_at", "2020-03-10 04:06:15.716470"]]
  [1m[36m (0.0ms)[0m  [1mRELEASE SAVEPOINT active_record_1[0m
  [1m[35m (0.0ms)[0m  SAVEPOINT active_record_1
  [1m[36mSQL (0.1ms)[0m  [1mINSERT INTO "movies" ("title", "rating", "description", "release_date", "director", "created_at", "updated_at") VALUES (?, ?, ?, ?, ?, ?, ?)[0m  [["title", "The Shawshank Redemption"], ["rating", "R"], ["description", ""], ["release_date", "1994-10-14 00:00:00.000000"], ["director", ""], ["created_at", "2020-03-10 04:06:15.717778"], ["updated_at", "2020-03-10 04:06:15.717778"]]
  [1m[35m (0.1ms)[0m  RELEASE SAVEPOINT active_record_1
  [1m[36m (0.1ms)[0m  [1mrollback transaction[0m
  [1m[36mActiveRecord::SchemaMigration Load (0.1ms)[0m  [1mSELECT "schema_migrations".* FROM "schema_migrations"[0m
  [1m[35m (0.1ms)[0m  begin transaction
  [1m[36m (0.1ms)[0m  [1mSAVEPOINT active_record_1[0m
  [1m[35mSQL (0.4ms)[0m  INSERT INTO "movies" ("title", "rating", "description", "release_date", "director", "created_at", "updated_at") VALUES (?, ?, ?, ?, ?, ?, ?)  [["title", "The Shawshank Redemption"], ["rating", "R"], ["description", ""], ["release_date", "1994-10-14 00:00:00.000000"], ["director", "Frank Darabont"], ["created_at", "2020-03-10 04:41:37.852282"], ["updated_at", "2020-03-10 04:41:37.852282"]]
  [1m[36m (0.0ms)[0m  [1mRELEASE SAVEPOINT active_record_1[0m
  [1m[35m (0.0ms)[0m  SAVEPOINT active_record_1
  [1m[36mSQL (0.1ms)[0m  [1mINSERT INTO "movies" ("title", "rating", "description", "release_date", "director", "created_at", "updated_at") VALUES (?, ?, ?, ?, ?, ?, ?)[0m  [["title", "Ready Player One"], ["rating", "R"], ["description", ""], ["release_date", "1994-10-14 00:00:00.000000"], ["director", "Steven Spielberg"], ["created_at", "2020-03-10 04:41:37.854496"], ["updated_at", "2020-03-10 04:41:37.854496"]]
  [1m[35m (0.0ms)[0m  RELEASE SAVEPOINT active_record_1
  [1m[36m (0.0ms)[0m  [1mSAVEPOINT active_record_1[0m
  [1m[35mSQL (0.1ms)[0m  INSERT INTO "movies" ("title", "rating", "description", "release_date", "director", "created_at", "updated_at") VALUES (?, ?, ?, ?, ?, ?, ?)  [["title", "The Terminal"], ["rating", "R"], ["description", ""], ["release_date", "1994-10-14 00:00:00.000000"], ["director", "Steven Spielberg"], ["created_at", "2020-03-10 04:41:37.855997"], ["updated_at", "2020-03-10 04:41:37.855997"]]
  [1m[36m (0.0ms)[0m  [1mRELEASE SAVEPOINT active_record_1[0m
  [1m[35m (0.1ms)[0m  rollback transaction
  [1m[36m (0.0ms)[0m  [1mbegin transaction[0m
  [1m[35m (0.0ms)[0m  SAVEPOINT active_record_1
  [1m[36mSQL (0.1ms)[0m  [1mINSERT INTO "movies" ("title", "rating", "description", "release_date", "director", "created_at", "updated_at") VALUES (?, ?, ?, ?, ?, ?, ?)[0m  [["title", "The Shawshank Redemption"], ["rating", "R"], ["description", ""], ["release_date", "1994-10-14 00:00:00.000000"], ["director", "Frank Darabont"], ["created_at", "2020-03-10 04:41:37.860407"], ["updated_at", "2020-03-10 04:41:37.860407"]]
  [1m[35m (0.0ms)[0m  RELEASE SAVEPOINT active_record_1
  [1m[36m (0.0ms)[0m  [1mSAVEPOINT active_record_1[0m
  [1m[35mSQL (0.1ms)[0m  INSERT INTO "movies" ("title", "rating", "description", "release_date", "director", "created_at", "updated_at") VALUES (?, ?, ?, ?, ?, ?, ?)  [["title", "Ready Player One"], ["rating", "R"], ["description", ""], ["release_date", "1994-10-14 00:00:00.000000"], ["director", "Steven Spielberg"], ["created_at", "2020-03-10 04:41:37.861902"], ["updated_at", "2020-03-10 04:41:37.861902"]]
  [1m[36m (0.0ms)[0m  [1mRELEASE SAVEPOINT active_record_1[0m
  [1m[35m (0.0ms)[0m  SAVEPOINT active_record_1
  [1m[36mSQL (0.1ms)[0m  [1mINSERT INTO "movies" ("title", "rating", "description", "release_date", "director", "created_at", "updated_at") VALUES (?, ?, ?, ?, ?, ?, ?)[0m  [["title", "The Terminal"], ["rating", "R"], ["description", ""], ["release_date", "1994-10-14 00:00:00.000000"], ["director", "Steven Spielberg"], ["created_at", "2020-03-10 04:41:37.863318"], ["updated_at", "2020-03-10 04:41:37.863318"]]
  [1m[35m (0.1ms)[0m  RELEASE SAVEPOINT active_record_1
  [1m[36m (0.1ms)[0m  [1mrollback transaction[0m
  [1m[35m (0.0ms)[0m  begin transaction
  [1m[36m (0.0ms)[0m  [1mSAVEPOINT active_record_1[0m
  [1m[35mSQL (0.1ms)[0m  INSERT INTO "movies" ("title", "rating", "description", "release_date", "director", "created_at", "updated_at") VALUES (?, ?, ?, ?, ?, ?, ?)  [["title", "The Shawshank Redemption"], ["rating", "R"], ["description", ""], ["release_date", "1994-10-14 00:00:00.000000"], ["director", "Frank Darabont"], ["created_at", "2020-03-10 04:41:37.866770"], ["updated_at", "2020-03-10 04:41:37.866770"]]
  [1m[36m (0.0ms)[0m  [1mRELEASE SAVEPOINT active_record_1[0m
  [1m[35m (0.0ms)[0m  SAVEPOINT active_record_1
  [1m[36mSQL (0.1ms)[0m  [1mINSERT INTO "movies" ("title", "rating", "description", "release_date", "director", "created_at", "updated_at") VALUES (?, ?, ?, ?, ?, ?, ?)[0m  [["title", "Ready Player One"], ["rating", "R"], ["description", ""], ["release_date", "1994-10-14 00:00:00.000000"], ["director", "Steven Spielberg"], ["created_at", "2020-03-10 04:41:37.868456"], ["updated_at", "2020-03-10 04:41:37.868456"]]
  [1m[35m (0.0ms)[0m  RELEASE SAVEPOINT active_record_1
  [1m[36m (0.0ms)[0m  [1mSAVEPOINT active_record_1[0m
  [1m[35mSQL (0.1ms)[0m  INSERT INTO "movies" ("title", "rating", "description", "release_date", "director", "created_at", "updated_at") VALUES (?, ?, ?, ?, ?, ?, ?)  [["title", "The Terminal"], ["rating", "R"], ["description", ""], ["release_date", "1994-10-14 00:00:00.000000"], ["director", "Steven Spielberg"], ["created_at", "2020-03-10 04:41:37.869882"], ["updated_at", "2020-03-10 04:41:37.869882"]]
  [1m[36m (0.0ms)[0m  [1mRELEASE SAVEPOINT active_record_1[0m
  [1m[35m (0.0ms)[0m  SAVEPOINT active_record_1
  [1m[36mSQL (0.1ms)[0m  [1mINSERT INTO "movies" ("title", "rating", "description", "release_date", "director", "created_at", "updated_at") VALUES (?, ?, ?, ?, ?, ?, ?)[0m  [["title", "The Shawshank Redemption"], ["rating", "R"], ["description", ""], ["release_date", "1994-10-14 00:00:00.000000"], ["director", ""], ["created_at", "2020-03-10 04:41:37.871267"], ["updated_at", "2020-03-10 04:41:37.871267"]]
  [1m[35m (0.0ms)[0m  RELEASE SAVEPOINT active_record_1
  [1m[36m (0.2ms)[0m  [1mrollback transaction[0m
  [1m[35m (0.0ms)[0m  begin transaction
  [1m[36m (0.0ms)[0m  [1mSAVEPOINT active_record_1[0m
  [1m[35mSQL (0.1ms)[0m  INSERT INTO "movies" ("title", "rating", "description", "release_date", "director", "created_at", "updated_at") VALUES (?, ?, ?, ?, ?, ?, ?)  [["title", "The Shawshank Redemption"], ["rating", "R"], ["description", ""], ["release_date", "1994-10-14 00:00:00.000000"], ["director", "Frank Darabont"], ["created_at", "2020-03-10 04:41:37.874908"], ["updated_at", "2020-03-10 04:41:37.874908"]]
  [1m[36m (0.0ms)[0m  [1mRELEASE SAVEPOINT active_record_1[0m
  [1m[35m (0.0ms)[0m  SAVEPOINT active_record_1
  [1m[36mSQL (0.1ms)[0m  [1mINSERT INTO "movies" ("title", "rating", "description", "release_date", "director", "created_at", "updated_at") VALUES (?, ?, ?, ?, ?, ?, ?)[0m  [["title", "Ready Player One"], ["rating", "R"], ["description", ""], ["release_date", "1994-10-14 00:00:00.000000"], ["director", "Steven Spielberg"], ["created_at", "2020-03-10 04:41:37.876461"], ["updated_at", "2020-03-10 04:41:37.876461"]]
  [1m[35m (0.0ms)[0m  RELEASE SAVEPOINT active_record_1
  [1m[36m (0.0ms)[0m  [1mSAVEPOINT active_record_1[0m
  [1m[35mSQL (0.1ms)[0m  INSERT INTO "movies" ("title", "rating", "description", "release_date", "director", "created_at", "updated_at") VALUES (?, ?, ?, ?, ?, ?, ?)  [["title", "The Terminal"], ["rating", "R"], ["description", ""], ["release_date", "1994-10-14 00:00:00.000000"], ["director", "Steven Spielberg"], ["created_at", "2020-03-10 04:41:37.877894"], ["updated_at", "2020-03-10 04:41:37.877894"]]
  [1m[36m (0.0ms)[0m  [1mRELEASE SAVEPOINT active_record_1[0m
  [1m[35m (0.0ms)[0m  SAVEPOINT active_record_1
  [1m[36mSQL (0.1ms)[0m  [1mINSERT INTO "movies" ("title", "rating", "description", "release_date", "director", "created_at", "updated_at") VALUES (?, ?, ?, ?, ?, ?, ?)[0m  [["title", "The Shawshank Redemption"], ["rating", "R"], ["description", ""], ["release_date", "1994-10-14 00:00:00.000000"], ["director", ""], ["created_at", "2020-03-10 04:41:37.879279"], ["updated_at", "2020-03-10 04:41:37.879279"]]
  [1m[35m (0.0ms)[0m  RELEASE SAVEPOINT active_record_1
  [1m[36m (0.1ms)[0m  [1mrollback transaction[0m
  [1m[36mActiveRecord::SchemaMigration Load (0.1ms)[0m  [1mSELECT "schema_migrations".* FROM "schema_migrations"[0m
  [1m[35m (0.1ms)[0m  begin transaction
  [1m[36m (0.1ms)[0m  [1mSAVEPOINT active_record_1[0m
  [1m[35mSQL (0.4ms)[0m  INSERT INTO "movies" ("title", "rating", "description", "release_date", "director", "created_at", "updated_at") VALUES (?, ?, ?, ?, ?, ?, ?)  [["title", "The Shawshank Redemption"], ["rating", "R"], ["description", ""], ["release_date", "1994-10-14 00:00:00.000000"], ["director", "Frank Darabont"], ["created_at", "2020-03-10 04:47:10.481481"], ["updated_at", "2020-03-10 04:47:10.481481"]]
  [1m[36m (0.0ms)[0m  [1mRELEASE SAVEPOINT active_record_1[0m
  [1m[35m (0.0ms)[0m  SAVEPOINT active_record_1
  [1m[36mSQL (0.1ms)[0m  [1mINSERT INTO "movies" ("title", "rating", "description", "release_date", "director", "created_at", "updated_at") VALUES (?, ?, ?, ?, ?, ?, ?)[0m  [["title", "Ready Player One"], ["rating", "R"], ["description", ""], ["release_date", "1994-10-14 00:00:00.000000"], ["director", "Steven Spielberg"], ["created_at", "2020-03-10 04:47:10.483701"], ["updated_at", "2020-03-10 04:47:10.483701"]]
  [1m[35m (0.0ms)[0m  RELEASE SAVEPOINT active_record_1
  [1m[36m (0.0ms)[0m  [1mSAVEPOINT active_record_1[0m
  [1m[35mSQL (0.1ms)[0m  INSERT INTO "movies" ("title", "rating", "description", "release_date", "director", "created_at", "updated_at") VALUES (?, ?, ?, ?, ?, ?, ?)  [["title", "The Terminal"], ["rating", "R"], ["description", ""], ["release_date", "1994-10-14 00:00:00.000000"], ["director", "Steven Spielberg"], ["created_at", "2020-03-10 04:47:10.485164"], ["updated_at", "2020-03-10 04:47:10.485164"]]
  [1m[36m (0.1ms)[0m  [1mRELEASE SAVEPOINT active_record_1[0m
  [1m[35m (0.1ms)[0m  rollback transaction
  [1m[36m (0.0ms)[0m  [1mbegin transaction[0m
  [1m[35m (0.0ms)[0m  SAVEPOINT active_record_1
  [1m[36mSQL (0.1ms)[0m  [1mINSERT INTO "movies" ("title", "rating", "description", "release_date", "director", "created_at", "updated_at") VALUES (?, ?, ?, ?, ?, ?, ?)[0m  [["title", "The Shawshank Redemption"], ["rating", "R"], ["description", ""], ["release_date", "1994-10-14 00:00:00.000000"], ["director", "Frank Darabont"], ["created_at", "2020-03-10 04:47:10.489277"], ["updated_at", "2020-03-10 04:47:10.489277"]]
  [1m[35m (0.0ms)[0m  RELEASE SAVEPOINT active_record_1
  [1m[36m (0.0ms)[0m  [1mSAVEPOINT active_record_1[0m
  [1m[35mSQL (0.1ms)[0m  INSERT INTO "movies" ("title", "rating", "description", "release_date", "director", "created_at", "updated_at") VALUES (?, ?, ?, ?, ?, ?, ?)  [["title", "Ready Player One"], ["rating", "R"], ["description", ""], ["release_date", "1994-10-14 00:00:00.000000"], ["director", "Steven Spielberg"], ["created_at", "2020-03-10 04:47:10.490775"], ["updated_at", "2020-03-10 04:47:10.490775"]]
  [1m[36m (0.0ms)[0m  [1mRELEASE SAVEPOINT active_record_1[0m
  [1m[35m (0.0ms)[0m  SAVEPOINT active_record_1
  [1m[36mSQL (0.1ms)[0m  [1mINSERT INTO "movies" ("title", "rating", "description", "release_date", "director", "created_at", "updated_at") VALUES (?, ?, ?, ?, ?, ?, ?)[0m  [["title", "The Terminal"], ["rating", "R"], ["description", ""], ["release_date", "1994-10-14 00:00:00.000000"], ["director", "Steven Spielberg"], ["created_at", "2020-03-10 04:47:10.492265"], ["updated_at", "2020-03-10 04:47:10.492265"]]
  [1m[35m (0.1ms)[0m  RELEASE SAVEPOINT active_record_1
  [1m[36m (0.1ms)[0m  [1mrollback transaction[0m
  [1m[35m (0.0ms)[0m  begin transaction
  [1m[36m (0.0ms)[0m  [1mSAVEPOINT active_record_1[0m
  [1m[35mSQL (0.1ms)[0m  INSERT INTO "movies" ("title", "rating", "description", "release_date", "director", "created_at", "updated_at") VALUES (?, ?, ?, ?, ?, ?, ?)  [["title", "The Shawshank Redemption"], ["rating", "R"], ["description", ""], ["release_date", "1994-10-14 00:00:00.000000"], ["director", "Frank Darabont"], ["created_at", "2020-03-10 04:47:10.495772"], ["updated_at", "2020-03-10 04:47:10.495772"]]
  [1m[36m (0.0ms)[0m  [1mRELEASE SAVEPOINT active_record_1[0m
  [1m[35m (0.1ms)[0m  SAVEPOINT active_record_1
  [1m[36mSQL (0.2ms)[0m  [1mINSERT INTO "movies" ("title", "rating", "description", "release_date", "director", "created_at", "updated_at") VALUES (?, ?, ?, ?, ?, ?, ?)[0m  [["title", "Ready Player One"], ["rating", "R"], ["description", ""], ["release_date", "1994-10-14 00:00:00.000000"], ["director", "Steven Spielberg"], ["created_at", "2020-03-10 04:47:10.497269"], ["updated_at", "2020-03-10 04:47:10.497269"]]
  [1m[35m (0.0ms)[0m  RELEASE SAVEPOINT active_record_1
  [1m[36m (0.0ms)[0m  [1mSAVEPOINT active_record_1[0m
  [1m[35mSQL (0.1ms)[0m  INSERT INTO "movies" ("title", "rating", "description", "release_date", "director", "created_at", "updated_at") VALUES (?, ?, ?, ?, ?, ?, ?)  [["title", "The Terminal"], ["rating", "R"], ["description", ""], ["release_date", "1994-10-14 00:00:00.000000"], ["director", "Steven Spielberg"], ["created_at", "2020-03-10 04:47:10.498846"], ["updated_at", "2020-03-10 04:47:10.498846"]]
  [1m[36m (0.1ms)[0m  [1mRELEASE SAVEPOINT active_record_1[0m
  [1m[35m (0.0ms)[0m  SAVEPOINT active_record_1
  [1m[36mSQL (0.1ms)[0m  [1mINSERT INTO "movies" ("title", "rating", "description", "release_date", "director", "created_at", "updated_at") VALUES (?, ?, ?, ?, ?, ?, ?)[0m  [["title", "The Shawshank Redemption"], ["rating", "R"], ["description", ""], ["release_date", "1994-10-14 00:00:00.000000"], ["director", ""], ["created_at", "2020-03-10 04:47:10.500272"], ["updated_at", "2020-03-10 04:47:10.500272"]]
  [1m[35m (0.0ms)[0m  RELEASE SAVEPOINT active_record_1
  [1m[36m (0.2ms)[0m  [1mrollback transaction[0m
  [1m[35m (0.0ms)[0m  begin transaction
  [1m[36m (0.1ms)[0m  [1mSAVEPOINT active_record_1[0m
  [1m[35mSQL (0.1ms)[0m  INSERT INTO "movies" ("title", "rating", "description", "release_date", "director", "created_at", "updated_at") VALUES (?, ?, ?, ?, ?, ?, ?)  [["title", "The Shawshank Redemption"], ["rating", "R"], ["description", ""], ["release_date", "1994-10-14 00:00:00.000000"], ["director", "Frank Darabont"], ["created_at", "2020-03-10 04:47:10.503957"], ["updated_at", "2020-03-10 04:47:10.503957"]]
  [1m[36m (0.0ms)[0m  [1mRELEASE SAVEPOINT active_record_1[0m
  [1m[35m (0.0ms)[0m  SAVEPOINT active_record_1
  [1m[36mSQL (0.1ms)[0m  [1mINSERT INTO "movies" ("title", "rating", "description", "release_date", "director", "created_at", "updated_at") VALUES (?, ?, ?, ?, ?, ?, ?)[0m  [["title", "Ready Player One"], ["rating", "R"], ["description", ""], ["release_date", "1994-10-14 00:00:00.000000"], ["director", "Steven Spielberg"], ["created_at", "2020-03-10 04:47:10.505474"], ["updated_at", "2020-03-10 04:47:10.505474"]]
  [1m[35m (0.0ms)[0m  RELEASE SAVEPOINT active_record_1
  [1m[36m (0.0ms)[0m  [1mSAVEPOINT active_record_1[0m
  [1m[35mSQL (0.1ms)[0m  INSERT INTO "movies" ("title", "rating", "description", "release_date", "director", "created_at", "updated_at") VALUES (?, ?, ?, ?, ?, ?, ?)  [["title", "The Terminal"], ["rating", "R"], ["description", ""], ["release_date", "1994-10-14 00:00:00.000000"], ["director", "Steven Spielberg"], ["created_at", "2020-03-10 04:47:10.506939"], ["updated_at", "2020-03-10 04:47:10.506939"]]
  [1m[36m (0.0ms)[0m  [1mRELEASE SAVEPOINT active_record_1[0m
  [1m[35m (0.0ms)[0m  SAVEPOINT active_record_1
  [1m[36mSQL (0.1ms)[0m  [1mINSERT INTO "movies" ("title", "rating", "description", "release_date", "director", "created_at", "updated_at") VALUES (?, ?, ?, ?, ?, ?, ?)[0m  [["title", "The Shawshank Redemption"], ["rating", "R"], ["description", ""], ["release_date", "1994-10-14 00:00:00.000000"], ["director", ""], ["created_at", "2020-03-10 04:47:10.508389"], ["updated_at", "2020-03-10 04:47:10.508389"]]
  [1m[35m (0.0ms)[0m  RELEASE SAVEPOINT active_record_1
  [1m[36m (0.1ms)[0m  [1mrollback transaction[0m
  [1m[36mActiveRecord::SchemaMigration Load (0.1ms)[0m  [1mSELECT "schema_migrations".* FROM "schema_migrations"[0m
  [1m[35m (0.1ms)[0m  begin transaction
  [1m[36m (0.1ms)[0m  [1mSAVEPOINT active_record_1[0m
  [1m[35mSQL (0.4ms)[0m  INSERT INTO "movies" ("title", "rating", "description", "release_date", "director", "created_at", "updated_at") VALUES (?, ?, ?, ?, ?, ?, ?)  [["title", "The Shawshank Redemption"], ["rating", "R"], ["description", ""], ["release_date", "1994-10-14 00:00:00.000000"], ["director", "Frank Darabont"], ["created_at", "2020-03-10 04:52:03.249034"], ["updated_at", "2020-03-10 04:52:03.249034"]]
  [1m[36m (0.0ms)[0m  [1mRELEASE SAVEPOINT active_record_1[0m
  [1m[35m (0.0ms)[0m  SAVEPOINT active_record_1
  [1m[36mSQL (0.1ms)[0m  [1mINSERT INTO "movies" ("title", "rating", "description", "release_date", "director", "created_at", "updated_at") VALUES (?, ?, ?, ?, ?, ?, ?)[0m  [["title", "Ready Player One"], ["rating", "R"], ["description", ""], ["release_date", "1994-10-14 00:00:00.000000"], ["director", "Steven Spielberg"], ["created_at", "2020-03-10 04:52:03.251288"], ["updated_at", "2020-03-10 04:52:03.251288"]]
  [1m[35m (0.0ms)[0m  RELEASE SAVEPOINT active_record_1
  [1m[36m (0.0ms)[0m  [1mSAVEPOINT active_record_1[0m
  [1m[35mSQL (0.1ms)[0m  INSERT INTO "movies" ("title", "rating", "description", "release_date", "director", "created_at", "updated_at") VALUES (?, ?, ?, ?, ?, ?, ?)  [["title", "The Terminal"], ["rating", "R"], ["description", ""], ["release_date", "1994-10-14 00:00:00.000000"], ["director", "Steven Spielberg"], ["created_at", "2020-03-10 04:52:03.252805"], ["updated_at", "2020-03-10 04:52:03.252805"]]
  [1m[36m (0.0ms)[0m  [1mRELEASE SAVEPOINT active_record_1[0m
  [1m[35m (0.1ms)[0m  rollback transaction
  [1m[36m (0.0ms)[0m  [1mbegin transaction[0m
  [1m[35m (0.0ms)[0m  SAVEPOINT active_record_1
  [1m[36mSQL (0.1ms)[0m  [1mINSERT INTO "movies" ("title", "rating", "description", "release_date", "director", "created_at", "updated_at") VALUES (?, ?, ?, ?, ?, ?, ?)[0m  [["title", "The Shawshank Redemption"], ["rating", "R"], ["description", ""], ["release_date", "1994-10-14 00:00:00.000000"], ["director", "Frank Darabont"], ["created_at", "2020-03-10 04:52:03.257760"], ["updated_at", "2020-03-10 04:52:03.257760"]]
  [1m[35m (0.0ms)[0m  RELEASE SAVEPOINT active_record_1
  [1m[36m (0.0ms)[0m  [1mSAVEPOINT active_record_1[0m
  [1m[35mSQL (0.1ms)[0m  INSERT INTO "movies" ("title", "rating", "description", "release_date", "director", "created_at", "updated_at") VALUES (?, ?, ?, ?, ?, ?, ?)  [["title", "Ready Player One"], ["rating", "R"], ["description", ""], ["release_date", "1994-10-14 00:00:00.000000"], ["director", "Steven Spielberg"], ["created_at", "2020-03-10 04:52:03.259474"], ["updated_at", "2020-03-10 04:52:03.259474"]]
  [1m[36m (0.0ms)[0m  [1mRELEASE SAVEPOINT active_record_1[0m
  [1m[35m (0.0ms)[0m  SAVEPOINT active_record_1
  [1m[36mSQL (0.1ms)[0m  [1mINSERT INTO "movies" ("title", "rating", "description", "release_date", "director", "created_at", "updated_at") VALUES (?, ?, ?, ?, ?, ?, ?)[0m  [["title", "The Terminal"], ["rating", "R"], ["description", ""], ["release_date", "1994-10-14 00:00:00.000000"], ["director", "Steven Spielberg"], ["created_at", "2020-03-10 04:52:03.260987"], ["updated_at", "2020-03-10 04:52:03.260987"]]
  [1m[35m (0.0ms)[0m  RELEASE SAVEPOINT active_record_1
  [1m[36m (0.1ms)[0m  [1mrollback transaction[0m
  [1m[35m (0.1ms)[0m  begin transaction
  [1m[36m (0.0ms)[0m  [1mSAVEPOINT active_record_1[0m
  [1m[35mSQL (0.3ms)[0m  INSERT INTO "movies" ("title", "rating", "description", "release_date", "director", "created_at", "updated_at") VALUES (?, ?, ?, ?, ?, ?, ?)  [["title", "The Shawshank Redemption"], ["rating", "R"], ["description", ""], ["release_date", "1994-10-14 00:00:00.000000"], ["director", "Frank Darabont"], ["created_at", "2020-03-10 04:52:03.266191"], ["updated_at", "2020-03-10 04:52:03.266191"]]
  [1m[36m (0.1ms)[0m  [1mRELEASE SAVEPOINT active_record_1[0m
  [1m[35m (0.0ms)[0m  SAVEPOINT active_record_1
  [1m[36mSQL (0.1ms)[0m  [1mINSERT INTO "movies" ("title", "rating", "description", "release_date", "director", "created_at", "updated_at") VALUES (?, ?, ?, ?, ?, ?, ?)[0m  [["title", "Ready Player One"], ["rating", "R"], ["description", ""], ["release_date", "1994-10-14 00:00:00.000000"], ["director", "Steven Spielberg"], ["created_at", "2020-03-10 04:52:03.267997"], ["updated_at", "2020-03-10 04:52:03.267997"]]
  [1m[35m (0.0ms)[0m  RELEASE SAVEPOINT active_record_1
  [1m[36m (0.0ms)[0m  [1mSAVEPOINT active_record_1[0m
  [1m[35mSQL (0.1ms)[0m  INSERT INTO "movies" ("title", "rating", "description", "release_date", "director", "created_at", "updated_at") VALUES (?, ?, ?, ?, ?, ?, ?)  [["title", "The Terminal"], ["rating", "R"], ["description", ""], ["release_date", "1994-10-14 00:00:00.000000"], ["director", "Steven Spielberg"], ["created_at", "2020-03-10 04:52:03.269451"], ["updated_at", "2020-03-10 04:52:03.269451"]]
  [1m[36m (0.0ms)[0m  [1mRELEASE SAVEPOINT active_record_1[0m
  [1m[35m (0.0ms)[0m  SAVEPOINT active_record_1
  [1m[36mSQL (0.1ms)[0m  [1mINSERT INTO "movies" ("title", "rating", "description", "release_date", "director", "created_at", "updated_at") VALUES (?, ?, ?, ?, ?, ?, ?)[0m  [["title", "The Shawshank Redemption"], ["rating", "R"], ["description", ""], ["release_date", "1994-10-14 00:00:00.000000"], ["director", ""], ["created_at", "2020-03-10 04:52:03.270892"], ["updated_at", "2020-03-10 04:52:03.270892"]]
  [1m[35m (0.0ms)[0m  RELEASE SAVEPOINT active_record_1
  [1m[36m (0.1ms)[0m  [1mrollback transaction[0m
  [1m[35m (0.0ms)[0m  begin transaction
  [1m[36m (0.0ms)[0m  [1mSAVEPOINT active_record_1[0m
  [1m[35mSQL (0.2ms)[0m  INSERT INTO "movies" ("title", "rating", "description", "release_date", "director", "created_at", "updated_at") VALUES (?, ?, ?, ?, ?, ?, ?)  [["title", "The Shawshank Redemption"], ["rating", "R"], ["description", ""], ["release_date", "1994-10-14 00:00:00.000000"], ["director", "Frank Darabont"], ["created_at", "2020-03-10 04:52:03.275365"], ["updated_at", "2020-03-10 04:52:03.275365"]]
  [1m[36m (0.0ms)[0m  [1mRELEASE SAVEPOINT active_record_1[0m
  [1m[35m (0.0ms)[0m  SAVEPOINT active_record_1
  [1m[36mSQL (0.1ms)[0m  [1mINSERT INTO "movies" ("title", "rating", "description", "release_date", "director", "created_at", "updated_at") VALUES (?, ?, ?, ?, ?, ?, ?)[0m  [["title", "Ready Player One"], ["rating", "R"], ["description", ""], ["release_date", "1994-10-14 00:00:00.000000"], ["director", "Steven Spielberg"], ["created_at", "2020-03-10 04:52:03.277084"], ["updated_at", "2020-03-10 04:52:03.277084"]]
  [1m[35m (0.0ms)[0m  RELEASE SAVEPOINT active_record_1
  [1m[36m (0.0ms)[0m  [1mSAVEPOINT active_record_1[0m
  [1m[35mSQL (0.1ms)[0m  INSERT INTO "movies" ("title", "rating", "description", "release_date", "director", "created_at", "updated_at") VALUES (?, ?, ?, ?, ?, ?, ?)  [["title", "The Terminal"], ["rating", "R"], ["description", ""], ["release_date", "1994-10-14 00:00:00.000000"], ["director", "Steven Spielberg"], ["created_at", "2020-03-10 04:52:03.278605"], ["updated_at", "2020-03-10 04:52:03.278605"]]
  [1m[36m (0.1ms)[0m  [1mRELEASE SAVEPOINT active_record_1[0m
  [1m[35m (0.0ms)[0m  SAVEPOINT active_record_1
  [1m[36mSQL (0.1ms)[0m  [1mINSERT INTO "movies" ("title", "rating", "description", "release_date", "director", "created_at", "updated_at") VALUES (?, ?, ?, ?, ?, ?, ?)[0m  [["title", "The Shawshank Redemption"], ["rating", "R"], ["description", ""], ["release_date", "1994-10-14 00:00:00.000000"], ["director", ""], ["created_at", "2020-03-10 04:52:03.280068"], ["updated_at", "2020-03-10 04:52:03.280068"]]
  [1m[35m (0.0ms)[0m  RELEASE SAVEPOINT active_record_1
  [1m[36m (0.1ms)[0m  [1mrollback transaction[0m
  [1m[36mActiveRecord::SchemaMigration Load (0.1ms)[0m  [1mSELECT "schema_migrations".* FROM "schema_migrations"[0m
  [1m[35m (0.1ms)[0m  begin transaction
  [1m[36m (0.0ms)[0m  [1mSAVEPOINT active_record_1[0m
  [1m[35mSQL (0.4ms)[0m  INSERT INTO "movies" ("title", "rating", "description", "release_date", "director", "created_at", "updated_at") VALUES (?, ?, ?, ?, ?, ?, ?)  [["title", "The Shawshank Redemption"], ["rating", "R"], ["description", ""], ["release_date", "1994-10-14 00:00:00.000000"], ["director", "Frank Darabont"], ["created_at", "2020-03-10 04:52:19.724107"], ["updated_at", "2020-03-10 04:52:19.724107"]]
  [1m[36m (0.0ms)[0m  [1mRELEASE SAVEPOINT active_record_1[0m
  [1m[35m (0.0ms)[0m  SAVEPOINT active_record_1
  [1m[36mSQL (0.1ms)[0m  [1mINSERT INTO "movies" ("title", "rating", "description", "release_date", "director", "created_at", "updated_at") VALUES (?, ?, ?, ?, ?, ?, ?)[0m  [["title", "Ready Player One"], ["rating", "R"], ["description", ""], ["release_date", "1994-10-14 00:00:00.000000"], ["director", "Steven Spielberg"], ["created_at", "2020-03-10 04:52:19.726295"], ["updated_at", "2020-03-10 04:52:19.726295"]]
  [1m[35m (0.0ms)[0m  RELEASE SAVEPOINT active_record_1
  [1m[36m (0.1ms)[0m  [1mSAVEPOINT active_record_1[0m
  [1m[35mSQL (0.1ms)[0m  INSERT INTO "movies" ("title", "rating", "description", "release_date", "director", "created_at", "updated_at") VALUES (?, ?, ?, ?, ?, ?, ?)  [["title", "The Terminal"], ["rating", "R"], ["description", ""], ["release_date", "1994-10-14 00:00:00.000000"], ["director", "Steven Spielberg"], ["created_at", "2020-03-10 04:52:19.727799"], ["updated_at", "2020-03-10 04:52:19.727799"]]
  [1m[36m (0.0ms)[0m  [1mRELEASE SAVEPOINT active_record_1[0m
  [1m[35m (0.1ms)[0m  rollback transaction
  [1m[36m (0.0ms)[0m  [1mbegin transaction[0m
  [1m[35m (0.1ms)[0m  SAVEPOINT active_record_1
  [1m[36mSQL (0.1ms)[0m  [1mINSERT INTO "movies" ("title", "rating", "description", "release_date", "director", "created_at", "updated_at") VALUES (?, ?, ?, ?, ?, ?, ?)[0m  [["title", "The Shawshank Redemption"], ["rating", "R"], ["description", ""], ["release_date", "1994-10-14 00:00:00.000000"], ["director", "Frank Darabont"], ["created_at", "2020-03-10 04:52:19.732190"], ["updated_at", "2020-03-10 04:52:19.732190"]]
  [1m[35m (0.0ms)[0m  RELEASE SAVEPOINT active_record_1
  [1m[36m (0.0ms)[0m  [1mSAVEPOINT active_record_1[0m
  [1m[35mSQL (0.1ms)[0m  INSERT INTO "movies" ("title", "rating", "description", "release_date", "director", "created_at", "updated_at") VALUES (?, ?, ?, ?, ?, ?, ?)  [["title", "Ready Player One"], ["rating", "R"], ["description", ""], ["release_date", "1994-10-14 00:00:00.000000"], ["director", "Steven Spielberg"], ["created_at", "2020-03-10 04:52:19.733743"], ["updated_at", "2020-03-10 04:52:19.733743"]]
  [1m[36m (0.0ms)[0m  [1mRELEASE SAVEPOINT active_record_1[0m
  [1m[35m (0.0ms)[0m  SAVEPOINT active_record_1
  [1m[36mSQL (0.1ms)[0m  [1mINSERT INTO "movies" ("title", "rating", "description", "release_date", "director", "created_at", "updated_at") VALUES (?, ?, ?, ?, ?, ?, ?)[0m  [["title", "The Terminal"], ["rating", "R"], ["description", ""], ["release_date", "1994-10-14 00:00:00.000000"], ["director", "Steven Spielberg"], ["created_at", "2020-03-10 04:52:19.735183"], ["updated_at", "2020-03-10 04:52:19.735183"]]
  [1m[35m (0.0ms)[0m  RELEASE SAVEPOINT active_record_1
  [1m[36m (0.1ms)[0m  [1mrollback transaction[0m
  [1m[35m (0.0ms)[0m  begin transaction
  [1m[36m (0.0ms)[0m  [1mSAVEPOINT active_record_1[0m
  [1m[35mSQL (0.1ms)[0m  INSERT INTO "movies" ("title", "rating", "description", "release_date", "director", "created_at", "updated_at") VALUES (?, ?, ?, ?, ?, ?, ?)  [["title", "The Shawshank Redemption"], ["rating", "R"], ["description", ""], ["release_date", "1994-10-14 00:00:00.000000"], ["director", "Frank Darabont"], ["created_at", "2020-03-10 04:52:19.738801"], ["updated_at", "2020-03-10 04:52:19.738801"]]
  [1m[36m (0.0ms)[0m  [1mRELEASE SAVEPOINT active_record_1[0m
  [1m[35m (0.0ms)[0m  SAVEPOINT active_record_1
  [1m[36mSQL (0.1ms)[0m  [1mINSERT INTO "movies" ("title", "rating", "description", "release_date", "director", "created_at", "updated_at") VALUES (?, ?, ?, ?, ?, ?, ?)[0m  [["title", "Ready Player One"], ["rating", "R"], ["description", ""], ["release_date", "1994-10-14 00:00:00.000000"], ["director", "Steven Spielberg"], ["created_at", "2020-03-10 04:52:19.740475"], ["updated_at", "2020-03-10 04:52:19.740475"]]
  [1m[35m (0.1ms)[0m  RELEASE SAVEPOINT active_record_1
  [1m[36m (0.0ms)[0m  [1mSAVEPOINT active_record_1[0m
  [1m[35mSQL (0.1ms)[0m  INSERT INTO "movies" ("title", "rating", "description", "release_date", "director", "created_at", "updated_at") VALUES (?, ?, ?, ?, ?, ?, ?)  [["title", "The Terminal"], ["rating", "R"], ["description", ""], ["release_date", "1994-10-14 00:00:00.000000"], ["director", "Steven Spielberg"], ["created_at", "2020-03-10 04:52:19.741949"], ["updated_at", "2020-03-10 04:52:19.741949"]]
  [1m[36m (0.0ms)[0m  [1mRELEASE SAVEPOINT active_record_1[0m
  [1m[35m (0.0ms)[0m  SAVEPOINT active_record_1
  [1m[36mSQL (0.1ms)[0m  [1mINSERT INTO "movies" ("title", "rating", "description", "release_date", "director", "created_at", "updated_at") VALUES (?, ?, ?, ?, ?, ?, ?)[0m  [["title", "The Shawshank Redemption"], ["rating", "R"], ["description", ""], ["release_date", "1994-10-14 00:00:00.000000"], ["director", ""], ["created_at", "2020-03-10 04:52:19.743368"], ["updated_at", "2020-03-10 04:52:19.743368"]]
  [1m[35m (0.0ms)[0m  RELEASE SAVEPOINT active_record_1
  [1m[36m (0.2ms)[0m  [1mrollback transaction[0m
  [1m[35m (0.0ms)[0m  begin transaction
  [1m[36m (0.0ms)[0m  [1mSAVEPOINT active_record_1[0m
  [1m[35mSQL (0.1ms)[0m  INSERT INTO "movies" ("title", "rating", "description", "release_date", "director", "created_at", "updated_at") VALUES (?, ?, ?, ?, ?, ?, ?)  [["title", "The Shawshank Redemption"], ["rating", "R"], ["description", ""], ["release_date", "1994-10-14 00:00:00.000000"], ["director", "Frank Darabont"], ["created_at", "2020-03-10 04:52:19.746878"], ["updated_at", "2020-03-10 04:52:19.746878"]]
  [1m[36m (0.1ms)[0m  [1mRELEASE SAVEPOINT active_record_1[0m
  [1m[35m (0.0ms)[0m  SAVEPOINT active_record_1
  [1m[36mSQL (0.1ms)[0m  [1mINSERT INTO "movies" ("title", "rating", "description", "release_date", "director", "created_at", "updated_at") VALUES (?, ?, ?, ?, ?, ?, ?)[0m  [["title", "Ready Player One"], ["rating", "R"], ["description", ""], ["release_date", "1994-10-14 00:00:00.000000"], ["director", "Steven Spielberg"], ["created_at", "2020-03-10 04:52:19.748453"], ["updated_at", "2020-03-10 04:52:19.748453"]]
  [1m[35m (0.0ms)[0m  RELEASE SAVEPOINT active_record_1
  [1m[36m (0.0ms)[0m  [1mSAVEPOINT active_record_1[0m
  [1m[35mSQL (0.1ms)[0m  INSERT INTO "movies" ("title", "rating", "description", "release_date", "director", "created_at", "updated_at") VALUES (?, ?, ?, ?, ?, ?, ?)  [["title", "The Terminal"], ["rating", "R"], ["description", ""], ["release_date", "1994-10-14 00:00:00.000000"], ["director", "Steven Spielberg"], ["created_at", "2020-03-10 04:52:19.749965"], ["updated_at", "2020-03-10 04:52:19.749965"]]
  [1m[36m (0.0ms)[0m  [1mRELEASE SAVEPOINT active_record_1[0m
  [1m[35m (0.0ms)[0m  SAVEPOINT active_record_1
  [1m[36mSQL (0.1ms)[0m  [1mINSERT INTO "movies" ("title", "rating", "description", "release_date", "director", "created_at", "updated_at") VALUES (?, ?, ?, ?, ?, ?, ?)[0m  [["title", "The Shawshank Redemption"], ["rating", "R"], ["description", ""], ["release_date", "1994-10-14 00:00:00.000000"], ["director", ""], ["created_at", "2020-03-10 04:52:19.751406"], ["updated_at", "2020-03-10 04:52:19.751406"]]
  [1m[35m (0.0ms)[0m  RELEASE SAVEPOINT active_record_1
  [1m[36m (0.1ms)[0m  [1mrollback transaction[0m
  [1m[36mActiveRecord::SchemaMigration Load (0.1ms)[0m  [1mSELECT "schema_migrations".* FROM "schema_migrations"[0m
  [1m[35m (0.1ms)[0m  begin transaction
  [1m[36m (0.0ms)[0m  [1mSAVEPOINT active_record_1[0m
  [1m[35mSQL (0.5ms)[0m  INSERT INTO "movies" ("title", "rating", "description", "release_date", "director", "created_at", "updated_at") VALUES (?, ?, ?, ?, ?, ?, ?)  [["title", "The Shawshank Redemption"], ["rating", "R"], ["description", ""], ["release_date", "1994-10-14 00:00:00.000000"], ["director", "Frank Darabont"], ["created_at", "2020-03-10 04:53:56.374387"], ["updated_at", "2020-03-10 04:53:56.374387"]]
  [1m[36m (0.0ms)[0m  [1mRELEASE SAVEPOINT active_record_1[0m
  [1m[35m (0.0ms)[0m  SAVEPOINT active_record_1
  [1m[36mSQL (0.1ms)[0m  [1mINSERT INTO "movies" ("title", "rating", "description", "release_date", "director", "created_at", "updated_at") VALUES (?, ?, ?, ?, ?, ?, ?)[0m  [["title", "Ready Player One"], ["rating", "R"], ["description", ""], ["release_date", "1994-10-14 00:00:00.000000"], ["director", "Steven Spielberg"], ["created_at", "2020-03-10 04:53:56.376659"], ["updated_at", "2020-03-10 04:53:56.376659"]]
  [1m[35m (0.0ms)[0m  RELEASE SAVEPOINT active_record_1
  [1m[36m (0.0ms)[0m  [1mSAVEPOINT active_record_1[0m
  [1m[35mSQL (0.1ms)[0m  INSERT INTO "movies" ("title", "rating", "description", "release_date", "director", "created_at", "updated_at") VALUES (?, ?, ?, ?, ?, ?, ?)  [["title", "The Terminal"], ["rating", "R"], ["description", ""], ["release_date", "1994-10-14 00:00:00.000000"], ["director", "Steven Spielberg"], ["created_at", "2020-03-10 04:53:56.378130"], ["updated_at", "2020-03-10 04:53:56.378130"]]
  [1m[36m (0.0ms)[0m  [1mRELEASE SAVEPOINT active_record_1[0m
  [1m[35m (0.1ms)[0m  rollback transaction
  [1m[36m (0.1ms)[0m  [1mbegin transaction[0m
  [1m[35m (0.0ms)[0m  SAVEPOINT active_record_1
  [1m[36mSQL (0.1ms)[0m  [1mINSERT INTO "movies" ("title", "rating", "description", "release_date", "director", "created_at", "updated_at") VALUES (?, ?, ?, ?, ?, ?, ?)[0m  [["title", "The Shawshank Redemption"], ["rating", "R"], ["description", ""], ["release_date", "1994-10-14 00:00:00.000000"], ["director", "Frank Darabont"], ["created_at", "2020-03-10 04:53:56.384049"], ["updated_at", "2020-03-10 04:53:56.384049"]]
  [1m[35m (0.0ms)[0m  RELEASE SAVEPOINT active_record_1
  [1m[36m (0.0ms)[0m  [1mSAVEPOINT active_record_1[0m
  [1m[35mSQL (0.1ms)[0m  INSERT INTO "movies" ("title", "rating", "description", "release_date", "director", "created_at", "updated_at") VALUES (?, ?, ?, ?, ?, ?, ?)  [["title", "Ready Player One"], ["rating", "R"], ["description", ""], ["release_date", "1994-10-14 00:00:00.000000"], ["director", "Steven Spielberg"], ["created_at", "2020-03-10 04:53:56.385571"], ["updated_at", "2020-03-10 04:53:56.385571"]]
  [1m[36m (0.0ms)[0m  [1mRELEASE SAVEPOINT active_record_1[0m
  [1m[35m (0.0ms)[0m  SAVEPOINT active_record_1
  [1m[36mSQL (0.1ms)[0m  [1mINSERT INTO "movies" ("title", "rating", "description", "release_date", "director", "created_at", "updated_at") VALUES (?, ?, ?, ?, ?, ?, ?)[0m  [["title", "The Terminal"], ["rating", "R"], ["description", ""], ["release_date", "1994-10-14 00:00:00.000000"], ["director", "Steven Spielberg"], ["created_at", "2020-03-10 04:53:56.387024"], ["updated_at", "2020-03-10 04:53:56.387024"]]
  [1m[35m (0.0ms)[0m  RELEASE SAVEPOINT active_record_1
  [1m[36m (0.1ms)[0m  [1mrollback transaction[0m
  [1m[35m (0.0ms)[0m  begin transaction
  [1m[36m (0.0ms)[0m  [1mSAVEPOINT active_record_1[0m
  [1m[35mSQL (0.2ms)[0m  INSERT INTO "movies" ("title", "rating", "description", "release_date", "director", "created_at", "updated_at") VALUES (?, ?, ?, ?, ?, ?, ?)  [["title", "The Shawshank Redemption"], ["rating", "R"], ["description", ""], ["release_date", "1994-10-14 00:00:00.000000"], ["director", "Frank Darabont"], ["created_at", "2020-03-10 04:53:56.392360"], ["updated_at", "2020-03-10 04:53:56.392360"]]
  [1m[36m (0.0ms)[0m  [1mRELEASE SAVEPOINT active_record_1[0m
  [1m[35m (0.0ms)[0m  SAVEPOINT active_record_1
  [1m[36mSQL (0.1ms)[0m  [1mINSERT INTO "movies" ("title", "rating", "description", "release_date", "director", "created_at", "updated_at") VALUES (?, ?, ?, ?, ?, ?, ?)[0m  [["title", "Ready Player One"], ["rating", "R"], ["description", ""], ["release_date", "1994-10-14 00:00:00.000000"], ["director", "Steven Spielberg"], ["created_at", "2020-03-10 04:53:56.393993"], ["updated_at", "2020-03-10 04:53:56.393993"]]
  [1m[35m (0.0ms)[0m  RELEASE SAVEPOINT active_record_1
  [1m[36m (0.0ms)[0m  [1mSAVEPOINT active_record_1[0m
  [1m[35mSQL (0.1ms)[0m  INSERT INTO "movies" ("title", "rating", "description", "release_date", "director", "created_at", "updated_at") VALUES (?, ?, ?, ?, ?, ?, ?)  [["title", "The Terminal"], ["rating", "R"], ["description", ""], ["release_date", "1994-10-14 00:00:00.000000"], ["director", "Steven Spielberg"], ["created_at", "2020-03-10 04:53:56.395458"], ["updated_at", "2020-03-10 04:53:56.395458"]]
  [1m[36m (0.0ms)[0m  [1mRELEASE SAVEPOINT active_record_1[0m
  [1m[35m (0.0ms)[0m  SAVEPOINT active_record_1
  [1m[36mSQL (0.1ms)[0m  [1mINSERT INTO "movies" ("title", "rating", "description", "release_date", "director", "created_at", "updated_at") VALUES (?, ?, ?, ?, ?, ?, ?)[0m  [["title", "The Shawshank Redemption"], ["rating", "R"], ["description", ""], ["release_date", "1994-10-14 00:00:00.000000"], ["director", ""], ["created_at", "2020-03-10 04:53:56.396783"], ["updated_at", "2020-03-10 04:53:56.396783"]]
  [1m[35m (0.1ms)[0m  RELEASE SAVEPOINT active_record_1
  [1m[36m (0.1ms)[0m  [1mrollback transaction[0m
  [1m[35m (0.0ms)[0m  begin transaction
  [1m[36m (0.1ms)[0m  [1mSAVEPOINT active_record_1[0m
  [1m[35mSQL (0.1ms)[0m  INSERT INTO "movies" ("title", "rating", "description", "release_date", "director", "created_at", "updated_at") VALUES (?, ?, ?, ?, ?, ?, ?)  [["title", "The Shawshank Redemption"], ["rating", "R"], ["description", ""], ["release_date", "1994-10-14 00:00:00.000000"], ["director", "Frank Darabont"], ["created_at", "2020-03-10 04:53:56.400549"], ["updated_at", "2020-03-10 04:53:56.400549"]]
  [1m[36m (0.0ms)[0m  [1mRELEASE SAVEPOINT active_record_1[0m
  [1m[35m (0.0ms)[0m  SAVEPOINT active_record_1
  [1m[36mSQL (0.1ms)[0m  [1mINSERT INTO "movies" ("title", "rating", "description", "release_date", "director", "created_at", "updated_at") VALUES (?, ?, ?, ?, ?, ?, ?)[0m  [["title", "Ready Player One"], ["rating", "R"], ["description", ""], ["release_date", "1994-10-14 00:00:00.000000"], ["director", "Steven Spielberg"], ["created_at", "2020-03-10 04:53:56.402021"], ["updated_at", "2020-03-10 04:53:56.402021"]]
  [1m[35m (0.0ms)[0m  RELEASE SAVEPOINT active_record_1
  [1m[36m (0.1ms)[0m  [1mSAVEPOINT active_record_1[0m
  [1m[35mSQL (0.1ms)[0m  INSERT INTO "movies" ("title", "rating", "description", "release_date", "director", "created_at", "updated_at") VALUES (?, ?, ?, ?, ?, ?, ?)  [["title", "The Terminal"], ["rating", "R"], ["description", ""], ["release_date", "1994-10-14 00:00:00.000000"], ["director", "Steven Spielberg"], ["created_at", "2020-03-10 04:53:56.403516"], ["updated_at", "2020-03-10 04:53:56.403516"]]
  [1m[36m (0.0ms)[0m  [1mRELEASE SAVEPOINT active_record_1[0m
  [1m[35m (0.0ms)[0m  SAVEPOINT active_record_1
  [1m[36mSQL (0.1ms)[0m  [1mINSERT INTO "movies" ("title", "rating", "description", "release_date", "director", "created_at", "updated_at") VALUES (?, ?, ?, ?, ?, ?, ?)[0m  [["title", "The Shawshank Redemption"], ["rating", "R"], ["description", ""], ["release_date", "1994-10-14 00:00:00.000000"], ["director", ""], ["created_at", "2020-03-10 04:53:56.404898"], ["updated_at", "2020-03-10 04:53:56.404898"]]
  [1m[35m (0.0ms)[0m  RELEASE SAVEPOINT active_record_1
  [1m[36m (0.1ms)[0m  [1mrollback transaction[0m
  [1m[36mActiveRecord::SchemaMigration Load (0.1ms)[0m  [1mSELECT "schema_migrations".* FROM "schema_migrations"[0m
  [1m[35m (0.1ms)[0m  begin transaction
  [1m[36m (0.1ms)[0m  [1mSAVEPOINT active_record_1[0m
  [1m[35mSQL (0.4ms)[0m  INSERT INTO "movies" ("title", "rating", "description", "release_date", "director", "created_at", "updated_at") VALUES (?, ?, ?, ?, ?, ?, ?)  [["title", "The Shawshank Redemption"], ["rating", "R"], ["description", ""], ["release_date", "1994-10-14 00:00:00.000000"], ["director", "Frank Darabont"], ["created_at", "2020-03-10 04:56:48.712272"], ["updated_at", "2020-03-10 04:56:48.712272"]]
  [1m[36m (0.0ms)[0m  [1mRELEASE SAVEPOINT active_record_1[0m
  [1m[35m (0.0ms)[0m  SAVEPOINT active_record_1
  [1m[36mSQL (0.1ms)[0m  [1mINSERT INTO "movies" ("title", "rating", "description", "release_date", "director", "created_at", "updated_at") VALUES (?, ?, ?, ?, ?, ?, ?)[0m  [["title", "Ready Player One"], ["rating", "R"], ["description", ""], ["release_date", "1994-10-14 00:00:00.000000"], ["director", "Steven Spielberg"], ["created_at", "2020-03-10 04:56:48.714453"], ["updated_at", "2020-03-10 04:56:48.714453"]]
  [1m[35m (0.0ms)[0m  RELEASE SAVEPOINT active_record_1
  [1m[36m (0.0ms)[0m  [1mSAVEPOINT active_record_1[0m
  [1m[35mSQL (0.1ms)[0m  INSERT INTO "movies" ("title", "rating", "description", "release_date", "director", "created_at", "updated_at") VALUES (?, ?, ?, ?, ?, ?, ?)  [["title", "The Terminal"], ["rating", "R"], ["description", ""], ["release_date", "1994-10-14 00:00:00.000000"], ["director", "Steven Spielberg"], ["created_at", "2020-03-10 04:56:48.715964"], ["updated_at", "2020-03-10 04:56:48.715964"]]
  [1m[36m (0.1ms)[0m  [1mRELEASE SAVEPOINT active_record_1[0m
  [1m[35m (0.1ms)[0m  rollback transaction
  [1m[36m (0.0ms)[0m  [1mbegin transaction[0m
  [1m[35m (0.0ms)[0m  SAVEPOINT active_record_1
  [1m[36mSQL (0.1ms)[0m  [1mINSERT INTO "movies" ("title", "rating", "description", "release_date", "director", "created_at", "updated_at") VALUES (?, ?, ?, ?, ?, ?, ?)[0m  [["title", "The Shawshank Redemption"], ["rating", "R"], ["description", ""], ["release_date", "1994-10-14 00:00:00.000000"], ["director", "Frank Darabont"], ["created_at", "2020-03-10 04:56:48.721597"], ["updated_at", "2020-03-10 04:56:48.721597"]]
  [1m[35m (0.0ms)[0m  RELEASE SAVEPOINT active_record_1
  [1m[36m (0.0ms)[0m  [1mSAVEPOINT active_record_1[0m
  [1m[35mSQL (0.1ms)[0m  INSERT INTO "movies" ("title", "rating", "description", "release_date", "director", "created_at", "updated_at") VALUES (?, ?, ?, ?, ?, ?, ?)  [["title", "Ready Player One"], ["rating", "R"], ["description", ""], ["release_date", "1994-10-14 00:00:00.000000"], ["director", "Steven Spielberg"], ["created_at", "2020-03-10 04:56:48.723099"], ["updated_at", "2020-03-10 04:56:48.723099"]]
  [1m[36m (0.0ms)[0m  [1mRELEASE SAVEPOINT active_record_1[0m
  [1m[35m (0.1ms)[0m  SAVEPOINT active_record_1
  [1m[36mSQL (0.1ms)[0m  [1mINSERT INTO "movies" ("title", "rating", "description", "release_date", "director", "created_at", "updated_at") VALUES (?, ?, ?, ?, ?, ?, ?)[0m  [["title", "The Terminal"], ["rating", "R"], ["description", ""], ["release_date", "1994-10-14 00:00:00.000000"], ["director", "Steven Spielberg"], ["created_at", "2020-03-10 04:56:48.724604"], ["updated_at", "2020-03-10 04:56:48.724604"]]
  [1m[35m (0.0ms)[0m  RELEASE SAVEPOINT active_record_1
  [1m[36m (0.1ms)[0m  [1mrollback transaction[0m
  [1m[35m (0.1ms)[0m  begin transaction
  [1m[36m (0.0ms)[0m  [1mSAVEPOINT active_record_1[0m
  [1m[35mSQL (0.2ms)[0m  INSERT INTO "movies" ("title", "rating", "description", "release_date", "director", "created_at", "updated_at") VALUES (?, ?, ?, ?, ?, ?, ?)  [["title", "The Shawshank Redemption"], ["rating", "R"], ["description", ""], ["release_date", "1994-10-14 00:00:00.000000"], ["director", "Frank Darabont"], ["created_at", "2020-03-10 04:56:48.729719"], ["updated_at", "2020-03-10 04:56:48.729719"]]
  [1m[36m (0.0ms)[0m  [1mRELEASE SAVEPOINT active_record_1[0m
  [1m[35m (0.1ms)[0m  SAVEPOINT active_record_1
  [1m[36mSQL (0.1ms)[0m  [1mINSERT INTO "movies" ("title", "rating", "description", "release_date", "director", "created_at", "updated_at") VALUES (?, ?, ?, ?, ?, ?, ?)[0m  [["title", "Ready Player One"], ["rating", "R"], ["description", ""], ["release_date", "1994-10-14 00:00:00.000000"], ["director", "Steven Spielberg"], ["created_at", "2020-03-10 04:56:48.731412"], ["updated_at", "2020-03-10 04:56:48.731412"]]
  [1m[35m (0.1ms)[0m  RELEASE SAVEPOINT active_record_1
  [1m[36m (0.0ms)[0m  [1mSAVEPOINT active_record_1[0m
  [1m[35mSQL (0.1ms)[0m  INSERT INTO "movies" ("title", "rating", "description", "release_date", "director", "created_at", "updated_at") VALUES (?, ?, ?, ?, ?, ?, ?)  [["title", "The Terminal"], ["rating", "R"], ["description", ""], ["release_date", "1994-10-14 00:00:00.000000"], ["director", "Steven Spielberg"], ["created_at", "2020-03-10 04:56:48.732910"], ["updated_at", "2020-03-10 04:56:48.732910"]]
  [1m[36m (0.1ms)[0m  [1mRELEASE SAVEPOINT active_record_1[0m
  [1m[35m (0.0ms)[0m  SAVEPOINT active_record_1
  [1m[36mSQL (0.1ms)[0m  [1mINSERT INTO "movies" ("title", "rating", "description", "release_date", "director", "created_at", "updated_at") VALUES (?, ?, ?, ?, ?, ?, ?)[0m  [["title", "The Shawshank Redemption"], ["rating", "R"], ["description", ""], ["release_date", "1994-10-14 00:00:00.000000"], ["director", ""], ["created_at", "2020-03-10 04:56:48.734369"], ["updated_at", "2020-03-10 04:56:48.734369"]]
  [1m[35m (0.0ms)[0m  RELEASE SAVEPOINT active_record_1
  [1m[36m (0.1ms)[0m  [1mrollback transaction[0m
  [1m[35m (0.0ms)[0m  begin transaction
  [1m[36m (0.0ms)[0m  [1mSAVEPOINT active_record_1[0m
  [1m[35mSQL (0.1ms)[0m  INSERT INTO "movies" ("title", "rating", "description", "release_date", "director", "created_at", "updated_at") VALUES (?, ?, ?, ?, ?, ?, ?)  [["title", "The Shawshank Redemption"], ["rating", "R"], ["description", ""], ["release_date", "1994-10-14 00:00:00.000000"], ["director", "Frank Darabont"], ["created_at", "2020-03-10 04:56:48.737701"], ["updated_at", "2020-03-10 04:56:48.737701"]]
  [1m[36m (0.1ms)[0m  [1mRELEASE SAVEPOINT active_record_1[0m
  [1m[35m (0.1ms)[0m  SAVEPOINT active_record_1
  [1m[36mSQL (0.1ms)[0m  [1mINSERT INTO "movies" ("title", "rating", "description", "release_date", "director", "created_at", "updated_at") VALUES (?, ?, ?, ?, ?, ?, ?)[0m  [["title", "Ready Player One"], ["rating", "R"], ["description", ""], ["release_date", "1994-10-14 00:00:00.000000"], ["director", "Steven Spielberg"], ["created_at", "2020-03-10 04:56:48.739290"], ["updated_at", "2020-03-10 04:56:48.739290"]]
  [1m[35m (0.0ms)[0m  RELEASE SAVEPOINT active_record_1
  [1m[36m (0.0ms)[0m  [1mSAVEPOINT active_record_1[0m
  [1m[35mSQL (0.1ms)[0m  INSERT INTO "movies" ("title", "rating", "description", "release_date", "director", "created_at", "updated_at") VALUES (?, ?, ?, ?, ?, ?, ?)  [["title", "The Terminal"], ["rating", "R"], ["description", ""], ["release_date", "1994-10-14 00:00:00.000000"], ["director", "Steven Spielberg"], ["created_at", "2020-03-10 04:56:48.740846"], ["updated_at", "2020-03-10 04:56:48.740846"]]
  [1m[36m (0.0ms)[0m  [1mRELEASE SAVEPOINT active_record_1[0m
  [1m[35m (0.1ms)[0m  SAVEPOINT active_record_1
  [1m[36mSQL (0.1ms)[0m  [1mINSERT INTO "movies" ("title", "rating", "description", "release_date", "director", "created_at", "updated_at") VALUES (?, ?, ?, ?, ?, ?, ?)[0m  [["title", "The Shawshank Redemption"], ["rating", "R"], ["description", ""], ["release_date", "1994-10-14 00:00:00.000000"], ["director", ""], ["created_at", "2020-03-10 04:56:48.742287"], ["updated_at", "2020-03-10 04:56:48.742287"]]
  [1m[35m (0.0ms)[0m  RELEASE SAVEPOINT active_record_1
  [1m[36m (0.1ms)[0m  [1mrollback transaction[0m
  [1m[36mActiveRecord::SchemaMigration Load (0.1ms)[0m  [1mSELECT "schema_migrations".* FROM "schema_migrations"[0m
  [1m[35m (0.1ms)[0m  begin transaction
  [1m[36m (0.1ms)[0m  [1mSAVEPOINT active_record_1[0m
  [1m[35mSQL (0.4ms)[0m  INSERT INTO "movies" ("title", "rating", "description", "release_date", "director", "created_at", "updated_at") VALUES (?, ?, ?, ?, ?, ?, ?)  [["title", "The Shawshank Redemption"], ["rating", "R"], ["description", ""], ["release_date", "1994-10-14 00:00:00.000000"], ["director", "Frank Darabont"], ["created_at", "2020-03-10 04:57:36.361908"], ["updated_at", "2020-03-10 04:57:36.361908"]]
  [1m[36m (0.0ms)[0m  [1mRELEASE SAVEPOINT active_record_1[0m
  [1m[35m (0.0ms)[0m  SAVEPOINT active_record_1
  [1m[36mSQL (0.1ms)[0m  [1mINSERT INTO "movies" ("title", "rating", "description", "release_date", "director", "created_at", "updated_at") VALUES (?, ?, ?, ?, ?, ?, ?)[0m  [["title", "Ready Player One"], ["rating", "R"], ["description", ""], ["release_date", "1994-10-14 00:00:00.000000"], ["director", "Steven Spielberg"], ["created_at", "2020-03-10 04:57:36.364120"], ["updated_at", "2020-03-10 04:57:36.364120"]]
  [1m[35m (0.0ms)[0m  RELEASE SAVEPOINT active_record_1
  [1m[36m (0.0ms)[0m  [1mSAVEPOINT active_record_1[0m
  [1m[35mSQL (0.1ms)[0m  INSERT INTO "movies" ("title", "rating", "description", "release_date", "director", "created_at", "updated_at") VALUES (?, ?, ?, ?, ?, ?, ?)  [["title", "The Terminal"], ["rating", "R"], ["description", ""], ["release_date", "1994-10-14 00:00:00.000000"], ["director", "Steven Spielberg"], ["created_at", "2020-03-10 04:57:36.365600"], ["updated_at", "2020-03-10 04:57:36.365600"]]
  [1m[36m (0.0ms)[0m  [1mRELEASE SAVEPOINT active_record_1[0m
  [1m[35m (0.1ms)[0m  rollback transaction
  [1m[36m (0.0ms)[0m  [1mbegin transaction[0m
  [1m[35m (0.1ms)[0m  SAVEPOINT active_record_1
  [1m[36mSQL (0.1ms)[0m  [1mINSERT INTO "movies" ("title", "rating", "description", "release_date", "director", "created_at", "updated_at") VALUES (?, ?, ?, ?, ?, ?, ?)[0m  [["title", "The Shawshank Redemption"], ["rating", "R"], ["description", ""], ["release_date", "1994-10-14 00:00:00.000000"], ["director", "Frank Darabont"], ["created_at", "2020-03-10 04:57:36.369510"], ["updated_at", "2020-03-10 04:57:36.369510"]]
  [1m[35m (0.0ms)[0m  RELEASE SAVEPOINT active_record_1
  [1m[36m (0.0ms)[0m  [1mSAVEPOINT active_record_1[0m
  [1m[35mSQL (0.1ms)[0m  INSERT INTO "movies" ("title", "rating", "description", "release_date", "director", "created_at", "updated_at") VALUES (?, ?, ?, ?, ?, ?, ?)  [["title", "Ready Player One"], ["rating", "R"], ["description", ""], ["release_date", "1994-10-14 00:00:00.000000"], ["director", "Steven Spielberg"], ["created_at", "2020-03-10 04:57:36.370972"], ["updated_at", "2020-03-10 04:57:36.370972"]]
  [1m[36m (0.0ms)[0m  [1mRELEASE SAVEPOINT active_record_1[0m
  [1m[35m (0.0ms)[0m  SAVEPOINT active_record_1
  [1m[36mSQL (0.1ms)[0m  [1mINSERT INTO "movies" ("title", "rating", "description", "release_date", "director", "created_at", "updated_at") VALUES (?, ?, ?, ?, ?, ?, ?)[0m  [["title", "The Terminal"], ["rating", "R"], ["description", ""], ["release_date", "1994-10-14 00:00:00.000000"], ["director", "Steven Spielberg"], ["created_at", "2020-03-10 04:57:36.372417"], ["updated_at", "2020-03-10 04:57:36.372417"]]
  [1m[35m (0.1ms)[0m  RELEASE SAVEPOINT active_record_1
  [1m[36m (0.1ms)[0m  [1mrollback transaction[0m
  [1m[35m (0.0ms)[0m  begin transaction
  [1m[36m (0.0ms)[0m  [1mSAVEPOINT active_record_1[0m
  [1m[35mSQL (0.1ms)[0m  INSERT INTO "movies" ("title", "rating", "description", "release_date", "director", "created_at", "updated_at") VALUES (?, ?, ?, ?, ?, ?, ?)  [["title", "The Shawshank Redemption"], ["rating", "R"], ["description", ""], ["release_date", "1994-10-14 00:00:00.000000"], ["director", "Frank Darabont"], ["created_at", "2020-03-10 04:57:36.375902"], ["updated_at", "2020-03-10 04:57:36.375902"]]
  [1m[36m (0.0ms)[0m  [1mRELEASE SAVEPOINT active_record_1[0m
  [1m[35m (0.0ms)[0m  SAVEPOINT active_record_1
  [1m[36mSQL (0.5ms)[0m  [1mINSERT INTO "movies" ("title", "rating", "description", "release_date", "director", "created_at", "updated_at") VALUES (?, ?, ?, ?, ?, ?, ?)[0m  [["title", "Ready Player One"], ["rating", "R"], ["description", ""], ["release_date", "1994-10-14 00:00:00.000000"], ["director", "Steven Spielberg"], ["created_at", "2020-03-10 04:57:36.377381"], ["updated_at", "2020-03-10 04:57:36.377381"]]
  [1m[35m (0.0ms)[0m  RELEASE SAVEPOINT active_record_1
  [1m[36m (0.0ms)[0m  [1mSAVEPOINT active_record_1[0m
  [1m[35mSQL (0.1ms)[0m  INSERT INTO "movies" ("title", "rating", "description", "release_date", "director", "created_at", "updated_at") VALUES (?, ?, ?, ?, ?, ?, ?)  [["title", "The Terminal"], ["rating", "R"], ["description", ""], ["release_date", "1994-10-14 00:00:00.000000"], ["director", "Steven Spielberg"], ["created_at", "2020-03-10 04:57:36.379736"], ["updated_at", "2020-03-10 04:57:36.379736"]]
  [1m[36m (0.0ms)[0m  [1mRELEASE SAVEPOINT active_record_1[0m
  [1m[35m (0.0ms)[0m  SAVEPOINT active_record_1
  [1m[36mSQL (0.1ms)[0m  [1mINSERT INTO "movies" ("title", "rating", "description", "release_date", "director", "created_at", "updated_at") VALUES (?, ?, ?, ?, ?, ?, ?)[0m  [["title", "The Shawshank Redemption"], ["rating", "R"], ["description", ""], ["release_date", "1994-10-14 00:00:00.000000"], ["director", ""], ["created_at", "2020-03-10 04:57:36.381087"], ["updated_at", "2020-03-10 04:57:36.381087"]]
  [1m[35m (0.0ms)[0m  RELEASE SAVEPOINT active_record_1
  [1m[36m (0.3ms)[0m  [1mrollback transaction[0m
  [1m[35m (0.1ms)[0m  begin transaction
  [1m[36m (0.0ms)[0m  [1mSAVEPOINT active_record_1[0m
  [1m[35mSQL (0.1ms)[0m  INSERT INTO "movies" ("title", "rating", "description", "release_date", "director", "created_at", "updated_at") VALUES (?, ?, ?, ?, ?, ?, ?)  [["title", "The Shawshank Redemption"], ["rating", "R"], ["description", ""], ["release_date", "1994-10-14 00:00:00.000000"], ["director", "Frank Darabont"], ["created_at", "2020-03-10 04:57:36.384634"], ["updated_at", "2020-03-10 04:57:36.384634"]]
  [1m[36m (0.0ms)[0m  [1mRELEASE SAVEPOINT active_record_1[0m
  [1m[35m (0.1ms)[0m  SAVEPOINT active_record_1
  [1m[36mSQL (0.1ms)[0m  [1mINSERT INTO "movies" ("title", "rating", "description", "release_date", "director", "created_at", "updated_at") VALUES (?, ?, ?, ?, ?, ?, ?)[0m  [["title", "Ready Player One"], ["rating", "R"], ["description", ""], ["release_date", "1994-10-14 00:00:00.000000"], ["director", "Steven Spielberg"], ["created_at", "2020-03-10 04:57:36.386106"], ["updated_at", "2020-03-10 04:57:36.386106"]]
  [1m[35m (0.0ms)[0m  RELEASE SAVEPOINT active_record_1
  [1m[36m (0.0ms)[0m  [1mSAVEPOINT active_record_1[0m
  [1m[35mSQL (0.1ms)[0m  INSERT INTO "movies" ("title", "rating", "description", "release_date", "director", "created_at", "updated_at") VALUES (?, ?, ?, ?, ?, ?, ?)  [["title", "The Terminal"], ["rating", "R"], ["description", ""], ["release_date", "1994-10-14 00:00:00.000000"], ["director", "Steven Spielberg"], ["created_at", "2020-03-10 04:57:36.387606"], ["updated_at", "2020-03-10 04:57:36.387606"]]
  [1m[36m (0.0ms)[0m  [1mRELEASE SAVEPOINT active_record_1[0m
  [1m[35m (0.0ms)[0m  SAVEPOINT active_record_1
  [1m[36mSQL (0.1ms)[0m  [1mINSERT INTO "movies" ("title", "rating", "description", "release_date", "director", "created_at", "updated_at") VALUES (?, ?, ?, ?, ?, ?, ?)[0m  [["title", "The Shawshank Redemption"], ["rating", "R"], ["description", ""], ["release_date", "1994-10-14 00:00:00.000000"], ["director", ""], ["created_at", "2020-03-10 04:57:36.388960"], ["updated_at", "2020-03-10 04:57:36.388960"]]
  [1m[35m (0.0ms)[0m  RELEASE SAVEPOINT active_record_1
  [1m[36m (0.1ms)[0m  [1mrollback transaction[0m
  [1m[36mActiveRecord::SchemaMigration Load (0.1ms)[0m  [1mSELECT "schema_migrations".* FROM "schema_migrations"[0m
  [1m[35m (0.1ms)[0m  begin transaction
  [1m[36m (0.0ms)[0m  [1mSAVEPOINT active_record_1[0m
  [1m[35mSQL (0.4ms)[0m  INSERT INTO "movies" ("title", "rating", "description", "release_date", "director", "created_at", "updated_at") VALUES (?, ?, ?, ?, ?, ?, ?)  [["title", "The Shawshank Redemption"], ["rating", "R"], ["description", ""], ["release_date", "1994-10-14 00:00:00.000000"], ["director", "Frank Darabont"], ["created_at", "2020-03-10 05:01:16.339838"], ["updated_at", "2020-03-10 05:01:16.339838"]]
  [1m[36m (0.0ms)[0m  [1mRELEASE SAVEPOINT active_record_1[0m
  [1m[35m (0.0ms)[0m  SAVEPOINT active_record_1
  [1m[36mSQL (0.1ms)[0m  [1mINSERT INTO "movies" ("title", "rating", "description", "release_date", "director", "created_at", "updated_at") VALUES (?, ?, ?, ?, ?, ?, ?)[0m  [["title", "Ready Player One"], ["rating", "R"], ["description", ""], ["release_date", "1994-10-14 00:00:00.000000"], ["director", "Steven Spielberg"], ["created_at", "2020-03-10 05:01:16.342092"], ["updated_at", "2020-03-10 05:01:16.342092"]]
  [1m[35m (0.0ms)[0m  RELEASE SAVEPOINT active_record_1
  [1m[36m (0.0ms)[0m  [1mSAVEPOINT active_record_1[0m
  [1m[35mSQL (0.1ms)[0m  INSERT INTO "movies" ("title", "rating", "description", "release_date", "director", "created_at", "updated_at") VALUES (?, ?, ?, ?, ?, ?, ?)  [["title", "The Terminal"], ["rating", "R"], ["description", ""], ["release_date", "1994-10-14 00:00:00.000000"], ["director", "Steven Spielberg"], ["created_at", "2020-03-10 05:01:16.343763"], ["updated_at", "2020-03-10 05:01:16.343763"]]
  [1m[36m (0.1ms)[0m  [1mRELEASE SAVEPOINT active_record_1[0m
  [1m[35m (0.1ms)[0m  rollback transaction
  [1m[36m (0.0ms)[0m  [1mbegin transaction[0m
  [1m[35m (0.0ms)[0m  SAVEPOINT active_record_1
  [1m[36mSQL (0.1ms)[0m  [1mINSERT INTO "movies" ("title", "rating", "description", "release_date", "director", "created_at", "updated_at") VALUES (?, ?, ?, ?, ?, ?, ?)[0m  [["title", "The Shawshank Redemption"], ["rating", "R"], ["description", ""], ["release_date", "1994-10-14 00:00:00.000000"], ["director", "Frank Darabont"], ["created_at", "2020-03-10 05:01:16.347806"], ["updated_at", "2020-03-10 05:01:16.347806"]]
  [1m[35m (0.0ms)[0m  RELEASE SAVEPOINT active_record_1
  [1m[36m (0.0ms)[0m  [1mSAVEPOINT active_record_1[0m
  [1m[35mSQL (0.1ms)[0m  INSERT INTO "movies" ("title", "rating", "description", "release_date", "director", "created_at", "updated_at") VALUES (?, ?, ?, ?, ?, ?, ?)  [["title", "Ready Player One"], ["rating", "R"], ["description", ""], ["release_date", "1994-10-14 00:00:00.000000"], ["director", "Steven Spielberg"], ["created_at", "2020-03-10 05:01:16.349378"], ["updated_at", "2020-03-10 05:01:16.349378"]]
  [1m[36m (0.0ms)[0m  [1mRELEASE SAVEPOINT active_record_1[0m
  [1m[35m (0.0ms)[0m  SAVEPOINT active_record_1
  [1m[36mSQL (0.1ms)[0m  [1mINSERT INTO "movies" ("title", "rating", "description", "release_date", "director", "created_at", "updated_at") VALUES (?, ?, ?, ?, ?, ?, ?)[0m  [["title", "The Terminal"], ["rating", "R"], ["description", ""], ["release_date", "1994-10-14 00:00:00.000000"], ["director", "Steven Spielberg"], ["created_at", "2020-03-10 05:01:16.354446"], ["updated_at", "2020-03-10 05:01:16.354446"]]
  [1m[35m (0.1ms)[0m  RELEASE SAVEPOINT active_record_1
  [1m[36m (0.1ms)[0m  [1mrollback transaction[0m
  [1m[35m (0.0ms)[0m  begin transaction
  [1m[36m (0.1ms)[0m  [1mSAVEPOINT active_record_1[0m
  [1m[35mSQL (0.3ms)[0m  INSERT INTO "movies" ("title", "rating", "description", "release_date", "director", "created_at", "updated_at") VALUES (?, ?, ?, ?, ?, ?, ?)  [["title", "The Shawshank Redemption"], ["rating", "R"], ["description", ""], ["release_date", "1994-10-14 00:00:00.000000"], ["director", "Frank Darabont"], ["created_at", "2020-03-10 05:01:16.358537"], ["updated_at", "2020-03-10 05:01:16.358537"]]
  [1m[36m (0.1ms)[0m  [1mRELEASE SAVEPOINT active_record_1[0m
  [1m[35m (0.0ms)[0m  SAVEPOINT active_record_1
  [1m[36mSQL (0.2ms)[0m  [1mINSERT INTO "movies" ("title", "rating", "description", "release_date", "director", "created_at", "updated_at") VALUES (?, ?, ?, ?, ?, ?, ?)[0m  [["title", "Ready Player One"], ["rating", "R"], ["description", ""], ["release_date", "1994-10-14 00:00:00.000000"], ["director", "Steven Spielberg"], ["created_at", "2020-03-10 05:01:16.360413"], ["updated_at", "2020-03-10 05:01:16.360413"]]
  [1m[35m (0.1ms)[0m  RELEASE SAVEPOINT active_record_1
  [1m[36m (0.0ms)[0m  [1mSAVEPOINT active_record_1[0m
  [1m[35mSQL (0.1ms)[0m  INSERT INTO "movies" ("title", "rating", "description", "release_date", "director", "created_at", "updated_at") VALUES (?, ?, ?, ?, ?, ?, ?)  [["title", "The Terminal"], ["rating", "R"], ["description", ""], ["release_date", "1994-10-14 00:00:00.000000"], ["director", "Steven Spielberg"], ["created_at", "2020-03-10 05:01:16.362071"], ["updated_at", "2020-03-10 05:01:16.362071"]]
  [1m[36m (0.1ms)[0m  [1mRELEASE SAVEPOINT active_record_1[0m
  [1m[35m (0.1ms)[0m  SAVEPOINT active_record_1
  [1m[36mSQL (0.1ms)[0m  [1mINSERT INTO "movies" ("title", "rating", "description", "release_date", "director", "created_at", "updated_at") VALUES (?, ?, ?, ?, ?, ?, ?)[0m  [["title", "The Shawshank Redemption"], ["rating", "R"], ["description", ""], ["release_date", "1994-10-14 00:00:00.000000"], ["director", ""], ["created_at", "2020-03-10 05:01:16.363645"], ["updated_at", "2020-03-10 05:01:16.363645"]]
  [1m[35m (0.1ms)[0m  RELEASE SAVEPOINT active_record_1
  [1m[36m (0.1ms)[0m  [1mrollback transaction[0m
  [1m[35m (0.1ms)[0m  begin transaction
  [1m[36m (0.0ms)[0m  [1mSAVEPOINT active_record_1[0m
  [1m[35mSQL (0.1ms)[0m  INSERT INTO "movies" ("title", "rating", "description", "release_date", "director", "created_at", "updated_at") VALUES (?, ?, ?, ?, ?, ?, ?)  [["title", "The Shawshank Redemption"], ["rating", "R"], ["description", ""], ["release_date", "1994-10-14 00:00:00.000000"], ["director", "Frank Darabont"], ["created_at", "2020-03-10 05:01:16.367205"], ["updated_at", "2020-03-10 05:01:16.367205"]]
  [1m[36m (0.1ms)[0m  [1mRELEASE SAVEPOINT active_record_1[0m
  [1m[35m (0.1ms)[0m  SAVEPOINT active_record_1
  [1m[36mSQL (0.2ms)[0m  [1mINSERT INTO "movies" ("title", "rating", "description", "release_date", "director", "created_at", "updated_at") VALUES (?, ?, ?, ?, ?, ?, ?)[0m  [["title", "Ready Player One"], ["rating", "R"], ["description", ""], ["release_date", "1994-10-14 00:00:00.000000"], ["director", "Steven Spielberg"], ["created_at", "2020-03-10 05:01:16.368847"], ["updated_at", "2020-03-10 05:01:16.368847"]]
  [1m[35m (0.0ms)[0m  RELEASE SAVEPOINT active_record_1
  [1m[36m (0.1ms)[0m  [1mSAVEPOINT active_record_1[0m
  [1m[35mSQL (0.1ms)[0m  INSERT INTO "movies" ("title", "rating", "description", "release_date", "director", "created_at", "updated_at") VALUES (?, ?, ?, ?, ?, ?, ?)  [["title", "The Terminal"], ["rating", "R"], ["description", ""], ["release_date", "1994-10-14 00:00:00.000000"], ["director", "Steven Spielberg"], ["created_at", "2020-03-10 05:01:16.370441"], ["updated_at", "2020-03-10 05:01:16.370441"]]
  [1m[36m (0.0ms)[0m  [1mRELEASE SAVEPOINT active_record_1[0m
  [1m[35m (0.0ms)[0m  SAVEPOINT active_record_1
  [1m[36mSQL (0.1ms)[0m  [1mINSERT INTO "movies" ("title", "rating", "description", "release_date", "director", "created_at", "updated_at") VALUES (?, ?, ?, ?, ?, ?, ?)[0m  [["title", "The Shawshank Redemption"], ["rating", "R"], ["description", ""], ["release_date", "1994-10-14 00:00:00.000000"], ["director", ""], ["created_at", "2020-03-10 05:01:16.371992"], ["updated_at", "2020-03-10 05:01:16.371992"]]
  [1m[35m (0.0ms)[0m  RELEASE SAVEPOINT active_record_1
  [1m[36m (0.1ms)[0m  [1mrollback transaction[0m
  [1m[36mActiveRecord::SchemaMigration Load (0.1ms)[0m  [1mSELECT "schema_migrations".* FROM "schema_migrations"[0m
  [1m[35m (0.1ms)[0m  begin transaction
  [1m[36m (0.0ms)[0m  [1mcommit transaction[0m
  [1m[35m (0.0ms)[0m  begin transaction
  [1m[36m (0.1ms)[0m  [1mSAVEPOINT active_record_1[0m
  [1m[35mSQL (0.4ms)[0m  INSERT INTO "movies" ("title", "rating", "release_date", "created_at", "updated_at") VALUES (?, ?, ?, ?, ?)  [["title", "Aladdin"], ["rating", "G"], ["release_date", "1992-11-25 00:00:00.000000"], ["created_at", "2020-03-10 05:01:21.847964"], ["updated_at", "2020-03-10 05:01:21.847964"]]
  [1m[36m (0.0ms)[0m  [1mRELEASE SAVEPOINT active_record_1[0m
  [1m[35m (0.0ms)[0m  SAVEPOINT active_record_1
  [1m[36mSQL (0.1ms)[0m  [1mINSERT INTO "movies" ("title", "rating", "release_date", "created_at", "updated_at") VALUES (?, ?, ?, ?, ?)[0m  [["title", "The Terminator"], ["rating", "R"], ["release_date", "1984-10-26 00:00:00.000000"], ["created_at", "2020-03-10 05:01:21.850009"], ["updated_at", "2020-03-10 05:01:21.850009"]]
  [1m[35m (0.1ms)[0m  RELEASE SAVEPOINT active_record_1
  [1m[36m (0.0ms)[0m  [1mSAVEPOINT active_record_1[0m
  [1m[35mSQL (0.1ms)[0m  INSERT INTO "movies" ("title", "rating", "release_date", "created_at", "updated_at") VALUES (?, ?, ?, ?, ?)  [["title", "When Harry Met Sally"], ["rating", "R"], ["release_date", "1989-07-21 00:00:00.000000"], ["created_at", "2020-03-10 05:01:21.851253"], ["updated_at", "2020-03-10 05:01:21.851253"]]
  [1m[36m (0.0ms)[0m  [1mRELEASE SAVEPOINT active_record_1[0m
  [1m[35m (0.1ms)[0m  SAVEPOINT active_record_1
  [1m[36mSQL (0.1ms)[0m  [1mINSERT INTO "movies" ("title", "rating", "release_date", "created_at", "updated_at") VALUES (?, ?, ?, ?, ?)[0m  [["title", "The Help"], ["rating", "PG-13"], ["release_date", "2011-08-10 00:00:00.000000"], ["created_at", "2020-03-10 05:01:21.852572"], ["updated_at", "2020-03-10 05:01:21.852572"]]
  [1m[35m (0.0ms)[0m  RELEASE SAVEPOINT active_record_1
  [1m[36m (0.0ms)[0m  [1mSAVEPOINT active_record_1[0m
  [1m[35mSQL (0.1ms)[0m  INSERT INTO "movies" ("title", "rating", "release_date", "created_at", "updated_at") VALUES (?, ?, ?, ?, ?)  [["title", "Chocolat"], ["rating", "PG-13"], ["release_date", "2001-01-05 00:00:00.000000"], ["created_at", "2020-03-10 05:01:21.853818"], ["updated_at", "2020-03-10 05:01:21.853818"]]
  [1m[36m (0.0ms)[0m  [1mRELEASE SAVEPOINT active_record_1[0m
  [1m[35m (0.0ms)[0m  SAVEPOINT active_record_1
  [1m[36mSQL (0.1ms)[0m  [1mINSERT INTO "movies" ("title", "rating", "release_date", "created_at", "updated_at") VALUES (?, ?, ?, ?, ?)[0m  [["title", "Amelie"], ["rating", "R"], ["release_date", "2001-04-25 00:00:00.000000"], ["created_at", "2020-03-10 05:01:21.854995"], ["updated_at", "2020-03-10 05:01:21.854995"]]
  [1m[35m (0.0ms)[0m  RELEASE SAVEPOINT active_record_1
  [1m[36m (0.0ms)[0m  [1mSAVEPOINT active_record_1[0m
  [1m[35mSQL (0.1ms)[0m  INSERT INTO "movies" ("title", "rating", "release_date", "created_at", "updated_at") VALUES (?, ?, ?, ?, ?)  [["title", "2001: A Space Odyssey"], ["rating", "G"], ["release_date", "1968-04-06 00:00:00.000000"], ["created_at", "2020-03-10 05:01:21.856245"], ["updated_at", "2020-03-10 05:01:21.856245"]]
  [1m[36m (0.0ms)[0m  [1mRELEASE SAVEPOINT active_record_1[0m
  [1m[35m (0.0ms)[0m  SAVEPOINT active_record_1
  [1m[36mSQL (0.1ms)[0m  [1mINSERT INTO "movies" ("title", "rating", "release_date", "created_at", "updated_at") VALUES (?, ?, ?, ?, ?)[0m  [["title", "The Incredibles"], ["rating", "PG"], ["release_date", "2004-11-05 00:00:00.000000"], ["created_at", "2020-03-10 05:01:21.857428"], ["updated_at", "2020-03-10 05:01:21.857428"]]
  [1m[35m (0.0ms)[0m  RELEASE SAVEPOINT active_record_1
  [1m[36m (0.0ms)[0m  [1mSAVEPOINT active_record_1[0m
  [1m[35mSQL (0.1ms)[0m  INSERT INTO "movies" ("title", "rating", "release_date", "created_at", "updated_at") VALUES (?, ?, ?, ?, ?)  [["title", "Raiders of the Lost Ark"], ["rating", "PG"], ["release_date", "1981-06-12 00:00:00.000000"], ["created_at", "2020-03-10 05:01:21.858590"], ["updated_at", "2020-03-10 05:01:21.858590"]]
  [1m[36m (0.0ms)[0m  [1mRELEASE SAVEPOINT active_record_1[0m
  [1m[35m (0.0ms)[0m  SAVEPOINT active_record_1
  [1m[36mSQL (0.1ms)[0m  [1mINSERT INTO "movies" ("title", "rating", "release_date", "created_at", "updated_at") VALUES (?, ?, ?, ?, ?)[0m  [["title", "Chicken Run"], ["rating", "G"], ["release_date", "2000-06-21 00:00:00.000000"], ["created_at", "2020-03-10 05:01:21.859790"], ["updated_at", "2020-03-10 05:01:21.859790"]]
  [1m[35m (0.0ms)[0m  RELEASE SAVEPOINT active_record_1
Started GET "/movies" for 127.0.0.1 at 2020-03-10 05:01:21 +0000
Processing by MoviesController#index as HTML
  [1m[36mMovie Load (0.2ms)[0m  [1mSELECT "movies".* FROM "movies" WHERE "movies"."rating" IN ('G', 'PG', 'PG-13', 'NC-17', 'R')[0m
  Rendered movies/index.html.haml within layouts/application (5.9ms)
Completed 200 OK in 135ms (Views: 125.4ms | ActiveRecord: 0.2ms)
Started GET "/movies?utf8=%E2%9C%93&ratings[PG]=1&ratings[NC-17]=1&ratings[R]=1&commit=Refresh" for 127.0.0.1 at 2020-03-10 05:01:22 +0000
Processing by MoviesController#index as HTML
  Parameters: {"utf8"=>"✓", "ratings"=>{"PG"=>"1", "NC-17"=>"1", "R"=>"1"}, "commit"=>"Refresh"}
Redirected to http://www.example.com/movies?ratings%5BNC-17%5D=1&ratings%5BPG%5D=1&ratings%5BR%5D=1
Completed 302 Found in 1ms (ActiveRecord: 0.0ms)
Started GET "/movies?ratings[NC-17]=1&ratings[PG]=1&ratings[R]=1" for 127.0.0.1 at 2020-03-10 05:01:22 +0000
Processing by MoviesController#index as HTML
  Parameters: {"ratings"=>{"NC-17"=>"1", "PG"=>"1", "R"=>"1"}}
  [1m[35mMovie Load (0.2ms)[0m  SELECT "movies".* FROM "movies" WHERE "movies"."rating" IN ('NC-17', 'PG', 'R')
  Rendered movies/index.html.haml within layouts/application (2.2ms)
Completed 200 OK in 4ms (Views: 3.1ms | ActiveRecord: 0.2ms)
  [1m[36m (0.3ms)[0m  [1mrollback transaction[0m
  [1m[35m (0.1ms)[0m  begin transaction
  [1m[36m (0.0ms)[0m  [1mcommit transaction[0m
  [1m[35m (0.0ms)[0m  begin transaction
  [1m[36m (0.0ms)[0m  [1mSAVEPOINT active_record_1[0m
  [1m[35mSQL (0.1ms)[0m  INSERT INTO "movies" ("title", "rating", "release_date", "created_at", "updated_at") VALUES (?, ?, ?, ?, ?)  [["title", "Aladdin"], ["rating", "G"], ["release_date", "1992-11-25 00:00:00.000000"], ["created_at", "2020-03-10 05:01:22.049294"], ["updated_at", "2020-03-10 05:01:22.049294"]]
  [1m[36m (0.0ms)[0m  [1mRELEASE SAVEPOINT active_record_1[0m
  [1m[35m (0.0ms)[0m  SAVEPOINT active_record_1
  [1m[36mSQL (0.1ms)[0m  [1mINSERT INTO "movies" ("title", "rating", "release_date", "created_at", "updated_at") VALUES (?, ?, ?, ?, ?)[0m  [["title", "The Terminator"], ["rating", "R"], ["release_date", "1984-10-26 00:00:00.000000"], ["created_at", "2020-03-10 05:01:22.050717"], ["updated_at", "2020-03-10 05:01:22.050717"]]
  [1m[35m (0.0ms)[0m  RELEASE SAVEPOINT active_record_1
  [1m[36m (0.0ms)[0m  [1mSAVEPOINT active_record_1[0m
  [1m[35mSQL (0.1ms)[0m  INSERT INTO "movies" ("title", "rating", "release_date", "created_at", "updated_at") VALUES (?, ?, ?, ?, ?)  [["title", "When Harry Met Sally"], ["rating", "R"], ["release_date", "1989-07-21 00:00:00.000000"], ["created_at", "2020-03-10 05:01:22.051997"], ["updated_at", "2020-03-10 05:01:22.051997"]]
  [1m[36m (0.0ms)[0m  [1mRELEASE SAVEPOINT active_record_1[0m
  [1m[35m (0.0ms)[0m  SAVEPOINT active_record_1
  [1m[36mSQL (0.1ms)[0m  [1mINSERT INTO "movies" ("title", "rating", "release_date", "created_at", "updated_at") VALUES (?, ?, ?, ?, ?)[0m  [["title", "The Help"], ["rating", "PG-13"], ["release_date", "2011-08-10 00:00:00.000000"], ["created_at", "2020-03-10 05:01:22.053177"], ["updated_at", "2020-03-10 05:01:22.053177"]]
  [1m[35m (0.0ms)[0m  RELEASE SAVEPOINT active_record_1
  [1m[36m (0.0ms)[0m  [1mSAVEPOINT active_record_1[0m
  [1m[35mSQL (0.1ms)[0m  INSERT INTO "movies" ("title", "rating", "release_date", "created_at", "updated_at") VALUES (?, ?, ?, ?, ?)  [["title", "Chocolat"], ["rating", "PG-13"], ["release_date", "2001-01-05 00:00:00.000000"], ["created_at", "2020-03-10 05:01:22.054430"], ["updated_at", "2020-03-10 05:01:22.054430"]]
  [1m[36m (0.0ms)[0m  [1mRELEASE SAVEPOINT active_record_1[0m
  [1m[35m (0.0ms)[0m  SAVEPOINT active_record_1
  [1m[36mSQL (0.1ms)[0m  [1mINSERT INTO "movies" ("title", "rating", "release_date", "created_at", "updated_at") VALUES (?, ?, ?, ?, ?)[0m  [["title", "Amelie"], ["rating", "R"], ["release_date", "2001-04-25 00:00:00.000000"], ["created_at", "2020-03-10 05:01:22.055623"], ["updated_at", "2020-03-10 05:01:22.055623"]]
  [1m[35m (0.0ms)[0m  RELEASE SAVEPOINT active_record_1
  [1m[36m (0.0ms)[0m  [1mSAVEPOINT active_record_1[0m
  [1m[35mSQL (0.1ms)[0m  INSERT INTO "movies" ("title", "rating", "release_date", "created_at", "updated_at") VALUES (?, ?, ?, ?, ?)  [["title", "2001: A Space Odyssey"], ["rating", "G"], ["release_date", "1968-04-06 00:00:00.000000"], ["created_at", "2020-03-10 05:01:22.056793"], ["updated_at", "2020-03-10 05:01:22.056793"]]
  [1m[36m (0.0ms)[0m  [1mRELEASE SAVEPOINT active_record_1[0m
  [1m[35m (0.1ms)[0m  SAVEPOINT active_record_1
  [1m[36mSQL (0.1ms)[0m  [1mINSERT INTO "movies" ("title", "rating", "release_date", "created_at", "updated_at") VALUES (?, ?, ?, ?, ?)[0m  [["title", "The Incredibles"], ["rating", "PG"], ["release_date", "2004-11-05 00:00:00.000000"], ["created_at", "2020-03-10 05:01:22.057990"], ["updated_at", "2020-03-10 05:01:22.057990"]]
  [1m[35m (0.1ms)[0m  RELEASE SAVEPOINT active_record_1
  [1m[36m (0.0ms)[0m  [1mSAVEPOINT active_record_1[0m
  [1m[35mSQL (0.1ms)[0m  INSERT INTO "movies" ("title", "rating", "release_date", "created_at", "updated_at") VALUES (?, ?, ?, ?, ?)  [["title", "Raiders of the Lost Ark"], ["rating", "PG"], ["release_date", "1981-06-12 00:00:00.000000"], ["created_at", "2020-03-10 05:01:22.059155"], ["updated_at", "2020-03-10 05:01:22.059155"]]
  [1m[36m (0.0ms)[0m  [1mRELEASE SAVEPOINT active_record_1[0m
  [1m[35m (0.0ms)[0m  SAVEPOINT active_record_1
  [1m[36mSQL (0.2ms)[0m  [1mINSERT INTO "movies" ("title", "rating", "release_date", "created_at", "updated_at") VALUES (?, ?, ?, ?, ?)[0m  [["title", "Chicken Run"], ["rating", "G"], ["release_date", "2000-06-21 00:00:00.000000"], ["created_at", "2020-03-10 05:01:22.060352"], ["updated_at", "2020-03-10 05:01:22.060352"]]
  [1m[35m (0.0ms)[0m  RELEASE SAVEPOINT active_record_1
Started GET "/movies" for 127.0.0.1 at 2020-03-10 05:01:22 +0000
Processing by MoviesController#index as HTML
  [1m[36mMovie Load (0.2ms)[0m  [1mSELECT "movies".* FROM "movies" WHERE "movies"."rating" IN ('G', 'PG', 'PG-13', 'NC-17', 'R')[0m
  Rendered movies/index.html.haml within layouts/application (2.8ms)
Completed 200 OK in 4ms (Views: 3.8ms | ActiveRecord: 0.2ms)
Started GET "/movies?utf8=%E2%9C%93&ratings[G]=1&ratings[PG]=1&ratings[PG-13]=1&ratings[NC-17]=1&ratings[R]=1&commit=Refresh" for 127.0.0.1 at 2020-03-10 05:01:22 +0000
Processing by MoviesController#index as HTML
  Parameters: {"utf8"=>"✓", "ratings"=>{"G"=>"1", "PG"=>"1", "PG-13"=>"1", "NC-17"=>"1", "R"=>"1"}, "commit"=>"Refresh"}
Redirected to http://www.example.com/movies?ratings%5BG%5D=1&ratings%5BNC-17%5D=1&ratings%5BPG%5D=1&ratings%5BPG-13%5D=1&ratings%5BR%5D=1
Completed 302 Found in 1ms (ActiveRecord: 0.0ms)
Started GET "/movies?ratings[G]=1&ratings[NC-17]=1&ratings[PG]=1&ratings[PG-13]=1&ratings[R]=1" for 127.0.0.1 at 2020-03-10 05:01:22 +0000
Processing by MoviesController#index as HTML
  Parameters: {"ratings"=>{"G"=>"1", "NC-17"=>"1", "PG"=>"1", "PG-13"=>"1", "R"=>"1"}}
  [1m[35mMovie Load (0.2ms)[0m  SELECT "movies".* FROM "movies" WHERE "movies"."rating" IN ('G', 'NC-17', 'PG', 'PG-13', 'R')
  Rendered movies/index.html.haml within layouts/application (2.9ms)
Completed 200 OK in 4ms (Views: 3.7ms | ActiveRecord: 0.2ms)
  [1m[36mMovie Load (0.1ms)[0m  [1mSELECT "movies".* FROM "movies"[0m
  [1m[35m (0.3ms)[0m  rollback transaction
  [1m[36m (0.1ms)[0m  [1mbegin transaction[0m
  [1m[35m (0.1ms)[0m  commit transaction
  [1m[36m (0.0ms)[0m  [1mbegin transaction[0m
  [1m[35m (0.0ms)[0m  SAVEPOINT active_record_1
  [1m[36mSQL (0.2ms)[0m  [1mINSERT INTO "movies" ("title", "rating", "director", "release_date", "created_at", "updated_at") VALUES (?, ?, ?, ?, ?, ?)[0m  [["title", "Star Wars"], ["rating", "PG"], ["director", "George Lucas"], ["release_date", "1977-05-25 00:00:00.000000"], ["created_at", "2020-03-10 05:01:22.103858"], ["updated_at", "2020-03-10 05:01:22.103858"]]
  [1m[35m (0.0ms)[0m  RELEASE SAVEPOINT active_record_1
  [1m[36m (0.0ms)[0m  [1mSAVEPOINT active_record_1[0m
  [1m[35mSQL (0.1ms)[0m  INSERT INTO "movies" ("title", "rating", "director", "release_date", "created_at", "updated_at") VALUES (?, ?, ?, ?, ?, ?)  [["title", "Blade Runner"], ["rating", "PG"], ["director", "Ridley Scott"], ["release_date", "1982-06-25 00:00:00.000000"], ["created_at", "2020-03-10 05:01:22.105360"], ["updated_at", "2020-03-10 05:01:22.105360"]]
  [1m[36m (0.1ms)[0m  [1mRELEASE SAVEPOINT active_record_1[0m
  [1m[35m (0.1ms)[0m  SAVEPOINT active_record_1
  [1m[36mSQL (0.1ms)[0m  [1mINSERT INTO "movies" ("title", "rating", "director", "release_date", "created_at", "updated_at") VALUES (?, ?, ?, ?, ?, ?)[0m  [["title", "Alien"], ["rating", "R"], ["director", ""], ["release_date", "1979-05-25 00:00:00.000000"], ["created_at", "2020-03-10 05:01:22.106643"], ["updated_at", "2020-03-10 05:01:22.106643"]]
  [1m[35m (0.0ms)[0m  RELEASE SAVEPOINT active_record_1
  [1m[36m (0.0ms)[0m  [1mSAVEPOINT active_record_1[0m
  [1m[35mSQL (0.1ms)[0m  INSERT INTO "movies" ("title", "rating", "director", "release_date", "created_at", "updated_at") VALUES (?, ?, ?, ?, ?, ?)  [["title", "THX-1138"], ["rating", "R"], ["director", "George Lucas"], ["release_date", "1971-03-11 00:00:00.000000"], ["created_at", "2020-03-10 05:01:22.107868"], ["updated_at", "2020-03-10 05:01:22.107868"]]
  [1m[36m (0.0ms)[0m  [1mRELEASE SAVEPOINT active_record_1[0m
  [1m[35mMovie Load (0.1ms)[0m  SELECT  "movies".* FROM "movies" WHERE "movies"."title" = ? LIMIT 1  [["title", "Alien"]]
Started GET "/movies/3/edit" for 127.0.0.1 at 2020-03-10 05:01:22 +0000
Processing by MoviesController#edit as HTML
  Parameters: {"id"=>"3"}
  [1m[36mMovie Load (0.1ms)[0m  [1mSELECT  "movies".* FROM "movies" WHERE "movies"."id" = ? LIMIT 1[0m  [["id", 3]]
  Rendered movies/edit.html.haml within layouts/application (8.2ms)
Completed 200 OK in 11ms (Views: 9.9ms | ActiveRecord: 0.1ms)
Started PUT "/movies/3" for 127.0.0.1 at 2020-03-10 05:01:22 +0000
Processing by MoviesController#update as HTML
  Parameters: {"utf8"=>"✓", "movie"=>{"title"=>"Alien", "rating"=>"R", "release_date(1i)"=>"1979", "release_date(2i)"=>"5", "release_date(3i)"=>"25", "director"=>"Ridley Scott"}, "commit"=>"Update Movie Info", "id"=>"3"}
  [1m[35mMovie Load (0.1ms)[0m  SELECT  "movies".* FROM "movies" WHERE "movies"."id" = ? LIMIT 1  [["id", 3]]
  [1m[36m (0.0ms)[0m  [1mSAVEPOINT active_record_1[0m
  [1m[35mSQL (0.1ms)[0m  UPDATE "movies" SET "director" = ?, "updated_at" = ? WHERE "movies"."id" = ?  [["director", "Ridley Scott"], ["updated_at", "2020-03-10 05:01:22.137313"], ["id", 3]]
  [1m[36m (0.0ms)[0m  [1mRELEASE SAVEPOINT active_record_1[0m
Redirected to http://www.example.com/movies/3
Completed 302 Found in 3ms (ActiveRecord: 0.2ms)
Started GET "/movies/3" for 127.0.0.1 at 2020-03-10 05:01:22 +0000
Processing by MoviesController#show as HTML
  Parameters: {"id"=>"3"}
  [1m[35mMovie Load (0.0ms)[0m  SELECT  "movies".* FROM "movies" WHERE "movies"."id" = ? LIMIT 1  [["id", 3]]
  Rendered movies/show.html.haml within layouts/application (2.3ms)
Completed 200 OK in 4ms (Views: 4.0ms | ActiveRecord: 0.0ms)
  [1m[36mMovie Load (0.0ms)[0m  [1mSELECT  "movies".* FROM "movies" WHERE "movies"."title" = ? LIMIT 1[0m  [["title", "Alien"]]
  [1m[35m (0.3ms)[0m  rollback transaction
  [1m[36m (0.1ms)[0m  [1mbegin transaction[0m
  [1m[35m (0.0ms)[0m  commit transaction
  [1m[36m (0.0ms)[0m  [1mbegin transaction[0m
  [1m[35m (0.0ms)[0m  SAVEPOINT active_record_1
  [1m[36mSQL (0.1ms)[0m  [1mINSERT INTO "movies" ("title", "rating", "director", "release_date", "created_at", "updated_at") VALUES (?, ?, ?, ?, ?, ?)[0m  [["title", "Star Wars"], ["rating", "PG"], ["director", "George Lucas"], ["release_date", "1977-05-25 00:00:00.000000"], ["created_at", "2020-03-10 05:01:22.150351"], ["updated_at", "2020-03-10 05:01:22.150351"]]
  [1m[35m (0.0ms)[0m  RELEASE SAVEPOINT active_record_1
  [1m[36m (0.0ms)[0m  [1mSAVEPOINT active_record_1[0m
  [1m[35mSQL (0.1ms)[0m  INSERT INTO "movies" ("title", "rating", "director", "release_date", "created_at", "updated_at") VALUES (?, ?, ?, ?, ?, ?)  [["title", "Blade Runner"], ["rating", "PG"], ["director", "Ridley Scott"], ["release_date", "1982-06-25 00:00:00.000000"], ["created_at", "2020-03-10 05:01:22.151720"], ["updated_at", "2020-03-10 05:01:22.151720"]]
  [1m[36m (0.0ms)[0m  [1mRELEASE SAVEPOINT active_record_1[0m
  [1m[35m (0.0ms)[0m  SAVEPOINT active_record_1
  [1m[36mSQL (0.1ms)[0m  [1mINSERT INTO "movies" ("title", "rating", "director", "release_date", "created_at", "updated_at") VALUES (?, ?, ?, ?, ?, ?)[0m  [["title", "Alien"], ["rating", "R"], ["director", ""], ["release_date", "1979-05-25 00:00:00.000000"], ["created_at", "2020-03-10 05:01:22.152980"], ["updated_at", "2020-03-10 05:01:22.152980"]]
  [1m[35m (0.0ms)[0m  RELEASE SAVEPOINT active_record_1
  [1m[36m (0.0ms)[0m  [1mSAVEPOINT active_record_1[0m
  [1m[35mSQL (0.1ms)[0m  INSERT INTO "movies" ("title", "rating", "director", "release_date", "created_at", "updated_at") VALUES (?, ?, ?, ?, ?, ?)  [["title", "THX-1138"], ["rating", "R"], ["director", "George Lucas"], ["release_date", "1971-03-11 00:00:00.000000"], ["created_at", "2020-03-10 05:01:22.154188"], ["updated_at", "2020-03-10 05:01:22.154188"]]
  [1m[36m (0.0ms)[0m  [1mRELEASE SAVEPOINT active_record_1[0m
  [1m[35mMovie Load (0.0ms)[0m  SELECT  "movies".* FROM "movies" WHERE "movies"."title" = ? LIMIT 1  [["title", "Star Wars"]]
Started GET "/movies/1" for 127.0.0.1 at 2020-03-10 05:01:22 +0000
Processing by MoviesController#show as HTML
  Parameters: {"id"=>"1"}
  [1m[36mMovie Load (0.0ms)[0m  [1mSELECT  "movies".* FROM "movies" WHERE "movies"."id" = ? LIMIT 1[0m  [["id", 1]]
  Rendered movies/show.html.haml within layouts/application (0.5ms)
Completed 200 OK in 2ms (Views: 1.7ms | ActiveRecord: 0.0ms)
Started GET "/movies/1/same_director" for 127.0.0.1 at 2020-03-10 05:01:22 +0000
Processing by MoviesController#same_director as HTML
  Parameters: {"id"=>"1"}
  [1m[35mMovie Load (0.0ms)[0m  SELECT  "movies".* FROM "movies" WHERE "movies"."id" = ? LIMIT 1  [["id", 1]]
  [1m[36mMovie Load (0.1ms)[0m  [1mSELECT "movies".* FROM "movies" WHERE "movies"."Director" = 'George Lucas'[0m
  Rendered movies/same_director.html.haml within layouts/application (2.7ms)
Completed 200 OK in 5ms (Views: 4.2ms | ActiveRecord: 0.2ms)
  [1m[35mMovie Load (0.1ms)[0m  SELECT  "movies".* FROM "movies" WHERE "movies"."title" = ? LIMIT 1  [["title", "Star Wars"]]
  [1m[36m (0.3ms)[0m  [1mrollback transaction[0m
  [1m[35m (0.1ms)[0m  begin transaction
  [1m[36m (0.0ms)[0m  [1mcommit transaction[0m
  [1m[35m (0.0ms)[0m  begin transaction
  [1m[36m (0.0ms)[0m  [1mSAVEPOINT active_record_1[0m
  [1m[35mSQL (0.1ms)[0m  INSERT INTO "movies" ("title", "rating", "director", "release_date", "created_at", "updated_at") VALUES (?, ?, ?, ?, ?, ?)  [["title", "Star Wars"], ["rating", "PG"], ["director", "George Lucas"], ["release_date", "1977-05-25 00:00:00.000000"], ["created_at", "2020-03-10 05:01:22.200294"], ["updated_at", "2020-03-10 05:01:22.200294"]]
  [1m[36m (0.1ms)[0m  [1mRELEASE SAVEPOINT active_record_1[0m
  [1m[35m (0.0ms)[0m  SAVEPOINT active_record_1
  [1m[36mSQL (0.1ms)[0m  [1mINSERT INTO "movies" ("title", "rating", "director", "release_date", "created_at", "updated_at") VALUES (?, ?, ?, ?, ?, ?)[0m  [["title", "Blade Runner"], ["rating", "PG"], ["director", "Ridley Scott"], ["release_date", "1982-06-25 00:00:00.000000"], ["created_at", "2020-03-10 05:01:22.201769"], ["updated_at", "2020-03-10 05:01:22.201769"]]
  [1m[35m (0.1ms)[0m  RELEASE SAVEPOINT active_record_1
  [1m[36m (0.0ms)[0m  [1mSAVEPOINT active_record_1[0m
  [1m[35mSQL (0.1ms)[0m  INSERT INTO "movies" ("title", "rating", "director", "release_date", "created_at", "updated_at") VALUES (?, ?, ?, ?, ?, ?)  [["title", "Alien"], ["rating", "R"], ["director", ""], ["release_date", "1979-05-25 00:00:00.000000"], ["created_at", "2020-03-10 05:01:22.203114"], ["updated_at", "2020-03-10 05:01:22.203114"]]
  [1m[36m (0.1ms)[0m  [1mRELEASE SAVEPOINT active_record_1[0m
  [1m[35m (0.0ms)[0m  SAVEPOINT active_record_1
  [1m[36mSQL (0.1ms)[0m  [1mINSERT INTO "movies" ("title", "rating", "director", "release_date", "created_at", "updated_at") VALUES (?, ?, ?, ?, ?, ?)[0m  [["title", "THX-1138"], ["rating", "R"], ["director", "George Lucas"], ["release_date", "1971-03-11 00:00:00.000000"], ["created_at", "2020-03-10 05:01:22.204563"], ["updated_at", "2020-03-10 05:01:22.204563"]]
  [1m[35m (0.0ms)[0m  RELEASE SAVEPOINT active_record_1
  [1m[36mMovie Load (0.0ms)[0m  [1mSELECT  "movies".* FROM "movies" WHERE "movies"."title" = ? LIMIT 1[0m  [["title", "Alien"]]
Started GET "/movies/3" for 127.0.0.1 at 2020-03-10 05:01:22 +0000
Processing by MoviesController#show as HTML
  Parameters: {"id"=>"3"}
  [1m[35mMovie Load (0.0ms)[0m  SELECT  "movies".* FROM "movies" WHERE "movies"."id" = ? LIMIT 1  [["id", 3]]
  Rendered movies/show.html.haml within layouts/application (0.6ms)
Completed 200 OK in 2ms (Views: 1.9ms | ActiveRecord: 0.0ms)
Started GET "/movies/3/same_director" for 127.0.0.1 at 2020-03-10 05:01:22 +0000
Processing by MoviesController#same_director as HTML
  Parameters: {"id"=>"3"}
  [1m[36mMovie Load (0.0ms)[0m  [1mSELECT  "movies".* FROM "movies" WHERE "movies"."id" = ? LIMIT 1[0m  [["id", 3]]
Redirected to http://www.example.com/movies
Completed 302 Found in 1ms (ActiveRecord: 0.0ms)
Started GET "/movies" for 127.0.0.1 at 2020-03-10 05:01:22 +0000
Processing by MoviesController#index as HTML
  [1m[35mMovie Load (0.2ms)[0m  SELECT "movies".* FROM "movies" WHERE "movies"."rating" IN ('G', 'PG', 'PG-13', 'NC-17', 'R')
  Rendered movies/index.html.haml within layouts/application (2.1ms)
Completed 200 OK in 4ms (Views: 2.9ms | ActiveRecord: 0.2ms)
  [1m[36m (0.3ms)[0m  [1mrollback transaction[0m
  [1m[35m (0.0ms)[0m  begin transaction
  [1m[36m (0.0ms)[0m  [1mcommit transaction[0m
  [1m[35m (0.0ms)[0m  begin transaction
  [1m[36m (0.0ms)[0m  [1mSAVEPOINT active_record_1[0m
  [1m[35mSQL (0.2ms)[0m  INSERT INTO "movies" ("title", "rating", "release_date", "created_at", "updated_at") VALUES (?, ?, ?, ?, ?)  [["title", "Aladdin"], ["rating", "G"], ["release_date", "1992-11-25 00:00:00.000000"], ["created_at", "2020-03-10 05:01:22.229453"], ["updated_at", "2020-03-10 05:01:22.229453"]]
  [1m[36m (0.1ms)[0m  [1mRELEASE SAVEPOINT active_record_1[0m
  [1m[35m (0.0ms)[0m  SAVEPOINT active_record_1
  [1m[36mSQL (0.1ms)[0m  [1mINSERT INTO "movies" ("title", "rating", "release_date", "created_at", "updated_at") VALUES (?, ?, ?, ?, ?)[0m  [["title", "The Terminator"], ["rating", "R"], ["release_date", "1984-10-26 00:00:00.000000"], ["created_at", "2020-03-10 05:01:22.230924"], ["updated_at", "2020-03-10 05:01:22.230924"]]
  [1m[35m (0.1ms)[0m  RELEASE SAVEPOINT active_record_1
  [1m[36m (0.0ms)[0m  [1mSAVEPOINT active_record_1[0m
  [1m[35mSQL (0.1ms)[0m  INSERT INTO "movies" ("title", "rating", "release_date", "created_at", "updated_at") VALUES (?, ?, ?, ?, ?)  [["title", "When Harry Met Sally"], ["rating", "R"], ["release_date", "1989-07-21 00:00:00.000000"], ["created_at", "2020-03-10 05:01:22.232334"], ["updated_at", "2020-03-10 05:01:22.232334"]]
  [1m[36m (0.1ms)[0m  [1mRELEASE SAVEPOINT active_record_1[0m
  [1m[35m (0.0ms)[0m  SAVEPOINT active_record_1
  [1m[36mSQL (0.1ms)[0m  [1mINSERT INTO "movies" ("title", "rating", "release_date", "created_at", "updated_at") VALUES (?, ?, ?, ?, ?)[0m  [["title", "The Help"], ["rating", "PG-13"], ["release_date", "2011-08-10 00:00:00.000000"], ["created_at", "2020-03-10 05:01:22.233635"], ["updated_at", "2020-03-10 05:01:22.233635"]]
  [1m[35m (0.0ms)[0m  RELEASE SAVEPOINT active_record_1
  [1m[36m (0.1ms)[0m  [1mSAVEPOINT active_record_1[0m
  [1m[35mSQL (0.1ms)[0m  INSERT INTO "movies" ("title", "rating", "release_date", "created_at", "updated_at") VALUES (?, ?, ?, ?, ?)  [["title", "Chocolat"], ["rating", "PG-13"], ["release_date", "2001-01-05 00:00:00.000000"], ["created_at", "2020-03-10 05:01:22.234914"], ["updated_at", "2020-03-10 05:01:22.234914"]]
  [1m[36m (0.0ms)[0m  [1mRELEASE SAVEPOINT active_record_1[0m
  [1m[35m (0.0ms)[0m  SAVEPOINT active_record_1
  [1m[36mSQL (0.1ms)[0m  [1mINSERT INTO "movies" ("title", "rating", "release_date", "created_at", "updated_at") VALUES (?, ?, ?, ?, ?)[0m  [["title", "Amelie"], ["rating", "R"], ["release_date", "2001-04-25 00:00:00.000000"], ["created_at", "2020-03-10 05:01:22.236190"], ["updated_at", "2020-03-10 05:01:22.236190"]]
  [1m[35m (0.1ms)[0m  RELEASE SAVEPOINT active_record_1
  [1m[36m (0.0ms)[0m  [1mSAVEPOINT active_record_1[0m
  [1m[35mSQL (0.1ms)[0m  INSERT INTO "movies" ("title", "rating", "release_date", "created_at", "updated_at") VALUES (?, ?, ?, ?, ?)  [["title", "2001: A Space Odyssey"], ["rating", "G"], ["release_date", "1968-04-06 00:00:00.000000"], ["created_at", "2020-03-10 05:01:22.237631"], ["updated_at", "2020-03-10 05:01:22.237631"]]
  [1m[36m (0.1ms)[0m  [1mRELEASE SAVEPOINT active_record_1[0m
  [1m[35m (0.0ms)[0m  SAVEPOINT active_record_1
  [1m[36mSQL (0.1ms)[0m  [1mINSERT INTO "movies" ("title", "rating", "release_date", "created_at", "updated_at") VALUES (?, ?, ?, ?, ?)[0m  [["title", "The Incredibles"], ["rating", "PG"], ["release_date", "2004-11-05 00:00:00.000000"], ["created_at", "2020-03-10 05:01:22.238839"], ["updated_at", "2020-03-10 05:01:22.238839"]]
  [1m[35m (0.1ms)[0m  RELEASE SAVEPOINT active_record_1
  [1m[36m (0.0ms)[0m  [1mSAVEPOINT active_record_1[0m
  [1m[35mSQL (0.1ms)[0m  INSERT INTO "movies" ("title", "rating", "release_date", "created_at", "updated_at") VALUES (?, ?, ?, ?, ?)  [["title", "Raiders of the Lost Ark"], ["rating", "PG"], ["release_date", "1981-06-12 00:00:00.000000"], ["created_at", "2020-03-10 05:01:22.240109"], ["updated_at", "2020-03-10 05:01:22.240109"]]
  [1m[36m (0.0ms)[0m  [1mRELEASE SAVEPOINT active_record_1[0m
  [1m[35m (0.0ms)[0m  SAVEPOINT active_record_1
  [1m[36mSQL (0.2ms)[0m  [1mINSERT INTO "movies" ("title", "rating", "release_date", "created_at", "updated_at") VALUES (?, ?, ?, ?, ?)[0m  [["title", "Chicken Run"], ["rating", "G"], ["release_date", "2000-06-21 00:00:00.000000"], ["created_at", "2020-03-10 05:01:22.241494"], ["updated_at", "2020-03-10 05:01:22.241494"]]
  [1m[35m (0.0ms)[0m  RELEASE SAVEPOINT active_record_1
Started GET "/movies" for 127.0.0.1 at 2020-03-10 05:01:22 +0000
Processing by MoviesController#index as HTML
  [1m[36mMovie Load (0.2ms)[0m  [1mSELECT "movies".* FROM "movies" WHERE "movies"."rating" IN ('G', 'PG', 'PG-13', 'NC-17', 'R')[0m
  Rendered movies/index.html.haml within layouts/application (3.3ms)
Completed 200 OK in 5ms (Views: 4.4ms | ActiveRecord: 0.2ms)
Started GET "/movies?ratings[G]=G&ratings[NC-17]=NC-17&ratings[PG]=PG&ratings[PG-13]=PG-13&ratings[R]=R&sort=title" for 127.0.0.1 at 2020-03-10 05:01:22 +0000
Processing by MoviesController#index as HTML
  Parameters: {"ratings"=>{"G"=>"G", "NC-17"=>"NC-17", "PG"=>"PG", "PG-13"=>"PG-13", "R"=>"R"}, "sort"=>"title"}
Redirected to http://www.example.com/movies?ratings%5BG%5D=G&ratings%5BNC-17%5D=NC-17&ratings%5BPG%5D=PG&ratings%5BPG-13%5D=PG-13&ratings%5BR%5D=R&sort=title
Completed 302 Found in 1ms (ActiveRecord: 0.0ms)
Started GET "/movies?ratings[G]=G&ratings[NC-17]=NC-17&ratings[PG]=PG&ratings[PG-13]=PG-13&ratings[R]=R&sort=title" for 127.0.0.1 at 2020-03-10 05:01:22 +0000
Processing by MoviesController#index as HTML
  Parameters: {"ratings"=>{"G"=>"G", "NC-17"=>"NC-17", "PG"=>"PG", "PG-13"=>"PG-13", "R"=>"R"}, "sort"=>"title"}
  [1m[35mMovie Load (0.2ms)[0m  SELECT "movies".* FROM "movies" WHERE "movies"."rating" IN ('G', 'NC-17', 'PG', 'PG-13', 'R')  ORDER BY "movies"."title" ASC
  Rendered movies/index.html.haml within layouts/application (3.2ms)
Completed 200 OK in 5ms (Views: 4.3ms | ActiveRecord: 0.2ms)
  [1m[36m (0.3ms)[0m  [1mrollback transaction[0m
  [1m[35m (0.0ms)[0m  begin transaction
  [1m[36m (0.0ms)[0m  [1mcommit transaction[0m
  [1m[35m (0.0ms)[0m  begin transaction
  [1m[36m (0.0ms)[0m  [1mSAVEPOINT active_record_1[0m
  [1m[35mSQL (0.1ms)[0m  INSERT INTO "movies" ("title", "rating", "release_date", "created_at", "updated_at") VALUES (?, ?, ?, ?, ?)  [["title", "Aladdin"], ["rating", "G"], ["release_date", "1992-11-25 00:00:00.000000"], ["created_at", "2020-03-10 05:01:22.274176"], ["updated_at", "2020-03-10 05:01:22.274176"]]
  [1m[36m (0.0ms)[0m  [1mRELEASE SAVEPOINT active_record_1[0m
  [1m[35m (0.0ms)[0m  SAVEPOINT active_record_1
  [1m[36mSQL (0.1ms)[0m  [1mINSERT INTO "movies" ("title", "rating", "release_date", "created_at", "updated_at") VALUES (?, ?, ?, ?, ?)[0m  [["title", "The Terminator"], ["rating", "R"], ["release_date", "1984-10-26 00:00:00.000000"], ["created_at", "2020-03-10 05:01:22.275717"], ["updated_at", "2020-03-10 05:01:22.275717"]]
  [1m[35m (0.0ms)[0m  RELEASE SAVEPOINT active_record_1
  [1m[36m (0.0ms)[0m  [1mSAVEPOINT active_record_1[0m
  [1m[35mSQL (0.1ms)[0m  INSERT INTO "movies" ("title", "rating", "release_date", "created_at", "updated_at") VALUES (?, ?, ?, ?, ?)  [["title", "When Harry Met Sally"], ["rating", "R"], ["release_date", "1989-07-21 00:00:00.000000"], ["created_at", "2020-03-10 05:01:22.277002"], ["updated_at", "2020-03-10 05:01:22.277002"]]
  [1m[36m (0.1ms)[0m  [1mRELEASE SAVEPOINT active_record_1[0m
  [1m[35m (0.1ms)[0m  SAVEPOINT active_record_1
  [1m[36mSQL (0.1ms)[0m  [1mINSERT INTO "movies" ("title", "rating", "release_date", "created_at", "updated_at") VALUES (?, ?, ?, ?, ?)[0m  [["title", "The Help"], ["rating", "PG-13"], ["release_date", "2011-08-10 00:00:00.000000"], ["created_at", "2020-03-10 05:01:22.278266"], ["updated_at", "2020-03-10 05:01:22.278266"]]
  [1m[35m (0.0ms)[0m  RELEASE SAVEPOINT active_record_1
  [1m[36m (0.0ms)[0m  [1mSAVEPOINT active_record_1[0m
  [1m[35mSQL (0.1ms)[0m  INSERT INTO "movies" ("title", "rating", "release_date", "created_at", "updated_at") VALUES (?, ?, ?, ?, ?)  [["title", "Chocolat"], ["rating", "PG-13"], ["release_date", "2001-01-05 00:00:00.000000"], ["created_at", "2020-03-10 05:01:22.279559"], ["updated_at", "2020-03-10 05:01:22.279559"]]
  [1m[36m (0.0ms)[0m  [1mRELEASE SAVEPOINT active_record_1[0m
  [1m[35m (0.0ms)[0m  SAVEPOINT active_record_1
  [1m[36mSQL (0.1ms)[0m  [1mINSERT INTO "movies" ("title", "rating", "release_date", "created_at", "updated_at") VALUES (?, ?, ?, ?, ?)[0m  [["title", "Amelie"], ["rating", "R"], ["release_date", "2001-04-25 00:00:00.000000"], ["created_at", "2020-03-10 05:01:22.280876"], ["updated_at", "2020-03-10 05:01:22.280876"]]
  [1m[35m (0.0ms)[0m  RELEASE SAVEPOINT active_record_1
  [1m[36m (0.0ms)[0m  [1mSAVEPOINT active_record_1[0m
  [1m[35mSQL (0.1ms)[0m  INSERT INTO "movies" ("title", "rating", "release_date", "created_at", "updated_at") VALUES (?, ?, ?, ?, ?)  [["title", "2001: A Space Odyssey"], ["rating", "G"], ["release_date", "1968-04-06 00:00:00.000000"], ["created_at", "2020-03-10 05:01:22.282112"], ["updated_at", "2020-03-10 05:01:22.282112"]]
  [1m[36m (0.0ms)[0m  [1mRELEASE SAVEPOINT active_record_1[0m
  [1m[35m (0.0ms)[0m  SAVEPOINT active_record_1
  [1m[36mSQL (0.1ms)[0m  [1mINSERT INTO "movies" ("title", "rating", "release_date", "created_at", "updated_at") VALUES (?, ?, ?, ?, ?)[0m  [["title", "The Incredibles"], ["rating", "PG"], ["release_date", "2004-11-05 00:00:00.000000"], ["created_at", "2020-03-10 05:01:22.283367"], ["updated_at", "2020-03-10 05:01:22.283367"]]
  [1m[35m (0.0ms)[0m  RELEASE SAVEPOINT active_record_1
  [1m[36m (0.0ms)[0m  [1mSAVEPOINT active_record_1[0m
  [1m[35mSQL (0.1ms)[0m  INSERT INTO "movies" ("title", "rating", "release_date", "created_at", "updated_at") VALUES (?, ?, ?, ?, ?)  [["title", "Raiders of the Lost Ark"], ["rating", "PG"], ["release_date", "1981-06-12 00:00:00.000000"], ["created_at", "2020-03-10 05:01:22.284659"], ["updated_at", "2020-03-10 05:01:22.284659"]]
  [1m[36m (0.1ms)[0m  [1mRELEASE SAVEPOINT active_record_1[0m
  [1m[35m (0.0ms)[0m  SAVEPOINT active_record_1
  [1m[36mSQL (0.2ms)[0m  [1mINSERT INTO "movies" ("title", "rating", "release_date", "created_at", "updated_at") VALUES (?, ?, ?, ?, ?)[0m  [["title", "Chicken Run"], ["rating", "G"], ["release_date", "2000-06-21 00:00:00.000000"], ["created_at", "2020-03-10 05:01:22.285936"], ["updated_at", "2020-03-10 05:01:22.285936"]]
  [1m[35m (0.0ms)[0m  RELEASE SAVEPOINT active_record_1
Started GET "/movies" for 127.0.0.1 at 2020-03-10 05:01:22 +0000
Processing by MoviesController#index as HTML
  [1m[36mMovie Load (0.2ms)[0m  [1mSELECT "movies".* FROM "movies" WHERE "movies"."rating" IN ('G', 'PG', 'PG-13', 'NC-17', 'R')[0m
  Rendered movies/index.html.haml within layouts/application (3.9ms)
Completed 200 OK in 6ms (Views: 5.0ms | ActiveRecord: 0.2ms)
Started GET "/movies?ratings[G]=G&ratings[NC-17]=NC-17&ratings[PG]=PG&ratings[PG-13]=PG-13&ratings[R]=R&sort=release_date" for 127.0.0.1 at 2020-03-10 05:01:22 +0000
Processing by MoviesController#index as HTML
  Parameters: {"ratings"=>{"G"=>"G", "NC-17"=>"NC-17", "PG"=>"PG", "PG-13"=>"PG-13", "R"=>"R"}, "sort"=>"release_date"}
Redirected to http://www.example.com/movies?ratings%5BG%5D=G&ratings%5BNC-17%5D=NC-17&ratings%5BPG%5D=PG&ratings%5BPG-13%5D=PG-13&ratings%5BR%5D=R&sort=release_date
Completed 302 Found in 1ms (ActiveRecord: 0.0ms)
Started GET "/movies?ratings[G]=G&ratings[NC-17]=NC-17&ratings[PG]=PG&ratings[PG-13]=PG-13&ratings[R]=R&sort=release_date" for 127.0.0.1 at 2020-03-10 05:01:22 +0000
Processing by MoviesController#index as HTML
  Parameters: {"ratings"=>{"G"=>"G", "NC-17"=>"NC-17", "PG"=>"PG", "PG-13"=>"PG-13", "R"=>"R"}, "sort"=>"release_date"}
  [1m[35mMovie Load (0.2ms)[0m  SELECT "movies".* FROM "movies" WHERE "movies"."rating" IN ('G', 'NC-17', 'PG', 'PG-13', 'R')  ORDER BY "movies"."release_date" ASC
  Rendered movies/index.html.haml within layouts/application (3.6ms)
Completed 200 OK in 5ms (Views: 4.6ms | ActiveRecord: 0.2ms)
  [1m[36m (0.3ms)[0m  [1mrollback transaction[0m
  [1m[36mActiveRecord::SchemaMigration Load (0.1ms)[0m  [1mSELECT "schema_migrations".* FROM "schema_migrations"[0m
  [1m[35m (0.1ms)[0m  begin transaction
  [1m[36m (0.1ms)[0m  [1mSAVEPOINT active_record_1[0m
  [1m[35mSQL (0.4ms)[0m  INSERT INTO "movies" ("title", "rating", "description", "release_date", "director", "created_at", "updated_at") VALUES (?, ?, ?, ?, ?, ?, ?)  [["title", "The Shawshank Redemption"], ["rating", "R"], ["description", ""], ["release_date", "1994-10-14 00:00:00.000000"], ["director", "Frank Darabont"], ["created_at", "2020-03-10 05:01:31.102381"], ["updated_at", "2020-03-10 05:01:31.102381"]]
  [1m[36m (0.0ms)[0m  [1mRELEASE SAVEPOINT active_record_1[0m
  [1m[35m (0.0ms)[0m  SAVEPOINT active_record_1
  [1m[36mSQL (0.1ms)[0m  [1mINSERT INTO "movies" ("title", "rating", "description", "release_date", "director", "created_at", "updated_at") VALUES (?, ?, ?, ?, ?, ?, ?)[0m  [["title", "Ready Player One"], ["rating", "R"], ["description", ""], ["release_date", "1994-10-14 00:00:00.000000"], ["director", "Steven Spielberg"], ["created_at", "2020-03-10 05:01:31.104645"], ["updated_at", "2020-03-10 05:01:31.104645"]]
  [1m[35m (0.1ms)[0m  RELEASE SAVEPOINT active_record_1
  [1m[36m (0.0ms)[0m  [1mSAVEPOINT active_record_1[0m
  [1m[35mSQL (0.1ms)[0m  INSERT INTO "movies" ("title", "rating", "description", "release_date", "director", "created_at", "updated_at") VALUES (?, ?, ?, ?, ?, ?, ?)  [["title", "The Terminal"], ["rating", "R"], ["description", ""], ["release_date", "1994-10-14 00:00:00.000000"], ["director", "Steven Spielberg"], ["created_at", "2020-03-10 05:01:31.106121"], ["updated_at", "2020-03-10 05:01:31.106121"]]
  [1m[36m (0.1ms)[0m  [1mRELEASE SAVEPOINT active_record_1[0m
  [1m[35m (0.1ms)[0m  rollback transaction
  [1m[36m (0.1ms)[0m  [1mbegin transaction[0m
  [1m[35m (0.0ms)[0m  SAVEPOINT active_record_1
  [1m[36mSQL (0.1ms)[0m  [1mINSERT INTO "movies" ("title", "rating", "description", "release_date", "director", "created_at", "updated_at") VALUES (?, ?, ?, ?, ?, ?, ?)[0m  [["title", "The Shawshank Redemption"], ["rating", "R"], ["description", ""], ["release_date", "1994-10-14 00:00:00.000000"], ["director", "Frank Darabont"], ["created_at", "2020-03-10 05:01:31.110413"], ["updated_at", "2020-03-10 05:01:31.110413"]]
  [1m[35m (0.0ms)[0m  RELEASE SAVEPOINT active_record_1
  [1m[36m (0.0ms)[0m  [1mSAVEPOINT active_record_1[0m
  [1m[35mSQL (0.1ms)[0m  INSERT INTO "movies" ("title", "rating", "description", "release_date", "director", "created_at", "updated_at") VALUES (?, ?, ?, ?, ?, ?, ?)  [["title", "Ready Player One"], ["rating", "R"], ["description", ""], ["release_date", "1994-10-14 00:00:00.000000"], ["director", "Steven Spielberg"], ["created_at", "2020-03-10 05:01:31.112005"], ["updated_at", "2020-03-10 05:01:31.112005"]]
  [1m[36m (0.1ms)[0m  [1mRELEASE SAVEPOINT active_record_1[0m
  [1m[35m (0.0ms)[0m  SAVEPOINT active_record_1
  [1m[36mSQL (0.1ms)[0m  [1mINSERT INTO "movies" ("title", "rating", "description", "release_date", "director", "created_at", "updated_at") VALUES (?, ?, ?, ?, ?, ?, ?)[0m  [["title", "The Terminal"], ["rating", "R"], ["description", ""], ["release_date", "1994-10-14 00:00:00.000000"], ["director", "Steven Spielberg"], ["created_at", "2020-03-10 05:01:31.113513"], ["updated_at", "2020-03-10 05:01:31.113513"]]
  [1m[35m (0.0ms)[0m  RELEASE SAVEPOINT active_record_1
  [1m[36m (0.1ms)[0m  [1mrollback transaction[0m
  [1m[35m (0.0ms)[0m  begin transaction
  [1m[36m (0.0ms)[0m  [1mSAVEPOINT active_record_1[0m
  [1m[35mSQL (0.1ms)[0m  INSERT INTO "movies" ("title", "rating", "description", "release_date", "director", "created_at", "updated_at") VALUES (?, ?, ?, ?, ?, ?, ?)  [["title", "The Shawshank Redemption"], ["rating", "R"], ["description", ""], ["release_date", "1994-10-14 00:00:00.000000"], ["director", "Frank Darabont"], ["created_at", "2020-03-10 05:01:31.117012"], ["updated_at", "2020-03-10 05:01:31.117012"]]
  [1m[36m (0.0ms)[0m  [1mRELEASE SAVEPOINT active_record_1[0m
  [1m[35m (0.0ms)[0m  SAVEPOINT active_record_1
  [1m[36mSQL (0.2ms)[0m  [1mINSERT INTO "movies" ("title", "rating", "description", "release_date", "director", "created_at", "updated_at") VALUES (?, ?, ?, ?, ?, ?, ?)[0m  [["title", "Ready Player One"], ["rating", "R"], ["description", ""], ["release_date", "1994-10-14 00:00:00.000000"], ["director", "Steven Spielberg"], ["created_at", "2020-03-10 05:01:31.118466"], ["updated_at", "2020-03-10 05:01:31.118466"]]
  [1m[35m (0.0ms)[0m  RELEASE SAVEPOINT active_record_1
  [1m[36m (0.0ms)[0m  [1mSAVEPOINT active_record_1[0m
  [1m[35mSQL (0.1ms)[0m  INSERT INTO "movies" ("title", "rating", "description", "release_date", "director", "created_at", "updated_at") VALUES (?, ?, ?, ?, ?, ?, ?)  [["title", "The Terminal"], ["rating", "R"], ["description", ""], ["release_date", "1994-10-14 00:00:00.000000"], ["director", "Steven Spielberg"], ["created_at", "2020-03-10 05:01:31.120086"], ["updated_at", "2020-03-10 05:01:31.120086"]]
  [1m[36m (0.0ms)[0m  [1mRELEASE SAVEPOINT active_record_1[0m
  [1m[35m (0.0ms)[0m  SAVEPOINT active_record_1
  [1m[36mSQL (0.1ms)[0m  [1mINSERT INTO "movies" ("title", "rating", "description", "release_date", "director", "created_at", "updated_at") VALUES (?, ?, ?, ?, ?, ?, ?)[0m  [["title", "The Shawshank Redemption"], ["rating", "R"], ["description", ""], ["release_date", "1994-10-14 00:00:00.000000"], ["director", ""], ["created_at", "2020-03-10 05:01:31.121483"], ["updated_at", "2020-03-10 05:01:31.121483"]]
  [1m[35m (0.0ms)[0m  RELEASE SAVEPOINT active_record_1
  [1m[36m (0.2ms)[0m  [1mrollback transaction[0m
  [1m[35m (0.0ms)[0m  begin transaction
  [1m[36m (0.0ms)[0m  [1mSAVEPOINT active_record_1[0m
  [1m[35mSQL (0.1ms)[0m  INSERT INTO "movies" ("title", "rating", "description", "release_date", "director", "created_at", "updated_at") VALUES (?, ?, ?, ?, ?, ?, ?)  [["title", "The Shawshank Redemption"], ["rating", "R"], ["description", ""], ["release_date", "1994-10-14 00:00:00.000000"], ["director", "Frank Darabont"], ["created_at", "2020-03-10 05:01:31.125042"], ["updated_at", "2020-03-10 05:01:31.125042"]]
  [1m[36m (0.0ms)[0m  [1mRELEASE SAVEPOINT active_record_1[0m
  [1m[35m (0.0ms)[0m  SAVEPOINT active_record_1
  [1m[36mSQL (0.1ms)[0m  [1mINSERT INTO "movies" ("title", "rating", "description", "release_date", "director", "created_at", "updated_at") VALUES (?, ?, ?, ?, ?, ?, ?)[0m  [["title", "Ready Player One"], ["rating", "R"], ["description", ""], ["release_date", "1994-10-14 00:00:00.000000"], ["director", "Steven Spielberg"], ["created_at", "2020-03-10 05:01:31.126534"], ["updated_at", "2020-03-10 05:01:31.126534"]]
  [1m[35m (0.0ms)[0m  RELEASE SAVEPOINT active_record_1
  [1m[36m (0.0ms)[0m  [1mSAVEPOINT active_record_1[0m
  [1m[35mSQL (0.1ms)[0m  INSERT INTO "movies" ("title", "rating", "description", "release_date", "director", "created_at", "updated_at") VALUES (?, ?, ?, ?, ?, ?, ?)  [["title", "The Terminal"], ["rating", "R"], ["description", ""], ["release_date", "1994-10-14 00:00:00.000000"], ["director", "Steven Spielberg"], ["created_at", "2020-03-10 05:01:31.128004"], ["updated_at", "2020-03-10 05:01:31.128004"]]
  [1m[36m (0.0ms)[0m  [1mRELEASE SAVEPOINT active_record_1[0m
  [1m[35m (0.0ms)[0m  SAVEPOINT active_record_1
  [1m[36mSQL (0.1ms)[0m  [1mINSERT INTO "movies" ("title", "rating", "description", "release_date", "director", "created_at", "updated_at") VALUES (?, ?, ?, ?, ?, ?, ?)[0m  [["title", "The Shawshank Redemption"], ["rating", "R"], ["description", ""], ["release_date", "1994-10-14 00:00:00.000000"], ["director", ""], ["created_at", "2020-03-10 05:01:31.129401"], ["updated_at", "2020-03-10 05:01:31.129401"]]
  [1m[35m (0.0ms)[0m  RELEASE SAVEPOINT active_record_1
  [1m[36m (0.1ms)[0m  [1mrollback transaction[0m
  [1m[36mActiveRecord::SchemaMigration Load (0.1ms)[0m  [1mSELECT "schema_migrations".* FROM "schema_migrations"[0m
  [1m[35m (0.1ms)[0m  begin transaction
  [1m[36m (0.0ms)[0m  [1mSAVEPOINT active_record_1[0m
  [1m[35mSQL (0.5ms)[0m  INSERT INTO "movies" ("title", "rating", "description", "release_date", "director", "created_at", "updated_at") VALUES (?, ?, ?, ?, ?, ?, ?)  [["title", "The Shawshank Redemption"], ["rating", "R"], ["description", ""], ["release_date", "1994-10-14 00:00:00.000000"], ["director", "Frank Darabont"], ["created_at", "2020-03-10 05:07:02.631764"], ["updated_at", "2020-03-10 05:07:02.631764"]]
  [1m[36m (0.1ms)[0m  [1mRELEASE SAVEPOINT active_record_1[0m
  [1m[35m (0.0ms)[0m  SAVEPOINT active_record_1
  [1m[36mSQL (0.1ms)[0m  [1mINSERT INTO "movies" ("title", "rating", "description", "release_date", "director", "created_at", "updated_at") VALUES (?, ?, ?, ?, ?, ?, ?)[0m  [["title", "Ready Player One"], ["rating", "R"], ["description", ""], ["release_date", "1994-10-14 00:00:00.000000"], ["director", "Steven Spielberg"], ["created_at", "2020-03-10 05:07:02.634113"], ["updated_at", "2020-03-10 05:07:02.634113"]]
  [1m[35m (0.0ms)[0m  RELEASE SAVEPOINT active_record_1
  [1m[36m (0.0ms)[0m  [1mSAVEPOINT active_record_1[0m
  [1m[35mSQL (0.1ms)[0m  INSERT INTO "movies" ("title", "rating", "description", "release_date", "director", "created_at", "updated_at") VALUES (?, ?, ?, ?, ?, ?, ?)  [["title", "The Terminal"], ["rating", "R"], ["description", ""], ["release_date", "1994-10-14 00:00:00.000000"], ["director", "Steven Spielberg"], ["created_at", "2020-03-10 05:07:02.635736"], ["updated_at", "2020-03-10 05:07:02.635736"]]
  [1m[36m (0.0ms)[0m  [1mRELEASE SAVEPOINT active_record_1[0m
  [1m[35m (0.1ms)[0m  rollback transaction
  [1m[36m (0.1ms)[0m  [1mbegin transaction[0m
  [1m[35m (0.0ms)[0m  SAVEPOINT active_record_1
  [1m[36mSQL (0.1ms)[0m  [1mINSERT INTO "movies" ("title", "rating", "description", "release_date", "director", "created_at", "updated_at") VALUES (?, ?, ?, ?, ?, ?, ?)[0m  [["title", "The Shawshank Redemption"], ["rating", "R"], ["description", ""], ["release_date", "1994-10-14 00:00:00.000000"], ["director", "Frank Darabont"], ["created_at", "2020-03-10 05:07:02.643547"], ["updated_at", "2020-03-10 05:07:02.643547"]]
  [1m[35m (0.1ms)[0m  RELEASE SAVEPOINT active_record_1
  [1m[36m (0.0ms)[0m  [1mSAVEPOINT active_record_1[0m
  [1m[35mSQL (0.1ms)[0m  INSERT INTO "movies" ("title", "rating", "description", "release_date", "director", "created_at", "updated_at") VALUES (?, ?, ?, ?, ?, ?, ?)  [["title", "Ready Player One"], ["rating", "R"], ["description", ""], ["release_date", "1994-10-14 00:00:00.000000"], ["director", "Steven Spielberg"], ["created_at", "2020-03-10 05:07:02.645314"], ["updated_at", "2020-03-10 05:07:02.645314"]]
  [1m[36m (0.1ms)[0m  [1mRELEASE SAVEPOINT active_record_1[0m
  [1m[35m (0.1ms)[0m  SAVEPOINT active_record_1
  [1m[36mSQL (0.1ms)[0m  [1mINSERT INTO "movies" ("title", "rating", "description", "release_date", "director", "created_at", "updated_at") VALUES (?, ?, ?, ?, ?, ?, ?)[0m  [["title", "The Terminal"], ["rating", "R"], ["description", ""], ["release_date", "1994-10-14 00:00:00.000000"], ["director", "Steven Spielberg"], ["created_at", "2020-03-10 05:07:02.646939"], ["updated_at", "2020-03-10 05:07:02.646939"]]
  [1m[35m (0.1ms)[0m  RELEASE SAVEPOINT active_record_1
  [1m[36m (0.2ms)[0m  [1mrollback transaction[0m
  [1m[35m (0.1ms)[0m  begin transaction
  [1m[36m (0.0ms)[0m  [1mSAVEPOINT active_record_1[0m
  [1m[35mSQL (0.1ms)[0m  INSERT INTO "movies" ("title", "rating", "description", "release_date", "director", "created_at", "updated_at") VALUES (?, ?, ?, ?, ?, ?, ?)  [["title", "The Shawshank Redemption"], ["rating", "R"], ["description", ""], ["release_date", "1994-10-14 00:00:00.000000"], ["director", "Frank Darabont"], ["created_at", "2020-03-10 05:07:02.651453"], ["updated_at", "2020-03-10 05:07:02.651453"]]
  [1m[36m (0.0ms)[0m  [1mRELEASE SAVEPOINT active_record_1[0m
  [1m[35m (0.0ms)[0m  SAVEPOINT active_record_1
  [1m[36mSQL (0.1ms)[0m  [1mINSERT INTO "movies" ("title", "rating", "description", "release_date", "director", "created_at", "updated_at") VALUES (?, ?, ?, ?, ?, ?, ?)[0m  [["title", "Ready Player One"], ["rating", "R"], ["description", ""], ["release_date", "1994-10-14 00:00:00.000000"], ["director", "Steven Spielberg"], ["created_at", "2020-03-10 05:07:02.655276"], ["updated_at", "2020-03-10 05:07:02.655276"]]
  [1m[35m (0.0ms)[0m  RELEASE SAVEPOINT active_record_1
  [1m[36m (0.0ms)[0m  [1mSAVEPOINT active_record_1[0m
  [1m[35mSQL (0.1ms)[0m  INSERT INTO "movies" ("title", "rating", "description", "release_date", "director", "created_at", "updated_at") VALUES (?, ?, ?, ?, ?, ?, ?)  [["title", "The Terminal"], ["rating", "R"], ["description", ""], ["release_date", "1994-10-14 00:00:00.000000"], ["director", "Steven Spielberg"], ["created_at", "2020-03-10 05:07:02.658091"], ["updated_at", "2020-03-10 05:07:02.658091"]]
  [1m[36m (0.0ms)[0m  [1mRELEASE SAVEPOINT active_record_1[0m
  [1m[35m (0.0ms)[0m  SAVEPOINT active_record_1
  [1m[36mSQL (0.7ms)[0m  [1mINSERT INTO "movies" ("title", "rating", "description", "release_date", "director", "created_at", "updated_at") VALUES (?, ?, ?, ?, ?, ?, ?)[0m  [["title", "The Shawshank Redemption"], ["rating", "R"], ["description", ""], ["release_date", "1994-10-14 00:00:00.000000"], ["director", ""], ["created_at", "2020-03-10 05:07:02.661539"], ["updated_at", "2020-03-10 05:07:02.661539"]]
  [1m[35m (0.0ms)[0m  RELEASE SAVEPOINT active_record_1
  [1m[36m (0.1ms)[0m  [1mrollback transaction[0m
  [1m[35m (0.0ms)[0m  begin transaction
  [1m[36m (0.0ms)[0m  [1mSAVEPOINT active_record_1[0m
  [1m[35mSQL (0.3ms)[0m  INSERT INTO "movies" ("title", "rating", "description", "release_date", "director", "created_at", "updated_at") VALUES (?, ?, ?, ?, ?, ?, ?)  [["title", "The Shawshank Redemption"], ["rating", "R"], ["description", ""], ["release_date", "1994-10-14 00:00:00.000000"], ["director", "Frank Darabont"], ["created_at", "2020-03-10 05:07:02.667248"], ["updated_at", "2020-03-10 05:07:02.667248"]]
  [1m[36m (0.0ms)[0m  [1mRELEASE SAVEPOINT active_record_1[0m
  [1m[35m (0.0ms)[0m  SAVEPOINT active_record_1
  [1m[36mSQL (0.1ms)[0m  [1mINSERT INTO "movies" ("title", "rating", "description", "release_date", "director", "created_at", "updated_at") VALUES (?, ?, ?, ?, ?, ?, ?)[0m  [["title", "Ready Player One"], ["rating", "R"], ["description", ""], ["release_date", "1994-10-14 00:00:00.000000"], ["director", "Steven Spielberg"], ["created_at", "2020-03-10 05:07:02.671180"], ["updated_at", "2020-03-10 05:07:02.671180"]]
  [1m[35m (0.0ms)[0m  RELEASE SAVEPOINT active_record_1
  [1m[36m (0.0ms)[0m  [1mSAVEPOINT active_record_1[0m
  [1m[35mSQL (0.1ms)[0m  INSERT INTO "movies" ("title", "rating", "description", "release_date", "director", "created_at", "updated_at") VALUES (?, ?, ?, ?, ?, ?, ?)  [["title", "The Terminal"], ["rating", "R"], ["description", ""], ["release_date", "1994-10-14 00:00:00.000000"], ["director", "Steven Spielberg"], ["created_at", "2020-03-10 05:07:02.674142"], ["updated_at", "2020-03-10 05:07:02.674142"]]
  [1m[36m (0.0ms)[0m  [1mRELEASE SAVEPOINT active_record_1[0m
  [1m[35m (0.0ms)[0m  SAVEPOINT active_record_1
  [1m[36mSQL (0.1ms)[0m  [1mINSERT INTO "movies" ("title", "rating", "description", "release_date", "director", "created_at", "updated_at") VALUES (?, ?, ?, ?, ?, ?, ?)[0m  [["title", "The Shawshank Redemption"], ["rating", "R"], ["description", ""], ["release_date", "1994-10-14 00:00:00.000000"], ["director", ""], ["created_at", "2020-03-10 05:07:02.676951"], ["updated_at", "2020-03-10 05:07:02.676951"]]
  [1m[35m (0.0ms)[0m  RELEASE SAVEPOINT active_record_1
  [1m[36m (0.1ms)[0m  [1mrollback transaction[0m
  [1m[36mActiveRecord::SchemaMigration Load (0.1ms)[0m  [1mSELECT "schema_migrations".* FROM "schema_migrations"[0m
  [1m[35m (0.1ms)[0m  begin transaction
  [1m[36m (0.5ms)[0m  [1mSAVEPOINT active_record_1[0m
  [1m[35mSQL (0.4ms)[0m  INSERT INTO "movies" ("title", "rating", "description", "release_date", "director", "created_at", "updated_at") VALUES (?, ?, ?, ?, ?, ?, ?)  [["title", "The Shawshank Redemption"], ["rating", "R"], ["description", ""], ["release_date", "1994-10-14 00:00:00.000000"], ["director", "Frank Darabont"], ["created_at", "2020-03-10 05:11:57.961495"], ["updated_at", "2020-03-10 05:11:57.961495"]]
  [1m[36m (0.0ms)[0m  [1mRELEASE SAVEPOINT active_record_1[0m
  [1m[35m (0.0ms)[0m  SAVEPOINT active_record_1
  [1m[36mSQL (0.1ms)[0m  [1mINSERT INTO "movies" ("title", "rating", "description", "release_date", "director", "created_at", "updated_at") VALUES (?, ?, ?, ?, ?, ?, ?)[0m  [["title", "Ready Player One"], ["rating", "R"], ["description", ""], ["release_date", "1994-10-14 00:00:00.000000"], ["director", "Steven Spielberg"], ["created_at", "2020-03-10 05:11:57.964471"], ["updated_at", "2020-03-10 05:11:57.964471"]]
  [1m[35m (0.0ms)[0m  RELEASE SAVEPOINT active_record_1
  [1m[36m (0.0ms)[0m  [1mSAVEPOINT active_record_1[0m
  [1m[35mSQL (0.1ms)[0m  INSERT INTO "movies" ("title", "rating", "description", "release_date", "director", "created_at", "updated_at") VALUES (?, ?, ?, ?, ?, ?, ?)  [["title", "The Terminal"], ["rating", "R"], ["description", ""], ["release_date", "1994-10-14 00:00:00.000000"], ["director", "Steven Spielberg"], ["created_at", "2020-03-10 05:11:57.966687"], ["updated_at", "2020-03-10 05:11:57.966687"]]
  [1m[36m (0.0ms)[0m  [1mRELEASE SAVEPOINT active_record_1[0m
Processing by MoviesController#same_director as HTML
  Parameters: {"id"=>"2"}
  [1m[35mMovie Load (0.1ms)[0m  SELECT  "movies".* FROM "movies" WHERE "movies"."id" = ? LIMIT 1  [["id", 2]]
  Template rendering was prevented by rspec-rails. Use `render_views` to verify rendered view contents if necessary.
  Rendered movies/same_director.html.haml within layouts/application (0.3ms)
  Template rendering was prevented by rspec-rails. Use `render_views` to verify rendered view contents if necessary.
Completed 200 OK in 11ms (Views: 7.5ms | ActiveRecord: 0.1ms)
  [1m[36mMovie Load (0.1ms)[0m  [1mSELECT "movies".* FROM "movies" WHERE "movies"."Director" = 'Steven Spielberg'[0m
  [1m[35m (0.3ms)[0m  rollback transaction
  [1m[36m (0.0ms)[0m  [1mbegin transaction[0m
  [1m[35m (0.0ms)[0m  SAVEPOINT active_record_1
  [1m[36mSQL (0.1ms)[0m  [1mINSERT INTO "movies" ("title", "rating", "description", "release_date", "director", "created_at", "updated_at") VALUES (?, ?, ?, ?, ?, ?, ?)[0m  [["title", "The Shawshank Redemption"], ["rating", "R"], ["description", ""], ["release_date", "1994-10-14 00:00:00.000000"], ["director", "Frank Darabont"], ["created_at", "2020-03-10 05:11:57.995893"], ["updated_at", "2020-03-10 05:11:57.995893"]]
  [1m[35m (0.0ms)[0m  RELEASE SAVEPOINT active_record_1
  [1m[36m (0.0ms)[0m  [1mSAVEPOINT active_record_1[0m
  [1m[35mSQL (0.1ms)[0m  INSERT INTO "movies" ("title", "rating", "description", "release_date", "director", "created_at", "updated_at") VALUES (?, ?, ?, ?, ?, ?, ?)  [["title", "Ready Player One"], ["rating", "R"], ["description", ""], ["release_date", "1994-10-14 00:00:00.000000"], ["director", "Steven Spielberg"], ["created_at", "2020-03-10 05:11:57.997424"], ["updated_at", "2020-03-10 05:11:57.997424"]]
  [1m[36m (0.0ms)[0m  [1mRELEASE SAVEPOINT active_record_1[0m
  [1m[35m (0.0ms)[0m  SAVEPOINT active_record_1
  [1m[36mSQL (0.1ms)[0m  [1mINSERT INTO "movies" ("title", "rating", "description", "release_date", "director", "created_at", "updated_at") VALUES (?, ?, ?, ?, ?, ?, ?)[0m  [["title", "The Terminal"], ["rating", "R"], ["description", ""], ["release_date", "1994-10-14 00:00:00.000000"], ["director", "Steven Spielberg"], ["created_at", "2020-03-10 05:11:57.998834"], ["updated_at", "2020-03-10 05:11:57.998834"]]
  [1m[35m (0.0ms)[0m  RELEASE SAVEPOINT active_record_1
  [1m[36m (0.1ms)[0m  [1mrollback transaction[0m
  [1m[35m (0.0ms)[0m  begin transaction
  [1m[36m (0.0ms)[0m  [1mSAVEPOINT active_record_1[0m
  [1m[35mSQL (0.1ms)[0m  INSERT INTO "movies" ("title", "rating", "description", "release_date", "director", "created_at", "updated_at") VALUES (?, ?, ?, ?, ?, ?, ?)  [["title", "The Shawshank Redemption"], ["rating", "R"], ["description", ""], ["release_date", "1994-10-14 00:00:00.000000"], ["director", "Frank Darabont"], ["created_at", "2020-03-10 05:11:58.002892"], ["updated_at", "2020-03-10 05:11:58.002892"]]
  [1m[36m (0.0ms)[0m  [1mRELEASE SAVEPOINT active_record_1[0m
  [1m[35m (0.0ms)[0m  SAVEPOINT active_record_1
  [1m[36mSQL (0.1ms)[0m  [1mINSERT INTO "movies" ("title", "rating", "description", "release_date", "director", "created_at", "updated_at") VALUES (?, ?, ?, ?, ?, ?, ?)[0m  [["title", "Ready Player One"], ["rating", "R"], ["description", ""], ["release_date", "1994-10-14 00:00:00.000000"], ["director", "Steven Spielberg"], ["created_at", "2020-03-10 05:11:58.004406"], ["updated_at", "2020-03-10 05:11:58.004406"]]
  [1m[35m (0.0ms)[0m  RELEASE SAVEPOINT active_record_1
  [1m[36m (0.1ms)[0m  [1mSAVEPOINT active_record_1[0m
  [1m[35mSQL (0.1ms)[0m  INSERT INTO "movies" ("title", "rating", "description", "release_date", "director", "created_at", "updated_at") VALUES (?, ?, ?, ?, ?, ?, ?)  [["title", "The Terminal"], ["rating", "R"], ["description", ""], ["release_date", "1994-10-14 00:00:00.000000"], ["director", "Steven Spielberg"], ["created_at", "2020-03-10 05:11:58.005823"], ["updated_at", "2020-03-10 05:11:58.005823"]]
  [1m[36m (0.0ms)[0m  [1mRELEASE SAVEPOINT active_record_1[0m
  [1m[35m (0.1ms)[0m  SAVEPOINT active_record_1
  [1m[36mSQL (0.1ms)[0m  [1mINSERT INTO "movies" ("title", "rating", "description", "release_date", "director", "created_at", "updated_at") VALUES (?, ?, ?, ?, ?, ?, ?)[0m  [["title", "The Shawshank Redemption"], ["rating", "R"], ["description", ""], ["release_date", "1994-10-14 00:00:00.000000"], ["director", ""], ["created_at", "2020-03-10 05:11:58.007215"], ["updated_at", "2020-03-10 05:11:58.007215"]]
  [1m[35m (0.0ms)[0m  RELEASE SAVEPOINT active_record_1
  [1m[36m (0.2ms)[0m  [1mrollback transaction[0m
  [1m[35m (0.0ms)[0m  begin transaction
  [1m[36m (0.0ms)[0m  [1mSAVEPOINT active_record_1[0m
  [1m[35mSQL (0.1ms)[0m  INSERT INTO "movies" ("title", "rating", "description", "release_date", "director", "created_at", "updated_at") VALUES (?, ?, ?, ?, ?, ?, ?)  [["title", "The Shawshank Redemption"], ["rating", "R"], ["description", ""], ["release_date", "1994-10-14 00:00:00.000000"], ["director", "Frank Darabont"], ["created_at", "2020-03-10 05:11:58.010887"], ["updated_at", "2020-03-10 05:11:58.010887"]]
  [1m[36m (0.0ms)[0m  [1mRELEASE SAVEPOINT active_record_1[0m
  [1m[35m (0.0ms)[0m  SAVEPOINT active_record_1
  [1m[36mSQL (0.1ms)[0m  [1mINSERT INTO "movies" ("title", "rating", "description", "release_date", "director", "created_at", "updated_at") VALUES (?, ?, ?, ?, ?, ?, ?)[0m  [["title", "Ready Player One"], ["rating", "R"], ["description", ""], ["release_date", "1994-10-14 00:00:00.000000"], ["director", "Steven Spielberg"], ["created_at", "2020-03-10 05:11:58.012465"], ["updated_at", "2020-03-10 05:11:58.012465"]]
  [1m[35m (0.0ms)[0m  RELEASE SAVEPOINT active_record_1
  [1m[36m (0.0ms)[0m  [1mSAVEPOINT active_record_1[0m
  [1m[35mSQL (0.1ms)[0m  INSERT INTO "movies" ("title", "rating", "description", "release_date", "director", "created_at", "updated_at") VALUES (?, ?, ?, ?, ?, ?, ?)  [["title", "The Terminal"], ["rating", "R"], ["description", ""], ["release_date", "1994-10-14 00:00:00.000000"], ["director", "Steven Spielberg"], ["created_at", "2020-03-10 05:11:58.013951"], ["updated_at", "2020-03-10 05:11:58.013951"]]
  [1m[36m (0.0ms)[0m  [1mRELEASE SAVEPOINT active_record_1[0m
  [1m[35m (0.0ms)[0m  SAVEPOINT active_record_1
  [1m[36mSQL (0.1ms)[0m  [1mINSERT INTO "movies" ("title", "rating", "description", "release_date", "director", "created_at", "updated_at") VALUES (?, ?, ?, ?, ?, ?, ?)[0m  [["title", "The Shawshank Redemption"], ["rating", "R"], ["description", ""], ["release_date", "1994-10-14 00:00:00.000000"], ["director", ""], ["created_at", "2020-03-10 05:11:58.015398"], ["updated_at", "2020-03-10 05:11:58.015398"]]
  [1m[35m (0.0ms)[0m  RELEASE SAVEPOINT active_record_1
  [1m[36m (0.1ms)[0m  [1mrollback transaction[0m
  [1m[36mActiveRecord::SchemaMigration Load (0.1ms)[0m  [1mSELECT "schema_migrations".* FROM "schema_migrations"[0m
  [1m[35m (0.1ms)[0m  begin transaction
  [1m[36m (0.1ms)[0m  [1mSAVEPOINT active_record_1[0m
  [1m[35mSQL (0.5ms)[0m  INSERT INTO "movies" ("title", "rating", "description", "release_date", "director", "created_at", "updated_at") VALUES (?, ?, ?, ?, ?, ?, ?)  [["title", "The Shawshank Redemption"], ["rating", "R"], ["description", ""], ["release_date", "1994-10-14 00:00:00.000000"], ["director", "Frank Darabont"], ["created_at", "2020-03-10 05:12:59.787168"], ["updated_at", "2020-03-10 05:12:59.787168"]]
  [1m[36m (0.0ms)[0m  [1mRELEASE SAVEPOINT active_record_1[0m
  [1m[35m (0.0ms)[0m  SAVEPOINT active_record_1
  [1m[36mSQL (0.1ms)[0m  [1mINSERT INTO "movies" ("title", "rating", "description", "release_date", "director", "created_at", "updated_at") VALUES (?, ?, ?, ?, ?, ?, ?)[0m  [["title", "Ready Player One"], ["rating", "R"], ["description", ""], ["release_date", "1994-10-14 00:00:00.000000"], ["director", "Steven Spielberg"], ["created_at", "2020-03-10 05:12:59.789579"], ["updated_at", "2020-03-10 05:12:59.789579"]]
  [1m[35m (0.1ms)[0m  RELEASE SAVEPOINT active_record_1
  [1m[36m (0.1ms)[0m  [1mSAVEPOINT active_record_1[0m
  [1m[35mSQL (0.1ms)[0m  INSERT INTO "movies" ("title", "rating", "description", "release_date", "director", "created_at", "updated_at") VALUES (?, ?, ?, ?, ?, ?, ?)  [["title", "The Terminal"], ["rating", "R"], ["description", ""], ["release_date", "1994-10-14 00:00:00.000000"], ["director", "Steven Spielberg"], ["created_at", "2020-03-10 05:12:59.791160"], ["updated_at", "2020-03-10 05:12:59.791160"]]
  [1m[36m (0.0ms)[0m  [1mRELEASE SAVEPOINT active_record_1[0m
Processing by MoviesController#same_director as HTML
  Parameters: {"id"=>"2"}
  [1m[35mMovie Load (0.1ms)[0m  SELECT  "movies".* FROM "movies" WHERE "movies"."id" = ? LIMIT 1  [["id", 2]]
  Template rendering was prevented by rspec-rails. Use `render_views` to verify rendered view contents if necessary.
  Rendered movies/same_director.html.haml within layouts/application (0.2ms)
  Template rendering was prevented by rspec-rails. Use `render_views` to verify rendered view contents if necessary.
Completed 200 OK in 11ms (Views: 7.3ms | ActiveRecord: 0.1ms)
  [1m[36mMovie Load (0.1ms)[0m  [1mSELECT "movies".* FROM "movies" WHERE "movies"."Director" = 'Steven Spielberg'[0m
  [1m[35m (1.6ms)[0m  rollback transaction
  [1m[36m (0.1ms)[0m  [1mbegin transaction[0m
  [1m[35m (0.0ms)[0m  SAVEPOINT active_record_1
  [1m[36mSQL (0.1ms)[0m  [1mINSERT INTO "movies" ("title", "rating", "description", "release_date", "director", "created_at", "updated_at") VALUES (?, ?, ?, ?, ?, ?, ?)[0m  [["title", "The Shawshank Redemption"], ["rating", "R"], ["description", ""], ["release_date", "1994-10-14 00:00:00.000000"], ["director", "Frank Darabont"], ["created_at", "2020-03-10 05:12:59.812294"], ["updated_at", "2020-03-10 05:12:59.812294"]]
  [1m[35m (0.0ms)[0m  RELEASE SAVEPOINT active_record_1
  [1m[36m (0.1ms)[0m  [1mSAVEPOINT active_record_1[0m
  [1m[35mSQL (0.1ms)[0m  INSERT INTO "movies" ("title", "rating", "description", "release_date", "director", "created_at", "updated_at") VALUES (?, ?, ?, ?, ?, ?, ?)  [["title", "Ready Player One"], ["rating", "R"], ["description", ""], ["release_date", "1994-10-14 00:00:00.000000"], ["director", "Steven Spielberg"], ["created_at", "2020-03-10 05:12:59.813935"], ["updated_at", "2020-03-10 05:12:59.813935"]]
  [1m[36m (0.0ms)[0m  [1mRELEASE SAVEPOINT active_record_1[0m
  [1m[35m (0.1ms)[0m  SAVEPOINT active_record_1
  [1m[36mSQL (0.1ms)[0m  [1mINSERT INTO "movies" ("title", "rating", "description", "release_date", "director", "created_at", "updated_at") VALUES (?, ?, ?, ?, ?, ?, ?)[0m  [["title", "The Terminal"], ["rating", "R"], ["description", ""], ["release_date", "1994-10-14 00:00:00.000000"], ["director", "Steven Spielberg"], ["created_at", "2020-03-10 05:12:59.815523"], ["updated_at", "2020-03-10 05:12:59.815523"]]
  [1m[35m (0.0ms)[0m  RELEASE SAVEPOINT active_record_1
Processing by MoviesController#same_director as HTML
  Parameters: {"id"=>"2"}
  [1m[36mMovie Load (0.0ms)[0m  [1mSELECT  "movies".* FROM "movies" WHERE "movies"."id" = ? LIMIT 1[0m  [["id", 2]]
  Rendered movies/same_director.html.haml within layouts/application (0.0ms)
Completed 200 OK in 1ms (Views: 0.4ms | ActiveRecord: 0.0ms)
  [1m[35m (0.1ms)[0m  rollback transaction
  [1m[36m (0.0ms)[0m  [1mbegin transaction[0m
  [1m[35m (0.0ms)[0m  SAVEPOINT active_record_1
  [1m[36mSQL (0.1ms)[0m  [1mINSERT INTO "movies" ("title", "rating", "description", "release_date", "director", "created_at", "updated_at") VALUES (?, ?, ?, ?, ?, ?, ?)[0m  [["title", "The Shawshank Redemption"], ["rating", "R"], ["description", ""], ["release_date", "1994-10-14 00:00:00.000000"], ["director", "Frank Darabont"], ["created_at", "2020-03-10 05:12:59.821230"], ["updated_at", "2020-03-10 05:12:59.821230"]]
  [1m[35m (0.0ms)[0m  RELEASE SAVEPOINT active_record_1
  [1m[36m (0.0ms)[0m  [1mSAVEPOINT active_record_1[0m
  [1m[35mSQL (0.1ms)[0m  INSERT INTO "movies" ("title", "rating", "description", "release_date", "director", "created_at", "updated_at") VALUES (?, ?, ?, ?, ?, ?, ?)  [["title", "Ready Player One"], ["rating", "R"], ["description", ""], ["release_date", "1994-10-14 00:00:00.000000"], ["director", "Steven Spielberg"], ["created_at", "2020-03-10 05:12:59.822789"], ["updated_at", "2020-03-10 05:12:59.822789"]]
  [1m[36m (0.0ms)[0m  [1mRELEASE SAVEPOINT active_record_1[0m
  [1m[35m (0.0ms)[0m  SAVEPOINT active_record_1
  [1m[36mSQL (0.1ms)[0m  [1mINSERT INTO "movies" ("title", "rating", "description", "release_date", "director", "created_at", "updated_at") VALUES (?, ?, ?, ?, ?, ?, ?)[0m  [["title", "The Terminal"], ["rating", "R"], ["description", ""], ["release_date", "1994-10-14 00:00:00.000000"], ["director", "Steven Spielberg"], ["created_at", "2020-03-10 05:12:59.824415"], ["updated_at", "2020-03-10 05:12:59.824415"]]
  [1m[35m (0.0ms)[0m  RELEASE SAVEPOINT active_record_1
  [1m[36m (0.0ms)[0m  [1mSAVEPOINT active_record_1[0m
  [1m[35mSQL (0.1ms)[0m  INSERT INTO "movies" ("title", "rating", "description", "release_date", "director", "created_at", "updated_at") VALUES (?, ?, ?, ?, ?, ?, ?)  [["title", "The Shawshank Redemption"], ["rating", "R"], ["description", ""], ["release_date", "1994-10-14 00:00:00.000000"], ["director", ""], ["created_at", "2020-03-10 05:12:59.825832"], ["updated_at", "2020-03-10 05:12:59.825832"]]
  [1m[36m (0.0ms)[0m  [1mRELEASE SAVEPOINT active_record_1[0m
  [1m[35m (0.3ms)[0m  rollback transaction
  [1m[36m (0.1ms)[0m  [1mbegin transaction[0m
  [1m[35m (0.0ms)[0m  SAVEPOINT active_record_1
  [1m[36mSQL (0.1ms)[0m  [1mINSERT INTO "movies" ("title", "rating", "description", "release_date", "director", "created_at", "updated_at") VALUES (?, ?, ?, ?, ?, ?, ?)[0m  [["title", "The Shawshank Redemption"], ["rating", "R"], ["description", ""], ["release_date", "1994-10-14 00:00:00.000000"], ["director", "Frank Darabont"], ["created_at", "2020-03-10 05:12:59.829647"], ["updated_at", "2020-03-10 05:12:59.829647"]]
  [1m[35m (0.0ms)[0m  RELEASE SAVEPOINT active_record_1
  [1m[36m (0.1ms)[0m  [1mSAVEPOINT active_record_1[0m
  [1m[35mSQL (0.1ms)[0m  INSERT INTO "movies" ("title", "rating", "description", "release_date", "director", "created_at", "updated_at") VALUES (?, ?, ?, ?, ?, ?, ?)  [["title", "Ready Player One"], ["rating", "R"], ["description", ""], ["release_date", "1994-10-14 00:00:00.000000"], ["director", "Steven Spielberg"], ["created_at", "2020-03-10 05:12:59.831207"], ["updated_at", "2020-03-10 05:12:59.831207"]]
  [1m[36m (0.0ms)[0m  [1mRELEASE SAVEPOINT active_record_1[0m
  [1m[35m (0.0ms)[0m  SAVEPOINT active_record_1
  [1m[36mSQL (0.1ms)[0m  [1mINSERT INTO "movies" ("title", "rating", "description", "release_date", "director", "created_at", "updated_at") VALUES (?, ?, ?, ?, ?, ?, ?)[0m  [["title", "The Terminal"], ["rating", "R"], ["description", ""], ["release_date", "1994-10-14 00:00:00.000000"], ["director", "Steven Spielberg"], ["created_at", "2020-03-10 05:12:59.832772"], ["updated_at", "2020-03-10 05:12:59.832772"]]
  [1m[35m (0.0ms)[0m  RELEASE SAVEPOINT active_record_1
  [1m[36m (0.1ms)[0m  [1mSAVEPOINT active_record_1[0m
  [1m[35mSQL (0.1ms)[0m  INSERT INTO "movies" ("title", "rating", "description", "release_date", "director", "created_at", "updated_at") VALUES (?, ?, ?, ?, ?, ?, ?)  [["title", "The Shawshank Redemption"], ["rating", "R"], ["description", ""], ["release_date", "1994-10-14 00:00:00.000000"], ["director", ""], ["created_at", "2020-03-10 05:12:59.834210"], ["updated_at", "2020-03-10 05:12:59.834210"]]
  [1m[36m (0.0ms)[0m  [1mRELEASE SAVEPOINT active_record_1[0m
  [1m[35m (0.1ms)[0m  rollback transaction
  [1m[36mActiveRecord::SchemaMigration Load (0.1ms)[0m  [1mSELECT "schema_migrations".* FROM "schema_migrations"[0m
  [1m[35m (0.1ms)[0m  begin transaction
  [1m[36m (0.0ms)[0m  [1mSAVEPOINT active_record_1[0m
  [1m[35mSQL (0.4ms)[0m  INSERT INTO "movies" ("title", "rating", "description", "release_date", "director", "created_at", "updated_at") VALUES (?, ?, ?, ?, ?, ?, ?)  [["title", "The Shawshank Redemption"], ["rating", "R"], ["description", ""], ["release_date", "1994-10-14 00:00:00.000000"], ["director", "Frank Darabont"], ["created_at", "2020-03-10 05:13:25.555521"], ["updated_at", "2020-03-10 05:13:25.555521"]]
  [1m[36m (0.0ms)[0m  [1mRELEASE SAVEPOINT active_record_1[0m
  [1m[35m (0.0ms)[0m  SAVEPOINT active_record_1
  [1m[36mSQL (0.1ms)[0m  [1mINSERT INTO "movies" ("title", "rating", "description", "release_date", "director", "created_at", "updated_at") VALUES (?, ?, ?, ?, ?, ?, ?)[0m  [["title", "Ready Player One"], ["rating", "R"], ["description", ""], ["release_date", "1994-10-14 00:00:00.000000"], ["director", "Steven Spielberg"], ["created_at", "2020-03-10 05:13:25.557741"], ["updated_at", "2020-03-10 05:13:25.557741"]]
  [1m[35m (0.0ms)[0m  RELEASE SAVEPOINT active_record_1
  [1m[36m (0.0ms)[0m  [1mSAVEPOINT active_record_1[0m
  [1m[35mSQL (0.1ms)[0m  INSERT INTO "movies" ("title", "rating", "description", "release_date", "director", "created_at", "updated_at") VALUES (?, ?, ?, ?, ?, ?, ?)  [["title", "The Terminal"], ["rating", "R"], ["description", ""], ["release_date", "1994-10-14 00:00:00.000000"], ["director", "Steven Spielberg"], ["created_at", "2020-03-10 05:13:25.559232"], ["updated_at", "2020-03-10 05:13:25.559232"]]
  [1m[36m (0.0ms)[0m  [1mRELEASE SAVEPOINT active_record_1[0m
Processing by MoviesController#same_director as HTML
  Parameters: {"id"=>"2"}
  [1m[35mMovie Load (0.1ms)[0m  SELECT  "movies".* FROM "movies" WHERE "movies"."id" = ? LIMIT 1  [["id", 2]]
  Template rendering was prevented by rspec-rails. Use `render_views` to verify rendered view contents if necessary.
  Rendered movies/same_director.html.haml within layouts/application (0.2ms)
  Template rendering was prevented by rspec-rails. Use `render_views` to verify rendered view contents if necessary.
Completed 200 OK in 11ms (Views: 7.6ms | ActiveRecord: 0.1ms)
  [1m[36mMovie Load (0.1ms)[0m  [1mSELECT "movies".* FROM "movies" WHERE "movies"."Director" = 'Steven Spielberg'[0m
  [1m[35m (0.3ms)[0m  rollback transaction
  [1m[36m (0.0ms)[0m  [1mbegin transaction[0m
  [1m[35m (0.0ms)[0m  SAVEPOINT active_record_1
  [1m[36mSQL (0.1ms)[0m  [1mINSERT INTO "movies" ("title", "rating", "description", "release_date", "director", "created_at", "updated_at") VALUES (?, ?, ?, ?, ?, ?, ?)[0m  [["title", "The Shawshank Redemption"], ["rating", "R"], ["description", ""], ["release_date", "1994-10-14 00:00:00.000000"], ["director", "Frank Darabont"], ["created_at", "2020-03-10 05:13:25.578977"], ["updated_at", "2020-03-10 05:13:25.578977"]]
  [1m[35m (0.1ms)[0m  RELEASE SAVEPOINT active_record_1
  [1m[36m (0.0ms)[0m  [1mSAVEPOINT active_record_1[0m
  [1m[35mSQL (0.1ms)[0m  INSERT INTO "movies" ("title", "rating", "description", "release_date", "director", "created_at", "updated_at") VALUES (?, ?, ?, ?, ?, ?, ?)  [["title", "Ready Player One"], ["rating", "R"], ["description", ""], ["release_date", "1994-10-14 00:00:00.000000"], ["director", "Steven Spielberg"], ["created_at", "2020-03-10 05:13:25.580548"], ["updated_at", "2020-03-10 05:13:25.580548"]]
  [1m[36m (0.0ms)[0m  [1mRELEASE SAVEPOINT active_record_1[0m
  [1m[35m (0.0ms)[0m  SAVEPOINT active_record_1
  [1m[36mSQL (0.1ms)[0m  [1mINSERT INTO "movies" ("title", "rating", "description", "release_date", "director", "created_at", "updated_at") VALUES (?, ?, ?, ?, ?, ?, ?)[0m  [["title", "The Terminal"], ["rating", "R"], ["description", ""], ["release_date", "1994-10-14 00:00:00.000000"], ["director", "Steven Spielberg"], ["created_at", "2020-03-10 05:13:25.582036"], ["updated_at", "2020-03-10 05:13:25.582036"]]
  [1m[35m (0.0ms)[0m  RELEASE SAVEPOINT active_record_1
Processing by MoviesController#same_director as HTML
  Parameters: {"id"=>"2"}
  [1m[36mMovie Load (0.0ms)[0m  [1mSELECT  "movies".* FROM "movies" WHERE "movies"."id" = ? LIMIT 1[0m  [["id", 2]]
  Rendered movies/same_director.html.haml within layouts/application (0.0ms)
Completed 200 OK in 1ms (Views: 0.4ms | ActiveRecord: 0.0ms)
  [1m[35m (0.1ms)[0m  rollback transaction
  [1m[36m (0.0ms)[0m  [1mbegin transaction[0m
  [1m[35m (0.0ms)[0m  SAVEPOINT active_record_1
  [1m[36mSQL (0.1ms)[0m  [1mINSERT INTO "movies" ("title", "rating", "description", "release_date", "director", "created_at", "updated_at") VALUES (?, ?, ?, ?, ?, ?, ?)[0m  [["title", "The Shawshank Redemption"], ["rating", "R"], ["description", ""], ["release_date", "1994-10-14 00:00:00.000000"], ["director", "Frank Darabont"], ["created_at", "2020-03-10 05:13:25.587652"], ["updated_at", "2020-03-10 05:13:25.587652"]]
  [1m[35m (0.0ms)[0m  RELEASE SAVEPOINT active_record_1
  [1m[36m (0.0ms)[0m  [1mSAVEPOINT active_record_1[0m
  [1m[35mSQL (0.1ms)[0m  INSERT INTO "movies" ("title", "rating", "description", "release_date", "director", "created_at", "updated_at") VALUES (?, ?, ?, ?, ?, ?, ?)  [["title", "Ready Player One"], ["rating", "R"], ["description", ""], ["release_date", "1994-10-14 00:00:00.000000"], ["director", "Steven Spielberg"], ["created_at", "2020-03-10 05:13:25.589143"], ["updated_at", "2020-03-10 05:13:25.589143"]]
  [1m[36m (0.0ms)[0m  [1mRELEASE SAVEPOINT active_record_1[0m
  [1m[35m (0.0ms)[0m  SAVEPOINT active_record_1
  [1m[36mSQL (0.1ms)[0m  [1mINSERT INTO "movies" ("title", "rating", "description", "release_date", "director", "created_at", "updated_at") VALUES (?, ?, ?, ?, ?, ?, ?)[0m  [["title", "The Terminal"], ["rating", "R"], ["description", ""], ["release_date", "1994-10-14 00:00:00.000000"], ["director", "Steven Spielberg"], ["created_at", "2020-03-10 05:13:25.590712"], ["updated_at", "2020-03-10 05:13:25.590712"]]
  [1m[35m (0.0ms)[0m  RELEASE SAVEPOINT active_record_1
  [1m[36m (0.0ms)[0m  [1mSAVEPOINT active_record_1[0m
  [1m[35mSQL (0.1ms)[0m  INSERT INTO "movies" ("title", "rating", "description", "release_date", "director", "created_at", "updated_at") VALUES (?, ?, ?, ?, ?, ?, ?)  [["title", "The Shawshank Redemption"], ["rating", "R"], ["description", ""], ["release_date", "1994-10-14 00:00:00.000000"], ["director", ""], ["created_at", "2020-03-10 05:13:25.592321"], ["updated_at", "2020-03-10 05:13:25.592321"]]
  [1m[36m (0.0ms)[0m  [1mRELEASE SAVEPOINT active_record_1[0m
  [1m[35m (0.2ms)[0m  rollback transaction
  [1m[36m (0.0ms)[0m  [1mbegin transaction[0m
  [1m[35m (0.0ms)[0m  SAVEPOINT active_record_1
  [1m[36mSQL (0.1ms)[0m  [1mINSERT INTO "movies" ("title", "rating", "description", "release_date", "director", "created_at", "updated_at") VALUES (?, ?, ?, ?, ?, ?, ?)[0m  [["title", "The Shawshank Redemption"], ["rating", "R"], ["description", ""], ["release_date", "1994-10-14 00:00:00.000000"], ["director", "Frank Darabont"], ["created_at", "2020-03-10 05:13:25.596381"], ["updated_at", "2020-03-10 05:13:25.596381"]]
  [1m[35m (0.1ms)[0m  RELEASE SAVEPOINT active_record_1
  [1m[36m (0.0ms)[0m  [1mSAVEPOINT active_record_1[0m
  [1m[35mSQL (0.1ms)[0m  INSERT INTO "movies" ("title", "rating", "description", "release_date", "director", "created_at", "updated_at") VALUES (?, ?, ?, ?, ?, ?, ?)  [["title", "Ready Player One"], ["rating", "R"], ["description", ""], ["release_date", "1994-10-14 00:00:00.000000"], ["director", "Steven Spielberg"], ["created_at", "2020-03-10 05:13:25.597887"], ["updated_at", "2020-03-10 05:13:25.597887"]]
  [1m[36m (0.0ms)[0m  [1mRELEASE SAVEPOINT active_record_1[0m
  [1m[35m (0.0ms)[0m  SAVEPOINT active_record_1
  [1m[36mSQL (0.1ms)[0m  [1mINSERT INTO "movies" ("title", "rating", "description", "release_date", "director", "created_at", "updated_at") VALUES (?, ?, ?, ?, ?, ?, ?)[0m  [["title", "The Terminal"], ["rating", "R"], ["description", ""], ["release_date", "1994-10-14 00:00:00.000000"], ["director", "Steven Spielberg"], ["created_at", "2020-03-10 05:13:25.599322"], ["updated_at", "2020-03-10 05:13:25.599322"]]
  [1m[35m (0.0ms)[0m  RELEASE SAVEPOINT active_record_1
  [1m[36m (0.1ms)[0m  [1mSAVEPOINT active_record_1[0m
  [1m[35mSQL (0.1ms)[0m  INSERT INTO "movies" ("title", "rating", "description", "release_date", "director", "created_at", "updated_at") VALUES (?, ?, ?, ?, ?, ?, ?)  [["title", "The Shawshank Redemption"], ["rating", "R"], ["description", ""], ["release_date", "1994-10-14 00:00:00.000000"], ["director", ""], ["created_at", "2020-03-10 05:13:25.601013"], ["updated_at", "2020-03-10 05:13:25.601013"]]
  [1m[36m (0.0ms)[0m  [1mRELEASE SAVEPOINT active_record_1[0m
  [1m[35m (0.1ms)[0m  rollback transaction
  [1m[36mActiveRecord::SchemaMigration Load (0.1ms)[0m  [1mSELECT "schema_migrations".* FROM "schema_migrations"[0m
  [1m[35m (0.1ms)[0m  begin transaction
  [1m[36m (0.0ms)[0m  [1mSAVEPOINT active_record_1[0m
  [1m[35mSQL (0.5ms)[0m  INSERT INTO "movies" ("title", "rating", "description", "release_date", "director", "created_at", "updated_at") VALUES (?, ?, ?, ?, ?, ?, ?)  [["title", "The Shawshank Redemption"], ["rating", "R"], ["description", ""], ["release_date", "1994-10-14 00:00:00.000000"], ["director", "Frank Darabont"], ["created_at", "2020-03-10 05:13:46.977927"], ["updated_at", "2020-03-10 05:13:46.977927"]]
  [1m[36m (0.0ms)[0m  [1mRELEASE SAVEPOINT active_record_1[0m
  [1m[35m (0.1ms)[0m  SAVEPOINT active_record_1
  [1m[36mSQL (0.1ms)[0m  [1mINSERT INTO "movies" ("title", "rating", "description", "release_date", "director", "created_at", "updated_at") VALUES (?, ?, ?, ?, ?, ?, ?)[0m  [["title", "Ready Player One"], ["rating", "R"], ["description", ""], ["release_date", "1994-10-14 00:00:00.000000"], ["director", "Steven Spielberg"], ["created_at", "2020-03-10 05:13:46.980146"], ["updated_at", "2020-03-10 05:13:46.980146"]]
  [1m[35m (0.0ms)[0m  RELEASE SAVEPOINT active_record_1
  [1m[36m (0.0ms)[0m  [1mSAVEPOINT active_record_1[0m
  [1m[35mSQL (0.1ms)[0m  INSERT INTO "movies" ("title", "rating", "description", "release_date", "director", "created_at", "updated_at") VALUES (?, ?, ?, ?, ?, ?, ?)  [["title", "The Terminal"], ["rating", "R"], ["description", ""], ["release_date", "1994-10-14 00:00:00.000000"], ["director", "Steven Spielberg"], ["created_at", "2020-03-10 05:13:46.981599"], ["updated_at", "2020-03-10 05:13:46.981599"]]
  [1m[36m (0.0ms)[0m  [1mRELEASE SAVEPOINT active_record_1[0m
Processing by MoviesController#same_director as HTML
  Parameters: {"id"=>"2"}
  [1m[35mMovie Load (0.1ms)[0m  SELECT  "movies".* FROM "movies" WHERE "movies"."id" = ? LIMIT 1  [["id", 2]]
  Template rendering was prevented by rspec-rails. Use `render_views` to verify rendered view contents if necessary.
  Rendered movies/same_director.html.haml within layouts/application (0.2ms)
  Template rendering was prevented by rspec-rails. Use `render_views` to verify rendered view contents if necessary.
Completed 200 OK in 11ms (Views: 7.3ms | ActiveRecord: 0.1ms)
  [1m[36mMovie Load (0.1ms)[0m  [1mSELECT "movies".* FROM "movies" WHERE "movies"."Director" = 'Steven Spielberg'[0m
  [1m[35m (0.8ms)[0m  rollback transaction
  [1m[36m (0.0ms)[0m  [1mbegin transaction[0m
  [1m[35m (0.0ms)[0m  SAVEPOINT active_record_1
  [1m[36mSQL (0.1ms)[0m  [1mINSERT INTO "movies" ("title", "rating", "description", "release_date", "director", "created_at", "updated_at") VALUES (?, ?, ?, ?, ?, ?, ?)[0m  [["title", "The Shawshank Redemption"], ["rating", "R"], ["description", ""], ["release_date", "1994-10-14 00:00:00.000000"], ["director", "Frank Darabont"], ["created_at", "2020-03-10 05:13:47.001380"], ["updated_at", "2020-03-10 05:13:47.001380"]]
  [1m[35m (0.0ms)[0m  RELEASE SAVEPOINT active_record_1
  [1m[36m (0.0ms)[0m  [1mSAVEPOINT active_record_1[0m
  [1m[35mSQL (0.2ms)[0m  INSERT INTO "movies" ("title", "rating", "description", "release_date", "director", "created_at", "updated_at") VALUES (?, ?, ?, ?, ?, ?, ?)  [["title", "Ready Player One"], ["rating", "R"], ["description", ""], ["release_date", "1994-10-14 00:00:00.000000"], ["director", "Steven Spielberg"], ["created_at", "2020-03-10 05:13:47.002931"], ["updated_at", "2020-03-10 05:13:47.002931"]]
  [1m[36m (0.0ms)[0m  [1mRELEASE SAVEPOINT active_record_1[0m
  [1m[35m (0.0ms)[0m  SAVEPOINT active_record_1
  [1m[36mSQL (0.1ms)[0m  [1mINSERT INTO "movies" ("title", "rating", "description", "release_date", "director", "created_at", "updated_at") VALUES (?, ?, ?, ?, ?, ?, ?)[0m  [["title", "The Terminal"], ["rating", "R"], ["description", ""], ["release_date", "1994-10-14 00:00:00.000000"], ["director", "Steven Spielberg"], ["created_at", "2020-03-10 05:13:47.004385"], ["updated_at", "2020-03-10 05:13:47.004385"]]
  [1m[35m (0.0ms)[0m  RELEASE SAVEPOINT active_record_1
Processing by MoviesController#same_director as HTML
  Parameters: {"id"=>"2"}
  [1m[36mMovie Load (0.0ms)[0m  [1mSELECT  "movies".* FROM "movies" WHERE "movies"."id" = ? LIMIT 1[0m  [["id", 2]]
  Rendered movies/same_director.html.haml within layouts/application (0.1ms)
Completed 200 OK in 1ms (Views: 0.4ms | ActiveRecord: 0.0ms)
  [1m[35m (0.1ms)[0m  rollback transaction
  [1m[36m (0.1ms)[0m  [1mbegin transaction[0m
  [1m[35m (0.0ms)[0m  SAVEPOINT active_record_1
  [1m[36mSQL (0.1ms)[0m  [1mINSERT INTO "movies" ("title", "rating", "description", "release_date", "director", "created_at", "updated_at") VALUES (?, ?, ?, ?, ?, ?, ?)[0m  [["title", "The Shawshank Redemption"], ["rating", "R"], ["description", ""], ["release_date", "1994-10-14 00:00:00.000000"], ["director", "Frank Darabont"], ["created_at", "2020-03-10 05:13:47.010598"], ["updated_at", "2020-03-10 05:13:47.010598"]]
  [1m[35m (0.0ms)[0m  RELEASE SAVEPOINT active_record_1
  [1m[36m (0.0ms)[0m  [1mSAVEPOINT active_record_1[0m
  [1m[35mSQL (0.1ms)[0m  INSERT INTO "movies" ("title", "rating", "description", "release_date", "director", "created_at", "updated_at") VALUES (?, ?, ?, ?, ?, ?, ?)  [["title", "Ready Player One"], ["rating", "R"], ["description", ""], ["release_date", "1994-10-14 00:00:00.000000"], ["director", "Steven Spielberg"], ["created_at", "2020-03-10 05:13:47.012166"], ["updated_at", "2020-03-10 05:13:47.012166"]]
  [1m[36m (0.0ms)[0m  [1mRELEASE SAVEPOINT active_record_1[0m
  [1m[35m (0.0ms)[0m  SAVEPOINT active_record_1
  [1m[36mSQL (0.1ms)[0m  [1mINSERT INTO "movies" ("title", "rating", "description", "release_date", "director", "created_at", "updated_at") VALUES (?, ?, ?, ?, ?, ?, ?)[0m  [["title", "The Terminal"], ["rating", "R"], ["description", ""], ["release_date", "1994-10-14 00:00:00.000000"], ["director", "Steven Spielberg"], ["created_at", "2020-03-10 05:13:47.013751"], ["updated_at", "2020-03-10 05:13:47.013751"]]
  [1m[35m (0.0ms)[0m  RELEASE SAVEPOINT active_record_1
  [1m[36m (0.0ms)[0m  [1mSAVEPOINT active_record_1[0m
  [1m[35mSQL (0.1ms)[0m  INSERT INTO "movies" ("title", "rating", "description", "release_date", "director", "created_at", "updated_at") VALUES (?, ?, ?, ?, ?, ?, ?)  [["title", "The Shawshank Redemption"], ["rating", "R"], ["description", ""], ["release_date", "1994-10-14 00:00:00.000000"], ["director", ""], ["created_at", "2020-03-10 05:13:47.015206"], ["updated_at", "2020-03-10 05:13:47.015206"]]
  [1m[36m (0.1ms)[0m  [1mRELEASE SAVEPOINT active_record_1[0m
Processing by MoviesController#same_director as HTML
  Parameters: {"id"=>"4"}
  [1m[35mMovie Load (0.0ms)[0m  SELECT  "movies".* FROM "movies" WHERE "movies"."id" = ? LIMIT 1  [["id", 4]]
Redirected to http://test.host/movies
Completed 302 Found in 1ms (ActiveRecord: 0.0ms)
  [1m[36m (0.3ms)[0m  [1mrollback transaction[0m
  [1m[35m (0.0ms)[0m  begin transaction
  [1m[36m (0.0ms)[0m  [1mSAVEPOINT active_record_1[0m
  [1m[35mSQL (0.1ms)[0m  INSERT INTO "movies" ("title", "rating", "description", "release_date", "director", "created_at", "updated_at") VALUES (?, ?, ?, ?, ?, ?, ?)  [["title", "The Shawshank Redemption"], ["rating", "R"], ["description", ""], ["release_date", "1994-10-14 00:00:00.000000"], ["director", "Frank Darabont"], ["created_at", "2020-03-10 05:13:47.035023"], ["updated_at", "2020-03-10 05:13:47.035023"]]
  [1m[36m (0.1ms)[0m  [1mRELEASE SAVEPOINT active_record_1[0m
  [1m[35m (0.0ms)[0m  SAVEPOINT active_record_1
  [1m[36mSQL (0.1ms)[0m  [1mINSERT INTO "movies" ("title", "rating", "description", "release_date", "director", "created_at", "updated_at") VALUES (?, ?, ?, ?, ?, ?, ?)[0m  [["title", "Ready Player One"], ["rating", "R"], ["description", ""], ["release_date", "1994-10-14 00:00:00.000000"], ["director", "Steven Spielberg"], ["created_at", "2020-03-10 05:13:47.036882"], ["updated_at", "2020-03-10 05:13:47.036882"]]
  [1m[35m (0.0ms)[0m  RELEASE SAVEPOINT active_record_1
  [1m[36m (0.0ms)[0m  [1mSAVEPOINT active_record_1[0m
  [1m[35mSQL (0.1ms)[0m  INSERT INTO "movies" ("title", "rating", "description", "release_date", "director", "created_at", "updated_at") VALUES (?, ?, ?, ?, ?, ?, ?)  [["title", "The Terminal"], ["rating", "R"], ["description", ""], ["release_date", "1994-10-14 00:00:00.000000"], ["director", "Steven Spielberg"], ["created_at", "2020-03-10 05:13:47.038351"], ["updated_at", "2020-03-10 05:13:47.038351"]]
  [1m[36m (0.0ms)[0m  [1mRELEASE SAVEPOINT active_record_1[0m
  [1m[35m (0.0ms)[0m  SAVEPOINT active_record_1
  [1m[36mSQL (0.1ms)[0m  [1mINSERT INTO "movies" ("title", "rating", "description", "release_date", "director", "created_at", "updated_at") VALUES (?, ?, ?, ?, ?, ?, ?)[0m  [["title", "The Shawshank Redemption"], ["rating", "R"], ["description", ""], ["release_date", "1994-10-14 00:00:00.000000"], ["director", ""], ["created_at", "2020-03-10 05:13:47.040067"], ["updated_at", "2020-03-10 05:13:47.040067"]]
  [1m[35m (0.0ms)[0m  RELEASE SAVEPOINT active_record_1
  [1m[36m (0.1ms)[0m  [1mrollback transaction[0m
  [1m[36mActiveRecord::SchemaMigration Load (0.1ms)[0m  [1mSELECT "schema_migrations".* FROM "schema_migrations"[0m
  [1m[35m (0.1ms)[0m  begin transaction
  [1m[36m (0.1ms)[0m  [1mSAVEPOINT active_record_1[0m
  [1m[35mSQL (0.4ms)[0m  INSERT INTO "movies" ("title", "rating", "description", "release_date", "director", "created_at", "updated_at") VALUES (?, ?, ?, ?, ?, ?, ?)  [["title", "The Shawshank Redemption"], ["rating", "R"], ["description", ""], ["release_date", "1994-10-14 00:00:00.000000"], ["director", "Frank Darabont"], ["created_at", "2020-03-10 05:14:10.750081"], ["updated_at", "2020-03-10 05:14:10.750081"]]
  [1m[36m (0.0ms)[0m  [1mRELEASE SAVEPOINT active_record_1[0m
  [1m[35m (0.1ms)[0m  SAVEPOINT active_record_1
  [1m[36mSQL (0.1ms)[0m  [1mINSERT INTO "movies" ("title", "rating", "description", "release_date", "director", "created_at", "updated_at") VALUES (?, ?, ?, ?, ?, ?, ?)[0m  [["title", "Ready Player One"], ["rating", "R"], ["description", ""], ["release_date", "1994-10-14 00:00:00.000000"], ["director", "Steven Spielberg"], ["created_at", "2020-03-10 05:14:10.752257"], ["updated_at", "2020-03-10 05:14:10.752257"]]
  [1m[35m (0.0ms)[0m  RELEASE SAVEPOINT active_record_1
  [1m[36m (0.0ms)[0m  [1mSAVEPOINT active_record_1[0m
  [1m[35mSQL (0.1ms)[0m  INSERT INTO "movies" ("title", "rating", "description", "release_date", "director", "created_at", "updated_at") VALUES (?, ?, ?, ?, ?, ?, ?)  [["title", "The Terminal"], ["rating", "R"], ["description", ""], ["release_date", "1994-10-14 00:00:00.000000"], ["director", "Steven Spielberg"], ["created_at", "2020-03-10 05:14:10.753727"], ["updated_at", "2020-03-10 05:14:10.753727"]]
  [1m[36m (0.1ms)[0m  [1mRELEASE SAVEPOINT active_record_1[0m
Processing by MoviesController#same_director as HTML
  Parameters: {"id"=>"2"}
  [1m[35mMovie Load (0.1ms)[0m  SELECT  "movies".* FROM "movies" WHERE "movies"."id" = ? LIMIT 1  [["id", 2]]
  Template rendering was prevented by rspec-rails. Use `render_views` to verify rendered view contents if necessary.
  Rendered movies/same_director.html.haml within layouts/application (0.2ms)
  Template rendering was prevented by rspec-rails. Use `render_views` to verify rendered view contents if necessary.
Completed 200 OK in 11ms (Views: 7.2ms | ActiveRecord: 0.1ms)
  [1m[36mMovie Load (0.1ms)[0m  [1mSELECT "movies".* FROM "movies" WHERE "movies"."Director" = 'Steven Spielberg'[0m
  [1m[35m (0.2ms)[0m  rollback transaction
  [1m[36m (0.0ms)[0m  [1mbegin transaction[0m
  [1m[35m (0.0ms)[0m  SAVEPOINT active_record_1
  [1m[36mSQL (0.1ms)[0m  [1mINSERT INTO "movies" ("title", "rating", "description", "release_date", "director", "created_at", "updated_at") VALUES (?, ?, ?, ?, ?, ?, ?)[0m  [["title", "The Shawshank Redemption"], ["rating", "R"], ["description", ""], ["release_date", "1994-10-14 00:00:00.000000"], ["director", "Frank Darabont"], ["created_at", "2020-03-10 05:14:10.772963"], ["updated_at", "2020-03-10 05:14:10.772963"]]
  [1m[35m (0.0ms)[0m  RELEASE SAVEPOINT active_record_1
  [1m[36m (0.0ms)[0m  [1mSAVEPOINT active_record_1[0m
  [1m[35mSQL (0.1ms)[0m  INSERT INTO "movies" ("title", "rating", "description", "release_date", "director", "created_at", "updated_at") VALUES (?, ?, ?, ?, ?, ?, ?)  [["title", "Ready Player One"], ["rating", "R"], ["description", ""], ["release_date", "1994-10-14 00:00:00.000000"], ["director", "Steven Spielberg"], ["created_at", "2020-03-10 05:14:10.774499"], ["updated_at", "2020-03-10 05:14:10.774499"]]
  [1m[36m (0.1ms)[0m  [1mRELEASE SAVEPOINT active_record_1[0m
  [1m[35m (0.1ms)[0m  SAVEPOINT active_record_1
  [1m[36mSQL (0.1ms)[0m  [1mINSERT INTO "movies" ("title", "rating", "description", "release_date", "director", "created_at", "updated_at") VALUES (?, ?, ?, ?, ?, ?, ?)[0m  [["title", "The Terminal"], ["rating", "R"], ["description", ""], ["release_date", "1994-10-14 00:00:00.000000"], ["director", "Steven Spielberg"], ["created_at", "2020-03-10 05:14:10.775989"], ["updated_at", "2020-03-10 05:14:10.775989"]]
  [1m[35m (0.0ms)[0m  RELEASE SAVEPOINT active_record_1
Processing by MoviesController#same_director as HTML
  Parameters: {"id"=>"2"}
  [1m[36mMovie Load (0.0ms)[0m  [1mSELECT  "movies".* FROM "movies" WHERE "movies"."id" = ? LIMIT 1[0m  [["id", 2]]
  Rendered movies/same_director.html.haml within layouts/application (0.0ms)
Completed 200 OK in 1ms (Views: 0.4ms | ActiveRecord: 0.0ms)
  [1m[35m (0.1ms)[0m  rollback transaction
  [1m[36m (0.0ms)[0m  [1mbegin transaction[0m
  [1m[35m (0.0ms)[0m  SAVEPOINT active_record_1
  [1m[36mSQL (0.1ms)[0m  [1mINSERT INTO "movies" ("title", "rating", "description", "release_date", "director", "created_at", "updated_at") VALUES (?, ?, ?, ?, ?, ?, ?)[0m  [["title", "The Shawshank Redemption"], ["rating", "R"], ["description", ""], ["release_date", "1994-10-14 00:00:00.000000"], ["director", "Frank Darabont"], ["created_at", "2020-03-10 05:14:10.781542"], ["updated_at", "2020-03-10 05:14:10.781542"]]
  [1m[35m (0.0ms)[0m  RELEASE SAVEPOINT active_record_1
  [1m[36m (0.0ms)[0m  [1mSAVEPOINT active_record_1[0m
  [1m[35mSQL (0.1ms)[0m  INSERT INTO "movies" ("title", "rating", "description", "release_date", "director", "created_at", "updated_at") VALUES (?, ?, ?, ?, ?, ?, ?)  [["title", "Ready Player One"], ["rating", "R"], ["description", ""], ["release_date", "1994-10-14 00:00:00.000000"], ["director", "Steven Spielberg"], ["created_at", "2020-03-10 05:14:10.783035"], ["updated_at", "2020-03-10 05:14:10.783035"]]
  [1m[36m (0.0ms)[0m  [1mRELEASE SAVEPOINT active_record_1[0m
  [1m[35m (0.0ms)[0m  SAVEPOINT active_record_1
  [1m[36mSQL (0.1ms)[0m  [1mINSERT INTO "movies" ("title", "rating", "description", "release_date", "director", "created_at", "updated_at") VALUES (?, ?, ?, ?, ?, ?, ?)[0m  [["title", "The Terminal"], ["rating", "R"], ["description", ""], ["release_date", "1994-10-14 00:00:00.000000"], ["director", "Steven Spielberg"], ["created_at", "2020-03-10 05:14:10.784632"], ["updated_at", "2020-03-10 05:14:10.784632"]]
  [1m[35m (0.0ms)[0m  RELEASE SAVEPOINT active_record_1
  [1m[36m (0.0ms)[0m  [1mSAVEPOINT active_record_1[0m
  [1m[35mSQL (0.1ms)[0m  INSERT INTO "movies" ("title", "rating", "description", "release_date", "director", "created_at", "updated_at") VALUES (?, ?, ?, ?, ?, ?, ?)  [["title", "The Shawshank Redemption"], ["rating", "R"], ["description", ""], ["release_date", "1994-10-14 00:00:00.000000"], ["director", ""], ["created_at", "2020-03-10 05:14:10.786244"], ["updated_at", "2020-03-10 05:14:10.786244"]]
  [1m[36m (0.0ms)[0m  [1mRELEASE SAVEPOINT active_record_1[0m
Processing by MoviesController#same_director as HTML
  Parameters: {"id"=>"4"}
  [1m[35mMovie Load (0.0ms)[0m  SELECT  "movies".* FROM "movies" WHERE "movies"."id" = ? LIMIT 1  [["id", 4]]
Redirected to http://test.host/movies
Completed 302 Found in 1ms (ActiveRecord: 0.0ms)
  [1m[36m (0.3ms)[0m  [1mrollback transaction[0m
  [1m[35m (0.1ms)[0m  begin transaction
  [1m[36m (0.0ms)[0m  [1mSAVEPOINT active_record_1[0m
  [1m[35mSQL (0.1ms)[0m  INSERT INTO "movies" ("title", "rating", "description", "release_date", "director", "created_at", "updated_at") VALUES (?, ?, ?, ?, ?, ?, ?)  [["title", "The Shawshank Redemption"], ["rating", "R"], ["description", ""], ["release_date", "1994-10-14 00:00:00.000000"], ["director", "Frank Darabont"], ["created_at", "2020-03-10 05:14:10.809811"], ["updated_at", "2020-03-10 05:14:10.809811"]]
  [1m[36m (0.0ms)[0m  [1mRELEASE SAVEPOINT active_record_1[0m
  [1m[35m (0.0ms)[0m  SAVEPOINT active_record_1
  [1m[36mSQL (0.1ms)[0m  [1mINSERT INTO "movies" ("title", "rating", "description", "release_date", "director", "created_at", "updated_at") VALUES (?, ?, ?, ?, ?, ?, ?)[0m  [["title", "Ready Player One"], ["rating", "R"], ["description", ""], ["release_date", "1994-10-14 00:00:00.000000"], ["director", "Steven Spielberg"], ["created_at", "2020-03-10 05:14:10.811607"], ["updated_at", "2020-03-10 05:14:10.811607"]]
  [1m[35m (0.0ms)[0m  RELEASE SAVEPOINT active_record_1
  [1m[36m (0.0ms)[0m  [1mSAVEPOINT active_record_1[0m
  [1m[35mSQL (0.1ms)[0m  INSERT INTO "movies" ("title", "rating", "description", "release_date", "director", "created_at", "updated_at") VALUES (?, ?, ?, ?, ?, ?, ?)  [["title", "The Terminal"], ["rating", "R"], ["description", ""], ["release_date", "1994-10-14 00:00:00.000000"], ["director", "Steven Spielberg"], ["created_at", "2020-03-10 05:14:10.813045"], ["updated_at", "2020-03-10 05:14:10.813045"]]
  [1m[36m (0.0ms)[0m  [1mRELEASE SAVEPOINT active_record_1[0m
  [1m[35m (0.1ms)[0m  SAVEPOINT active_record_1
  [1m[36mSQL (0.1ms)[0m  [1mINSERT INTO "movies" ("title", "rating", "description", "release_date", "director", "created_at", "updated_at") VALUES (?, ?, ?, ?, ?, ?, ?)[0m  [["title", "The Shawshank Redemption"], ["rating", "R"], ["description", ""], ["release_date", "1994-10-14 00:00:00.000000"], ["director", ""], ["created_at", "2020-03-10 05:14:10.814718"], ["updated_at", "2020-03-10 05:14:10.814718"]]
  [1m[35m (0.0ms)[0m  RELEASE SAVEPOINT active_record_1
  [1m[36m (0.1ms)[0m  [1mrollback transaction[0m
  [1m[36mActiveRecord::SchemaMigration Load (0.1ms)[0m  [1mSELECT "schema_migrations".* FROM "schema_migrations"[0m
  [1m[35m (0.1ms)[0m  begin transaction
  [1m[36m (0.1ms)[0m  [1mSAVEPOINT active_record_1[0m
  [1m[35mSQL (0.6ms)[0m  INSERT INTO "movies" ("title", "rating", "description", "release_date", "director", "created_at", "updated_at") VALUES (?, ?, ?, ?, ?, ?, ?)  [["title", "The Shawshank Redemption"], ["rating", "R"], ["description", ""], ["release_date", "1994-10-14 00:00:00.000000"], ["director", "Frank Darabont"], ["created_at", "2020-03-10 05:14:29.502514"], ["updated_at", "2020-03-10 05:14:29.502514"]]
  [1m[36m (0.0ms)[0m  [1mRELEASE SAVEPOINT active_record_1[0m
  [1m[35m (0.0ms)[0m  SAVEPOINT active_record_1
  [1m[36mSQL (0.1ms)[0m  [1mINSERT INTO "movies" ("title", "rating", "description", "release_date", "director", "created_at", "updated_at") VALUES (?, ?, ?, ?, ?, ?, ?)[0m  [["title", "Ready Player One"], ["rating", "R"], ["description", ""], ["release_date", "1994-10-14 00:00:00.000000"], ["director", "Steven Spielberg"], ["created_at", "2020-03-10 05:14:29.504902"], ["updated_at", "2020-03-10 05:14:29.504902"]]
  [1m[35m (0.0ms)[0m  RELEASE SAVEPOINT active_record_1
  [1m[36m (0.0ms)[0m  [1mSAVEPOINT active_record_1[0m
  [1m[35mSQL (0.1ms)[0m  INSERT INTO "movies" ("title", "rating", "description", "release_date", "director", "created_at", "updated_at") VALUES (?, ?, ?, ?, ?, ?, ?)  [["title", "The Terminal"], ["rating", "R"], ["description", ""], ["release_date", "1994-10-14 00:00:00.000000"], ["director", "Steven Spielberg"], ["created_at", "2020-03-10 05:14:29.506379"], ["updated_at", "2020-03-10 05:14:29.506379"]]
  [1m[36m (0.0ms)[0m  [1mRELEASE SAVEPOINT active_record_1[0m
Processing by MoviesController#same_director as HTML
  Parameters: {"id"=>"2"}
  [1m[35mMovie Load (0.1ms)[0m  SELECT  "movies".* FROM "movies" WHERE "movies"."id" = ? LIMIT 1  [["id", 2]]
  Template rendering was prevented by rspec-rails. Use `render_views` to verify rendered view contents if necessary.
  Rendered movies/same_director.html.haml within layouts/application (0.2ms)
  Template rendering was prevented by rspec-rails. Use `render_views` to verify rendered view contents if necessary.
Completed 200 OK in 11ms (Views: 7.7ms | ActiveRecord: 0.1ms)
  [1m[36mMovie Load (0.1ms)[0m  [1mSELECT "movies".* FROM "movies" WHERE "movies"."Director" = 'Steven Spielberg'[0m
  [1m[35m (0.3ms)[0m  rollback transaction
  [1m[36m (0.0ms)[0m  [1mbegin transaction[0m
  [1m[35m (0.0ms)[0m  SAVEPOINT active_record_1
  [1m[36mSQL (0.1ms)[0m  [1mINSERT INTO "movies" ("title", "rating", "description", "release_date", "director", "created_at", "updated_at") VALUES (?, ?, ?, ?, ?, ?, ?)[0m  [["title", "The Shawshank Redemption"], ["rating", "R"], ["description", ""], ["release_date", "1994-10-14 00:00:00.000000"], ["director", "Frank Darabont"], ["created_at", "2020-03-10 05:14:29.526197"], ["updated_at", "2020-03-10 05:14:29.526197"]]
  [1m[35m (0.0ms)[0m  RELEASE SAVEPOINT active_record_1
  [1m[36m (0.1ms)[0m  [1mSAVEPOINT active_record_1[0m
  [1m[35mSQL (0.1ms)[0m  INSERT INTO "movies" ("title", "rating", "description", "release_date", "director", "created_at", "updated_at") VALUES (?, ?, ?, ?, ?, ?, ?)  [["title", "Ready Player One"], ["rating", "R"], ["description", ""], ["release_date", "1994-10-14 00:00:00.000000"], ["director", "Steven Spielberg"], ["created_at", "2020-03-10 05:14:29.527818"], ["updated_at", "2020-03-10 05:14:29.527818"]]
  [1m[36m (0.0ms)[0m  [1mRELEASE SAVEPOINT active_record_1[0m
  [1m[35m (0.0ms)[0m  SAVEPOINT active_record_1
  [1m[36mSQL (0.1ms)[0m  [1mINSERT INTO "movies" ("title", "rating", "description", "release_date", "director", "created_at", "updated_at") VALUES (?, ?, ?, ?, ?, ?, ?)[0m  [["title", "The Terminal"], ["rating", "R"], ["description", ""], ["release_date", "1994-10-14 00:00:00.000000"], ["director", "Steven Spielberg"], ["created_at", "2020-03-10 05:14:29.529338"], ["updated_at", "2020-03-10 05:14:29.529338"]]
  [1m[35m (0.0ms)[0m  RELEASE SAVEPOINT active_record_1
Processing by MoviesController#same_director as HTML
  Parameters: {"id"=>"2"}
  [1m[36mMovie Load (0.0ms)[0m  [1mSELECT  "movies".* FROM "movies" WHERE "movies"."id" = ? LIMIT 1[0m  [["id", 2]]
  Rendered movies/same_director.html.haml within layouts/application (0.0ms)
Completed 200 OK in 1ms (Views: 0.4ms | ActiveRecord: 0.0ms)
  [1m[35m (0.1ms)[0m  rollback transaction
  [1m[36m (0.0ms)[0m  [1mbegin transaction[0m
  [1m[35m (0.0ms)[0m  SAVEPOINT active_record_1
  [1m[36mSQL (0.1ms)[0m  [1mINSERT INTO "movies" ("title", "rating", "description", "release_date", "director", "created_at", "updated_at") VALUES (?, ?, ?, ?, ?, ?, ?)[0m  [["title", "The Shawshank Redemption"], ["rating", "R"], ["description", ""], ["release_date", "1994-10-14 00:00:00.000000"], ["director", "Frank Darabont"], ["created_at", "2020-03-10 05:14:29.534999"], ["updated_at", "2020-03-10 05:14:29.534999"]]
  [1m[35m (0.0ms)[0m  RELEASE SAVEPOINT active_record_1
  [1m[36m (0.0ms)[0m  [1mSAVEPOINT active_record_1[0m
  [1m[35mSQL (0.1ms)[0m  INSERT INTO "movies" ("title", "rating", "description", "release_date", "director", "created_at", "updated_at") VALUES (?, ?, ?, ?, ?, ?, ?)  [["title", "Ready Player One"], ["rating", "R"], ["description", ""], ["release_date", "1994-10-14 00:00:00.000000"], ["director", "Steven Spielberg"], ["created_at", "2020-03-10 05:14:29.536601"], ["updated_at", "2020-03-10 05:14:29.536601"]]
  [1m[36m (0.0ms)[0m  [1mRELEASE SAVEPOINT active_record_1[0m
  [1m[35m (0.0ms)[0m  SAVEPOINT active_record_1
  [1m[36mSQL (0.1ms)[0m  [1mINSERT INTO "movies" ("title", "rating", "description", "release_date", "director", "created_at", "updated_at") VALUES (?, ?, ?, ?, ?, ?, ?)[0m  [["title", "The Terminal"], ["rating", "R"], ["description", ""], ["release_date", "1994-10-14 00:00:00.000000"], ["director", "Steven Spielberg"], ["created_at", "2020-03-10 05:14:29.538210"], ["updated_at", "2020-03-10 05:14:29.538210"]]
  [1m[35m (0.0ms)[0m  RELEASE SAVEPOINT active_record_1
  [1m[36m (0.0ms)[0m  [1mSAVEPOINT active_record_1[0m
  [1m[35mSQL (0.1ms)[0m  INSERT INTO "movies" ("title", "rating", "description", "release_date", "director", "created_at", "updated_at") VALUES (?, ?, ?, ?, ?, ?, ?)  [["title", "The Shawshank Redemption"], ["rating", "R"], ["description", ""], ["release_date", "1994-10-14 00:00:00.000000"], ["director", ""], ["created_at", "2020-03-10 05:14:29.539830"], ["updated_at", "2020-03-10 05:14:29.539830"]]
  [1m[36m (0.0ms)[0m  [1mRELEASE SAVEPOINT active_record_1[0m
Processing by MoviesController#same_director as HTML
  Parameters: {"id"=>"4"}
  [1m[35mMovie Load (0.0ms)[0m  SELECT  "movies".* FROM "movies" WHERE "movies"."id" = ? LIMIT 1  [["id", 4]]
Redirected to http://test.host/movies
Completed 302 Found in 1ms (ActiveRecord: 0.0ms)
  [1m[36m (0.2ms)[0m  [1mrollback transaction[0m
  [1m[35m (0.0ms)[0m  begin transaction
  [1m[36m (0.0ms)[0m  [1mSAVEPOINT active_record_1[0m
  [1m[35mSQL (0.1ms)[0m  INSERT INTO "movies" ("title", "rating", "description", "release_date", "director", "created_at", "updated_at") VALUES (?, ?, ?, ?, ?, ?, ?)  [["title", "The Shawshank Redemption"], ["rating", "R"], ["description", ""], ["release_date", "1994-10-14 00:00:00.000000"], ["director", "Frank Darabont"], ["created_at", "2020-03-10 05:14:29.545230"], ["updated_at", "2020-03-10 05:14:29.545230"]]
  [1m[36m (0.0ms)[0m  [1mRELEASE SAVEPOINT active_record_1[0m
  [1m[35m (0.1ms)[0m  SAVEPOINT active_record_1
  [1m[36mSQL (0.1ms)[0m  [1mINSERT INTO "movies" ("title", "rating", "description", "release_date", "director", "created_at", "updated_at") VALUES (?, ?, ?, ?, ?, ?, ?)[0m  [["title", "Ready Player One"], ["rating", "R"], ["description", ""], ["release_date", "1994-10-14 00:00:00.000000"], ["director", "Steven Spielberg"], ["created_at", "2020-03-10 05:14:29.546742"], ["updated_at", "2020-03-10 05:14:29.546742"]]
  [1m[35m (0.1ms)[0m  RELEASE SAVEPOINT active_record_1
  [1m[36m (0.0ms)[0m  [1mSAVEPOINT active_record_1[0m
  [1m[35mSQL (0.1ms)[0m  INSERT INTO "movies" ("title", "rating", "description", "release_date", "director", "created_at", "updated_at") VALUES (?, ?, ?, ?, ?, ?, ?)  [["title", "The Terminal"], ["rating", "R"], ["description", ""], ["release_date", "1994-10-14 00:00:00.000000"], ["director", "Steven Spielberg"], ["created_at", "2020-03-10 05:14:29.548290"], ["updated_at", "2020-03-10 05:14:29.548290"]]
  [1m[36m (0.1ms)[0m  [1mRELEASE SAVEPOINT active_record_1[0m
  [1m[35m (0.0ms)[0m  SAVEPOINT active_record_1
  [1m[36mSQL (0.1ms)[0m  [1mINSERT INTO "movies" ("title", "rating", "description", "release_date", "director", "created_at", "updated_at") VALUES (?, ?, ?, ?, ?, ?, ?)[0m  [["title", "The Shawshank Redemption"], ["rating", "R"], ["description", ""], ["release_date", "1994-10-14 00:00:00.000000"], ["director", ""], ["created_at", "2020-03-10 05:14:29.549949"], ["updated_at", "2020-03-10 05:14:29.549949"]]
  [1m[35m (0.0ms)[0m  RELEASE SAVEPOINT active_record_1
  [1m[36m (0.1ms)[0m  [1mrollback transaction[0m
  [1m[36mActiveRecord::SchemaMigration Load (0.1ms)[0m  [1mSELECT "schema_migrations".* FROM "schema_migrations"[0m
  [1m[35m (0.1ms)[0m  begin transaction
  [1m[36m (0.0ms)[0m  [1mSAVEPOINT active_record_1[0m
  [1m[35mSQL (0.4ms)[0m  INSERT INTO "movies" ("title", "rating", "description", "release_date", "director", "created_at", "updated_at") VALUES (?, ?, ?, ?, ?, ?, ?)  [["title", "The Shawshank Redemption"], ["rating", "R"], ["description", ""], ["release_date", "1994-10-14 00:00:00.000000"], ["director", "Frank Darabont"], ["created_at", "2020-03-10 05:14:48.028115"], ["updated_at", "2020-03-10 05:14:48.028115"]]
  [1m[36m (0.0ms)[0m  [1mRELEASE SAVEPOINT active_record_1[0m
  [1m[35m (0.0ms)[0m  SAVEPOINT active_record_1
  [1m[36mSQL (0.1ms)[0m  [1mINSERT INTO "movies" ("title", "rating", "description", "release_date", "director", "created_at", "updated_at") VALUES (?, ?, ?, ?, ?, ?, ?)[0m  [["title", "Ready Player One"], ["rating", "R"], ["description", ""], ["release_date", "1994-10-14 00:00:00.000000"], ["director", "Steven Spielberg"], ["created_at", "2020-03-10 05:14:48.030260"], ["updated_at", "2020-03-10 05:14:48.030260"]]
  [1m[35m (0.1ms)[0m  RELEASE SAVEPOINT active_record_1
  [1m[36m (0.0ms)[0m  [1mSAVEPOINT active_record_1[0m
  [1m[35mSQL (0.1ms)[0m  INSERT INTO "movies" ("title", "rating", "description", "release_date", "director", "created_at", "updated_at") VALUES (?, ?, ?, ?, ?, ?, ?)  [["title", "The Terminal"], ["rating", "R"], ["description", ""], ["release_date", "1994-10-14 00:00:00.000000"], ["director", "Steven Spielberg"], ["created_at", "2020-03-10 05:14:48.031724"], ["updated_at", "2020-03-10 05:14:48.031724"]]
  [1m[36m (0.0ms)[0m  [1mRELEASE SAVEPOINT active_record_1[0m
Processing by MoviesController#same_director as HTML
  Parameters: {"id"=>"2"}
  [1m[35mMovie Load (0.1ms)[0m  SELECT  "movies".* FROM "movies" WHERE "movies"."id" = ? LIMIT 1  [["id", 2]]
  Template rendering was prevented by rspec-rails. Use `render_views` to verify rendered view contents if necessary.
  Rendered movies/same_director.html.haml within layouts/application (0.2ms)
  Template rendering was prevented by rspec-rails. Use `render_views` to verify rendered view contents if necessary.
Completed 200 OK in 11ms (Views: 7.3ms | ActiveRecord: 0.1ms)
  [1m[36mMovie Load (0.1ms)[0m  [1mSELECT "movies".* FROM "movies" WHERE "movies"."Director" = 'Steven Spielberg'[0m
  [1m[35m (0.2ms)[0m  rollback transaction
  [1m[36m (0.1ms)[0m  [1mbegin transaction[0m
  [1m[35m (0.0ms)[0m  SAVEPOINT active_record_1
  [1m[36mSQL (0.1ms)[0m  [1mINSERT INTO "movies" ("title", "rating", "description", "release_date", "director", "created_at", "updated_at") VALUES (?, ?, ?, ?, ?, ?, ?)[0m  [["title", "The Shawshank Redemption"], ["rating", "R"], ["description", ""], ["release_date", "1994-10-14 00:00:00.000000"], ["director", "Frank Darabont"], ["created_at", "2020-03-10 05:14:48.050695"], ["updated_at", "2020-03-10 05:14:48.050695"]]
  [1m[35m (0.0ms)[0m  RELEASE SAVEPOINT active_record_1
  [1m[36m (0.0ms)[0m  [1mSAVEPOINT active_record_1[0m
  [1m[35mSQL (0.1ms)[0m  INSERT INTO "movies" ("title", "rating", "description", "release_date", "director", "created_at", "updated_at") VALUES (?, ?, ?, ?, ?, ?, ?)  [["title", "Ready Player One"], ["rating", "R"], ["description", ""], ["release_date", "1994-10-14 00:00:00.000000"], ["director", "Steven Spielberg"], ["created_at", "2020-03-10 05:14:48.052240"], ["updated_at", "2020-03-10 05:14:48.052240"]]
  [1m[36m (0.0ms)[0m  [1mRELEASE SAVEPOINT active_record_1[0m
  [1m[35m (0.0ms)[0m  SAVEPOINT active_record_1
  [1m[36mSQL (0.1ms)[0m  [1mINSERT INTO "movies" ("title", "rating", "description", "release_date", "director", "created_at", "updated_at") VALUES (?, ?, ?, ?, ?, ?, ?)[0m  [["title", "The Terminal"], ["rating", "R"], ["description", ""], ["release_date", "1994-10-14 00:00:00.000000"], ["director", "Steven Spielberg"], ["created_at", "2020-03-10 05:14:48.053647"], ["updated_at", "2020-03-10 05:14:48.053647"]]
  [1m[35m (0.0ms)[0m  RELEASE SAVEPOINT active_record_1
Processing by MoviesController#same_director as HTML
  Parameters: {"id"=>"2"}
  [1m[36mMovie Load (0.0ms)[0m  [1mSELECT  "movies".* FROM "movies" WHERE "movies"."id" = ? LIMIT 1[0m  [["id", 2]]
  Rendered movies/same_director.html.haml within layouts/application (0.0ms)
Completed 200 OK in 1ms (Views: 0.3ms | ActiveRecord: 0.0ms)
  [1m[35m (0.1ms)[0m  rollback transaction
  [1m[36m (0.0ms)[0m  [1mbegin transaction[0m
  [1m[35m (0.0ms)[0m  SAVEPOINT active_record_1
  [1m[36mSQL (0.1ms)[0m  [1mINSERT INTO "movies" ("title", "rating", "description", "release_date", "director", "created_at", "updated_at") VALUES (?, ?, ?, ?, ?, ?, ?)[0m  [["title", "The Shawshank Redemption"], ["rating", "R"], ["description", ""], ["release_date", "1994-10-14 00:00:00.000000"], ["director", "Frank Darabont"], ["created_at", "2020-03-10 05:14:48.058926"], ["updated_at", "2020-03-10 05:14:48.058926"]]
  [1m[35m (0.0ms)[0m  RELEASE SAVEPOINT active_record_1
  [1m[36m (0.0ms)[0m  [1mSAVEPOINT active_record_1[0m
  [1m[35mSQL (0.1ms)[0m  INSERT INTO "movies" ("title", "rating", "description", "release_date", "director", "created_at", "updated_at") VALUES (?, ?, ?, ?, ?, ?, ?)  [["title", "Ready Player One"], ["rating", "R"], ["description", ""], ["release_date", "1994-10-14 00:00:00.000000"], ["director", "Steven Spielberg"], ["created_at", "2020-03-10 05:14:48.060458"], ["updated_at", "2020-03-10 05:14:48.060458"]]
  [1m[36m (0.0ms)[0m  [1mRELEASE SAVEPOINT active_record_1[0m
  [1m[35m (0.0ms)[0m  SAVEPOINT active_record_1
  [1m[36mSQL (0.1ms)[0m  [1mINSERT INTO "movies" ("title", "rating", "description", "release_date", "director", "created_at", "updated_at") VALUES (?, ?, ?, ?, ?, ?, ?)[0m  [["title", "The Terminal"], ["rating", "R"], ["description", ""], ["release_date", "1994-10-14 00:00:00.000000"], ["director", "Steven Spielberg"], ["created_at", "2020-03-10 05:14:48.061856"], ["updated_at", "2020-03-10 05:14:48.061856"]]
  [1m[35m (0.1ms)[0m  RELEASE SAVEPOINT active_record_1
  [1m[36m (0.0ms)[0m  [1mSAVEPOINT active_record_1[0m
  [1m[35mSQL (0.1ms)[0m  INSERT INTO "movies" ("title", "rating", "description", "release_date", "director", "created_at", "updated_at") VALUES (?, ?, ?, ?, ?, ?, ?)  [["title", "The Shawshank Redemption"], ["rating", "R"], ["description", ""], ["release_date", "1994-10-14 00:00:00.000000"], ["director", ""], ["created_at", "2020-03-10 05:14:48.063559"], ["updated_at", "2020-03-10 05:14:48.063559"]]
  [1m[36m (0.0ms)[0m  [1mRELEASE SAVEPOINT active_record_1[0m
Processing by MoviesController#same_director as HTML
  Parameters: {"id"=>"4"}
  [1m[35mMovie Load (0.0ms)[0m  SELECT  "movies".* FROM "movies" WHERE "movies"."id" = ? LIMIT 1  [["id", 4]]
Redirected to http://test.host/movies
Completed 302 Found in 0ms (ActiveRecord: 0.0ms)
  [1m[36m (0.2ms)[0m  [1mrollback transaction[0m
  [1m[35m (0.0ms)[0m  begin transaction
  [1m[36m (0.0ms)[0m  [1mSAVEPOINT active_record_1[0m
  [1m[35mSQL (0.1ms)[0m  INSERT INTO "movies" ("title", "rating", "description", "release_date", "director", "created_at", "updated_at") VALUES (?, ?, ?, ?, ?, ?, ?)  [["title", "The Shawshank Redemption"], ["rating", "R"], ["description", ""], ["release_date", "1994-10-14 00:00:00.000000"], ["director", "Frank Darabont"], ["created_at", "2020-03-10 05:14:48.068663"], ["updated_at", "2020-03-10 05:14:48.068663"]]
  [1m[36m (0.0ms)[0m  [1mRELEASE SAVEPOINT active_record_1[0m
  [1m[35m (0.0ms)[0m  SAVEPOINT active_record_1
  [1m[36mSQL (0.1ms)[0m  [1mINSERT INTO "movies" ("title", "rating", "description", "release_date", "director", "created_at", "updated_at") VALUES (?, ?, ?, ?, ?, ?, ?)[0m  [["title", "Ready Player One"], ["rating", "R"], ["description", ""], ["release_date", "1994-10-14 00:00:00.000000"], ["director", "Steven Spielberg"], ["created_at", "2020-03-10 05:14:48.070091"], ["updated_at", "2020-03-10 05:14:48.070091"]]
  [1m[35m (0.0ms)[0m  RELEASE SAVEPOINT active_record_1
  [1m[36m (0.0ms)[0m  [1mSAVEPOINT active_record_1[0m
  [1m[35mSQL (0.1ms)[0m  INSERT INTO "movies" ("title", "rating", "description", "release_date", "director", "created_at", "updated_at") VALUES (?, ?, ?, ?, ?, ?, ?)  [["title", "The Terminal"], ["rating", "R"], ["description", ""], ["release_date", "1994-10-14 00:00:00.000000"], ["director", "Steven Spielberg"], ["created_at", "2020-03-10 05:14:48.071619"], ["updated_at", "2020-03-10 05:14:48.071619"]]
  [1m[36m (0.0ms)[0m  [1mRELEASE SAVEPOINT active_record_1[0m
  [1m[35m (0.1ms)[0m  SAVEPOINT active_record_1
  [1m[36mSQL (0.1ms)[0m  [1mINSERT INTO "movies" ("title", "rating", "description", "release_date", "director", "created_at", "updated_at") VALUES (?, ?, ?, ?, ?, ?, ?)[0m  [["title", "The Shawshank Redemption"], ["rating", "R"], ["description", ""], ["release_date", "1994-10-14 00:00:00.000000"], ["director", ""], ["created_at", "2020-03-10 05:14:48.073183"], ["updated_at", "2020-03-10 05:14:48.073183"]]
  [1m[35m (0.1ms)[0m  RELEASE SAVEPOINT active_record_1
Processing by MoviesController#same_director as HTML
  Parameters: {"id"=>"4"}
  [1m[36mMovie Load (0.0ms)[0m  [1mSELECT  "movies".* FROM "movies" WHERE "movies"."id" = ? LIMIT 1[0m  [["id", 4]]
Redirected to http://test.host/movies
Completed 302 Found in 0ms (ActiveRecord: 0.0ms)
  [1m[35m (0.1ms)[0m  rollback transaction
  [1m[36mActiveRecord::SchemaMigration Load (0.1ms)[0m  [1mSELECT "schema_migrations".* FROM "schema_migrations"[0m
  [1m[35m (0.1ms)[0m  begin transaction
  [1m[36m (0.0ms)[0m  [1mcommit transaction[0m
  [1m[35m (0.0ms)[0m  begin transaction
  [1m[36m (0.1ms)[0m  [1mSAVEPOINT active_record_1[0m
  [1m[35mSQL (0.4ms)[0m  INSERT INTO "movies" ("title", "rating", "release_date", "created_at", "updated_at") VALUES (?, ?, ?, ?, ?)  [["title", "Aladdin"], ["rating", "G"], ["release_date", "1992-11-25 00:00:00.000000"], ["created_at", "2020-03-10 11:37:46.451446"], ["updated_at", "2020-03-10 11:37:46.451446"]]
  [1m[36m (0.0ms)[0m  [1mRELEASE SAVEPOINT active_record_1[0m
  [1m[35m (0.0ms)[0m  SAVEPOINT active_record_1
  [1m[36mSQL (0.5ms)[0m  [1mINSERT INTO "movies" ("title", "rating", "release_date", "created_at", "updated_at") VALUES (?, ?, ?, ?, ?)[0m  [["title", "The Terminator"], ["rating", "R"], ["release_date", "1984-10-26 00:00:00.000000"], ["created_at", "2020-03-10 11:37:46.453514"], ["updated_at", "2020-03-10 11:37:46.453514"]]
  [1m[35m (0.1ms)[0m  RELEASE SAVEPOINT active_record_1
  [1m[36m (0.1ms)[0m  [1mSAVEPOINT active_record_1[0m
  [1m[35mSQL (0.1ms)[0m  INSERT INTO "movies" ("title", "rating", "release_date", "created_at", "updated_at") VALUES (?, ?, ?, ?, ?)  [["title", "When Harry Met Sally"], ["rating", "R"], ["release_date", "1989-07-21 00:00:00.000000"], ["created_at", "2020-03-10 11:37:46.455358"], ["updated_at", "2020-03-10 11:37:46.455358"]]
  [1m[36m (0.0ms)[0m  [1mRELEASE SAVEPOINT active_record_1[0m
  [1m[35m (0.0ms)[0m  SAVEPOINT active_record_1
  [1m[36mSQL (0.1ms)[0m  [1mINSERT INTO "movies" ("title", "rating", "release_date", "created_at", "updated_at") VALUES (?, ?, ?, ?, ?)[0m  [["title", "The Help"], ["rating", "PG-13"], ["release_date", "2011-08-10 00:00:00.000000"], ["created_at", "2020-03-10 11:37:46.456689"], ["updated_at", "2020-03-10 11:37:46.456689"]]
  [1m[35m (0.0ms)[0m  RELEASE SAVEPOINT active_record_1
  [1m[36m (0.0ms)[0m  [1mSAVEPOINT active_record_1[0m
  [1m[35mSQL (0.1ms)[0m  INSERT INTO "movies" ("title", "rating", "release_date", "created_at", "updated_at") VALUES (?, ?, ?, ?, ?)  [["title", "Chocolat"], ["rating", "PG-13"], ["release_date", "2001-01-05 00:00:00.000000"], ["created_at", "2020-03-10 11:37:46.458048"], ["updated_at", "2020-03-10 11:37:46.458048"]]
  [1m[36m (0.0ms)[0m  [1mRELEASE SAVEPOINT active_record_1[0m
  [1m[35m (0.0ms)[0m  SAVEPOINT active_record_1
  [1m[36mSQL (0.1ms)[0m  [1mINSERT INTO "movies" ("title", "rating", "release_date", "created_at", "updated_at") VALUES (?, ?, ?, ?, ?)[0m  [["title", "Amelie"], ["rating", "R"], ["release_date", "2001-04-25 00:00:00.000000"], ["created_at", "2020-03-10 11:37:46.459422"], ["updated_at", "2020-03-10 11:37:46.459422"]]
  [1m[35m (0.0ms)[0m  RELEASE SAVEPOINT active_record_1
  [1m[36m (0.1ms)[0m  [1mSAVEPOINT active_record_1[0m
  [1m[35mSQL (0.1ms)[0m  INSERT INTO "movies" ("title", "rating", "release_date", "created_at", "updated_at") VALUES (?, ?, ?, ?, ?)  [["title", "2001: A Space Odyssey"], ["rating", "G"], ["release_date", "1968-04-06 00:00:00.000000"], ["created_at", "2020-03-10 11:37:46.460759"], ["updated_at", "2020-03-10 11:37:46.460759"]]
  [1m[36m (0.0ms)[0m  [1mRELEASE SAVEPOINT active_record_1[0m
  [1m[35m (0.1ms)[0m  SAVEPOINT active_record_1
  [1m[36mSQL (0.1ms)[0m  [1mINSERT INTO "movies" ("title", "rating", "release_date", "created_at", "updated_at") VALUES (?, ?, ?, ?, ?)[0m  [["title", "The Incredibles"], ["rating", "PG"], ["release_date", "2004-11-05 00:00:00.000000"], ["created_at", "2020-03-10 11:37:46.462144"], ["updated_at", "2020-03-10 11:37:46.462144"]]
  [1m[35m (0.0ms)[0m  RELEASE SAVEPOINT active_record_1
  [1m[36m (0.0ms)[0m  [1mSAVEPOINT active_record_1[0m
  [1m[35mSQL (0.1ms)[0m  INSERT INTO "movies" ("title", "rating", "release_date", "created_at", "updated_at") VALUES (?, ?, ?, ?, ?)  [["title", "Raiders of the Lost Ark"], ["rating", "PG"], ["release_date", "1981-06-12 00:00:00.000000"], ["created_at", "2020-03-10 11:37:46.463490"], ["updated_at", "2020-03-10 11:37:46.463490"]]
  [1m[36m (0.1ms)[0m  [1mRELEASE SAVEPOINT active_record_1[0m
  [1m[35m (0.0ms)[0m  SAVEPOINT active_record_1
  [1m[36mSQL (0.1ms)[0m  [1mINSERT INTO "movies" ("title", "rating", "release_date", "created_at", "updated_at") VALUES (?, ?, ?, ?, ?)[0m  [["title", "Chicken Run"], ["rating", "G"], ["release_date", "2000-06-21 00:00:00.000000"], ["created_at", "2020-03-10 11:37:46.464804"], ["updated_at", "2020-03-10 11:37:46.464804"]]
  [1m[35m (0.0ms)[0m  RELEASE SAVEPOINT active_record_1
Started GET "/movies" for 127.0.0.1 at 2020-03-10 11:37:46 +0000
Processing by MoviesController#index as HTML
  [1m[36mMovie Load (0.2ms)[0m  [1mSELECT "movies".* FROM "movies" WHERE "movies"."rating" IN ('G', 'PG', 'PG-13', 'NC-17', 'R')[0m
  Rendered movies/index.html.haml within layouts/application (7.6ms)
Completed 200 OK in 234ms (Views: 221.4ms | ActiveRecord: 0.2ms)
Started GET "/movies?utf8=%E2%9C%93&ratings[PG]=1&ratings[NC-17]=1&ratings[R]=1&commit=Refresh" for 127.0.0.1 at 2020-03-10 11:37:46 +0000
Processing by MoviesController#index as HTML
  Parameters: {"utf8"=>"✓", "ratings"=>{"PG"=>"1", "NC-17"=>"1", "R"=>"1"}, "commit"=>"Refresh"}
Redirected to http://www.example.com/movies?ratings%5BNC-17%5D=1&ratings%5BPG%5D=1&ratings%5BR%5D=1
Completed 302 Found in 1ms (ActiveRecord: 0.0ms)
Started GET "/movies?ratings[NC-17]=1&ratings[PG]=1&ratings[R]=1" for 127.0.0.1 at 2020-03-10 11:37:46 +0000
Processing by MoviesController#index as HTML
  Parameters: {"ratings"=>{"NC-17"=>"1", "PG"=>"1", "R"=>"1"}}
  [1m[35mMovie Load (0.2ms)[0m  SELECT "movies".* FROM "movies" WHERE "movies"."rating" IN ('NC-17', 'PG', 'R')
  Rendered movies/index.html.haml within layouts/application (2.7ms)
Completed 200 OK in 4ms (Views: 3.7ms | ActiveRecord: 0.2ms)
  [1m[36m (0.4ms)[0m  [1mrollback transaction[0m
  [1m[35m (0.1ms)[0m  begin transaction
  [1m[36m (0.1ms)[0m  [1mcommit transaction[0m
  [1m[35m (0.0ms)[0m  begin transaction
  [1m[36m (0.0ms)[0m  [1mSAVEPOINT active_record_1[0m
  [1m[35mSQL (0.1ms)[0m  INSERT INTO "movies" ("title", "rating", "release_date", "created_at", "updated_at") VALUES (?, ?, ?, ?, ?)  [["title", "Aladdin"], ["rating", "G"], ["release_date", "1992-11-25 00:00:00.000000"], ["created_at", "2020-03-10 11:37:46.759907"], ["updated_at", "2020-03-10 11:37:46.759907"]]
  [1m[36m (0.0ms)[0m  [1mRELEASE SAVEPOINT active_record_1[0m
  [1m[35m (0.1ms)[0m  SAVEPOINT active_record_1
  [1m[36mSQL (0.1ms)[0m  [1mINSERT INTO "movies" ("title", "rating", "release_date", "created_at", "updated_at") VALUES (?, ?, ?, ?, ?)[0m  [["title", "The Terminator"], ["rating", "R"], ["release_date", "1984-10-26 00:00:00.000000"], ["created_at", "2020-03-10 11:37:46.761489"], ["updated_at", "2020-03-10 11:37:46.761489"]]
  [1m[35m (0.0ms)[0m  RELEASE SAVEPOINT active_record_1
  [1m[36m (0.0ms)[0m  [1mSAVEPOINT active_record_1[0m
  [1m[35mSQL (0.1ms)[0m  INSERT INTO "movies" ("title", "rating", "release_date", "created_at", "updated_at") VALUES (?, ?, ?, ?, ?)  [["title", "When Harry Met Sally"], ["rating", "R"], ["release_date", "1989-07-21 00:00:00.000000"], ["created_at", "2020-03-10 11:37:46.762872"], ["updated_at", "2020-03-10 11:37:46.762872"]]
  [1m[36m (0.1ms)[0m  [1mRELEASE SAVEPOINT active_record_1[0m
  [1m[35m (0.0ms)[0m  SAVEPOINT active_record_1
  [1m[36mSQL (0.1ms)[0m  [1mINSERT INTO "movies" ("title", "rating", "release_date", "created_at", "updated_at") VALUES (?, ?, ?, ?, ?)[0m  [["title", "The Help"], ["rating", "PG-13"], ["release_date", "2011-08-10 00:00:00.000000"], ["created_at", "2020-03-10 11:37:46.764180"], ["updated_at", "2020-03-10 11:37:46.764180"]]
  [1m[35m (0.0ms)[0m  RELEASE SAVEPOINT active_record_1
  [1m[36m (0.0ms)[0m  [1mSAVEPOINT active_record_1[0m
  [1m[35mSQL (0.1ms)[0m  INSERT INTO "movies" ("title", "rating", "release_date", "created_at", "updated_at") VALUES (?, ?, ?, ?, ?)  [["title", "Chocolat"], ["rating", "PG-13"], ["release_date", "2001-01-05 00:00:00.000000"], ["created_at", "2020-03-10 11:37:46.765523"], ["updated_at", "2020-03-10 11:37:46.765523"]]
  [1m[36m (0.0ms)[0m  [1mRELEASE SAVEPOINT active_record_1[0m
  [1m[35m (0.0ms)[0m  SAVEPOINT active_record_1
  [1m[36mSQL (0.1ms)[0m  [1mINSERT INTO "movies" ("title", "rating", "release_date", "created_at", "updated_at") VALUES (?, ?, ?, ?, ?)[0m  [["title", "Amelie"], ["rating", "R"], ["release_date", "2001-04-25 00:00:00.000000"], ["created_at", "2020-03-10 11:37:46.766844"], ["updated_at", "2020-03-10 11:37:46.766844"]]
  [1m[35m (0.1ms)[0m  RELEASE SAVEPOINT active_record_1
  [1m[36m (0.1ms)[0m  [1mSAVEPOINT active_record_1[0m
  [1m[35mSQL (0.1ms)[0m  INSERT INTO "movies" ("title", "rating", "release_date", "created_at", "updated_at") VALUES (?, ?, ?, ?, ?)  [["title", "2001: A Space Odyssey"], ["rating", "G"], ["release_date", "1968-04-06 00:00:00.000000"], ["created_at", "2020-03-10 11:37:46.768189"], ["updated_at", "2020-03-10 11:37:46.768189"]]
  [1m[36m (0.0ms)[0m  [1mRELEASE SAVEPOINT active_record_1[0m
  [1m[35m (0.0ms)[0m  SAVEPOINT active_record_1
  [1m[36mSQL (0.1ms)[0m  [1mINSERT INTO "movies" ("title", "rating", "release_date", "created_at", "updated_at") VALUES (?, ?, ?, ?, ?)[0m  [["title", "The Incredibles"], ["rating", "PG"], ["release_date", "2004-11-05 00:00:00.000000"], ["created_at", "2020-03-10 11:37:46.769619"], ["updated_at", "2020-03-10 11:37:46.769619"]]
  [1m[35m (0.0ms)[0m  RELEASE SAVEPOINT active_record_1
  [1m[36m (0.0ms)[0m  [1mSAVEPOINT active_record_1[0m
  [1m[35mSQL (0.1ms)[0m  INSERT INTO "movies" ("title", "rating", "release_date", "created_at", "updated_at") VALUES (?, ?, ?, ?, ?)  [["title", "Raiders of the Lost Ark"], ["rating", "PG"], ["release_date", "1981-06-12 00:00:00.000000"], ["created_at", "2020-03-10 11:37:46.770952"], ["updated_at", "2020-03-10 11:37:46.770952"]]
  [1m[36m (0.0ms)[0m  [1mRELEASE SAVEPOINT active_record_1[0m
  [1m[35m (0.0ms)[0m  SAVEPOINT active_record_1
  [1m[36mSQL (0.2ms)[0m  [1mINSERT INTO "movies" ("title", "rating", "release_date", "created_at", "updated_at") VALUES (?, ?, ?, ?, ?)[0m  [["title", "Chicken Run"], ["rating", "G"], ["release_date", "2000-06-21 00:00:00.000000"], ["created_at", "2020-03-10 11:37:46.772312"], ["updated_at", "2020-03-10 11:37:46.772312"]]
  [1m[35m (0.0ms)[0m  RELEASE SAVEPOINT active_record_1
Started GET "/movies" for 127.0.0.1 at 2020-03-10 11:37:46 +0000
Processing by MoviesController#index as HTML
  [1m[36mMovie Load (0.2ms)[0m  [1mSELECT "movies".* FROM "movies" WHERE "movies"."rating" IN ('G', 'PG', 'PG-13', 'NC-17', 'R')[0m
  Rendered movies/index.html.haml within layouts/application (3.3ms)
Completed 200 OK in 5ms (Views: 4.3ms | ActiveRecord: 0.2ms)
Started GET "/movies?utf8=%E2%9C%93&ratings[G]=1&ratings[PG]=1&ratings[PG-13]=1&ratings[NC-17]=1&ratings[R]=1&commit=Refresh" for 127.0.0.1 at 2020-03-10 11:37:46 +0000
Processing by MoviesController#index as HTML
  Parameters: {"utf8"=>"✓", "ratings"=>{"G"=>"1", "PG"=>"1", "PG-13"=>"1", "NC-17"=>"1", "R"=>"1"}, "commit"=>"Refresh"}
Redirected to http://www.example.com/movies?ratings%5BG%5D=1&ratings%5BNC-17%5D=1&ratings%5BPG%5D=1&ratings%5BPG-13%5D=1&ratings%5BR%5D=1
Completed 302 Found in 1ms (ActiveRecord: 0.0ms)
Started GET "/movies?ratings[G]=1&ratings[NC-17]=1&ratings[PG]=1&ratings[PG-13]=1&ratings[R]=1" for 127.0.0.1 at 2020-03-10 11:37:46 +0000
Processing by MoviesController#index as HTML
  Parameters: {"ratings"=>{"G"=>"1", "NC-17"=>"1", "PG"=>"1", "PG-13"=>"1", "R"=>"1"}}
  [1m[35mMovie Load (0.2ms)[0m  SELECT "movies".* FROM "movies" WHERE "movies"."rating" IN ('G', 'NC-17', 'PG', 'PG-13', 'R')
  Rendered movies/index.html.haml within layouts/application (3.1ms)
Completed 200 OK in 5ms (Views: 4.0ms | ActiveRecord: 0.2ms)
  [1m[36mMovie Load (0.1ms)[0m  [1mSELECT "movies".* FROM "movies"[0m
  [1m[35m (0.3ms)[0m  rollback transaction
  [1m[36m (0.1ms)[0m  [1mbegin transaction[0m
  [1m[35m (0.0ms)[0m  commit transaction
  [1m[36m (0.0ms)[0m  [1mbegin transaction[0m
  [1m[35m (0.0ms)[0m  SAVEPOINT active_record_1
  [1m[36mSQL (0.2ms)[0m  [1mINSERT INTO "movies" ("title", "rating", "director", "release_date", "created_at", "updated_at") VALUES (?, ?, ?, ?, ?, ?)[0m  [["title", "Star Wars"], ["rating", "PG"], ["director", "George Lucas"], ["release_date", "1977-05-25 00:00:00.000000"], ["created_at", "2020-03-10 11:37:46.818946"], ["updated_at", "2020-03-10 11:37:46.818946"]]
  [1m[35m (0.1ms)[0m  RELEASE SAVEPOINT active_record_1
  [1m[36m (0.0ms)[0m  [1mSAVEPOINT active_record_1[0m
  [1m[35mSQL (0.1ms)[0m  INSERT INTO "movies" ("title", "rating", "director", "release_date", "created_at", "updated_at") VALUES (?, ?, ?, ?, ?, ?)  [["title", "Blade Runner"], ["rating", "PG"], ["director", "Ridley Scott"], ["release_date", "1982-06-25 00:00:00.000000"], ["created_at", "2020-03-10 11:37:46.820569"], ["updated_at", "2020-03-10 11:37:46.820569"]]
  [1m[36m (0.0ms)[0m  [1mRELEASE SAVEPOINT active_record_1[0m
  [1m[35m (0.0ms)[0m  SAVEPOINT active_record_1
  [1m[36mSQL (0.1ms)[0m  [1mINSERT INTO "movies" ("title", "rating", "director", "release_date", "created_at", "updated_at") VALUES (?, ?, ?, ?, ?, ?)[0m  [["title", "Alien"], ["rating", "R"], ["director", ""], ["release_date", "1979-05-25 00:00:00.000000"], ["created_at", "2020-03-10 11:37:46.822069"], ["updated_at", "2020-03-10 11:37:46.822069"]]
  [1m[35m (0.0ms)[0m  RELEASE SAVEPOINT active_record_1
  [1m[36m (0.0ms)[0m  [1mSAVEPOINT active_record_1[0m
  [1m[35mSQL (0.1ms)[0m  INSERT INTO "movies" ("title", "rating", "director", "release_date", "created_at", "updated_at") VALUES (?, ?, ?, ?, ?, ?)  [["title", "THX-1138"], ["rating", "R"], ["director", "George Lucas"], ["release_date", "1971-03-11 00:00:00.000000"], ["created_at", "2020-03-10 11:37:46.823444"], ["updated_at", "2020-03-10 11:37:46.823444"]]
  [1m[36m (0.0ms)[0m  [1mRELEASE SAVEPOINT active_record_1[0m
  [1m[35mMovie Load (0.1ms)[0m  SELECT  "movies".* FROM "movies" WHERE "movies"."title" = ? LIMIT 1  [["title", "Alien"]]
Started GET "/movies/3/edit" for 127.0.0.1 at 2020-03-10 11:37:46 +0000
Processing by MoviesController#edit as HTML
  Parameters: {"id"=>"3"}
  [1m[36mMovie Load (0.1ms)[0m  [1mSELECT  "movies".* FROM "movies" WHERE "movies"."id" = ? LIMIT 1[0m  [["id", 3]]
  Rendered movies/edit.html.haml within layouts/application (15.3ms)
Completed 200 OK in 18ms (Views: 17.5ms | ActiveRecord: 0.1ms)
Started PUT "/movies/3" for 127.0.0.1 at 2020-03-10 11:37:46 +0000
Processing by MoviesController#update as HTML
  Parameters: {"utf8"=>"✓", "movie"=>{"title"=>"Alien", "rating"=>"R", "release_date(1i)"=>"1979", "release_date(2i)"=>"5", "release_date(3i)"=>"25", "director"=>"Ridley Scott"}, "commit"=>"Update Movie Info", "id"=>"3"}
  [1m[35mMovie Load (0.0ms)[0m  SELECT  "movies".* FROM "movies" WHERE "movies"."id" = ? LIMIT 1  [["id", 3]]
  [1m[36m (0.0ms)[0m  [1mSAVEPOINT active_record_1[0m
  [1m[35mSQL (0.1ms)[0m  UPDATE "movies" SET "director" = ?, "updated_at" = ? WHERE "movies"."id" = ?  [["director", "Ridley Scott"], ["updated_at", "2020-03-10 11:37:46.863469"], ["id", 3]]
  [1m[36m (0.0ms)[0m  [1mRELEASE SAVEPOINT active_record_1[0m
Redirected to http://www.example.com/movies/3
Completed 302 Found in 3ms (ActiveRecord: 0.2ms)
Started GET "/movies/3" for 127.0.0.1 at 2020-03-10 11:37:46 +0000
Processing by MoviesController#show as HTML
  Parameters: {"id"=>"3"}
  [1m[35mMovie Load (0.0ms)[0m  SELECT  "movies".* FROM "movies" WHERE "movies"."id" = ? LIMIT 1  [["id", 3]]
  Rendered movies/show.html.haml within layouts/application (2.1ms)
Completed 200 OK in 5ms (Views: 4.3ms | ActiveRecord: 0.0ms)
  [1m[36mMovie Load (0.1ms)[0m  [1mSELECT  "movies".* FROM "movies" WHERE "movies"."title" = ? LIMIT 1[0m  [["title", "Alien"]]
  [1m[35m (0.3ms)[0m  rollback transaction
  [1m[36m (0.1ms)[0m  [1mbegin transaction[0m
  [1m[35m (0.0ms)[0m  commit transaction
  [1m[36m (0.0ms)[0m  [1mbegin transaction[0m
  [1m[35m (0.0ms)[0m  SAVEPOINT active_record_1
  [1m[36mSQL (0.1ms)[0m  [1mINSERT INTO "movies" ("title", "rating", "director", "release_date", "created_at", "updated_at") VALUES (?, ?, ?, ?, ?, ?)[0m  [["title", "Star Wars"], ["rating", "PG"], ["director", "George Lucas"], ["release_date", "1977-05-25 00:00:00.000000"], ["created_at", "2020-03-10 11:37:46.877860"], ["updated_at", "2020-03-10 11:37:46.877860"]]
  [1m[35m (0.0ms)[0m  RELEASE SAVEPOINT active_record_1
  [1m[36m (0.0ms)[0m  [1mSAVEPOINT active_record_1[0m
  [1m[35mSQL (0.1ms)[0m  INSERT INTO "movies" ("title", "rating", "director", "release_date", "created_at", "updated_at") VALUES (?, ?, ?, ?, ?, ?)  [["title", "Blade Runner"], ["rating", "PG"], ["director", "Ridley Scott"], ["release_date", "1982-06-25 00:00:00.000000"], ["created_at", "2020-03-10 11:37:46.879473"], ["updated_at", "2020-03-10 11:37:46.879473"]]
  [1m[36m (0.1ms)[0m  [1mRELEASE SAVEPOINT active_record_1[0m
  [1m[35m (0.1ms)[0m  SAVEPOINT active_record_1
  [1m[36mSQL (0.1ms)[0m  [1mINSERT INTO "movies" ("title", "rating", "director", "release_date", "created_at", "updated_at") VALUES (?, ?, ?, ?, ?, ?)[0m  [["title", "Alien"], ["rating", "R"], ["director", ""], ["release_date", "1979-05-25 00:00:00.000000"], ["created_at", "2020-03-10 11:37:46.880961"], ["updated_at", "2020-03-10 11:37:46.880961"]]
  [1m[35m (0.0ms)[0m  RELEASE SAVEPOINT active_record_1
  [1m[36m (0.0ms)[0m  [1mSAVEPOINT active_record_1[0m
  [1m[35mSQL (0.1ms)[0m  INSERT INTO "movies" ("title", "rating", "director", "release_date", "created_at", "updated_at") VALUES (?, ?, ?, ?, ?, ?)  [["title", "THX-1138"], ["rating", "R"], ["director", "George Lucas"], ["release_date", "1971-03-11 00:00:00.000000"], ["created_at", "2020-03-10 11:37:46.882397"], ["updated_at", "2020-03-10 11:37:46.882397"]]
  [1m[36m (0.1ms)[0m  [1mRELEASE SAVEPOINT active_record_1[0m
  [1m[35mMovie Load (0.0ms)[0m  SELECT  "movies".* FROM "movies" WHERE "movies"."title" = ? LIMIT 1  [["title", "Star Wars"]]
Started GET "/movies/1" for 127.0.0.1 at 2020-03-10 11:37:46 +0000
Processing by MoviesController#show as HTML
  Parameters: {"id"=>"1"}
  [1m[36mMovie Load (0.0ms)[0m  [1mSELECT  "movies".* FROM "movies" WHERE "movies"."id" = ? LIMIT 1[0m  [["id", 1]]
  Rendered movies/show.html.haml within layouts/application (0.6ms)
Completed 200 OK in 2ms (Views: 1.9ms | ActiveRecord: 0.0ms)
Started GET "/movies/1/same_director" for 127.0.0.1 at 2020-03-10 11:37:46 +0000
Processing by MoviesController#same_director as HTML
  Parameters: {"id"=>"1"}
  [1m[35mMovie Load (0.0ms)[0m  SELECT  "movies".* FROM "movies" WHERE "movies"."id" = ? LIMIT 1  [["id", 1]]
  [1m[36mMovie Load (0.1ms)[0m  [1mSELECT "movies".* FROM "movies" WHERE "movies"."Director" = 'George Lucas'[0m
  Rendered movies/same_director.html.haml within layouts/application (2.7ms)
Completed 200 OK in 5ms (Views: 4.7ms | ActiveRecord: 0.2ms)
  [1m[35mMovie Load (0.1ms)[0m  SELECT  "movies".* FROM "movies" WHERE "movies"."title" = ? LIMIT 1  [["title", "Star Wars"]]
  [1m[36m (0.3ms)[0m  [1mrollback transaction[0m
  [1m[35m (0.0ms)[0m  begin transaction
  [1m[36m (0.0ms)[0m  [1mcommit transaction[0m
  [1m[35m (0.0ms)[0m  begin transaction
  [1m[36m (0.0ms)[0m  [1mSAVEPOINT active_record_1[0m
  [1m[35mSQL (0.1ms)[0m  INSERT INTO "movies" ("title", "rating", "director", "release_date", "created_at", "updated_at") VALUES (?, ?, ?, ?, ?, ?)  [["title", "Star Wars"], ["rating", "PG"], ["director", "George Lucas"], ["release_date", "1977-05-25 00:00:00.000000"], ["created_at", "2020-03-10 11:37:46.921873"], ["updated_at", "2020-03-10 11:37:46.921873"]]
  [1m[36m (0.1ms)[0m  [1mRELEASE SAVEPOINT active_record_1[0m
  [1m[35m (0.0ms)[0m  SAVEPOINT active_record_1
  [1m[36mSQL (0.1ms)[0m  [1mINSERT INTO "movies" ("title", "rating", "director", "release_date", "created_at", "updated_at") VALUES (?, ?, ?, ?, ?, ?)[0m  [["title", "Blade Runner"], ["rating", "PG"], ["director", "Ridley Scott"], ["release_date", "1982-06-25 00:00:00.000000"], ["created_at", "2020-03-10 11:37:46.923608"], ["updated_at", "2020-03-10 11:37:46.923608"]]
  [1m[35m (0.0ms)[0m  RELEASE SAVEPOINT active_record_1
  [1m[36m (0.0ms)[0m  [1mSAVEPOINT active_record_1[0m
  [1m[35mSQL (0.1ms)[0m  INSERT INTO "movies" ("title", "rating", "director", "release_date", "created_at", "updated_at") VALUES (?, ?, ?, ?, ?, ?)  [["title", "Alien"], ["rating", "R"], ["director", ""], ["release_date", "1979-05-25 00:00:00.000000"], ["created_at", "2020-03-10 11:37:46.925022"], ["updated_at", "2020-03-10 11:37:46.925022"]]
  [1m[36m (0.0ms)[0m  [1mRELEASE SAVEPOINT active_record_1[0m
  [1m[35m (0.1ms)[0m  SAVEPOINT active_record_1
  [1m[36mSQL (0.1ms)[0m  [1mINSERT INTO "movies" ("title", "rating", "director", "release_date", "created_at", "updated_at") VALUES (?, ?, ?, ?, ?, ?)[0m  [["title", "THX-1138"], ["rating", "R"], ["director", "George Lucas"], ["release_date", "1971-03-11 00:00:00.000000"], ["created_at", "2020-03-10 11:37:46.926461"], ["updated_at", "2020-03-10 11:37:46.926461"]]
  [1m[35m (0.1ms)[0m  RELEASE SAVEPOINT active_record_1
  [1m[36mMovie Load (0.1ms)[0m  [1mSELECT  "movies".* FROM "movies" WHERE "movies"."title" = ? LIMIT 1[0m  [["title", "Alien"]]
Started GET "/movies/3" for 127.0.0.1 at 2020-03-10 11:37:46 +0000
Processing by MoviesController#show as HTML
  Parameters: {"id"=>"3"}
  [1m[35mMovie Load (0.0ms)[0m  SELECT  "movies".* FROM "movies" WHERE "movies"."id" = ? LIMIT 1  [["id", 3]]
  Rendered movies/show.html.haml within layouts/application (0.6ms)
Completed 200 OK in 2ms (Views: 2.1ms | ActiveRecord: 0.0ms)
Started GET "/movies/3/same_director" for 127.0.0.1 at 2020-03-10 11:37:46 +0000
Processing by MoviesController#same_director as HTML
  Parameters: {"id"=>"3"}
  [1m[36mMovie Load (0.0ms)[0m  [1mSELECT  "movies".* FROM "movies" WHERE "movies"."id" = ? LIMIT 1[0m  [["id", 3]]
Redirected to http://www.example.com/movies
Completed 302 Found in 1ms (ActiveRecord: 0.0ms)
Started GET "/movies" for 127.0.0.1 at 2020-03-10 11:37:46 +0000
Processing by MoviesController#index as HTML
  [1m[35mMovie Load (0.1ms)[0m  SELECT "movies".* FROM "movies" WHERE "movies"."rating" IN ('G', 'PG', 'PG-13', 'NC-17', 'R')
  Rendered movies/index.html.haml within layouts/application (2.1ms)
Completed 200 OK in 4ms (Views: 3.0ms | ActiveRecord: 0.1ms)
  [1m[36m (0.2ms)[0m  [1mrollback transaction[0m
  [1m[35m (0.0ms)[0m  begin transaction
  [1m[36m (0.1ms)[0m  [1mcommit transaction[0m
  [1m[35m (0.0ms)[0m  begin transaction
  [1m[36m (0.0ms)[0m  [1mSAVEPOINT active_record_1[0m
  [1m[35mSQL (0.1ms)[0m  INSERT INTO "movies" ("title", "rating", "release_date", "created_at", "updated_at") VALUES (?, ?, ?, ?, ?)  [["title", "Aladdin"], ["rating", "G"], ["release_date", "1992-11-25 00:00:00.000000"], ["created_at", "2020-03-10 11:37:46.951384"], ["updated_at", "2020-03-10 11:37:46.951384"]]
  [1m[36m (0.0ms)[0m  [1mRELEASE SAVEPOINT active_record_1[0m
  [1m[35m (0.1ms)[0m  SAVEPOINT active_record_1
  [1m[36mSQL (0.1ms)[0m  [1mINSERT INTO "movies" ("title", "rating", "release_date", "created_at", "updated_at") VALUES (?, ?, ?, ?, ?)[0m  [["title", "The Terminator"], ["rating", "R"], ["release_date", "1984-10-26 00:00:00.000000"], ["created_at", "2020-03-10 11:37:46.952928"], ["updated_at", "2020-03-10 11:37:46.952928"]]
  [1m[35m (0.0ms)[0m  RELEASE SAVEPOINT active_record_1
  [1m[36m (0.1ms)[0m  [1mSAVEPOINT active_record_1[0m
  [1m[35mSQL (0.1ms)[0m  INSERT INTO "movies" ("title", "rating", "release_date", "created_at", "updated_at") VALUES (?, ?, ?, ?, ?)  [["title", "When Harry Met Sally"], ["rating", "R"], ["release_date", "1989-07-21 00:00:00.000000"], ["created_at", "2020-03-10 11:37:46.954388"], ["updated_at", "2020-03-10 11:37:46.954388"]]
  [1m[36m (0.0ms)[0m  [1mRELEASE SAVEPOINT active_record_1[0m
  [1m[35m (0.0ms)[0m  SAVEPOINT active_record_1
  [1m[36mSQL (0.1ms)[0m  [1mINSERT INTO "movies" ("title", "rating", "release_date", "created_at", "updated_at") VALUES (?, ?, ?, ?, ?)[0m  [["title", "The Help"], ["rating", "PG-13"], ["release_date", "2011-08-10 00:00:00.000000"], ["created_at", "2020-03-10 11:37:46.955667"], ["updated_at", "2020-03-10 11:37:46.955667"]]
  [1m[35m (0.1ms)[0m  RELEASE SAVEPOINT active_record_1
  [1m[36m (0.0ms)[0m  [1mSAVEPOINT active_record_1[0m
  [1m[35mSQL (0.1ms)[0m  INSERT INTO "movies" ("title", "rating", "release_date", "created_at", "updated_at") VALUES (?, ?, ?, ?, ?)  [["title", "Chocolat"], ["rating", "PG-13"], ["release_date", "2001-01-05 00:00:00.000000"], ["created_at", "2020-03-10 11:37:46.957131"], ["updated_at", "2020-03-10 11:37:46.957131"]]
  [1m[36m (0.1ms)[0m  [1mRELEASE SAVEPOINT active_record_1[0m
  [1m[35m (0.0ms)[0m  SAVEPOINT active_record_1
  [1m[36mSQL (0.1ms)[0m  [1mINSERT INTO "movies" ("title", "rating", "release_date", "created_at", "updated_at") VALUES (?, ?, ?, ?, ?)[0m  [["title", "Amelie"], ["rating", "R"], ["release_date", "2001-04-25 00:00:00.000000"], ["created_at", "2020-03-10 11:37:46.958551"], ["updated_at", "2020-03-10 11:37:46.958551"]]
  [1m[35m (0.0ms)[0m  RELEASE SAVEPOINT active_record_1
  [1m[36m (0.1ms)[0m  [1mSAVEPOINT active_record_1[0m
  [1m[35mSQL (0.1ms)[0m  INSERT INTO "movies" ("title", "rating", "release_date", "created_at", "updated_at") VALUES (?, ?, ?, ?, ?)  [["title", "2001: A Space Odyssey"], ["rating", "G"], ["release_date", "1968-04-06 00:00:00.000000"], ["created_at", "2020-03-10 11:37:46.959844"], ["updated_at", "2020-03-10 11:37:46.959844"]]
  [1m[36m (0.1ms)[0m  [1mRELEASE SAVEPOINT active_record_1[0m
  [1m[35m (0.0ms)[0m  SAVEPOINT active_record_1
  [1m[36mSQL (0.1ms)[0m  [1mINSERT INTO "movies" ("title", "rating", "release_date", "created_at", "updated_at") VALUES (?, ?, ?, ?, ?)[0m  [["title", "The Incredibles"], ["rating", "PG"], ["release_date", "2004-11-05 00:00:00.000000"], ["created_at", "2020-03-10 11:37:46.961323"], ["updated_at", "2020-03-10 11:37:46.961323"]]
  [1m[35m (0.0ms)[0m  RELEASE SAVEPOINT active_record_1
  [1m[36m (0.0ms)[0m  [1mSAVEPOINT active_record_1[0m
  [1m[35mSQL (0.1ms)[0m  INSERT INTO "movies" ("title", "rating", "release_date", "created_at", "updated_at") VALUES (?, ?, ?, ?, ?)  [["title", "Raiders of the Lost Ark"], ["rating", "PG"], ["release_date", "1981-06-12 00:00:00.000000"], ["created_at", "2020-03-10 11:37:46.962846"], ["updated_at", "2020-03-10 11:37:46.962846"]]
  [1m[36m (0.0ms)[0m  [1mRELEASE SAVEPOINT active_record_1[0m
  [1m[35m (0.0ms)[0m  SAVEPOINT active_record_1
  [1m[36mSQL (0.2ms)[0m  [1mINSERT INTO "movies" ("title", "rating", "release_date", "created_at", "updated_at") VALUES (?, ?, ?, ?, ?)[0m  [["title", "Chicken Run"], ["rating", "G"], ["release_date", "2000-06-21 00:00:00.000000"], ["created_at", "2020-03-10 11:37:46.964172"], ["updated_at", "2020-03-10 11:37:46.964172"]]
  [1m[35m (0.0ms)[0m  RELEASE SAVEPOINT active_record_1
Started GET "/movies" for 127.0.0.1 at 2020-03-10 11:37:46 +0000
Processing by MoviesController#index as HTML
  [1m[36mMovie Load (0.1ms)[0m  [1mSELECT "movies".* FROM "movies" WHERE "movies"."rating" IN ('G', 'PG', 'PG-13', 'NC-17', 'R')[0m
  Rendered movies/index.html.haml within layouts/application (3.2ms)
Completed 200 OK in 5ms (Views: 4.3ms | ActiveRecord: 0.1ms)
Started GET "/movies?ratings[G]=G&ratings[NC-17]=NC-17&ratings[PG]=PG&ratings[PG-13]=PG-13&ratings[R]=R&sort=title" for 127.0.0.1 at 2020-03-10 11:37:46 +0000
Processing by MoviesController#index as HTML
  Parameters: {"ratings"=>{"G"=>"G", "NC-17"=>"NC-17", "PG"=>"PG", "PG-13"=>"PG-13", "R"=>"R"}, "sort"=>"title"}
Redirected to http://www.example.com/movies?ratings%5BG%5D=G&ratings%5BNC-17%5D=NC-17&ratings%5BPG%5D=PG&ratings%5BPG-13%5D=PG-13&ratings%5BR%5D=R&sort=title
Completed 302 Found in 1ms (ActiveRecord: 0.0ms)
Started GET "/movies?ratings[G]=G&ratings[NC-17]=NC-17&ratings[PG]=PG&ratings[PG-13]=PG-13&ratings[R]=R&sort=title" for 127.0.0.1 at 2020-03-10 11:37:46 +0000
Processing by MoviesController#index as HTML
  Parameters: {"ratings"=>{"G"=>"G", "NC-17"=>"NC-17", "PG"=>"PG", "PG-13"=>"PG-13", "R"=>"R"}, "sort"=>"title"}
  [1m[35mMovie Load (0.2ms)[0m  SELECT "movies".* FROM "movies" WHERE "movies"."rating" IN ('G', 'NC-17', 'PG', 'PG-13', 'R')  ORDER BY "movies"."title" ASC
  Rendered movies/index.html.haml within layouts/application (3.2ms)
Completed 200 OK in 5ms (Views: 4.0ms | ActiveRecord: 0.2ms)
  [1m[36m (0.3ms)[0m  [1mrollback transaction[0m
  [1m[35m (0.0ms)[0m  begin transaction
  [1m[36m (0.0ms)[0m  [1mcommit transaction[0m
  [1m[35m (0.0ms)[0m  begin transaction
  [1m[36m (0.0ms)[0m  [1mSAVEPOINT active_record_1[0m
  [1m[35mSQL (0.1ms)[0m  INSERT INTO "movies" ("title", "rating", "release_date", "created_at", "updated_at") VALUES (?, ?, ?, ?, ?)  [["title", "Aladdin"], ["rating", "G"], ["release_date", "1992-11-25 00:00:00.000000"], ["created_at", "2020-03-10 11:37:46.994474"], ["updated_at", "2020-03-10 11:37:46.994474"]]
  [1m[36m (0.1ms)[0m  [1mRELEASE SAVEPOINT active_record_1[0m
  [1m[35m (0.0ms)[0m  SAVEPOINT active_record_1
  [1m[36mSQL (0.1ms)[0m  [1mINSERT INTO "movies" ("title", "rating", "release_date", "created_at", "updated_at") VALUES (?, ?, ?, ?, ?)[0m  [["title", "The Terminator"], ["rating", "R"], ["release_date", "1984-10-26 00:00:00.000000"], ["created_at", "2020-03-10 11:37:46.995939"], ["updated_at", "2020-03-10 11:37:46.995939"]]
  [1m[35m (0.0ms)[0m  RELEASE SAVEPOINT active_record_1
  [1m[36m (0.0ms)[0m  [1mSAVEPOINT active_record_1[0m
  [1m[35mSQL (0.1ms)[0m  INSERT INTO "movies" ("title", "rating", "release_date", "created_at", "updated_at") VALUES (?, ?, ?, ?, ?)  [["title", "When Harry Met Sally"], ["rating", "R"], ["release_date", "1989-07-21 00:00:00.000000"], ["created_at", "2020-03-10 11:37:46.997224"], ["updated_at", "2020-03-10 11:37:46.997224"]]
  [1m[36m (0.1ms)[0m  [1mRELEASE SAVEPOINT active_record_1[0m
  [1m[35m (0.0ms)[0m  SAVEPOINT active_record_1
  [1m[36mSQL (0.1ms)[0m  [1mINSERT INTO "movies" ("title", "rating", "release_date", "created_at", "updated_at") VALUES (?, ?, ?, ?, ?)[0m  [["title", "The Help"], ["rating", "PG-13"], ["release_date", "2011-08-10 00:00:00.000000"], ["created_at", "2020-03-10 11:37:46.998788"], ["updated_at", "2020-03-10 11:37:46.998788"]]
  [1m[35m (0.0ms)[0m  RELEASE SAVEPOINT active_record_1
  [1m[36m (0.0ms)[0m  [1mSAVEPOINT active_record_1[0m
  [1m[35mSQL (0.1ms)[0m  INSERT INTO "movies" ("title", "rating", "release_date", "created_at", "updated_at") VALUES (?, ?, ?, ?, ?)  [["title", "Chocolat"], ["rating", "PG-13"], ["release_date", "2001-01-05 00:00:00.000000"], ["created_at", "2020-03-10 11:37:47.000108"], ["updated_at", "2020-03-10 11:37:47.000108"]]
  [1m[36m (0.0ms)[0m  [1mRELEASE SAVEPOINT active_record_1[0m
  [1m[35m (0.0ms)[0m  SAVEPOINT active_record_1
  [1m[36mSQL (0.1ms)[0m  [1mINSERT INTO "movies" ("title", "rating", "release_date", "created_at", "updated_at") VALUES (?, ?, ?, ?, ?)[0m  [["title", "Amelie"], ["rating", "R"], ["release_date", "2001-04-25 00:00:00.000000"], ["created_at", "2020-03-10 11:37:47.001462"], ["updated_at", "2020-03-10 11:37:47.001462"]]
  [1m[35m (0.0ms)[0m  RELEASE SAVEPOINT active_record_1
  [1m[36m (0.0ms)[0m  [1mSAVEPOINT active_record_1[0m
  [1m[35mSQL (0.1ms)[0m  INSERT INTO "movies" ("title", "rating", "release_date", "created_at", "updated_at") VALUES (?, ?, ?, ?, ?)  [["title", "2001: A Space Odyssey"], ["rating", "G"], ["release_date", "1968-04-06 00:00:00.000000"], ["created_at", "2020-03-10 11:37:47.002803"], ["updated_at", "2020-03-10 11:37:47.002803"]]
  [1m[36m (0.1ms)[0m  [1mRELEASE SAVEPOINT active_record_1[0m
  [1m[35m (0.0ms)[0m  SAVEPOINT active_record_1
  [1m[36mSQL (0.1ms)[0m  [1mINSERT INTO "movies" ("title", "rating", "release_date", "created_at", "updated_at") VALUES (?, ?, ?, ?, ?)[0m  [["title", "The Incredibles"], ["rating", "PG"], ["release_date", "2004-11-05 00:00:00.000000"], ["created_at", "2020-03-10 11:37:47.004148"], ["updated_at", "2020-03-10 11:37:47.004148"]]
  [1m[35m (0.0ms)[0m  RELEASE SAVEPOINT active_record_1
  [1m[36m (0.0ms)[0m  [1mSAVEPOINT active_record_1[0m
  [1m[35mSQL (0.1ms)[0m  INSERT INTO "movies" ("title", "rating", "release_date", "created_at", "updated_at") VALUES (?, ?, ?, ?, ?)  [["title", "Raiders of the Lost Ark"], ["rating", "PG"], ["release_date", "1981-06-12 00:00:00.000000"], ["created_at", "2020-03-10 11:37:47.005503"], ["updated_at", "2020-03-10 11:37:47.005503"]]
  [1m[36m (0.0ms)[0m  [1mRELEASE SAVEPOINT active_record_1[0m
  [1m[35m (0.0ms)[0m  SAVEPOINT active_record_1
  [1m[36mSQL (0.2ms)[0m  [1mINSERT INTO "movies" ("title", "rating", "release_date", "created_at", "updated_at") VALUES (?, ?, ?, ?, ?)[0m  [["title", "Chicken Run"], ["rating", "G"], ["release_date", "2000-06-21 00:00:00.000000"], ["created_at", "2020-03-10 11:37:47.007035"], ["updated_at", "2020-03-10 11:37:47.007035"]]
  [1m[35m (0.0ms)[0m  RELEASE SAVEPOINT active_record_1
Started GET "/movies" for 127.0.0.1 at 2020-03-10 11:37:47 +0000
Processing by MoviesController#index as HTML
  [1m[36mMovie Load (0.1ms)[0m  [1mSELECT "movies".* FROM "movies" WHERE "movies"."rating" IN ('G', 'PG', 'PG-13', 'NC-17', 'R')[0m
  Rendered movies/index.html.haml within layouts/application (3.2ms)
Completed 200 OK in 5ms (Views: 4.3ms | ActiveRecord: 0.1ms)
Started GET "/movies?ratings[G]=G&ratings[NC-17]=NC-17&ratings[PG]=PG&ratings[PG-13]=PG-13&ratings[R]=R&sort=release_date" for 127.0.0.1 at 2020-03-10 11:37:47 +0000
Processing by MoviesController#index as HTML
  Parameters: {"ratings"=>{"G"=>"G", "NC-17"=>"NC-17", "PG"=>"PG", "PG-13"=>"PG-13", "R"=>"R"}, "sort"=>"release_date"}
Redirected to http://www.example.com/movies?ratings%5BG%5D=G&ratings%5BNC-17%5D=NC-17&ratings%5BPG%5D=PG&ratings%5BPG-13%5D=PG-13&ratings%5BR%5D=R&sort=release_date
Completed 302 Found in 1ms (ActiveRecord: 0.0ms)
Started GET "/movies?ratings[G]=G&ratings[NC-17]=NC-17&ratings[PG]=PG&ratings[PG-13]=PG-13&ratings[R]=R&sort=release_date" for 127.0.0.1 at 2020-03-10 11:37:47 +0000
Processing by MoviesController#index as HTML
  Parameters: {"ratings"=>{"G"=>"G", "NC-17"=>"NC-17", "PG"=>"PG", "PG-13"=>"PG-13", "R"=>"R"}, "sort"=>"release_date"}
  [1m[35mMovie Load (0.2ms)[0m  SELECT "movies".* FROM "movies" WHERE "movies"."rating" IN ('G', 'NC-17', 'PG', 'PG-13', 'R')  ORDER BY "movies"."release_date" ASC
  Rendered movies/index.html.haml within layouts/application (3.4ms)
Completed 200 OK in 5ms (Views: 4.2ms | ActiveRecord: 0.2ms)
  [1m[36m (0.2ms)[0m  [1mrollback transaction[0m
  [1m[36mActiveRecord::SchemaMigration Load (0.1ms)[0m  [1mSELECT "schema_migrations".* FROM "schema_migrations"[0m
  [1m[35m (0.1ms)[0m  begin transaction
  [1m[36m (0.1ms)[0m  [1mSAVEPOINT active_record_1[0m
  [1m[35mSQL (0.5ms)[0m  INSERT INTO "movies" ("title", "rating", "description", "release_date", "director", "created_at", "updated_at") VALUES (?, ?, ?, ?, ?, ?, ?)  [["title", "The Shawshank Redemption"], ["rating", "R"], ["description", ""], ["release_date", "1994-10-14 00:00:00.000000"], ["director", "Frank Darabont"], ["created_at", "2020-03-10 11:38:05.070184"], ["updated_at", "2020-03-10 11:38:05.070184"]]
  [1m[36m (0.0ms)[0m  [1mRELEASE SAVEPOINT active_record_1[0m
  [1m[35m (0.1ms)[0m  SAVEPOINT active_record_1
  [1m[36mSQL (0.1ms)[0m  [1mINSERT INTO "movies" ("title", "rating", "description", "release_date", "director", "created_at", "updated_at") VALUES (?, ?, ?, ?, ?, ?, ?)[0m  [["title", "Ready Player One"], ["rating", "R"], ["description", ""], ["release_date", "1994-10-14 00:00:00.000000"], ["director", "Steven Spielberg"], ["created_at", "2020-03-10 11:38:05.074149"], ["updated_at", "2020-03-10 11:38:05.074149"]]
  [1m[35m (0.1ms)[0m  RELEASE SAVEPOINT active_record_1
  [1m[36m (0.0ms)[0m  [1mSAVEPOINT active_record_1[0m
  [1m[35mSQL (0.1ms)[0m  INSERT INTO "movies" ("title", "rating", "description", "release_date", "director", "created_at", "updated_at") VALUES (?, ?, ?, ?, ?, ?, ?)  [["title", "The Terminal"], ["rating", "R"], ["description", ""], ["release_date", "1994-10-14 00:00:00.000000"], ["director", "Steven Spielberg"], ["created_at", "2020-03-10 11:38:05.077866"], ["updated_at", "2020-03-10 11:38:05.077866"]]
  [1m[36m (0.0ms)[0m  [1mRELEASE SAVEPOINT active_record_1[0m
Processing by MoviesController#same_director as HTML
  Parameters: {"id"=>"2"}
  [1m[35mMovie Load (0.1ms)[0m  SELECT  "movies".* FROM "movies" WHERE "movies"."id" = ? LIMIT 1  [["id", 2]]
  Template rendering was prevented by rspec-rails. Use `render_views` to verify rendered view contents if necessary.
  Rendered movies/same_director.html.haml within layouts/application (0.3ms)
  Template rendering was prevented by rspec-rails. Use `render_views` to verify rendered view contents if necessary.
Completed 200 OK in 26ms (Views: 18.7ms | ActiveRecord: 0.1ms)
  [1m[36mMovie Load (0.2ms)[0m  [1mSELECT "movies".* FROM "movies" WHERE "movies"."Director" = 'Steven Spielberg'[0m
  [1m[35m (0.3ms)[0m  rollback transaction
  [1m[36m (0.1ms)[0m  [1mbegin transaction[0m
  [1m[35m (0.0ms)[0m  SAVEPOINT active_record_1
  [1m[36mSQL (0.2ms)[0m  [1mINSERT INTO "movies" ("title", "rating", "description", "release_date", "director", "created_at", "updated_at") VALUES (?, ?, ?, ?, ?, ?, ?)[0m  [["title", "The Shawshank Redemption"], ["rating", "R"], ["description", ""], ["release_date", "1994-10-14 00:00:00.000000"], ["director", "Frank Darabont"], ["created_at", "2020-03-10 11:38:05.118838"], ["updated_at", "2020-03-10 11:38:05.118838"]]
  [1m[35m (0.1ms)[0m  RELEASE SAVEPOINT active_record_1
  [1m[36m (0.1ms)[0m  [1mSAVEPOINT active_record_1[0m
  [1m[35mSQL (0.1ms)[0m  INSERT INTO "movies" ("title", "rating", "description", "release_date", "director", "created_at", "updated_at") VALUES (?, ?, ?, ?, ?, ?, ?)  [["title", "Ready Player One"], ["rating", "R"], ["description", ""], ["release_date", "1994-10-14 00:00:00.000000"], ["director", "Steven Spielberg"], ["created_at", "2020-03-10 11:38:05.120696"], ["updated_at", "2020-03-10 11:38:05.120696"]]
  [1m[36m (0.0ms)[0m  [1mRELEASE SAVEPOINT active_record_1[0m
  [1m[35m (0.1ms)[0m  SAVEPOINT active_record_1
  [1m[36mSQL (0.1ms)[0m  [1mINSERT INTO "movies" ("title", "rating", "description", "release_date", "director", "created_at", "updated_at") VALUES (?, ?, ?, ?, ?, ?, ?)[0m  [["title", "The Terminal"], ["rating", "R"], ["description", ""], ["release_date", "1994-10-14 00:00:00.000000"], ["director", "Steven Spielberg"], ["created_at", "2020-03-10 11:38:05.122452"], ["updated_at", "2020-03-10 11:38:05.122452"]]
  [1m[35m (0.1ms)[0m  RELEASE SAVEPOINT active_record_1
Processing by MoviesController#same_director as HTML
  Parameters: {"id"=>"2"}
  [1m[36mMovie Load (0.0ms)[0m  [1mSELECT  "movies".* FROM "movies" WHERE "movies"."id" = ? LIMIT 1[0m  [["id", 2]]
  Rendered movies/same_director.html.haml within layouts/application (0.1ms)
Completed 200 OK in 1ms (Views: 0.4ms | ActiveRecord: 0.0ms)
  [1m[35m (0.1ms)[0m  rollback transaction
  [1m[36m (0.1ms)[0m  [1mbegin transaction[0m
  [1m[35m (0.1ms)[0m  SAVEPOINT active_record_1
  [1m[36mSQL (0.3ms)[0m  [1mINSERT INTO "movies" ("title", "rating", "description", "release_date", "director", "created_at", "updated_at") VALUES (?, ?, ?, ?, ?, ?, ?)[0m  [["title", "The Shawshank Redemption"], ["rating", "R"], ["description", ""], ["release_date", "1994-10-14 00:00:00.000000"], ["director", "Frank Darabont"], ["created_at", "2020-03-10 11:38:05.128979"], ["updated_at", "2020-03-10 11:38:05.128979"]]
  [1m[35m (0.0ms)[0m  RELEASE SAVEPOINT active_record_1
  [1m[36m (0.0ms)[0m  [1mSAVEPOINT active_record_1[0m
  [1m[35mSQL (0.1ms)[0m  INSERT INTO "movies" ("title", "rating", "description", "release_date", "director", "created_at", "updated_at") VALUES (?, ?, ?, ?, ?, ?, ?)  [["title", "Ready Player One"], ["rating", "R"], ["description", ""], ["release_date", "1994-10-14 00:00:00.000000"], ["director", "Steven Spielberg"], ["created_at", "2020-03-10 11:38:05.130951"], ["updated_at", "2020-03-10 11:38:05.130951"]]
  [1m[36m (0.0ms)[0m  [1mRELEASE SAVEPOINT active_record_1[0m
  [1m[35m (0.0ms)[0m  SAVEPOINT active_record_1
  [1m[36mSQL (0.1ms)[0m  [1mINSERT INTO "movies" ("title", "rating", "description", "release_date", "director", "created_at", "updated_at") VALUES (?, ?, ?, ?, ?, ?, ?)[0m  [["title", "The Terminal"], ["rating", "R"], ["description", ""], ["release_date", "1994-10-14 00:00:00.000000"], ["director", "Steven Spielberg"], ["created_at", "2020-03-10 11:38:05.132594"], ["updated_at", "2020-03-10 11:38:05.132594"]]
  [1m[35m (0.0ms)[0m  RELEASE SAVEPOINT active_record_1
  [1m[36m (0.1ms)[0m  [1mSAVEPOINT active_record_1[0m
  [1m[35mSQL (0.1ms)[0m  INSERT INTO "movies" ("title", "rating", "description", "release_date", "director", "created_at", "updated_at") VALUES (?, ?, ?, ?, ?, ?, ?)  [["title", "The Shawshank Redemption"], ["rating", "R"], ["description", ""], ["release_date", "1994-10-14 00:00:00.000000"], ["director", ""], ["created_at", "2020-03-10 11:38:05.134499"], ["updated_at", "2020-03-10 11:38:05.134499"]]
  [1m[36m (0.1ms)[0m  [1mRELEASE SAVEPOINT active_record_1[0m
Processing by MoviesController#same_director as HTML
  Parameters: {"id"=>"4"}
  [1m[35mMovie Load (0.0ms)[0m  SELECT  "movies".* FROM "movies" WHERE "movies"."id" = ? LIMIT 1  [["id", 4]]
Redirected to http://test.host/movies
Completed 302 Found in 1ms (ActiveRecord: 0.0ms)
  [1m[36m (0.1ms)[0m  [1mrollback transaction[0m
  [1m[35m (0.0ms)[0m  begin transaction
  [1m[36m (0.0ms)[0m  [1mSAVEPOINT active_record_1[0m
  [1m[35mSQL (0.1ms)[0m  INSERT INTO "movies" ("title", "rating", "description", "release_date", "director", "created_at", "updated_at") VALUES (?, ?, ?, ?, ?, ?, ?)  [["title", "The Shawshank Redemption"], ["rating", "R"], ["description", ""], ["release_date", "1994-10-14 00:00:00.000000"], ["director", "Frank Darabont"], ["created_at", "2020-03-10 11:38:05.140532"], ["updated_at", "2020-03-10 11:38:05.140532"]]
  [1m[36m (0.0ms)[0m  [1mRELEASE SAVEPOINT active_record_1[0m
  [1m[35m (0.1ms)[0m  SAVEPOINT active_record_1
  [1m[36mSQL (0.1ms)[0m  [1mINSERT INTO "movies" ("title", "rating", "description", "release_date", "director", "created_at", "updated_at") VALUES (?, ?, ?, ?, ?, ?, ?)[0m  [["title", "Ready Player One"], ["rating", "R"], ["description", ""], ["release_date", "1994-10-14 00:00:00.000000"], ["director", "Steven Spielberg"], ["created_at", "2020-03-10 11:38:05.142332"], ["updated_at", "2020-03-10 11:38:05.142332"]]
  [1m[35m (0.0ms)[0m  RELEASE SAVEPOINT active_record_1
  [1m[36m (0.0ms)[0m  [1mSAVEPOINT active_record_1[0m
  [1m[35mSQL (0.1ms)[0m  INSERT INTO "movies" ("title", "rating", "description", "release_date", "director", "created_at", "updated_at") VALUES (?, ?, ?, ?, ?, ?, ?)  [["title", "The Terminal"], ["rating", "R"], ["description", ""], ["release_date", "1994-10-14 00:00:00.000000"], ["director", "Steven Spielberg"], ["created_at", "2020-03-10 11:38:05.144153"], ["updated_at", "2020-03-10 11:38:05.144153"]]
  [1m[36m (0.1ms)[0m  [1mRELEASE SAVEPOINT active_record_1[0m
  [1m[35m (0.0ms)[0m  SAVEPOINT active_record_1
  [1m[36mSQL (0.1ms)[0m  [1mINSERT INTO "movies" ("title", "rating", "description", "release_date", "director", "created_at", "updated_at") VALUES (?, ?, ?, ?, ?, ?, ?)[0m  [["title", "The Shawshank Redemption"], ["rating", "R"], ["description", ""], ["release_date", "1994-10-14 00:00:00.000000"], ["director", ""], ["created_at", "2020-03-10 11:38:05.146139"], ["updated_at", "2020-03-10 11:38:05.146139"]]
  [1m[35m (0.0ms)[0m  RELEASE SAVEPOINT active_record_1
Processing by MoviesController#same_director as HTML
  Parameters: {"id"=>"4"}
  [1m[36mMovie Load (0.0ms)[0m  [1mSELECT  "movies".* FROM "movies" WHERE "movies"."id" = ? LIMIT 1[0m  [["id", 4]]
Redirected to http://test.host/movies
Completed 302 Found in 1ms (ActiveRecord: 0.0ms)
  [1m[35m (0.2ms)[0m  rollback transaction
  [1m[36mActiveRecord::SchemaMigration Load (0.1ms)[0m  [1mSELECT "schema_migrations".* FROM "schema_migrations"[0m
  [1m[35m (0.1ms)[0m  begin transaction
  [1m[36m (0.1ms)[0m  [1mSAVEPOINT active_record_1[0m
  [1m[35mSQL (0.4ms)[0m  INSERT INTO "movies" ("title", "rating", "description", "release_date", "director", "created_at", "updated_at") VALUES (?, ?, ?, ?, ?, ?, ?)  [["title", "The Shawshank Redemption"], ["rating", "R"], ["description", ""], ["release_date", "1994-10-14 00:00:00.000000"], ["director", "Frank Darabont"], ["created_at", "2020-03-10 12:02:06.068765"], ["updated_at", "2020-03-10 12:02:06.068765"]]
  [1m[36m (0.0ms)[0m  [1mRELEASE SAVEPOINT active_record_1[0m
  [1m[35m (0.0ms)[0m  SAVEPOINT active_record_1
  [1m[36mSQL (0.1ms)[0m  [1mINSERT INTO "movies" ("title", "rating", "description", "release_date", "director", "created_at", "updated_at") VALUES (?, ?, ?, ?, ?, ?, ?)[0m  [["title", "Ready Player One"], ["rating", "R"], ["description", ""], ["release_date", "1994-10-14 00:00:00.000000"], ["director", "Steven Spielberg"], ["created_at", "2020-03-10 12:02:06.071208"], ["updated_at", "2020-03-10 12:02:06.071208"]]
  [1m[35m (0.1ms)[0m  RELEASE SAVEPOINT active_record_1
  [1m[36m (0.0ms)[0m  [1mSAVEPOINT active_record_1[0m
  [1m[35mSQL (0.1ms)[0m  INSERT INTO "movies" ("title", "rating", "description", "release_date", "director", "created_at", "updated_at") VALUES (?, ?, ?, ?, ?, ?, ?)  [["title", "The Terminal"], ["rating", "R"], ["description", ""], ["release_date", "1994-10-14 00:00:00.000000"], ["director", "Steven Spielberg"], ["created_at", "2020-03-10 12:02:06.073018"], ["updated_at", "2020-03-10 12:02:06.073018"]]
  [1m[36m (0.2ms)[0m  [1mRELEASE SAVEPOINT active_record_1[0m
Processing by MoviesController#same_director as HTML
  Parameters: {"id"=>"2"}
  [1m[35mMovie Load (0.1ms)[0m  SELECT  "movies".* FROM "movies" WHERE "movies"."id" = ? LIMIT 1  [["id", 2]]
  Template rendering was prevented by rspec-rails. Use `render_views` to verify rendered view contents if necessary.
  Rendered movies/same_director.html.haml within layouts/application (0.2ms)
  Template rendering was prevented by rspec-rails. Use `render_views` to verify rendered view contents if necessary.
Completed 200 OK in 11ms (Views: 7.6ms | ActiveRecord: 0.1ms)
  [1m[36mMovie Load (0.1ms)[0m  [1mSELECT "movies".* FROM "movies" WHERE "movies"."Director" = 'Steven Spielberg'[0m
  [1m[35m (0.2ms)[0m  rollback transaction
  [1m[36m (0.1ms)[0m  [1mbegin transaction[0m
  [1m[35m (0.0ms)[0m  SAVEPOINT active_record_1
  [1m[36mSQL (0.1ms)[0m  [1mINSERT INTO "movies" ("title", "rating", "description", "release_date", "director", "created_at", "updated_at") VALUES (?, ?, ?, ?, ?, ?, ?)[0m  [["title", "The Shawshank Redemption"], ["rating", "R"], ["description", ""], ["release_date", "1994-10-14 00:00:00.000000"], ["director", "Frank Darabont"], ["created_at", "2020-03-10 12:02:06.093736"], ["updated_at", "2020-03-10 12:02:06.093736"]]
  [1m[35m (0.0ms)[0m  RELEASE SAVEPOINT active_record_1
  [1m[36m (0.0ms)[0m  [1mSAVEPOINT active_record_1[0m
  [1m[35mSQL (0.1ms)[0m  INSERT INTO "movies" ("title", "rating", "description", "release_date", "director", "created_at", "updated_at") VALUES (?, ?, ?, ?, ?, ?, ?)  [["title", "Ready Player One"], ["rating", "R"], ["description", ""], ["release_date", "1994-10-14 00:00:00.000000"], ["director", "Steven Spielberg"], ["created_at", "2020-03-10 12:02:06.095604"], ["updated_at", "2020-03-10 12:02:06.095604"]]
  [1m[36m (0.1ms)[0m  [1mRELEASE SAVEPOINT active_record_1[0m
  [1m[35m (0.0ms)[0m  SAVEPOINT active_record_1
  [1m[36mSQL (0.1ms)[0m  [1mINSERT INTO "movies" ("title", "rating", "description", "release_date", "director", "created_at", "updated_at") VALUES (?, ?, ?, ?, ?, ?, ?)[0m  [["title", "The Terminal"], ["rating", "R"], ["description", ""], ["release_date", "1994-10-14 00:00:00.000000"], ["director", "Steven Spielberg"], ["created_at", "2020-03-10 12:02:06.097315"], ["updated_at", "2020-03-10 12:02:06.097315"]]
  [1m[35m (0.0ms)[0m  RELEASE SAVEPOINT active_record_1
Processing by MoviesController#same_director as HTML
  Parameters: {"id"=>"2"}
  [1m[36mMovie Load (0.1ms)[0m  [1mSELECT  "movies".* FROM "movies" WHERE "movies"."id" = ? LIMIT 1[0m  [["id", 2]]
  Rendered movies/same_director.html.haml within layouts/application (0.0ms)
Completed 200 OK in 1ms (Views: 0.4ms | ActiveRecord: 0.1ms)
  [1m[35m (0.1ms)[0m  rollback transaction
  [1m[36m (0.1ms)[0m  [1mbegin transaction[0m
  [1m[35m (0.0ms)[0m  SAVEPOINT active_record_1
  [1m[36mSQL (0.1ms)[0m  [1mINSERT INTO "movies" ("title", "rating", "description", "release_date", "director", "created_at", "updated_at") VALUES (?, ?, ?, ?, ?, ?, ?)[0m  [["title", "The Shawshank Redemption"], ["rating", "R"], ["description", ""], ["release_date", "1994-10-14 00:00:00.000000"], ["director", "Frank Darabont"], ["created_at", "2020-03-10 12:02:06.103382"], ["updated_at", "2020-03-10 12:02:06.103382"]]
  [1m[35m (0.1ms)[0m  RELEASE SAVEPOINT active_record_1
  [1m[36m (0.0ms)[0m  [1mSAVEPOINT active_record_1[0m
  [1m[35mSQL (0.1ms)[0m  INSERT INTO "movies" ("title", "rating", "description", "release_date", "director", "created_at", "updated_at") VALUES (?, ?, ?, ?, ?, ?, ?)  [["title", "Ready Player One"], ["rating", "R"], ["description", ""], ["release_date", "1994-10-14 00:00:00.000000"], ["director", "Steven Spielberg"], ["created_at", "2020-03-10 12:02:06.105289"], ["updated_at", "2020-03-10 12:02:06.105289"]]
  [1m[36m (0.0ms)[0m  [1mRELEASE SAVEPOINT active_record_1[0m
  [1m[35m (0.1ms)[0m  SAVEPOINT active_record_1
  [1m[36mSQL (0.1ms)[0m  [1mINSERT INTO "movies" ("title", "rating", "description", "release_date", "director", "created_at", "updated_at") VALUES (?, ?, ?, ?, ?, ?, ?)[0m  [["title", "The Terminal"], ["rating", "R"], ["description", ""], ["release_date", "1994-10-14 00:00:00.000000"], ["director", "Steven Spielberg"], ["created_at", "2020-03-10 12:02:06.107218"], ["updated_at", "2020-03-10 12:02:06.107218"]]
  [1m[35m (0.1ms)[0m  RELEASE SAVEPOINT active_record_1
  [1m[36m (0.1ms)[0m  [1mSAVEPOINT active_record_1[0m
  [1m[35mSQL (0.1ms)[0m  INSERT INTO "movies" ("title", "rating", "description", "release_date", "director", "created_at", "updated_at") VALUES (?, ?, ?, ?, ?, ?, ?)  [["title", "The Shawshank Redemption"], ["rating", "R"], ["description", ""], ["release_date", "1994-10-14 00:00:00.000000"], ["director", ""], ["created_at", "2020-03-10 12:02:06.109156"], ["updated_at", "2020-03-10 12:02:06.109156"]]
  [1m[36m (0.0ms)[0m  [1mRELEASE SAVEPOINT active_record_1[0m
Processing by MoviesController#same_director as HTML
  Parameters: {"id"=>"4"}
  [1m[35mMovie Load (0.0ms)[0m  SELECT  "movies".* FROM "movies" WHERE "movies"."id" = ? LIMIT 1  [["id", 4]]
Redirected to http://test.host/movies
Completed 302 Found in 1ms (ActiveRecord: 0.0ms)
  [1m[36m (0.2ms)[0m  [1mrollback transaction[0m
  [1m[35m (0.0ms)[0m  begin transaction
  [1m[36m (0.1ms)[0m  [1mSAVEPOINT active_record_1[0m
  [1m[35mSQL (0.1ms)[0m  INSERT INTO "movies" ("title", "rating", "description", "release_date", "director", "created_at", "updated_at") VALUES (?, ?, ?, ?, ?, ?, ?)  [["title", "The Shawshank Redemption"], ["rating", "R"], ["description", ""], ["release_date", "1994-10-14 00:00:00.000000"], ["director", "Frank Darabont"], ["created_at", "2020-03-10 12:02:06.114969"], ["updated_at", "2020-03-10 12:02:06.114969"]]
  [1m[36m (0.1ms)[0m  [1mRELEASE SAVEPOINT active_record_1[0m
  [1m[35m (0.1ms)[0m  SAVEPOINT active_record_1
  [1m[36mSQL (0.1ms)[0m  [1mINSERT INTO "movies" ("title", "rating", "description", "release_date", "director", "created_at", "updated_at") VALUES (?, ?, ?, ?, ?, ?, ?)[0m  [["title", "Ready Player One"], ["rating", "R"], ["description", ""], ["release_date", "1994-10-14 00:00:00.000000"], ["director", "Steven Spielberg"], ["created_at", "2020-03-10 12:02:06.116802"], ["updated_at", "2020-03-10 12:02:06.116802"]]
  [1m[35m (0.0ms)[0m  RELEASE SAVEPOINT active_record_1
  [1m[36m (0.0ms)[0m  [1mSAVEPOINT active_record_1[0m
  [1m[35mSQL (0.1ms)[0m  INSERT INTO "movies" ("title", "rating", "description", "release_date", "director", "created_at", "updated_at") VALUES (?, ?, ?, ?, ?, ?, ?)  [["title", "The Terminal"], ["rating", "R"], ["description", ""], ["release_date", "1994-10-14 00:00:00.000000"], ["director", "Steven Spielberg"], ["created_at", "2020-03-10 12:02:06.118492"], ["updated_at", "2020-03-10 12:02:06.118492"]]
  [1m[36m (0.0ms)[0m  [1mRELEASE SAVEPOINT active_record_1[0m
  [1m[35m (0.1ms)[0m  SAVEPOINT active_record_1
  [1m[36mSQL (0.1ms)[0m  [1mINSERT INTO "movies" ("title", "rating", "description", "release_date", "director", "created_at", "updated_at") VALUES (?, ?, ?, ?, ?, ?, ?)[0m  [["title", "The Shawshank Redemption"], ["rating", "R"], ["description", ""], ["release_date", "1994-10-14 00:00:00.000000"], ["director", ""], ["created_at", "2020-03-10 12:02:06.120314"], ["updated_at", "2020-03-10 12:02:06.120314"]]
  [1m[35m (0.0ms)[0m  RELEASE SAVEPOINT active_record_1
Processing by MoviesController#same_director as HTML
  Parameters: {"id"=>"4"}
  [1m[36mMovie Load (0.0ms)[0m  [1mSELECT  "movies".* FROM "movies" WHERE "movies"."id" = ? LIMIT 1[0m  [["id", 4]]
Redirected to http://test.host/movies
Completed 302 Found in 1ms (ActiveRecord: 0.0ms)
  [1m[35m (0.1ms)[0m  rollback transaction
  [1m[36mActiveRecord::SchemaMigration Load (0.1ms)[0m  [1mSELECT "schema_migrations".* FROM "schema_migrations"[0m
  [1m[35m (0.1ms)[0m  begin transaction
  [1m[36m (0.1ms)[0m  [1mSAVEPOINT active_record_1[0m
  [1m[35mSQL (0.4ms)[0m  INSERT INTO "movies" ("title", "rating", "description", "release_date", "director", "created_at", "updated_at") VALUES (?, ?, ?, ?, ?, ?, ?)  [["title", "The Shawshank Redemption"], ["rating", "R"], ["description", ""], ["release_date", "1994-10-14 00:00:00.000000"], ["director", "Frank Darabont"], ["created_at", "2020-03-10 12:03:15.422197"], ["updated_at", "2020-03-10 12:03:15.422197"]]
  [1m[36m (0.1ms)[0m  [1mRELEASE SAVEPOINT active_record_1[0m
  [1m[35m (0.1ms)[0m  SAVEPOINT active_record_1
  [1m[36mSQL (0.1ms)[0m  [1mINSERT INTO "movies" ("title", "rating", "description", "release_date", "director", "created_at", "updated_at") VALUES (?, ?, ?, ?, ?, ?, ?)[0m  [["title", "Ready Player One"], ["rating", "R"], ["description", ""], ["release_date", "1994-10-14 00:00:00.000000"], ["director", "Steven Spielberg"], ["created_at", "2020-03-10 12:03:15.426124"], ["updated_at", "2020-03-10 12:03:15.426124"]]
  [1m[35m (0.1ms)[0m  RELEASE SAVEPOINT active_record_1
  [1m[36m (0.1ms)[0m  [1mSAVEPOINT active_record_1[0m
  [1m[35mSQL (0.1ms)[0m  INSERT INTO "movies" ("title", "rating", "description", "release_date", "director", "created_at", "updated_at") VALUES (?, ?, ?, ?, ?, ?, ?)  [["title", "The Terminal"], ["rating", "R"], ["description", ""], ["release_date", "1994-10-14 00:00:00.000000"], ["director", "Steven Spielberg"], ["created_at", "2020-03-10 12:03:15.429897"], ["updated_at", "2020-03-10 12:03:15.429897"]]
  [1m[36m (0.0ms)[0m  [1mRELEASE SAVEPOINT active_record_1[0m
Processing by MoviesController#same_director as HTML
  Parameters: {"id"=>"2"}
  [1m[35mMovie Load (0.1ms)[0m  SELECT  "movies".* FROM "movies" WHERE "movies"."id" = ? LIMIT 1  [["id", 2]]
  Template rendering was prevented by rspec-rails. Use `render_views` to verify rendered view contents if necessary.
  Rendered movies/same_director.html.haml within layouts/application (0.3ms)
  Template rendering was prevented by rspec-rails. Use `render_views` to verify rendered view contents if necessary.
Completed 200 OK in 21ms (Views: 12.5ms | ActiveRecord: 0.1ms)
  [1m[36mMovie Load (0.1ms)[0m  [1mSELECT "movies".* FROM "movies" WHERE "movies"."Director" = 'Steven Spielberg'[0m
  [1m[35m (0.3ms)[0m  rollback transaction
  [1m[36m (0.0ms)[0m  [1mbegin transaction[0m
  [1m[35m (0.1ms)[0m  SAVEPOINT active_record_1
  [1m[36mSQL (0.2ms)[0m  [1mINSERT INTO "movies" ("title", "rating", "description", "release_date", "director", "created_at", "updated_at") VALUES (?, ?, ?, ?, ?, ?, ?)[0m  [["title", "The Shawshank Redemption"], ["rating", "R"], ["description", ""], ["release_date", "1994-10-14 00:00:00.000000"], ["director", "Frank Darabont"], ["created_at", "2020-03-10 12:03:15.464570"], ["updated_at", "2020-03-10 12:03:15.464570"]]
  [1m[35m (0.1ms)[0m  RELEASE SAVEPOINT active_record_1
  [1m[36m (0.0ms)[0m  [1mSAVEPOINT active_record_1[0m
  [1m[35mSQL (0.1ms)[0m  INSERT INTO "movies" ("title", "rating", "description", "release_date", "director", "created_at", "updated_at") VALUES (?, ?, ?, ?, ?, ?, ?)  [["title", "Ready Player One"], ["rating", "R"], ["description", ""], ["release_date", "1994-10-14 00:00:00.000000"], ["director", "Steven Spielberg"], ["created_at", "2020-03-10 12:03:15.467694"], ["updated_at", "2020-03-10 12:03:15.467694"]]
  [1m[36m (0.1ms)[0m  [1mRELEASE SAVEPOINT active_record_1[0m
  [1m[35m (0.0ms)[0m  SAVEPOINT active_record_1
  [1m[36mSQL (0.1ms)[0m  [1mINSERT INTO "movies" ("title", "rating", "description", "release_date", "director", "created_at", "updated_at") VALUES (?, ?, ?, ?, ?, ?, ?)[0m  [["title", "The Terminal"], ["rating", "R"], ["description", ""], ["release_date", "1994-10-14 00:00:00.000000"], ["director", "Steven Spielberg"], ["created_at", "2020-03-10 12:03:15.470674"], ["updated_at", "2020-03-10 12:03:15.470674"]]
  [1m[35m (0.1ms)[0m  RELEASE SAVEPOINT active_record_1
Processing by MoviesController#same_director as HTML
  Parameters: {"id"=>"2"}
  [1m[36mMovie Load (0.0ms)[0m  [1mSELECT  "movies".* FROM "movies" WHERE "movies"."id" = ? LIMIT 1[0m  [["id", 2]]
  Rendered movies/same_director.html.haml within layouts/application (0.1ms)
Completed 200 OK in 2ms (Views: 0.5ms | ActiveRecord: 0.0ms)
  [1m[35m (0.6ms)[0m  rollback transaction
  [1m[36m (0.1ms)[0m  [1mbegin transaction[0m
  [1m[35m (0.0ms)[0m  SAVEPOINT active_record_1
  [1m[36mSQL (0.1ms)[0m  [1mINSERT INTO "movies" ("title", "rating", "description", "release_date", "director", "created_at", "updated_at") VALUES (?, ?, ?, ?, ?, ?, ?)[0m  [["title", "The Shawshank Redemption"], ["rating", "R"], ["description", ""], ["release_date", "1994-10-14 00:00:00.000000"], ["director", "Frank Darabont"], ["created_at", "2020-03-10 12:03:15.485413"], ["updated_at", "2020-03-10 12:03:15.485413"]]
  [1m[35m (0.0ms)[0m  RELEASE SAVEPOINT active_record_1
  [1m[36m (0.0ms)[0m  [1mSAVEPOINT active_record_1[0m
  [1m[35mSQL (0.1ms)[0m  INSERT INTO "movies" ("title", "rating", "description", "release_date", "director", "created_at", "updated_at") VALUES (?, ?, ?, ?, ?, ?, ?)  [["title", "Ready Player One"], ["rating", "R"], ["description", ""], ["release_date", "1994-10-14 00:00:00.000000"], ["director", "Steven Spielberg"], ["created_at", "2020-03-10 12:03:15.487909"], ["updated_at", "2020-03-10 12:03:15.487909"]]
  [1m[36m (0.0ms)[0m  [1mRELEASE SAVEPOINT active_record_1[0m
  [1m[35m (0.0ms)[0m  SAVEPOINT active_record_1
  [1m[36mSQL (0.1ms)[0m  [1mINSERT INTO "movies" ("title", "rating", "description", "release_date", "director", "created_at", "updated_at") VALUES (?, ?, ?, ?, ?, ?, ?)[0m  [["title", "The Terminal"], ["rating", "R"], ["description", ""], ["release_date", "1994-10-14 00:00:00.000000"], ["director", "Steven Spielberg"], ["created_at", "2020-03-10 12:03:15.491247"], ["updated_at", "2020-03-10 12:03:15.491247"]]
  [1m[35m (0.1ms)[0m  RELEASE SAVEPOINT active_record_1
  [1m[36m (0.1ms)[0m  [1mSAVEPOINT active_record_1[0m
  [1m[35mSQL (0.1ms)[0m  INSERT INTO "movies" ("title", "rating", "description", "release_date", "director", "created_at", "updated_at") VALUES (?, ?, ?, ?, ?, ?, ?)  [["title", "The Shawshank Redemption"], ["rating", "R"], ["description", ""], ["release_date", "1994-10-14 00:00:00.000000"], ["director", ""], ["created_at", "2020-03-10 12:03:15.500312"], ["updated_at", "2020-03-10 12:03:15.500312"]]
  [1m[36m (0.0ms)[0m  [1mRELEASE SAVEPOINT active_record_1[0m
Processing by MoviesController#same_director as HTML
  Parameters: {"id"=>"4"}
  [1m[35mMovie Load (0.0ms)[0m  SELECT  "movies".* FROM "movies" WHERE "movies"."id" = ? LIMIT 1  [["id", 4]]
Redirected to http://test.host/movies
Completed 302 Found in 1ms (ActiveRecord: 0.0ms)
  [1m[36m (0.2ms)[0m  [1mrollback transaction[0m
  [1m[35m (0.0ms)[0m  begin transaction
  [1m[36m (0.0ms)[0m  [1mSAVEPOINT active_record_1[0m
  [1m[35mSQL (0.1ms)[0m  INSERT INTO "movies" ("title", "rating", "description", "release_date", "director", "created_at", "updated_at") VALUES (?, ?, ?, ?, ?, ?, ?)  [["title", "The Shawshank Redemption"], ["rating", "R"], ["description", ""], ["release_date", "1994-10-14 00:00:00.000000"], ["director", "Frank Darabont"], ["created_at", "2020-03-10 12:03:15.507079"], ["updated_at", "2020-03-10 12:03:15.507079"]]
  [1m[36m (0.0ms)[0m  [1mRELEASE SAVEPOINT active_record_1[0m
  [1m[35m (0.0ms)[0m  SAVEPOINT active_record_1
  [1m[36mSQL (0.1ms)[0m  [1mINSERT INTO "movies" ("title", "rating", "description", "release_date", "director", "created_at", "updated_at") VALUES (?, ?, ?, ?, ?, ?, ?)[0m  [["title", "Ready Player One"], ["rating", "R"], ["description", ""], ["release_date", "1994-10-14 00:00:00.000000"], ["director", "Steven Spielberg"], ["created_at", "2020-03-10 12:03:15.508796"], ["updated_at", "2020-03-10 12:03:15.508796"]]
  [1m[35m (0.0ms)[0m  RELEASE SAVEPOINT active_record_1
  [1m[36m (0.0ms)[0m  [1mSAVEPOINT active_record_1[0m
  [1m[35mSQL (0.1ms)[0m  INSERT INTO "movies" ("title", "rating", "description", "release_date", "director", "created_at", "updated_at") VALUES (?, ?, ?, ?, ?, ?, ?)  [["title", "The Terminal"], ["rating", "R"], ["description", ""], ["release_date", "1994-10-14 00:00:00.000000"], ["director", "Steven Spielberg"], ["created_at", "2020-03-10 12:03:15.510564"], ["updated_at", "2020-03-10 12:03:15.510564"]]
  [1m[36m (0.1ms)[0m  [1mRELEASE SAVEPOINT active_record_1[0m
  [1m[35m (0.0ms)[0m  SAVEPOINT active_record_1
  [1m[36mSQL (0.1ms)[0m  [1mINSERT INTO "movies" ("title", "rating", "description", "release_date", "director", "created_at", "updated_at") VALUES (?, ?, ?, ?, ?, ?, ?)[0m  [["title", "The Shawshank Redemption"], ["rating", "R"], ["description", ""], ["release_date", "1994-10-14 00:00:00.000000"], ["director", ""], ["created_at", "2020-03-10 12:03:15.512428"], ["updated_at", "2020-03-10 12:03:15.512428"]]
  [1m[35m (0.0ms)[0m  RELEASE SAVEPOINT active_record_1
Processing by MoviesController#same_director as HTML
  Parameters: {"id"=>"4"}
  [1m[36mMovie Load (0.0ms)[0m  [1mSELECT  "movies".* FROM "movies" WHERE "movies"."id" = ? LIMIT 1[0m  [["id", 4]]
Redirected to http://test.host/movies
Completed 302 Found in 1ms (ActiveRecord: 0.0ms)
  [1m[35m (0.1ms)[0m  rollback transaction
  [1m[36mActiveRecord::SchemaMigration Load (0.1ms)[0m  [1mSELECT "schema_migrations".* FROM "schema_migrations"[0m
  [1m[35m (0.1ms)[0m  begin transaction
  [1m[36m (0.0ms)[0m  [1mcommit transaction[0m
  [1m[35m (0.0ms)[0m  begin transaction
  [1m[36m (0.1ms)[0m  [1mSAVEPOINT active_record_1[0m
  [1m[35mSQL (0.3ms)[0m  INSERT INTO "movies" ("title", "rating", "release_date", "created_at", "updated_at") VALUES (?, ?, ?, ?, ?)  [["title", "Aladdin"], ["rating", "G"], ["release_date", "1992-11-25 00:00:00.000000"], ["created_at", "2020-03-10 12:03:25.188858"], ["updated_at", "2020-03-10 12:03:25.188858"]]
  [1m[36m (0.0ms)[0m  [1mRELEASE SAVEPOINT active_record_1[0m
  [1m[35m (0.0ms)[0m  SAVEPOINT active_record_1
  [1m[36mSQL (0.1ms)[0m  [1mINSERT INTO "movies" ("title", "rating", "release_date", "created_at", "updated_at") VALUES (?, ?, ?, ?, ?)[0m  [["title", "The Terminator"], ["rating", "R"], ["release_date", "1984-10-26 00:00:00.000000"], ["created_at", "2020-03-10 12:03:25.191052"], ["updated_at", "2020-03-10 12:03:25.191052"]]
  [1m[35m (0.1ms)[0m  RELEASE SAVEPOINT active_record_1
  [1m[36m (0.1ms)[0m  [1mSAVEPOINT active_record_1[0m
  [1m[35mSQL (0.1ms)[0m  INSERT INTO "movies" ("title", "rating", "release_date", "created_at", "updated_at") VALUES (?, ?, ?, ?, ?)  [["title", "When Harry Met Sally"], ["rating", "R"], ["release_date", "1989-07-21 00:00:00.000000"], ["created_at", "2020-03-10 12:03:25.192853"], ["updated_at", "2020-03-10 12:03:25.192853"]]
  [1m[36m (0.1ms)[0m  [1mRELEASE SAVEPOINT active_record_1[0m
  [1m[35m (0.0ms)[0m  SAVEPOINT active_record_1
  [1m[36mSQL (0.1ms)[0m  [1mINSERT INTO "movies" ("title", "rating", "release_date", "created_at", "updated_at") VALUES (?, ?, ?, ?, ?)[0m  [["title", "The Help"], ["rating", "PG-13"], ["release_date", "2011-08-10 00:00:00.000000"], ["created_at", "2020-03-10 12:03:25.194406"], ["updated_at", "2020-03-10 12:03:25.194406"]]
  [1m[35m (0.0ms)[0m  RELEASE SAVEPOINT active_record_1
  [1m[36m (0.0ms)[0m  [1mSAVEPOINT active_record_1[0m
  [1m[35mSQL (0.1ms)[0m  INSERT INTO "movies" ("title", "rating", "release_date", "created_at", "updated_at") VALUES (?, ?, ?, ?, ?)  [["title", "Chocolat"], ["rating", "PG-13"], ["release_date", "2001-01-05 00:00:00.000000"], ["created_at", "2020-03-10 12:03:25.195786"], ["updated_at", "2020-03-10 12:03:25.195786"]]
  [1m[36m (0.0ms)[0m  [1mRELEASE SAVEPOINT active_record_1[0m
  [1m[35m (0.1ms)[0m  SAVEPOINT active_record_1
  [1m[36mSQL (0.1ms)[0m  [1mINSERT INTO "movies" ("title", "rating", "release_date", "created_at", "updated_at") VALUES (?, ?, ?, ?, ?)[0m  [["title", "Amelie"], ["rating", "R"], ["release_date", "2001-04-25 00:00:00.000000"], ["created_at", "2020-03-10 12:03:25.197144"], ["updated_at", "2020-03-10 12:03:25.197144"]]
  [1m[35m (0.1ms)[0m  RELEASE SAVEPOINT active_record_1
  [1m[36m (0.0ms)[0m  [1mSAVEPOINT active_record_1[0m
  [1m[35mSQL (0.1ms)[0m  INSERT INTO "movies" ("title", "rating", "release_date", "created_at", "updated_at") VALUES (?, ?, ?, ?, ?)  [["title", "2001: A Space Odyssey"], ["rating", "G"], ["release_date", "1968-04-06 00:00:00.000000"], ["created_at", "2020-03-10 12:03:25.198672"], ["updated_at", "2020-03-10 12:03:25.198672"]]
  [1m[36m (0.0ms)[0m  [1mRELEASE SAVEPOINT active_record_1[0m
  [1m[35m (0.0ms)[0m  SAVEPOINT active_record_1
  [1m[36mSQL (0.1ms)[0m  [1mINSERT INTO "movies" ("title", "rating", "release_date", "created_at", "updated_at") VALUES (?, ?, ?, ?, ?)[0m  [["title", "The Incredibles"], ["rating", "PG"], ["release_date", "2004-11-05 00:00:00.000000"], ["created_at", "2020-03-10 12:03:25.200153"], ["updated_at", "2020-03-10 12:03:25.200153"]]
  [1m[35m (0.1ms)[0m  RELEASE SAVEPOINT active_record_1
  [1m[36m (0.0ms)[0m  [1mSAVEPOINT active_record_1[0m
  [1m[35mSQL (0.1ms)[0m  INSERT INTO "movies" ("title", "rating", "release_date", "created_at", "updated_at") VALUES (?, ?, ?, ?, ?)  [["title", "Raiders of the Lost Ark"], ["rating", "PG"], ["release_date", "1981-06-12 00:00:00.000000"], ["created_at", "2020-03-10 12:03:25.201616"], ["updated_at", "2020-03-10 12:03:25.201616"]]
  [1m[36m (0.1ms)[0m  [1mRELEASE SAVEPOINT active_record_1[0m
  [1m[35m (0.1ms)[0m  SAVEPOINT active_record_1
  [1m[36mSQL (0.2ms)[0m  [1mINSERT INTO "movies" ("title", "rating", "release_date", "created_at", "updated_at") VALUES (?, ?, ?, ?, ?)[0m  [["title", "Chicken Run"], ["rating", "G"], ["release_date", "2000-06-21 00:00:00.000000"], ["created_at", "2020-03-10 12:03:25.206004"], ["updated_at", "2020-03-10 12:03:25.206004"]]
  [1m[35m (0.0ms)[0m  RELEASE SAVEPOINT active_record_1
Started GET "/movies" for 127.0.0.1 at 2020-03-10 12:03:25 +0000
Processing by MoviesController#index as HTML
  [1m[36mMovie Load (0.2ms)[0m  [1mSELECT "movies".* FROM "movies" WHERE "movies"."rating" IN ('G', 'PG', 'PG-13', 'NC-17', 'R')[0m
  Rendered movies/index.html.haml within layouts/application (7.8ms)
Completed 200 OK in 186ms (Views: 175.7ms | ActiveRecord: 0.2ms)
Started GET "/movies?utf8=%E2%9C%93&ratings[PG]=1&ratings[NC-17]=1&ratings[R]=1&commit=Refresh" for 127.0.0.1 at 2020-03-10 12:03:25 +0000
Processing by MoviesController#index as HTML
  Parameters: {"utf8"=>"✓", "ratings"=>{"PG"=>"1", "NC-17"=>"1", "R"=>"1"}, "commit"=>"Refresh"}
Redirected to http://www.example.com/movies?ratings%5BNC-17%5D=1&ratings%5BPG%5D=1&ratings%5BR%5D=1
Completed 302 Found in 1ms (ActiveRecord: 0.0ms)
Started GET "/movies?ratings[NC-17]=1&ratings[PG]=1&ratings[R]=1" for 127.0.0.1 at 2020-03-10 12:03:25 +0000
Processing by MoviesController#index as HTML
  Parameters: {"ratings"=>{"NC-17"=>"1", "PG"=>"1", "R"=>"1"}}
  [1m[35mMovie Load (0.2ms)[0m  SELECT "movies".* FROM "movies" WHERE "movies"."rating" IN ('NC-17', 'PG', 'R')
  Rendered movies/index.html.haml within layouts/application (2.6ms)
Completed 200 OK in 4ms (Views: 3.6ms | ActiveRecord: 0.2ms)
  [1m[36m (0.3ms)[0m  [1mrollback transaction[0m
  [1m[35m (0.1ms)[0m  begin transaction
  [1m[36m (0.1ms)[0m  [1mcommit transaction[0m
  [1m[35m (0.0ms)[0m  begin transaction
  [1m[36m (0.0ms)[0m  [1mSAVEPOINT active_record_1[0m
  [1m[35mSQL (0.2ms)[0m  INSERT INTO "movies" ("title", "rating", "release_date", "created_at", "updated_at") VALUES (?, ?, ?, ?, ?)  [["title", "Aladdin"], ["rating", "G"], ["release_date", "1992-11-25 00:00:00.000000"], ["created_at", "2020-03-10 12:03:25.461258"], ["updated_at", "2020-03-10 12:03:25.461258"]]
  [1m[36m (0.0ms)[0m  [1mRELEASE SAVEPOINT active_record_1[0m
  [1m[35m (0.0ms)[0m  SAVEPOINT active_record_1
  [1m[36mSQL (0.1ms)[0m  [1mINSERT INTO "movies" ("title", "rating", "release_date", "created_at", "updated_at") VALUES (?, ?, ?, ?, ?)[0m  [["title", "The Terminator"], ["rating", "R"], ["release_date", "1984-10-26 00:00:00.000000"], ["created_at", "2020-03-10 12:03:25.462956"], ["updated_at", "2020-03-10 12:03:25.462956"]]
  [1m[35m (0.0ms)[0m  RELEASE SAVEPOINT active_record_1
  [1m[36m (0.1ms)[0m  [1mSAVEPOINT active_record_1[0m
  [1m[35mSQL (0.1ms)[0m  INSERT INTO "movies" ("title", "rating", "release_date", "created_at", "updated_at") VALUES (?, ?, ?, ?, ?)  [["title", "When Harry Met Sally"], ["rating", "R"], ["release_date", "1989-07-21 00:00:00.000000"], ["created_at", "2020-03-10 12:03:25.464397"], ["updated_at", "2020-03-10 12:03:25.464397"]]
  [1m[36m (0.0ms)[0m  [1mRELEASE SAVEPOINT active_record_1[0m
  [1m[35m (0.0ms)[0m  SAVEPOINT active_record_1
  [1m[36mSQL (0.1ms)[0m  [1mINSERT INTO "movies" ("title", "rating", "release_date", "created_at", "updated_at") VALUES (?, ?, ?, ?, ?)[0m  [["title", "The Help"], ["rating", "PG-13"], ["release_date", "2011-08-10 00:00:00.000000"], ["created_at", "2020-03-10 12:03:25.465811"], ["updated_at", "2020-03-10 12:03:25.465811"]]
  [1m[35m (0.1ms)[0m  RELEASE SAVEPOINT active_record_1
  [1m[36m (0.0ms)[0m  [1mSAVEPOINT active_record_1[0m
  [1m[35mSQL (0.1ms)[0m  INSERT INTO "movies" ("title", "rating", "release_date", "created_at", "updated_at") VALUES (?, ?, ?, ?, ?)  [["title", "Chocolat"], ["rating", "PG-13"], ["release_date", "2001-01-05 00:00:00.000000"], ["created_at", "2020-03-10 12:03:25.467246"], ["updated_at", "2020-03-10 12:03:25.467246"]]
  [1m[36m (0.0ms)[0m  [1mRELEASE SAVEPOINT active_record_1[0m
  [1m[35m (0.0ms)[0m  SAVEPOINT active_record_1
  [1m[36mSQL (0.1ms)[0m  [1mINSERT INTO "movies" ("title", "rating", "release_date", "created_at", "updated_at") VALUES (?, ?, ?, ?, ?)[0m  [["title", "Amelie"], ["rating", "R"], ["release_date", "2001-04-25 00:00:00.000000"], ["created_at", "2020-03-10 12:03:25.468635"], ["updated_at", "2020-03-10 12:03:25.468635"]]
  [1m[35m (0.0ms)[0m  RELEASE SAVEPOINT active_record_1
  [1m[36m (0.0ms)[0m  [1mSAVEPOINT active_record_1[0m
  [1m[35mSQL (0.1ms)[0m  INSERT INTO "movies" ("title", "rating", "release_date", "created_at", "updated_at") VALUES (?, ?, ?, ?, ?)  [["title", "2001: A Space Odyssey"], ["rating", "G"], ["release_date", "1968-04-06 00:00:00.000000"], ["created_at", "2020-03-10 12:03:25.469981"], ["updated_at", "2020-03-10 12:03:25.469981"]]
  [1m[36m (0.0ms)[0m  [1mRELEASE SAVEPOINT active_record_1[0m
  [1m[35m (0.0ms)[0m  SAVEPOINT active_record_1
  [1m[36mSQL (0.1ms)[0m  [1mINSERT INTO "movies" ("title", "rating", "release_date", "created_at", "updated_at") VALUES (?, ?, ?, ?, ?)[0m  [["title", "The Incredibles"], ["rating", "PG"], ["release_date", "2004-11-05 00:00:00.000000"], ["created_at", "2020-03-10 12:03:25.471448"], ["updated_at", "2020-03-10 12:03:25.471448"]]
  [1m[35m (0.0ms)[0m  RELEASE SAVEPOINT active_record_1
  [1m[36m (0.1ms)[0m  [1mSAVEPOINT active_record_1[0m
  [1m[35mSQL (0.1ms)[0m  INSERT INTO "movies" ("title", "rating", "release_date", "created_at", "updated_at") VALUES (?, ?, ?, ?, ?)  [["title", "Raiders of the Lost Ark"], ["rating", "PG"], ["release_date", "1981-06-12 00:00:00.000000"], ["created_at", "2020-03-10 12:03:25.472971"], ["updated_at", "2020-03-10 12:03:25.472971"]]
  [1m[36m (0.0ms)[0m  [1mRELEASE SAVEPOINT active_record_1[0m
  [1m[35m (0.0ms)[0m  SAVEPOINT active_record_1
  [1m[36mSQL (0.2ms)[0m  [1mINSERT INTO "movies" ("title", "rating", "release_date", "created_at", "updated_at") VALUES (?, ?, ?, ?, ?)[0m  [["title", "Chicken Run"], ["rating", "G"], ["release_date", "2000-06-21 00:00:00.000000"], ["created_at", "2020-03-10 12:03:25.474607"], ["updated_at", "2020-03-10 12:03:25.474607"]]
  [1m[35m (0.1ms)[0m  RELEASE SAVEPOINT active_record_1
Started GET "/movies" for 127.0.0.1 at 2020-03-10 12:03:25 +0000
Processing by MoviesController#index as HTML
  [1m[36mMovie Load (0.2ms)[0m  [1mSELECT "movies".* FROM "movies" WHERE "movies"."rating" IN ('G', 'PG', 'PG-13', 'NC-17', 'R')[0m
  Rendered movies/index.html.haml within layouts/application (3.2ms)
Completed 200 OK in 5ms (Views: 4.2ms | ActiveRecord: 0.2ms)
Started GET "/movies?utf8=%E2%9C%93&ratings[G]=1&ratings[PG]=1&ratings[PG-13]=1&ratings[NC-17]=1&ratings[R]=1&commit=Refresh" for 127.0.0.1 at 2020-03-10 12:03:25 +0000
Processing by MoviesController#index as HTML
  Parameters: {"utf8"=>"✓", "ratings"=>{"G"=>"1", "PG"=>"1", "PG-13"=>"1", "NC-17"=>"1", "R"=>"1"}, "commit"=>"Refresh"}
Redirected to http://www.example.com/movies?ratings%5BG%5D=1&ratings%5BNC-17%5D=1&ratings%5BPG%5D=1&ratings%5BPG-13%5D=1&ratings%5BR%5D=1
Completed 302 Found in 1ms (ActiveRecord: 0.0ms)
Started GET "/movies?ratings[G]=1&ratings[NC-17]=1&ratings[PG]=1&ratings[PG-13]=1&ratings[R]=1" for 127.0.0.1 at 2020-03-10 12:03:25 +0000
Processing by MoviesController#index as HTML
  Parameters: {"ratings"=>{"G"=>"1", "NC-17"=>"1", "PG"=>"1", "PG-13"=>"1", "R"=>"1"}}
  [1m[35mMovie Load (0.1ms)[0m  SELECT "movies".* FROM "movies" WHERE "movies"."rating" IN ('G', 'NC-17', 'PG', 'PG-13', 'R')
  Rendered movies/index.html.haml within layouts/application (3.1ms)
Completed 200 OK in 5ms (Views: 4.1ms | ActiveRecord: 0.1ms)
  [1m[36mMovie Load (0.1ms)[0m  [1mSELECT "movies".* FROM "movies"[0m
  [1m[35m (0.3ms)[0m  rollback transaction
  [1m[36m (0.1ms)[0m  [1mbegin transaction[0m
  [1m[35m (0.0ms)[0m  commit transaction
  [1m[36m (0.1ms)[0m  [1mbegin transaction[0m
  [1m[35m (0.1ms)[0m  SAVEPOINT active_record_1
  [1m[36mSQL (0.2ms)[0m  [1mINSERT INTO "movies" ("title", "rating", "director", "release_date", "created_at", "updated_at") VALUES (?, ?, ?, ?, ?, ?)[0m  [["title", "Star Wars"], ["rating", "PG"], ["director", "George Lucas"], ["release_date", "1977-05-25 00:00:00.000000"], ["created_at", "2020-03-10 12:03:25.522854"], ["updated_at", "2020-03-10 12:03:25.522854"]]
  [1m[35m (0.0ms)[0m  RELEASE SAVEPOINT active_record_1
  [1m[36m (0.0ms)[0m  [1mSAVEPOINT active_record_1[0m
  [1m[35mSQL (0.1ms)[0m  INSERT INTO "movies" ("title", "rating", "director", "release_date", "created_at", "updated_at") VALUES (?, ?, ?, ?, ?, ?)  [["title", "Blade Runner"], ["rating", "PG"], ["director", "Ridley Scott"], ["release_date", "1982-06-25 00:00:00.000000"], ["created_at", "2020-03-10 12:03:25.524628"], ["updated_at", "2020-03-10 12:03:25.524628"]]
  [1m[36m (0.1ms)[0m  [1mRELEASE SAVEPOINT active_record_1[0m
  [1m[35m (0.0ms)[0m  SAVEPOINT active_record_1
  [1m[36mSQL (0.1ms)[0m  [1mINSERT INTO "movies" ("title", "rating", "director", "release_date", "created_at", "updated_at") VALUES (?, ?, ?, ?, ?, ?)[0m  [["title", "Alien"], ["rating", "R"], ["director", ""], ["release_date", "1979-05-25 00:00:00.000000"], ["created_at", "2020-03-10 12:03:25.526176"], ["updated_at", "2020-03-10 12:03:25.526176"]]
  [1m[35m (0.0ms)[0m  RELEASE SAVEPOINT active_record_1
  [1m[36m (0.0ms)[0m  [1mSAVEPOINT active_record_1[0m
  [1m[35mSQL (0.1ms)[0m  INSERT INTO "movies" ("title", "rating", "director", "release_date", "created_at", "updated_at") VALUES (?, ?, ?, ?, ?, ?)  [["title", "THX-1138"], ["rating", "R"], ["director", "George Lucas"], ["release_date", "1971-03-11 00:00:00.000000"], ["created_at", "2020-03-10 12:03:25.527675"], ["updated_at", "2020-03-10 12:03:25.527675"]]
  [1m[36m (0.0ms)[0m  [1mRELEASE SAVEPOINT active_record_1[0m
  [1m[35mMovie Load (0.1ms)[0m  SELECT  "movies".* FROM "movies" WHERE "movies"."title" = ? LIMIT 1  [["title", "Alien"]]
Started GET "/movies/3/edit" for 127.0.0.1 at 2020-03-10 12:03:25 +0000
Processing by MoviesController#edit as HTML
  Parameters: {"id"=>"3"}
  [1m[36mMovie Load (0.1ms)[0m  [1mSELECT  "movies".* FROM "movies" WHERE "movies"."id" = ? LIMIT 1[0m  [["id", 3]]
  Rendered movies/edit.html.haml within layouts/application (8.7ms)
Completed 200 OK in 12ms (Views: 10.7ms | ActiveRecord: 0.1ms)
Started PUT "/movies/3" for 127.0.0.1 at 2020-03-10 12:03:25 +0000
Processing by MoviesController#update as HTML
  Parameters: {"utf8"=>"✓", "movie"=>{"title"=>"Alien", "rating"=>"R", "release_date(1i)"=>"1979", "release_date(2i)"=>"5", "release_date(3i)"=>"25", "director"=>"Ridley Scott"}, "commit"=>"Update Movie Info", "id"=>"3"}
  [1m[35mMovie Load (0.1ms)[0m  SELECT  "movies".* FROM "movies" WHERE "movies"."id" = ? LIMIT 1  [["id", 3]]
  [1m[36m (0.0ms)[0m  [1mSAVEPOINT active_record_1[0m
  [1m[35mSQL (0.1ms)[0m  UPDATE "movies" SET "director" = ?, "updated_at" = ? WHERE "movies"."id" = ?  [["director", "Ridley Scott"], ["updated_at", "2020-03-10 12:03:25.559751"], ["id", 3]]
  [1m[36m (0.1ms)[0m  [1mRELEASE SAVEPOINT active_record_1[0m
Redirected to http://www.example.com/movies/3
Completed 302 Found in 3ms (ActiveRecord: 0.3ms)
Started GET "/movies/3" for 127.0.0.1 at 2020-03-10 12:03:25 +0000
Processing by MoviesController#show as HTML
  Parameters: {"id"=>"3"}
  [1m[35mMovie Load (0.0ms)[0m  SELECT  "movies".* FROM "movies" WHERE "movies"."id" = ? LIMIT 1  [["id", 3]]
  Rendered movies/show.html.haml within layouts/application (2.2ms)
Completed 200 OK in 4ms (Views: 4.1ms | ActiveRecord: 0.0ms)
  [1m[36mMovie Load (0.1ms)[0m  [1mSELECT  "movies".* FROM "movies" WHERE "movies"."title" = ? LIMIT 1[0m  [["title", "Alien"]]
  [1m[35m (0.2ms)[0m  rollback transaction
  [1m[36m (0.0ms)[0m  [1mbegin transaction[0m
  [1m[35m (0.0ms)[0m  commit transaction
  [1m[36m (0.0ms)[0m  [1mbegin transaction[0m
  [1m[35m (0.0ms)[0m  SAVEPOINT active_record_1
  [1m[36mSQL (0.1ms)[0m  [1mINSERT INTO "movies" ("title", "rating", "director", "release_date", "created_at", "updated_at") VALUES (?, ?, ?, ?, ?, ?)[0m  [["title", "Star Wars"], ["rating", "PG"], ["director", "George Lucas"], ["release_date", "1977-05-25 00:00:00.000000"], ["created_at", "2020-03-10 12:03:25.574476"], ["updated_at", "2020-03-10 12:03:25.574476"]]
  [1m[35m (0.1ms)[0m  RELEASE SAVEPOINT active_record_1
  [1m[36m (0.0ms)[0m  [1mSAVEPOINT active_record_1[0m
  [1m[35mSQL (0.1ms)[0m  INSERT INTO "movies" ("title", "rating", "director", "release_date", "created_at", "updated_at") VALUES (?, ?, ?, ?, ?, ?)  [["title", "Blade Runner"], ["rating", "PG"], ["director", "Ridley Scott"], ["release_date", "1982-06-25 00:00:00.000000"], ["created_at", "2020-03-10 12:03:25.576056"], ["updated_at", "2020-03-10 12:03:25.576056"]]
  [1m[36m (0.1ms)[0m  [1mRELEASE SAVEPOINT active_record_1[0m
  [1m[35m (0.0ms)[0m  SAVEPOINT active_record_1
  [1m[36mSQL (0.1ms)[0m  [1mINSERT INTO "movies" ("title", "rating", "director", "release_date", "created_at", "updated_at") VALUES (?, ?, ?, ?, ?, ?)[0m  [["title", "Alien"], ["rating", "R"], ["director", ""], ["release_date", "1979-05-25 00:00:00.000000"], ["created_at", "2020-03-10 12:03:25.577521"], ["updated_at", "2020-03-10 12:03:25.577521"]]
  [1m[35m (0.0ms)[0m  RELEASE SAVEPOINT active_record_1
  [1m[36m (0.0ms)[0m  [1mSAVEPOINT active_record_1[0m
  [1m[35mSQL (0.1ms)[0m  INSERT INTO "movies" ("title", "rating", "director", "release_date", "created_at", "updated_at") VALUES (?, ?, ?, ?, ?, ?)  [["title", "THX-1138"], ["rating", "R"], ["director", "George Lucas"], ["release_date", "1971-03-11 00:00:00.000000"], ["created_at", "2020-03-10 12:03:25.579016"], ["updated_at", "2020-03-10 12:03:25.579016"]]
  [1m[36m (0.0ms)[0m  [1mRELEASE SAVEPOINT active_record_1[0m
  [1m[35mMovie Load (0.0ms)[0m  SELECT  "movies".* FROM "movies" WHERE "movies"."title" = ? LIMIT 1  [["title", "Star Wars"]]
Started GET "/movies/1" for 127.0.0.1 at 2020-03-10 12:03:25 +0000
Processing by MoviesController#show as HTML
  Parameters: {"id"=>"1"}
  [1m[36mMovie Load (0.0ms)[0m  [1mSELECT  "movies".* FROM "movies" WHERE "movies"."id" = ? LIMIT 1[0m  [["id", 1]]
  Rendered movies/show.html.haml within layouts/application (0.6ms)
Completed 200 OK in 2ms (Views: 1.8ms | ActiveRecord: 0.0ms)
Started GET "/movies/1/same_director" for 127.0.0.1 at 2020-03-10 12:03:25 +0000
Processing by MoviesController#same_director as HTML
  Parameters: {"id"=>"1"}
  [1m[35mMovie Load (0.1ms)[0m  SELECT  "movies".* FROM "movies" WHERE "movies"."id" = ? LIMIT 1  [["id", 1]]
  [1m[36mMovie Load (0.1ms)[0m  [1mSELECT "movies".* FROM "movies" WHERE "movies"."Director" = 'George Lucas'[0m
  Rendered movies/same_director.html.haml within layouts/application (2.8ms)
Completed 200 OK in 5ms (Views: 4.3ms | ActiveRecord: 0.2ms)
  [1m[35mMovie Load (0.1ms)[0m  SELECT  "movies".* FROM "movies" WHERE "movies"."title" = ? LIMIT 1  [["title", "Star Wars"]]
  [1m[36m (0.2ms)[0m  [1mrollback transaction[0m
  [1m[35m (0.1ms)[0m  begin transaction
  [1m[36m (0.0ms)[0m  [1mcommit transaction[0m
  [1m[35m (0.0ms)[0m  begin transaction
  [1m[36m (0.0ms)[0m  [1mSAVEPOINT active_record_1[0m
  [1m[35mSQL (0.1ms)[0m  INSERT INTO "movies" ("title", "rating", "director", "release_date", "created_at", "updated_at") VALUES (?, ?, ?, ?, ?, ?)  [["title", "Star Wars"], ["rating", "PG"], ["director", "George Lucas"], ["release_date", "1977-05-25 00:00:00.000000"], ["created_at", "2020-03-10 12:03:25.606602"], ["updated_at", "2020-03-10 12:03:25.606602"]]
  [1m[36m (0.0ms)[0m  [1mRELEASE SAVEPOINT active_record_1[0m
  [1m[35m (0.0ms)[0m  SAVEPOINT active_record_1
  [1m[36mSQL (0.1ms)[0m  [1mINSERT INTO "movies" ("title", "rating", "director", "release_date", "created_at", "updated_at") VALUES (?, ?, ?, ?, ?, ?)[0m  [["title", "Blade Runner"], ["rating", "PG"], ["director", "Ridley Scott"], ["release_date", "1982-06-25 00:00:00.000000"], ["created_at", "2020-03-10 12:03:25.608163"], ["updated_at", "2020-03-10 12:03:25.608163"]]
  [1m[35m (0.0ms)[0m  RELEASE SAVEPOINT active_record_1
  [1m[36m (0.0ms)[0m  [1mSAVEPOINT active_record_1[0m
  [1m[35mSQL (0.1ms)[0m  INSERT INTO "movies" ("title", "rating", "director", "release_date", "created_at", "updated_at") VALUES (?, ?, ?, ?, ?, ?)  [["title", "Alien"], ["rating", "R"], ["director", ""], ["release_date", "1979-05-25 00:00:00.000000"], ["created_at", "2020-03-10 12:03:25.609654"], ["updated_at", "2020-03-10 12:03:25.609654"]]
  [1m[36m (0.0ms)[0m  [1mRELEASE SAVEPOINT active_record_1[0m
  [1m[35m (0.0ms)[0m  SAVEPOINT active_record_1
  [1m[36mSQL (0.1ms)[0m  [1mINSERT INTO "movies" ("title", "rating", "director", "release_date", "created_at", "updated_at") VALUES (?, ?, ?, ?, ?, ?)[0m  [["title", "THX-1138"], ["rating", "R"], ["director", "George Lucas"], ["release_date", "1971-03-11 00:00:00.000000"], ["created_at", "2020-03-10 12:03:25.611159"], ["updated_at", "2020-03-10 12:03:25.611159"]]
  [1m[35m (0.0ms)[0m  RELEASE SAVEPOINT active_record_1
  [1m[36mMovie Load (0.1ms)[0m  [1mSELECT  "movies".* FROM "movies" WHERE "movies"."title" = ? LIMIT 1[0m  [["title", "Alien"]]
Started GET "/movies/3" for 127.0.0.1 at 2020-03-10 12:03:25 +0000
Processing by MoviesController#show as HTML
  Parameters: {"id"=>"3"}
  [1m[35mMovie Load (0.1ms)[0m  SELECT  "movies".* FROM "movies" WHERE "movies"."id" = ? LIMIT 1  [["id", 3]]
  Rendered movies/show.html.haml within layouts/application (0.5ms)
Completed 200 OK in 2ms (Views: 1.7ms | ActiveRecord: 0.1ms)
Started GET "/movies/3/same_director" for 127.0.0.1 at 2020-03-10 12:03:25 +0000
Processing by MoviesController#same_director as HTML
  Parameters: {"id"=>"3"}
  [1m[36mMovie Load (0.0ms)[0m  [1mSELECT  "movies".* FROM "movies" WHERE "movies"."id" = ? LIMIT 1[0m  [["id", 3]]
Redirected to http://www.example.com/movies
Completed 302 Found in 1ms (ActiveRecord: 0.0ms)
Started GET "/movies" for 127.0.0.1 at 2020-03-10 12:03:25 +0000
Processing by MoviesController#index as HTML
  [1m[35mMovie Load (0.2ms)[0m  SELECT "movies".* FROM "movies" WHERE "movies"."rating" IN ('G', 'PG', 'PG-13', 'NC-17', 'R')
  Rendered movies/index.html.haml within layouts/application (2.2ms)
Completed 200 OK in 4ms (Views: 3.1ms | ActiveRecord: 0.2ms)
  [1m[36m (0.2ms)[0m  [1mrollback transaction[0m
  [1m[35m (0.0ms)[0m  begin transaction
  [1m[36m (0.1ms)[0m  [1mcommit transaction[0m
  [1m[35m (0.0ms)[0m  begin transaction
  [1m[36m (0.1ms)[0m  [1mSAVEPOINT active_record_1[0m
  [1m[35mSQL (0.1ms)[0m  INSERT INTO "movies" ("title", "rating", "release_date", "created_at", "updated_at") VALUES (?, ?, ?, ?, ?)  [["title", "Aladdin"], ["rating", "G"], ["release_date", "1992-11-25 00:00:00.000000"], ["created_at", "2020-03-10 12:03:25.635555"], ["updated_at", "2020-03-10 12:03:25.635555"]]
  [1m[36m (0.1ms)[0m  [1mRELEASE SAVEPOINT active_record_1[0m
  [1m[35m (0.0ms)[0m  SAVEPOINT active_record_1
  [1m[36mSQL (0.2ms)[0m  [1mINSERT INTO "movies" ("title", "rating", "release_date", "created_at", "updated_at") VALUES (?, ?, ?, ?, ?)[0m  [["title", "The Terminator"], ["rating", "R"], ["release_date", "1984-10-26 00:00:00.000000"], ["created_at", "2020-03-10 12:03:25.637421"], ["updated_at", "2020-03-10 12:03:25.637421"]]
  [1m[35m (0.1ms)[0m  RELEASE SAVEPOINT active_record_1
  [1m[36m (0.1ms)[0m  [1mSAVEPOINT active_record_1[0m
  [1m[35mSQL (0.1ms)[0m  INSERT INTO "movies" ("title", "rating", "release_date", "created_at", "updated_at") VALUES (?, ?, ?, ?, ?)  [["title", "When Harry Met Sally"], ["rating", "R"], ["release_date", "1989-07-21 00:00:00.000000"], ["created_at", "2020-03-10 12:03:25.639021"], ["updated_at", "2020-03-10 12:03:25.639021"]]
  [1m[36m (0.0ms)[0m  [1mRELEASE SAVEPOINT active_record_1[0m
  [1m[35m (0.1ms)[0m  SAVEPOINT active_record_1
  [1m[36mSQL (0.1ms)[0m  [1mINSERT INTO "movies" ("title", "rating", "release_date", "created_at", "updated_at") VALUES (?, ?, ?, ?, ?)[0m  [["title", "The Help"], ["rating", "PG-13"], ["release_date", "2011-08-10 00:00:00.000000"], ["created_at", "2020-03-10 12:03:25.640518"], ["updated_at", "2020-03-10 12:03:25.640518"]]
  [1m[35m (0.1ms)[0m  RELEASE SAVEPOINT active_record_1
  [1m[36m (0.1ms)[0m  [1mSAVEPOINT active_record_1[0m
  [1m[35mSQL (0.1ms)[0m  INSERT INTO "movies" ("title", "rating", "release_date", "created_at", "updated_at") VALUES (?, ?, ?, ?, ?)  [["title", "Chocolat"], ["rating", "PG-13"], ["release_date", "2001-01-05 00:00:00.000000"], ["created_at", "2020-03-10 12:03:25.641967"], ["updated_at", "2020-03-10 12:03:25.641967"]]
  [1m[36m (0.1ms)[0m  [1mRELEASE SAVEPOINT active_record_1[0m
  [1m[35m (0.0ms)[0m  SAVEPOINT active_record_1
  [1m[36mSQL (0.1ms)[0m  [1mINSERT INTO "movies" ("title", "rating", "release_date", "created_at", "updated_at") VALUES (?, ?, ?, ?, ?)[0m  [["title", "Amelie"], ["rating", "R"], ["release_date", "2001-04-25 00:00:00.000000"], ["created_at", "2020-03-10 12:03:25.643482"], ["updated_at", "2020-03-10 12:03:25.643482"]]
  [1m[35m (0.1ms)[0m  RELEASE SAVEPOINT active_record_1
  [1m[36m (0.1ms)[0m  [1mSAVEPOINT active_record_1[0m
  [1m[35mSQL (0.1ms)[0m  INSERT INTO "movies" ("title", "rating", "release_date", "created_at", "updated_at") VALUES (?, ?, ?, ?, ?)  [["title", "2001: A Space Odyssey"], ["rating", "G"], ["release_date", "1968-04-06 00:00:00.000000"], ["created_at", "2020-03-10 12:03:25.644919"], ["updated_at", "2020-03-10 12:03:25.644919"]]
  [1m[36m (0.1ms)[0m  [1mRELEASE SAVEPOINT active_record_1[0m
  [1m[35m (0.1ms)[0m  SAVEPOINT active_record_1
  [1m[36mSQL (0.2ms)[0m  [1mINSERT INTO "movies" ("title", "rating", "release_date", "created_at", "updated_at") VALUES (?, ?, ?, ?, ?)[0m  [["title", "The Incredibles"], ["rating", "PG"], ["release_date", "2004-11-05 00:00:00.000000"], ["created_at", "2020-03-10 12:03:25.646407"], ["updated_at", "2020-03-10 12:03:25.646407"]]
  [1m[35m (0.1ms)[0m  RELEASE SAVEPOINT active_record_1
  [1m[36m (0.0ms)[0m  [1mSAVEPOINT active_record_1[0m
  [1m[35mSQL (0.1ms)[0m  INSERT INTO "movies" ("title", "rating", "release_date", "created_at", "updated_at") VALUES (?, ?, ?, ?, ?)  [["title", "Raiders of the Lost Ark"], ["rating", "PG"], ["release_date", "1981-06-12 00:00:00.000000"], ["created_at", "2020-03-10 12:03:25.647971"], ["updated_at", "2020-03-10 12:03:25.647971"]]
  [1m[36m (0.1ms)[0m  [1mRELEASE SAVEPOINT active_record_1[0m
  [1m[35m (0.0ms)[0m  SAVEPOINT active_record_1
  [1m[36mSQL (0.2ms)[0m  [1mINSERT INTO "movies" ("title", "rating", "release_date", "created_at", "updated_at") VALUES (?, ?, ?, ?, ?)[0m  [["title", "Chicken Run"], ["rating", "G"], ["release_date", "2000-06-21 00:00:00.000000"], ["created_at", "2020-03-10 12:03:25.649465"], ["updated_at", "2020-03-10 12:03:25.649465"]]
  [1m[35m (0.1ms)[0m  RELEASE SAVEPOINT active_record_1
Started GET "/movies" for 127.0.0.1 at 2020-03-10 12:03:25 +0000
Processing by MoviesController#index as HTML
  [1m[36mMovie Load (0.2ms)[0m  [1mSELECT "movies".* FROM "movies" WHERE "movies"."rating" IN ('G', 'PG', 'PG-13', 'NC-17', 'R')[0m
  Rendered movies/index.html.haml within layouts/application (3.7ms)
Completed 200 OK in 11ms (Views: 10.1ms | ActiveRecord: 0.2ms)
Started GET "/movies?ratings[G]=G&ratings[NC-17]=NC-17&ratings[PG]=PG&ratings[PG-13]=PG-13&ratings[R]=R&sort=title" for 127.0.0.1 at 2020-03-10 12:03:25 +0000
Processing by MoviesController#index as HTML
  Parameters: {"ratings"=>{"G"=>"G", "NC-17"=>"NC-17", "PG"=>"PG", "PG-13"=>"PG-13", "R"=>"R"}, "sort"=>"title"}
Redirected to http://www.example.com/movies?ratings%5BG%5D=G&ratings%5BNC-17%5D=NC-17&ratings%5BPG%5D=PG&ratings%5BPG-13%5D=PG-13&ratings%5BR%5D=R&sort=title
Completed 302 Found in 1ms (ActiveRecord: 0.0ms)
Started GET "/movies?ratings[G]=G&ratings[NC-17]=NC-17&ratings[PG]=PG&ratings[PG-13]=PG-13&ratings[R]=R&sort=title" for 127.0.0.1 at 2020-03-10 12:03:25 +0000
Processing by MoviesController#index as HTML
  Parameters: {"ratings"=>{"G"=>"G", "NC-17"=>"NC-17", "PG"=>"PG", "PG-13"=>"PG-13", "R"=>"R"}, "sort"=>"title"}
  [1m[35mMovie Load (0.2ms)[0m  SELECT "movies".* FROM "movies" WHERE "movies"."rating" IN ('G', 'NC-17', 'PG', 'PG-13', 'R')  ORDER BY "movies"."title" ASC
  Rendered movies/index.html.haml within layouts/application (3.7ms)
Completed 200 OK in 5ms (Views: 4.7ms | ActiveRecord: 0.2ms)
  [1m[36m (0.3ms)[0m  [1mrollback transaction[0m
  [1m[35m (0.1ms)[0m  begin transaction
  [1m[36m (0.1ms)[0m  [1mcommit transaction[0m
  [1m[35m (0.0ms)[0m  begin transaction
  [1m[36m (0.0ms)[0m  [1mSAVEPOINT active_record_1[0m
  [1m[35mSQL (0.1ms)[0m  INSERT INTO "movies" ("title", "rating", "release_date", "created_at", "updated_at") VALUES (?, ?, ?, ?, ?)  [["title", "Aladdin"], ["rating", "G"], ["release_date", "1992-11-25 00:00:00.000000"], ["created_at", "2020-03-10 12:03:25.709676"], ["updated_at", "2020-03-10 12:03:25.709676"]]
  [1m[36m (0.1ms)[0m  [1mRELEASE SAVEPOINT active_record_1[0m
  [1m[35m (0.0ms)[0m  SAVEPOINT active_record_1
  [1m[36mSQL (0.1ms)[0m  [1mINSERT INTO "movies" ("title", "rating", "release_date", "created_at", "updated_at") VALUES (?, ?, ?, ?, ?)[0m  [["title", "The Terminator"], ["rating", "R"], ["release_date", "1984-10-26 00:00:00.000000"], ["created_at", "2020-03-10 12:03:25.711404"], ["updated_at", "2020-03-10 12:03:25.711404"]]
  [1m[35m (0.1ms)[0m  RELEASE SAVEPOINT active_record_1
  [1m[36m (0.0ms)[0m  [1mSAVEPOINT active_record_1[0m
  [1m[35mSQL (0.1ms)[0m  INSERT INTO "movies" ("title", "rating", "release_date", "created_at", "updated_at") VALUES (?, ?, ?, ?, ?)  [["title", "When Harry Met Sally"], ["rating", "R"], ["release_date", "1989-07-21 00:00:00.000000"], ["created_at", "2020-03-10 12:03:25.712876"], ["updated_at", "2020-03-10 12:03:25.712876"]]
  [1m[36m (0.1ms)[0m  [1mRELEASE SAVEPOINT active_record_1[0m
  [1m[35m (0.1ms)[0m  SAVEPOINT active_record_1
  [1m[36mSQL (0.1ms)[0m  [1mINSERT INTO "movies" ("title", "rating", "release_date", "created_at", "updated_at") VALUES (?, ?, ?, ?, ?)[0m  [["title", "The Help"], ["rating", "PG-13"], ["release_date", "2011-08-10 00:00:00.000000"], ["created_at", "2020-03-10 12:03:25.714342"], ["updated_at", "2020-03-10 12:03:25.714342"]]
  [1m[35m (0.1ms)[0m  RELEASE SAVEPOINT active_record_1
  [1m[36m (0.1ms)[0m  [1mSAVEPOINT active_record_1[0m
  [1m[35mSQL (0.1ms)[0m  INSERT INTO "movies" ("title", "rating", "release_date", "created_at", "updated_at") VALUES (?, ?, ?, ?, ?)  [["title", "Chocolat"], ["rating", "PG-13"], ["release_date", "2001-01-05 00:00:00.000000"], ["created_at", "2020-03-10 12:03:25.715864"], ["updated_at", "2020-03-10 12:03:25.715864"]]
  [1m[36m (0.1ms)[0m  [1mRELEASE SAVEPOINT active_record_1[0m
  [1m[35m (0.0ms)[0m  SAVEPOINT active_record_1
  [1m[36mSQL (0.1ms)[0m  [1mINSERT INTO "movies" ("title", "rating", "release_date", "created_at", "updated_at") VALUES (?, ?, ?, ?, ?)[0m  [["title", "Amelie"], ["rating", "R"], ["release_date", "2001-04-25 00:00:00.000000"], ["created_at", "2020-03-10 12:03:25.717432"], ["updated_at", "2020-03-10 12:03:25.717432"]]
  [1m[35m (0.1ms)[0m  RELEASE SAVEPOINT active_record_1
  [1m[36m (0.0ms)[0m  [1mSAVEPOINT active_record_1[0m
  [1m[35mSQL (0.1ms)[0m  INSERT INTO "movies" ("title", "rating", "release_date", "created_at", "updated_at") VALUES (?, ?, ?, ?, ?)  [["title", "2001: A Space Odyssey"], ["rating", "G"], ["release_date", "1968-04-06 00:00:00.000000"], ["created_at", "2020-03-10 12:03:25.719039"], ["updated_at", "2020-03-10 12:03:25.719039"]]
  [1m[36m (0.1ms)[0m  [1mRELEASE SAVEPOINT active_record_1[0m
  [1m[35m (0.0ms)[0m  SAVEPOINT active_record_1
  [1m[36mSQL (0.1ms)[0m  [1mINSERT INTO "movies" ("title", "rating", "release_date", "created_at", "updated_at") VALUES (?, ?, ?, ?, ?)[0m  [["title", "The Incredibles"], ["rating", "PG"], ["release_date", "2004-11-05 00:00:00.000000"], ["created_at", "2020-03-10 12:03:25.720462"], ["updated_at", "2020-03-10 12:03:25.720462"]]
  [1m[35m (0.0ms)[0m  RELEASE SAVEPOINT active_record_1
  [1m[36m (0.0ms)[0m  [1mSAVEPOINT active_record_1[0m
  [1m[35mSQL (0.1ms)[0m  INSERT INTO "movies" ("title", "rating", "release_date", "created_at", "updated_at") VALUES (?, ?, ?, ?, ?)  [["title", "Raiders of the Lost Ark"], ["rating", "PG"], ["release_date", "1981-06-12 00:00:00.000000"], ["created_at", "2020-03-10 12:03:25.722113"], ["updated_at", "2020-03-10 12:03:25.722113"]]
  [1m[36m (0.0ms)[0m  [1mRELEASE SAVEPOINT active_record_1[0m
  [1m[35m (0.0ms)[0m  SAVEPOINT active_record_1
  [1m[36mSQL (0.2ms)[0m  [1mINSERT INTO "movies" ("title", "rating", "release_date", "created_at", "updated_at") VALUES (?, ?, ?, ?, ?)[0m  [["title", "Chicken Run"], ["rating", "G"], ["release_date", "2000-06-21 00:00:00.000000"], ["created_at", "2020-03-10 12:03:25.723549"], ["updated_at", "2020-03-10 12:03:25.723549"]]
  [1m[35m (0.0ms)[0m  RELEASE SAVEPOINT active_record_1
Started GET "/movies" for 127.0.0.1 at 2020-03-10 12:03:25 +0000
Processing by MoviesController#index as HTML
  [1m[36mMovie Load (0.2ms)[0m  [1mSELECT "movies".* FROM "movies" WHERE "movies"."rating" IN ('G', 'PG', 'PG-13', 'NC-17', 'R')[0m
  Rendered movies/index.html.haml within layouts/application (3.3ms)
Completed 200 OK in 5ms (Views: 4.3ms | ActiveRecord: 0.2ms)
Started GET "/movies?ratings[G]=G&ratings[NC-17]=NC-17&ratings[PG]=PG&ratings[PG-13]=PG-13&ratings[R]=R&sort=release_date" for 127.0.0.1 at 2020-03-10 12:03:25 +0000
Processing by MoviesController#index as HTML
  Parameters: {"ratings"=>{"G"=>"G", "NC-17"=>"NC-17", "PG"=>"PG", "PG-13"=>"PG-13", "R"=>"R"}, "sort"=>"release_date"}
Redirected to http://www.example.com/movies?ratings%5BG%5D=G&ratings%5BNC-17%5D=NC-17&ratings%5BPG%5D=PG&ratings%5BPG-13%5D=PG-13&ratings%5BR%5D=R&sort=release_date
Completed 302 Found in 1ms (ActiveRecord: 0.0ms)
Started GET "/movies?ratings[G]=G&ratings[NC-17]=NC-17&ratings[PG]=PG&ratings[PG-13]=PG-13&ratings[R]=R&sort=release_date" for 127.0.0.1 at 2020-03-10 12:03:25 +0000
Processing by MoviesController#index as HTML
  Parameters: {"ratings"=>{"G"=>"G", "NC-17"=>"NC-17", "PG"=>"PG", "PG-13"=>"PG-13", "R"=>"R"}, "sort"=>"release_date"}
  [1m[35mMovie Load (0.2ms)[0m  SELECT "movies".* FROM "movies" WHERE "movies"."rating" IN ('G', 'NC-17', 'PG', 'PG-13', 'R')  ORDER BY "movies"."release_date" ASC
  Rendered movies/index.html.haml within layouts/application (3.9ms)
Completed 200 OK in 5ms (Views: 4.8ms | ActiveRecord: 0.2ms)
  [1m[36m (0.6ms)[0m  [1mrollback transaction[0m
